<?xml version="1.0"?>
<link_info>
   <banner>TMS320C6x Linker PC v7.4.20</banner>
   <copyright>Copyright (c) 1996-2015 Texas Instruments Incorporated</copyright>
   <link_time>0x5ca3cff0</link_time>
   <output_file>S5eAPP5_Problematique.out</output_file>
   <entry_point>
      <name>_c_int00</name>
      <address>0xea60</address>
   </entry_point>
   <input_file_list>
      <input_file id="fl-2">
         <path>.\source\C\</path>
         <kind>object</kind>
         <file>C6713Helper_UdeS.obj</file>
         <name>C6713Helper_UdeS.obj</name>
      </input_file>
      <input_file id="fl-3">
         <path>.\source\C\</path>
         <kind>object</kind>
         <file>bitrev_index.obj</file>
         <name>bitrev_index.obj</name>
      </input_file>
      <input_file id="fl-4">
         <path>.\source\C\</path>
         <kind>object</kind>
         <file>functionHelperProjetS5.obj</file>
         <name>functionHelperProjetS5.obj</name>
      </input_file>
      <input_file id="fl-5">
         <path>.\source\C\</path>
         <kind>object</kind>
         <file>main_test.obj</file>
         <name>main_test.obj</name>
      </input_file>
      <input_file id="fl-6">
         <path>.\source\asm\</path>
         <kind>object</kind>
         <file>AutoCorr.obj</file>
         <name>AutoCorr.obj</name>
      </input_file>
      <input_file id="fl-7">
         <path>.\source\asm\</path>
         <kind>object</kind>
         <file>Vectors_intr.obj</file>
         <name>Vectors_intr.obj</name>
      </input_file>
      <input_file id="fl-e">
         <path>C:\ti\ccsv7\tools\compiler\c6000_7.4.20\lib\</path>
         <kind>archive</kind>
         <file>rts6700.lib</file>
         <name>atan2.obj</name>
      </input_file>
      <input_file id="fl-f">
         <path>C:\ti\ccsv7\tools\compiler\c6000_7.4.20\lib\</path>
         <kind>archive</kind>
         <file>rts6700.lib</file>
         <name>boot.obj</name>
      </input_file>
      <input_file id="fl-10">
         <path>C:\ti\ccsv7\tools\compiler\c6000_7.4.20\lib\</path>
         <kind>archive</kind>
         <file>rts6700.lib</file>
         <name>cos.obj</name>
      </input_file>
      <input_file id="fl-11">
         <path>C:\ti\ccsv7\tools\compiler\c6000_7.4.20\lib\</path>
         <kind>archive</kind>
         <file>rts6700.lib</file>
         <name>divd.obj</name>
      </input_file>
      <input_file id="fl-12">
         <path>C:\ti\ccsv7\tools\compiler\c6000_7.4.20\lib\</path>
         <kind>archive</kind>
         <file>rts6700.lib</file>
         <name>divf.obj</name>
      </input_file>
      <input_file id="fl-13">
         <path>C:\ti\ccsv7\tools\compiler\c6000_7.4.20\lib\</path>
         <kind>archive</kind>
         <file>rts6700.lib</file>
         <name>divi.obj</name>
      </input_file>
      <input_file id="fl-14">
         <path>C:\ti\ccsv7\tools\compiler\c6000_7.4.20\lib\</path>
         <kind>archive</kind>
         <file>rts6700.lib</file>
         <name>errno.obj</name>
      </input_file>
      <input_file id="fl-15">
         <path>C:\ti\ccsv7\tools\compiler\c6000_7.4.20\lib\</path>
         <kind>archive</kind>
         <file>rts6700.lib</file>
         <name>exit.obj</name>
      </input_file>
      <input_file id="fl-16">
         <path>C:\ti\ccsv7\tools\compiler\c6000_7.4.20\lib\</path>
         <kind>archive</kind>
         <file>rts6700.lib</file>
         <name>frcmpyd_div.obj</name>
      </input_file>
      <input_file id="fl-17">
         <path>C:\ti\ccsv7\tools\compiler\c6000_7.4.20\lib\</path>
         <kind>archive</kind>
         <file>rts6700.lib</file>
         <name>frexp.obj</name>
      </input_file>
      <input_file id="fl-18">
         <path>C:\ti\ccsv7\tools\compiler\c6000_7.4.20\lib\</path>
         <kind>archive</kind>
         <file>rts6700.lib</file>
         <name>llshift.obj</name>
      </input_file>
      <input_file id="fl-19">
         <path>C:\ti\ccsv7\tools\compiler\c6000_7.4.20\lib\</path>
         <kind>archive</kind>
         <file>rts6700.lib</file>
         <name>modf.obj</name>
      </input_file>
      <input_file id="fl-1a">
         <path>C:\ti\ccsv7\tools\compiler\c6000_7.4.20\lib\</path>
         <kind>archive</kind>
         <file>rts6700.lib</file>
         <name>mpyll.obj</name>
      </input_file>
      <input_file id="fl-1b">
         <path>C:\ti\ccsv7\tools\compiler\c6000_7.4.20\lib\</path>
         <kind>archive</kind>
         <file>rts6700.lib</file>
         <name>pow.obj</name>
      </input_file>
      <input_file id="fl-1c">
         <path>C:\ti\ccsv7\tools\compiler\c6000_7.4.20\lib\</path>
         <kind>archive</kind>
         <file>rts6700.lib</file>
         <name>round.obj</name>
      </input_file>
      <input_file id="fl-1d">
         <path>C:\ti\ccsv7\tools\compiler\c6000_7.4.20\lib\</path>
         <kind>archive</kind>
         <file>rts6700.lib</file>
         <name>sqrt.obj</name>
      </input_file>
      <input_file id="fl-1e">
         <path>C:\ti\ccsv7\tools\compiler\c6000_7.4.20\lib\</path>
         <kind>archive</kind>
         <file>rts6700.lib</file>
         <name>trunc.obj</name>
      </input_file>
      <input_file id="fl-1f">
         <path>C:\ti\ccsv7\tools\compiler\c6000_7.4.20\lib\</path>
         <kind>archive</kind>
         <file>rts6700.lib</file>
         <name>args_main.obj</name>
      </input_file>
      <input_file id="fl-20">
         <path>C:\ti\ccsv7\tools\compiler\c6000_7.4.20\lib\</path>
         <kind>archive</kind>
         <file>rts6700.lib</file>
         <name>atan.obj</name>
      </input_file>
      <input_file id="fl-21">
         <path>C:\ti\ccsv7\tools\compiler\c6000_7.4.20\lib\</path>
         <kind>archive</kind>
         <file>rts6700.lib</file>
         <name>autoinit.obj</name>
      </input_file>
      <input_file id="fl-22">
         <path>C:\ti\ccsv7\tools\compiler\c6000_7.4.20\lib\</path>
         <kind>archive</kind>
         <file>rts6700.lib</file>
         <name>cpp_init.obj</name>
      </input_file>
      <input_file id="fl-23">
         <path>C:\ti\ccsv7\tools\compiler\c6000_7.4.20\lib\</path>
         <kind>archive</kind>
         <file>rts6700.lib</file>
         <name>cpy_tbl.obj</name>
      </input_file>
      <input_file id="fl-24">
         <path>C:\ti\ccsv7\tools\compiler\c6000_7.4.20\lib\</path>
         <kind>archive</kind>
         <file>rts6700.lib</file>
         <name>ldexp.obj</name>
      </input_file>
      <input_file id="fl-25">
         <path>C:\ti\ccsv7\tools\compiler\c6000_7.4.20\lib\</path>
         <kind>archive</kind>
         <file>rts6700.lib</file>
         <name>memcpy62.obj</name>
      </input_file>
      <input_file id="fl-26">
         <path>C:\ti\ccsv7\ccs_base\C6700\dsplib\lib\</path>
         <kind>archive</kind>
         <file>dsp67x.lib</file>
         <name>DSPF_sp_bitrev_cplx.obj</name>
      </input_file>
      <input_file id="fl-27">
         <path>C:\ti\ccsv7\ccs_base\C6700\dsplib\lib\</path>
         <kind>archive</kind>
         <file>dsp67x.lib</file>
         <name>DSPF_sp_cfftr2_dit.obj</name>
      </input_file>
      <input_file id="fl-28">
         <path>C:\ti\ccsv7\ccs_base\C6xCSL\lib_3x\</path>
         <kind>archive</kind>
         <file>csl6713.lib</file>
         <name>csl_irq.obj</name>
      </input_file>
      <input_file id="fl-29">
         <path>C:\ti\ccsv7\ccs_base\C6xCSL\lib_3x\</path>
         <kind>archive</kind>
         <file>csl6713.lib</file>
         <name>csl_mcbsp.obj</name>
      </input_file>
      <input_file id="fl-2a">
         <path>C:\ti\dsk6713\lib\</path>
         <kind>archive</kind>
         <file>dsk6713bsl.lib</file>
         <name>dsk6713.obj</name>
      </input_file>
      <input_file id="fl-2b">
         <path>C:\ti\dsk6713\lib\</path>
         <kind>archive</kind>
         <file>dsk6713bsl.lib</file>
         <name>dsk6713_aic23_closecodec.obj</name>
      </input_file>
      <input_file id="fl-2c">
         <path>C:\ti\dsk6713\lib\</path>
         <kind>archive</kind>
         <file>dsk6713bsl.lib</file>
         <name>dsk6713_aic23_opencodec.obj</name>
      </input_file>
      <input_file id="fl-2d">
         <path>C:\ti\dsk6713\lib\</path>
         <kind>archive</kind>
         <file>dsk6713bsl.lib</file>
         <name>dsk6713_aic23_registers.obj</name>
      </input_file>
      <input_file id="fl-2e">
         <path>C:\ti\dsk6713\lib\</path>
         <kind>archive</kind>
         <file>dsk6713bsl.lib</file>
         <name>dsk6713_aic23_setfreq.obj</name>
      </input_file>
      <input_file id="fl-2f">
         <path>C:\ti\ccsv7\tools\compiler\c6000_7.4.20\lib\</path>
         <kind>archive</kind>
         <file>rts6700.lib</file>
         <name>strasg.obj</name>
      </input_file>
   </input_file_list>
   <object_component_list>
      <object_component id="oc-1b">
         <name>.EXT_RAM</name>
         <uninitialized>true</uninitialized>
         <run_address>0x80000000</run_address>
         <size>0x2400</size>
         <input_file_ref idref="fl-4"/>
      </object_component>
      <object_component id="oc-21">
         <name>.EXT_RAM</name>
         <uninitialized>true</uninitialized>
         <run_address>0x80002400</run_address>
         <size>0x2400</size>
         <input_file_ref idref="fl-5"/>
      </object_component>
      <object_component id="oc-2b">
         <name>.vectors</name>
         <load_address>0x0</load_address>
         <run_address>0x0</run_address>
         <size>0x200</size>
         <input_file_ref idref="fl-7"/>
      </object_component>
      <object_component id="oc-c0">
         <name>.text</name>
         <load_address>0x8220</load_address>
         <run_address>0x8220</run_address>
         <size>0x2240</size>
         <input_file_ref idref="fl-4"/>
      </object_component>
      <object_component id="oc-c3">
         <name>.text:_pow</name>
         <load_address>0xa460</load_address>
         <run_address>0xa460</run_address>
         <size>0x900</size>
         <input_file_ref idref="fl-1b"/>
      </object_component>
      <object_component id="oc-c1">
         <name>.text:__divd</name>
         <load_address>0xad60</load_address>
         <run_address>0xad60</run_address>
         <size>0x720</size>
         <input_file_ref idref="fl-11"/>
      </object_component>
      <object_component id="oc-85">
         <name>.text</name>
         <load_address>0xb480</load_address>
         <run_address>0xb480</run_address>
         <size>0x4e0</size>
         <input_file_ref idref="fl-27"/>
      </object_component>
      <object_component id="oc-94">
         <name>.text</name>
         <load_address>0xb960</load_address>
         <run_address>0xb960</run_address>
         <size>0x480</size>
         <input_file_ref idref="fl-2a"/>
      </object_component>
      <object_component id="oc-bd">
         <name>.text</name>
         <load_address>0xbde0</load_address>
         <run_address>0xbde0</run_address>
         <size>0x460</size>
         <input_file_ref idref="fl-5"/>
      </object_component>
      <object_component id="oc-c7">
         <name>.text:_cos</name>
         <load_address>0xc240</load_address>
         <run_address>0xc240</run_address>
         <size>0x340</size>
         <input_file_ref idref="fl-10"/>
      </object_component>
      <object_component id="oc-9e">
         <name>.text</name>
         <load_address>0xc580</load_address>
         <run_address>0xc580</run_address>
         <size>0x320</size>
         <input_file_ref idref="fl-2c"/>
      </object_component>
      <object_component id="oc-c2">
         <name>.text:__divf</name>
         <load_address>0xc8a0</load_address>
         <run_address>0xc8a0</run_address>
         <size>0x300</size>
         <input_file_ref idref="fl-12"/>
      </object_component>
      <object_component id="oc-81">
         <name>.text</name>
         <load_address>0xcba0</load_address>
         <run_address>0xcba0</run_address>
         <size>0x260</size>
         <input_file_ref idref="fl-26"/>
      </object_component>
      <object_component id="oc-d0">
         <name>.text:_atan</name>
         <load_address>0xce00</load_address>
         <run_address>0xce00</run_address>
         <size>0x240</size>
         <input_file_ref idref="fl-20"/>
      </object_component>
      <object_component id="oc-bb">
         <name>.text:_memcpy</name>
         <load_address>0xd040</load_address>
         <run_address>0xd040</run_address>
         <size>0x240</size>
         <input_file_ref idref="fl-25"/>
      </object_component>
      <object_component id="oc-c8">
         <name>.text</name>
         <load_address>0xd280</load_address>
         <run_address>0xd280</run_address>
         <size>0x240</size>
         <input_file_ref idref="fl-3"/>
      </object_component>
      <object_component id="oc-bf">
         <name>.text:_MCBSP_reset</name>
         <load_address>0xd4c0</load_address>
         <run_address>0xd4c0</run_address>
         <size>0x1a0</size>
         <input_file_ref idref="fl-29"/>
      </object_component>
      <object_component id="oc-c6">
         <name>.text:_atan2</name>
         <load_address>0xd660</load_address>
         <run_address>0xd660</run_address>
         <size>0x1a0</size>
         <input_file_ref idref="fl-e"/>
      </object_component>
      <object_component id="oc-cc">
         <name>.text:_ldexp</name>
         <load_address>0xd800</load_address>
         <run_address>0xd800</run_address>
         <size>0x1a0</size>
         <input_file_ref idref="fl-24"/>
      </object_component>
      <object_component id="oc-a4">
         <name>.text</name>
         <load_address>0xd9a0</load_address>
         <run_address>0xd9a0</run_address>
         <size>0x160</size>
         <input_file_ref idref="fl-2d"/>
      </object_component>
      <object_component id="oc-ca">
         <name>.text:__frcmpyd_div</name>
         <load_address>0xdb00</load_address>
         <run_address>0xdb00</run_address>
         <size>0x140</size>
         <input_file_ref idref="fl-16"/>
      </object_component>
      <object_component id="oc-c5">
         <name>.text:_sqrt</name>
         <load_address>0xdc40</load_address>
         <run_address>0xdc40</run_address>
         <size>0x140</size>
         <input_file_ref idref="fl-1d"/>
      </object_component>
      <object_component id="oc-c4">
         <name>.text:__divi</name>
         <load_address>0xdd80</load_address>
         <run_address>0xdd80</run_address>
         <size>0x120</size>
         <input_file_ref idref="fl-13"/>
      </object_component>
      <object_component id="oc-cb">
         <name>.text:_frexp</name>
         <load_address>0xdea0</load_address>
         <run_address>0xdea0</run_address>
         <size>0x120</size>
         <input_file_ref idref="fl-17"/>
      </object_component>
      <object_component id="oc-b8">
         <name>.text:_MCBSP_open</name>
         <load_address>0xdfc0</load_address>
         <run_address>0xdfc0</run_address>
         <size>0x100</size>
         <input_file_ref idref="fl-29"/>
      </object_component>
      <object_component id="oc-b9">
         <name>.text:_MCBSP_start</name>
         <load_address>0xe0c0</load_address>
         <run_address>0xe0c0</run_address>
         <size>0x100</size>
         <input_file_ref idref="fl-29"/>
      </object_component>
      <object_component id="oc-b3">
         <name>.text:__auto_init</name>
         <load_address>0xe1c0</load_address>
         <run_address>0xe1c0</run_address>
         <size>0x100</size>
         <input_file_ref idref="fl-21"/>
      </object_component>
      <object_component id="oc-26">
         <name>.text</name>
         <load_address>0xe2c0</load_address>
         <run_address>0xe2c0</run_address>
         <size>0xe0</size>
         <input_file_ref idref="fl-6"/>
      </object_component>
      <object_component id="oc-cd">
         <name>.text:__nround</name>
         <load_address>0xe3a0</load_address>
         <run_address>0xe3a0</run_address>
         <size>0xe0</size>
         <input_file_ref idref="fl-1c"/>
      </object_component>
      <object_component id="oc-b6">
         <name>.text:__strasg</name>
         <load_address>0xe480</load_address>
         <run_address>0xe480</run_address>
         <size>0xe0</size>
         <input_file_ref idref="fl-2f"/>
      </object_component>
      <object_component id="oc-b5">
         <name>.text:_exit</name>
         <load_address>0xe560</load_address>
         <run_address>0xe560</run_address>
         <size>0xe0</size>
         <input_file_ref idref="fl-15"/>
      </object_component>
      <object_component id="oc-cf">
         <name>.text:_modf</name>
         <load_address>0xe640</load_address>
         <run_address>0xe640</run_address>
         <size>0xe0</size>
         <input_file_ref idref="fl-19"/>
      </object_component>
      <object_component id="oc-ba">
         <name>.text:_copy_in</name>
         <load_address>0xe720</load_address>
         <run_address>0xe720</run_address>
         <size>0xc0</size>
         <input_file_ref idref="fl-23"/>
      </object_component>
      <object_component id="oc-aa">
         <name>.text</name>
         <load_address>0xe7e0</load_address>
         <run_address>0xe7e0</run_address>
         <size>0xc0</size>
         <input_file_ref idref="fl-2e"/>
      </object_component>
      <object_component id="oc-b7">
         <name>.text:_MCBSP_close</name>
         <load_address>0xe8a0</load_address>
         <run_address>0xe8a0</run_address>
         <size>0xa0</size>
         <input_file_ref idref="fl-29"/>
      </object_component>
      <object_component id="oc-d1">
         <name>.text:__mpyll</name>
         <load_address>0xe940</load_address>
         <run_address>0xe940</run_address>
         <size>0xa0</size>
         <input_file_ref idref="fl-1a"/>
      </object_component>
      <object_component id="oc-bc">
         <name>.text:___TI_cpp_init</name>
         <load_address>0xe9e0</load_address>
         <run_address>0xe9e0</run_address>
         <size>0x80</size>
         <input_file_ref idref="fl-22"/>
      </object_component>
      <object_component id="oc-e">
         <name>.text:_c_int00</name>
         <load_address>0xea60</load_address>
         <run_address>0xea60</run_address>
         <size>0x80</size>
         <input_file_ref idref="fl-f"/>
      </object_component>
      <object_component id="oc-9a">
         <name>.text</name>
         <load_address>0xeae0</load_address>
         <run_address>0xeae0</run_address>
         <size>0x80</size>
         <input_file_ref idref="fl-2b"/>
      </object_component>
      <object_component id="oc-c9">
         <name>.text:__llshru</name>
         <load_address>0xeb60</load_address>
         <run_address>0xeb60</run_address>
         <size>0x60</size>
         <input_file_ref idref="fl-18"/>
      </object_component>
      <object_component id="oc-b4">
         <name>.text:__args_main</name>
         <load_address>0xebc0</load_address>
         <run_address>0xebc0</run_address>
         <size>0x40</size>
         <input_file_ref idref="fl-1f"/>
      </object_component>
      <object_component id="oc-ce">
         <name>.text:__trunc</name>
         <load_address>0xec00</load_address>
         <run_address>0xec00</run_address>
         <size>0x40</size>
         <input_file_ref idref="fl-1e"/>
      </object_component>
      <object_component id="oc-2a">
         <name>.text</name>
         <load_address>0xec40</load_address>
         <run_address>0xec40</run_address>
         <size>0x20</size>
         <input_file_ref idref="fl-7"/>
      </object_component>
      <object_component id="oc-be">
         <name>.text:_abort</name>
         <load_address>0xec60</load_address>
         <run_address>0xec60</run_address>
         <size>0x20</size>
         <input_file_ref idref="fl-15"/>
      </object_component>
      <object_component id="oc-89">
         <name>.text</name>
         <load_address>0xec80</load_address>
         <run_address>0xec80</run_address>
         <size>0x20</size>
         <input_file_ref idref="fl-28"/>
      </object_component>
      <object_component id="oc-22">
         <name>.text:retain</name>
         <load_address>0xeca0</load_address>
         <run_address>0xeca0</run_address>
         <size>0x20</size>
         <input_file_ref idref="fl-5"/>
      </object_component>
      <object_component id="oc-1a">
         <name>.cinit</name>
         <load_address>0xf670</load_address>
         <run_address>0xf670</run_address>
         <size>0x434</size>
         <input_file_ref idref="fl-4"/>
      </object_component>
      <object_component id="oc-5d">
         <name>.cinit</name>
         <load_address>0xfaa8</load_address>
         <run_address>0xfaa8</run_address>
         <size>0x140</size>
         <input_file_ref idref="fl-1b"/>
      </object_component>
      <object_component id="oc-8a">
         <name>.cinit</name>
         <load_address>0xfbe8</load_address>
         <run_address>0xfbe8</run_address>
         <size>0x12c</size>
         <input_file_ref idref="fl-28"/>
      </object_component>
      <object_component id="oc-6e">
         <name>.cinit</name>
         <load_address>0xfd18</load_address>
         <run_address>0xfd18</run_address>
         <size>0x70</size>
         <input_file_ref idref="fl-20"/>
      </object_component>
      <object_component id="oc-10">
         <name>.cinit</name>
         <load_address>0xfd88</load_address>
         <run_address>0xfd88</run_address>
         <size>0x58</size>
         <input_file_ref idref="fl-2"/>
      </object_component>
      <object_component id="oc-8f">
         <name>.cinit</name>
         <load_address>0xfde0</load_address>
         <run_address>0xfde0</run_address>
         <size>0x54</size>
         <input_file_ref idref="fl-29"/>
      </object_component>
      <object_component id="oc-37">
         <name>.cinit</name>
         <load_address>0xfe38</load_address>
         <run_address>0xfe38</run_address>
         <size>0x48</size>
         <input_file_ref idref="fl-10"/>
      </object_component>
      <object_component id="oc-a5">
         <name>.cinit</name>
         <load_address>0xfe80</load_address>
         <run_address>0xfe80</run_address>
         <size>0x30</size>
         <input_file_ref idref="fl-2d"/>
      </object_component>
      <object_component id="oc-49">
         <name>.cinit</name>
         <load_address>0xfeb0</load_address>
         <run_address>0xfeb0</run_address>
         <size>0x2c</size>
         <input_file_ref idref="fl-15"/>
      </object_component>
      <object_component id="oc-ab">
         <name>.cinit</name>
         <load_address>0xfee0</load_address>
         <run_address>0xfee0</run_address>
         <size>0x28</size>
         <input_file_ref idref="fl-2e"/>
      </object_component>
      <object_component id="oc-45">
         <name>.cinit</name>
         <load_address>0xff08</load_address>
         <run_address>0xff08</run_address>
         <size>0xc</size>
         <input_file_ref idref="fl-14"/>
      </object_component>
      <object_component id="oc-33">
         <name>.stack</name>
         <uninitialized>true</uninitialized>
         <run_address>0x220</run_address>
         <size>0x8</size>
         <input_file_ref idref="fl-f"/>
      </object_component>
      <object_component id="oc-e7">
         <name>.stack</name>
         <uninitialized>true</uninitialized>
         <run_address>0x220</run_address>
         <size>0x0</size>
      </object_component>
      <object_component id="oc-a0">
         <name>.const</name>
         <load_address>0xff1c</load_address>
         <run_address>0xff1c</run_address>
         <size>0x40</size>
         <input_file_ref idref="fl-2c"/>
      </object_component>
      <object_component id="oc-96">
         <name>.const</name>
         <load_address>0xff5c</load_address>
         <run_address>0xff5c</run_address>
         <size>0x20</size>
         <input_file_ref idref="fl-2a"/>
      </object_component>
      <object_component id="oc-11">
         <name>.far</name>
         <uninitialized>true</uninitialized>
         <run_address>0xf540</run_address>
         <size>0x58</size>
         <input_file_ref idref="fl-2"/>
      </object_component>
      <object_component id="oc-1c">
         <name>.far</name>
         <uninitialized>true</uninitialized>
         <run_address>0xecc0</run_address>
         <size>0x604</size>
         <input_file_ref idref="fl-4"/>
      </object_component>
      <object_component id="oc-38">
         <name>.far</name>
         <uninitialized>true</uninitialized>
         <run_address>0xf598</run_address>
         <size>0x40</size>
         <input_file_ref idref="fl-10"/>
      </object_component>
      <object_component id="oc-46">
         <name>.far</name>
         <uninitialized>true</uninitialized>
         <run_address>0xf2c4</run_address>
         <size>0x4</size>
         <input_file_ref idref="fl-14"/>
      </object_component>
      <object_component id="oc-4a">
         <name>.far</name>
         <uninitialized>true</uninitialized>
         <run_address>0xf658</run_address>
         <size>0xc</size>
         <input_file_ref idref="fl-15"/>
      </object_component>
      <object_component id="oc-5e">
         <name>.far</name>
         <uninitialized>true</uninitialized>
         <run_address>0xf2c8</run_address>
         <size>0x120</size>
         <input_file_ref idref="fl-1b"/>
      </object_component>
      <object_component id="oc-6f">
         <name>.far</name>
         <uninitialized>true</uninitialized>
         <run_address>0xf4e0</run_address>
         <size>0x60</size>
         <input_file_ref idref="fl-20"/>
      </object_component>
      <object_component id="oc-8b">
         <name>.far</name>
         <uninitialized>true</uninitialized>
         <run_address>0xf3e8</run_address>
         <size>0xf4</size>
         <input_file_ref idref="fl-28"/>
      </object_component>
      <object_component id="oc-90">
         <name>.far</name>
         <uninitialized>true</uninitialized>
         <run_address>0xf5d8</run_address>
         <size>0x38</size>
         <input_file_ref idref="fl-29"/>
      </object_component>
      <object_component id="oc-95">
         <name>.far</name>
         <uninitialized>true</uninitialized>
         <run_address>0xf4dc</run_address>
         <size>0x2</size>
         <input_file_ref idref="fl-2a"/>
      </object_component>
      <object_component id="oc-9f">
         <name>.far</name>
         <uninitialized>true</uninitialized>
         <run_address>0xf664</run_address>
         <size>0x8</size>
         <input_file_ref idref="fl-2c"/>
      </object_component>
      <object_component id="oc-a6">
         <name>.far</name>
         <uninitialized>true</uninitialized>
         <run_address>0xf610</run_address>
         <size>0x28</size>
         <input_file_ref idref="fl-2d"/>
      </object_component>
      <object_component id="oc-ac">
         <name>.far</name>
         <uninitialized>true</uninitialized>
         <run_address>0xf638</run_address>
         <size>0x20</size>
         <input_file_ref idref="fl-2e"/>
      </object_component>
      <object_component id="oc-f">
         <name>.debug_info</name>
         <load_address>0x0</load_address>
         <run_address>0x0</run_address>
         <size>0xc13</size>
         <input_file_ref idref="fl-2"/>
      </object_component>
      <object_component id="oc-15">
         <name>.debug_info</name>
         <load_address>0xc13</load_address>
         <run_address>0xc13</run_address>
         <size>0x8c2</size>
         <input_file_ref idref="fl-3"/>
      </object_component>
      <object_component id="oc-19">
         <name>.debug_info</name>
         <load_address>0x14d5</load_address>
         <run_address>0x14d5</run_address>
         <size>0x3502</size>
         <input_file_ref idref="fl-4"/>
      </object_component>
      <object_component id="oc-20">
         <name>.debug_info</name>
         <load_address>0x49d7</load_address>
         <run_address>0x49d7</run_address>
         <size>0xf16</size>
         <input_file_ref idref="fl-5"/>
      </object_component>
      <object_component id="oc-27">
         <name>.debug_info</name>
         <load_address>0x58ed</load_address>
         <run_address>0x58ed</run_address>
         <size>0xe9</size>
         <input_file_ref idref="fl-6"/>
      </object_component>
      <object_component id="oc-2c">
         <name>.debug_info</name>
         <load_address>0x59d6</load_address>
         <run_address>0x59d6</run_address>
         <size>0x121</size>
         <input_file_ref idref="fl-7"/>
      </object_component>
      <object_component id="oc-2f">
         <name>.debug_info</name>
         <load_address>0x5af7</load_address>
         <run_address>0x5af7</run_address>
         <size>0x6b6</size>
         <input_file_ref idref="fl-e"/>
      </object_component>
      <object_component id="oc-32">
         <name>.debug_info</name>
         <load_address>0x61ad</load_address>
         <run_address>0x61ad</run_address>
         <size>0x70b</size>
         <input_file_ref idref="fl-f"/>
      </object_component>
      <object_component id="oc-36">
         <name>.debug_info</name>
         <load_address>0x68b8</load_address>
         <run_address>0x68b8</run_address>
         <size>0x717</size>
         <input_file_ref idref="fl-10"/>
      </object_component>
      <object_component id="oc-3b">
         <name>.debug_info</name>
         <load_address>0x6fcf</load_address>
         <run_address>0x6fcf</run_address>
         <size>0x982</size>
         <input_file_ref idref="fl-11"/>
      </object_component>
      <object_component id="oc-3e">
         <name>.debug_info</name>
         <load_address>0x7951</load_address>
         <run_address>0x7951</run_address>
         <size>0x8ce</size>
         <input_file_ref idref="fl-12"/>
      </object_component>
      <object_component id="oc-41">
         <name>.debug_info</name>
         <load_address>0x821f</load_address>
         <run_address>0x821f</run_address>
         <size>0xd0</size>
         <input_file_ref idref="fl-13"/>
      </object_component>
      <object_component id="oc-44">
         <name>.debug_info</name>
         <load_address>0x82ef</load_address>
         <run_address>0x82ef</run_address>
         <size>0x5e2</size>
         <input_file_ref idref="fl-14"/>
      </object_component>
      <object_component id="oc-48">
         <name>.debug_info</name>
         <load_address>0x88d1</load_address>
         <run_address>0x88d1</run_address>
         <size>0x7ff</size>
         <input_file_ref idref="fl-15"/>
      </object_component>
      <object_component id="oc-4d">
         <name>.debug_info</name>
         <load_address>0x90d0</load_address>
         <run_address>0x90d0</run_address>
         <size>0x6a4</size>
         <input_file_ref idref="fl-16"/>
      </object_component>
      <object_component id="oc-50">
         <name>.debug_info</name>
         <load_address>0x9774</load_address>
         <run_address>0x9774</run_address>
         <size>0x69b</size>
         <input_file_ref idref="fl-17"/>
      </object_component>
      <object_component id="oc-53">
         <name>.debug_info</name>
         <load_address>0x9e0f</load_address>
         <run_address>0x9e0f</run_address>
         <size>0x691</size>
         <input_file_ref idref="fl-18"/>
      </object_component>
      <object_component id="oc-56">
         <name>.debug_info</name>
         <load_address>0xa4a0</load_address>
         <run_address>0xa4a0</run_address>
         <size>0x680</size>
         <input_file_ref idref="fl-19"/>
      </object_component>
      <object_component id="oc-59">
         <name>.debug_info</name>
         <load_address>0xab20</load_address>
         <run_address>0xab20</run_address>
         <size>0x6b7</size>
         <input_file_ref idref="fl-1a"/>
      </object_component>
      <object_component id="oc-5c">
         <name>.debug_info</name>
         <load_address>0xb1d7</load_address>
         <run_address>0xb1d7</run_address>
         <size>0x8b9</size>
         <input_file_ref idref="fl-1b"/>
      </object_component>
      <object_component id="oc-61">
         <name>.debug_info</name>
         <load_address>0xba90</load_address>
         <run_address>0xba90</run_address>
         <size>0x659</size>
         <input_file_ref idref="fl-1c"/>
      </object_component>
      <object_component id="oc-64">
         <name>.debug_info</name>
         <load_address>0xc0e9</load_address>
         <run_address>0xc0e9</run_address>
         <size>0x88f</size>
         <input_file_ref idref="fl-1d"/>
      </object_component>
      <object_component id="oc-67">
         <name>.debug_info</name>
         <load_address>0xc978</load_address>
         <run_address>0xc978</run_address>
         <size>0x651</size>
         <input_file_ref idref="fl-1e"/>
      </object_component>
      <object_component id="oc-6a">
         <name>.debug_info</name>
         <load_address>0xcfc9</load_address>
         <run_address>0xcfc9</run_address>
         <size>0x6e1</size>
         <input_file_ref idref="fl-1f"/>
      </object_component>
      <object_component id="oc-6d">
         <name>.debug_info</name>
         <load_address>0xd6aa</load_address>
         <run_address>0xd6aa</run_address>
         <size>0x6a9</size>
         <input_file_ref idref="fl-20"/>
      </object_component>
      <object_component id="oc-72">
         <name>.debug_info</name>
         <load_address>0xdd53</load_address>
         <run_address>0xdd53</run_address>
         <size>0x871</size>
         <input_file_ref idref="fl-21"/>
      </object_component>
      <object_component id="oc-75">
         <name>.debug_info</name>
         <load_address>0xe5c4</load_address>
         <run_address>0xe5c4</run_address>
         <size>0x6e9</size>
         <input_file_ref idref="fl-22"/>
      </object_component>
      <object_component id="oc-78">
         <name>.debug_info</name>
         <load_address>0xecad</load_address>
         <run_address>0xecad</run_address>
         <size>0x7df</size>
         <input_file_ref idref="fl-23"/>
      </object_component>
      <object_component id="oc-7b">
         <name>.debug_info</name>
         <load_address>0xf48c</load_address>
         <run_address>0xf48c</run_address>
         <size>0x697</size>
         <input_file_ref idref="fl-24"/>
      </object_component>
      <object_component id="oc-7e">
         <name>.debug_info</name>
         <load_address>0xfb23</load_address>
         <run_address>0xfb23</run_address>
         <size>0x792</size>
         <input_file_ref idref="fl-25"/>
      </object_component>
      <object_component id="oc-83">
         <name>.debug_info</name>
         <load_address>0x102b5</load_address>
         <run_address>0x102b5</run_address>
         <size>0xb1</size>
         <input_file_ref idref="fl-26"/>
      </object_component>
      <object_component id="oc-87">
         <name>.debug_info</name>
         <load_address>0x10366</load_address>
         <run_address>0x10366</run_address>
         <size>0xaf</size>
         <input_file_ref idref="fl-27"/>
      </object_component>
      <object_component id="oc-8d">
         <name>.debug_info</name>
         <load_address>0x10415</load_address>
         <run_address>0x10415</run_address>
         <size>0x802</size>
         <input_file_ref idref="fl-28"/>
      </object_component>
      <object_component id="oc-92">
         <name>.debug_info</name>
         <load_address>0x10c17</load_address>
         <run_address>0x10c17</run_address>
         <size>0xb6c</size>
         <input_file_ref idref="fl-29"/>
      </object_component>
      <object_component id="oc-98">
         <name>.debug_info</name>
         <load_address>0x11783</load_address>
         <run_address>0x11783</run_address>
         <size>0xa4e</size>
         <input_file_ref idref="fl-2a"/>
      </object_component>
      <object_component id="oc-9c">
         <name>.debug_info</name>
         <load_address>0x121d1</load_address>
         <run_address>0x121d1</run_address>
         <size>0x7c9</size>
         <input_file_ref idref="fl-2b"/>
      </object_component>
      <object_component id="oc-a2">
         <name>.debug_info</name>
         <load_address>0x1299a</load_address>
         <run_address>0x1299a</run_address>
         <size>0xa20</size>
         <input_file_ref idref="fl-2c"/>
      </object_component>
      <object_component id="oc-a8">
         <name>.debug_info</name>
         <load_address>0x133ba</load_address>
         <run_address>0x133ba</run_address>
         <size>0xaa0</size>
         <input_file_ref idref="fl-2d"/>
      </object_component>
      <object_component id="oc-ae">
         <name>.debug_info</name>
         <load_address>0x13e5a</load_address>
         <run_address>0x13e5a</run_address>
         <size>0x723</size>
         <input_file_ref idref="fl-2e"/>
      </object_component>
      <object_component id="oc-b0">
         <name>.debug_info</name>
         <load_address>0x1457d</load_address>
         <run_address>0x1457d</run_address>
         <size>0xd6</size>
         <input_file_ref idref="fl-2f"/>
      </object_component>
      <object_component id="oc-e8">
         <name>.debug_info</name>
         <load_address>0x14653</load_address>
         <run_address>0x14653</run_address>
         <size>0x6e</size>
      </object_component>
      <object_component id="oc-12">
         <name>.debug_frame</name>
         <load_address>0x0</load_address>
         <run_address>0x0</run_address>
         <size>0x23f</size>
         <input_file_ref idref="fl-2"/>
      </object_component>
      <object_component id="oc-16">
         <name>.debug_frame</name>
         <load_address>0x23f</load_address>
         <run_address>0x23f</run_address>
         <size>0x25e</size>
         <input_file_ref idref="fl-3"/>
      </object_component>
      <object_component id="oc-1d">
         <name>.debug_frame</name>
         <load_address>0x49d</load_address>
         <run_address>0x49d</run_address>
         <size>0x45b</size>
         <input_file_ref idref="fl-4"/>
      </object_component>
      <object_component id="oc-23">
         <name>.debug_frame</name>
         <load_address>0x8f8</load_address>
         <run_address>0x8f8</run_address>
         <size>0x274</size>
         <input_file_ref idref="fl-5"/>
      </object_component>
      <object_component id="oc-13">
         <name>.debug_line</name>
         <load_address>0x0</load_address>
         <run_address>0x0</run_address>
         <size>0x3c</size>
         <input_file_ref idref="fl-2"/>
      </object_component>
      <object_component id="oc-17">
         <name>.debug_line</name>
         <load_address>0x3c</load_address>
         <run_address>0x3c</run_address>
         <size>0x8b</size>
         <input_file_ref idref="fl-3"/>
      </object_component>
      <object_component id="oc-1e">
         <name>.debug_line</name>
         <load_address>0xc7</load_address>
         <run_address>0xc7</run_address>
         <size>0x703</size>
         <input_file_ref idref="fl-4"/>
      </object_component>
      <object_component id="oc-24">
         <name>.debug_line</name>
         <load_address>0x7ca</load_address>
         <run_address>0x7ca</run_address>
         <size>0x129</size>
         <input_file_ref idref="fl-5"/>
      </object_component>
      <object_component id="oc-28">
         <name>.debug_line</name>
         <load_address>0x8f3</load_address>
         <run_address>0x8f3</run_address>
         <size>0x76</size>
         <input_file_ref idref="fl-6"/>
      </object_component>
      <object_component id="oc-2d">
         <name>.debug_line</name>
         <load_address>0x969</load_address>
         <run_address>0x969</run_address>
         <size>0xd8</size>
         <input_file_ref idref="fl-7"/>
      </object_component>
      <object_component id="oc-30">
         <name>.debug_line</name>
         <load_address>0xa41</load_address>
         <run_address>0xa41</run_address>
         <size>0x3a</size>
         <input_file_ref idref="fl-e"/>
      </object_component>
      <object_component id="oc-34">
         <name>.debug_line</name>
         <load_address>0xa7b</load_address>
         <run_address>0xa7b</run_address>
         <size>0x3d</size>
         <input_file_ref idref="fl-f"/>
      </object_component>
      <object_component id="oc-39">
         <name>.debug_line</name>
         <load_address>0xab8</load_address>
         <run_address>0xab8</run_address>
         <size>0x54</size>
         <input_file_ref idref="fl-10"/>
      </object_component>
      <object_component id="oc-3c">
         <name>.debug_line</name>
         <load_address>0xb0c</load_address>
         <run_address>0xb0c</run_address>
         <size>0x3c</size>
         <input_file_ref idref="fl-11"/>
      </object_component>
      <object_component id="oc-3f">
         <name>.debug_line</name>
         <load_address>0xb48</load_address>
         <run_address>0xb48</run_address>
         <size>0x3c</size>
         <input_file_ref idref="fl-12"/>
      </object_component>
      <object_component id="oc-42">
         <name>.debug_line</name>
         <load_address>0xb84</load_address>
         <run_address>0xb84</run_address>
         <size>0x45</size>
         <input_file_ref idref="fl-13"/>
      </object_component>
      <object_component id="oc-4b">
         <name>.debug_line</name>
         <load_address>0xbc9</load_address>
         <run_address>0xbc9</run_address>
         <size>0x4f</size>
         <input_file_ref idref="fl-15"/>
      </object_component>
      <object_component id="oc-4e">
         <name>.debug_line</name>
         <load_address>0xc18</load_address>
         <run_address>0xc18</run_address>
         <size>0x3e</size>
         <input_file_ref idref="fl-16"/>
      </object_component>
      <object_component id="oc-51">
         <name>.debug_line</name>
         <load_address>0xc56</load_address>
         <run_address>0xc56</run_address>
         <size>0x38</size>
         <input_file_ref idref="fl-17"/>
      </object_component>
      <object_component id="oc-54">
         <name>.debug_line</name>
         <load_address>0xc8e</load_address>
         <run_address>0xc8e</run_address>
         <size>0x3f</size>
         <input_file_ref idref="fl-18"/>
      </object_component>
      <object_component id="oc-57">
         <name>.debug_line</name>
         <load_address>0xccd</load_address>
         <run_address>0xccd</run_address>
         <size>0x37</size>
         <input_file_ref idref="fl-19"/>
      </object_component>
      <object_component id="oc-5a">
         <name>.debug_line</name>
         <load_address>0xd04</load_address>
         <run_address>0xd04</run_address>
         <size>0x3d</size>
         <input_file_ref idref="fl-1a"/>
      </object_component>
      <object_component id="oc-5f">
         <name>.debug_line</name>
         <load_address>0xd41</load_address>
         <run_address>0xd41</run_address>
         <size>0x5c</size>
         <input_file_ref idref="fl-1b"/>
      </object_component>
      <object_component id="oc-62">
         <name>.debug_line</name>
         <load_address>0xd9d</load_address>
         <run_address>0xd9d</run_address>
         <size>0x38</size>
         <input_file_ref idref="fl-1c"/>
      </object_component>
      <object_component id="oc-65">
         <name>.debug_line</name>
         <load_address>0xdd5</load_address>
         <run_address>0xdd5</run_address>
         <size>0x7f</size>
         <input_file_ref idref="fl-1d"/>
      </object_component>
      <object_component id="oc-68">
         <name>.debug_line</name>
         <load_address>0xe54</load_address>
         <run_address>0xe54</run_address>
         <size>0x38</size>
         <input_file_ref idref="fl-1e"/>
      </object_component>
      <object_component id="oc-6b">
         <name>.debug_line</name>
         <load_address>0xe8c</load_address>
         <run_address>0xe8c</run_address>
         <size>0x41</size>
         <input_file_ref idref="fl-1f"/>
      </object_component>
      <object_component id="oc-70">
         <name>.debug_line</name>
         <load_address>0xecd</load_address>
         <run_address>0xecd</run_address>
         <size>0x53</size>
         <input_file_ref idref="fl-20"/>
      </object_component>
      <object_component id="oc-73">
         <name>.debug_line</name>
         <load_address>0xf20</load_address>
         <run_address>0xf20</run_address>
         <size>0x47</size>
         <input_file_ref idref="fl-21"/>
      </object_component>
      <object_component id="oc-76">
         <name>.debug_line</name>
         <load_address>0xf67</load_address>
         <run_address>0xf67</run_address>
         <size>0x45</size>
         <input_file_ref idref="fl-22"/>
      </object_component>
      <object_component id="oc-79">
         <name>.debug_line</name>
         <load_address>0xfac</load_address>
         <run_address>0xfac</run_address>
         <size>0x44</size>
         <input_file_ref idref="fl-23"/>
      </object_component>
      <object_component id="oc-7c">
         <name>.debug_line</name>
         <load_address>0xff0</load_address>
         <run_address>0xff0</run_address>
         <size>0x3a</size>
         <input_file_ref idref="fl-24"/>
      </object_component>
      <object_component id="oc-7f">
         <name>.debug_line</name>
         <load_address>0x102a</load_address>
         <run_address>0x102a</run_address>
         <size>0x4e</size>
         <input_file_ref idref="fl-25"/>
      </object_component>
      <object_component id="oc-84">
         <name>.debug_line</name>
         <load_address>0x1078</load_address>
         <run_address>0x1078</run_address>
         <size>0x8f</size>
         <input_file_ref idref="fl-26"/>
      </object_component>
      <object_component id="oc-88">
         <name>.debug_line</name>
         <load_address>0x1107</load_address>
         <run_address>0x1107</run_address>
         <size>0x8a</size>
         <input_file_ref idref="fl-27"/>
      </object_component>
      <object_component id="oc-8e">
         <name>.debug_line</name>
         <load_address>0x1191</load_address>
         <run_address>0x1191</run_address>
         <size>0x64</size>
         <input_file_ref idref="fl-28"/>
      </object_component>
      <object_component id="oc-93">
         <name>.debug_line</name>
         <load_address>0x11f5</load_address>
         <run_address>0x11f5</run_address>
         <size>0xda</size>
         <input_file_ref idref="fl-29"/>
      </object_component>
      <object_component id="oc-99">
         <name>.debug_line</name>
         <load_address>0x12cf</load_address>
         <run_address>0x12cf</run_address>
         <size>0xb2</size>
         <input_file_ref idref="fl-2a"/>
      </object_component>
      <object_component id="oc-9d">
         <name>.debug_line</name>
         <load_address>0x1381</load_address>
         <run_address>0x1381</run_address>
         <size>0x4c</size>
         <input_file_ref idref="fl-2b"/>
      </object_component>
      <object_component id="oc-a3">
         <name>.debug_line</name>
         <load_address>0x13cd</load_address>
         <run_address>0x13cd</run_address>
         <size>0x4f</size>
         <input_file_ref idref="fl-2c"/>
      </object_component>
      <object_component id="oc-a9">
         <name>.debug_line</name>
         <load_address>0x141c</load_address>
         <run_address>0x141c</run_address>
         <size>0x7e</size>
         <input_file_ref idref="fl-2d"/>
      </object_component>
      <object_component id="oc-af">
         <name>.debug_line</name>
         <load_address>0x149a</load_address>
         <run_address>0x149a</run_address>
         <size>0x50</size>
         <input_file_ref idref="fl-2e"/>
      </object_component>
      <object_component id="oc-b1">
         <name>.debug_line</name>
         <load_address>0x14ea</load_address>
         <run_address>0x14ea</run_address>
         <size>0x48</size>
         <input_file_ref idref="fl-2f"/>
      </object_component>
      <object_component id="oc-14">
         <name>.debug_abbrev</name>
         <load_address>0x0</load_address>
         <run_address>0x0</run_address>
         <size>0x18e</size>
         <input_file_ref idref="fl-2"/>
      </object_component>
      <object_component id="oc-18">
         <name>.debug_abbrev</name>
         <load_address>0x18e</load_address>
         <run_address>0x18e</run_address>
         <size>0xb9</size>
         <input_file_ref idref="fl-3"/>
      </object_component>
      <object_component id="oc-1f">
         <name>.debug_abbrev</name>
         <load_address>0x247</load_address>
         <run_address>0x247</run_address>
         <size>0x22e</size>
         <input_file_ref idref="fl-4"/>
      </object_component>
      <object_component id="oc-25">
         <name>.debug_abbrev</name>
         <load_address>0x475</load_address>
         <run_address>0x475</run_address>
         <size>0x11a</size>
         <input_file_ref idref="fl-5"/>
      </object_component>
      <object_component id="oc-29">
         <name>.debug_abbrev</name>
         <load_address>0x58f</load_address>
         <run_address>0x58f</run_address>
         <size>0x27</size>
         <input_file_ref idref="fl-6"/>
      </object_component>
      <object_component id="oc-2e">
         <name>.debug_abbrev</name>
         <load_address>0x5b6</load_address>
         <run_address>0x5b6</run_address>
         <size>0x21</size>
         <input_file_ref idref="fl-7"/>
      </object_component>
      <object_component id="oc-31">
         <name>.debug_abbrev</name>
         <load_address>0x5d7</load_address>
         <run_address>0x5d7</run_address>
         <size>0xbf</size>
         <input_file_ref idref="fl-e"/>
      </object_component>
      <object_component id="oc-35">
         <name>.debug_abbrev</name>
         <load_address>0x696</load_address>
         <run_address>0x696</run_address>
         <size>0xfe</size>
         <input_file_ref idref="fl-f"/>
      </object_component>
      <object_component id="oc-3a">
         <name>.debug_abbrev</name>
         <load_address>0x794</load_address>
         <run_address>0x794</run_address>
         <size>0xcc</size>
         <input_file_ref idref="fl-10"/>
      </object_component>
      <object_component id="oc-3d">
         <name>.debug_abbrev</name>
         <load_address>0x860</load_address>
         <run_address>0x860</run_address>
         <size>0xf5</size>
         <input_file_ref idref="fl-11"/>
      </object_component>
      <object_component id="oc-40">
         <name>.debug_abbrev</name>
         <load_address>0x955</load_address>
         <run_address>0x955</run_address>
         <size>0xe7</size>
         <input_file_ref idref="fl-12"/>
      </object_component>
      <object_component id="oc-43">
         <name>.debug_abbrev</name>
         <load_address>0xa3c</load_address>
         <run_address>0xa3c</run_address>
         <size>0x3b</size>
         <input_file_ref idref="fl-13"/>
      </object_component>
      <object_component id="oc-47">
         <name>.debug_abbrev</name>
         <load_address>0xa77</load_address>
         <run_address>0xa77</run_address>
         <size>0x44</size>
         <input_file_ref idref="fl-14"/>
      </object_component>
      <object_component id="oc-4c">
         <name>.debug_abbrev</name>
         <load_address>0xabb</load_address>
         <run_address>0xabb</run_address>
         <size>0x119</size>
         <input_file_ref idref="fl-15"/>
      </object_component>
      <object_component id="oc-4f">
         <name>.debug_abbrev</name>
         <load_address>0xbd4</load_address>
         <run_address>0xbd4</run_address>
         <size>0x9a</size>
         <input_file_ref idref="fl-16"/>
      </object_component>
      <object_component id="oc-52">
         <name>.debug_abbrev</name>
         <load_address>0xc6e</load_address>
         <run_address>0xc6e</run_address>
         <size>0xb1</size>
         <input_file_ref idref="fl-17"/>
      </object_component>
      <object_component id="oc-55">
         <name>.debug_abbrev</name>
         <load_address>0xd1f</load_address>
         <run_address>0xd1f</run_address>
         <size>0xa3</size>
         <input_file_ref idref="fl-18"/>
      </object_component>
      <object_component id="oc-58">
         <name>.debug_abbrev</name>
         <load_address>0xdc2</load_address>
         <run_address>0xdc2</run_address>
         <size>0xa1</size>
         <input_file_ref idref="fl-19"/>
      </object_component>
      <object_component id="oc-5b">
         <name>.debug_abbrev</name>
         <load_address>0xe63</load_address>
         <run_address>0xe63</run_address>
         <size>0xa3</size>
         <input_file_ref idref="fl-1a"/>
      </object_component>
      <object_component id="oc-60">
         <name>.debug_abbrev</name>
         <load_address>0xf06</load_address>
         <run_address>0xf06</run_address>
         <size>0xdc</size>
         <input_file_ref idref="fl-1b"/>
      </object_component>
      <object_component id="oc-63">
         <name>.debug_abbrev</name>
         <load_address>0xfe2</load_address>
         <run_address>0xfe2</run_address>
         <size>0xaf</size>
         <input_file_ref idref="fl-1c"/>
      </object_component>
      <object_component id="oc-66">
         <name>.debug_abbrev</name>
         <load_address>0x1091</load_address>
         <run_address>0x1091</run_address>
         <size>0x102</size>
         <input_file_ref idref="fl-1d"/>
      </object_component>
      <object_component id="oc-69">
         <name>.debug_abbrev</name>
         <load_address>0x1193</load_address>
         <run_address>0x1193</run_address>
         <size>0xaf</size>
         <input_file_ref idref="fl-1e"/>
      </object_component>
      <object_component id="oc-6c">
         <name>.debug_abbrev</name>
         <load_address>0x1242</load_address>
         <run_address>0x1242</run_address>
         <size>0xe1</size>
         <input_file_ref idref="fl-1f"/>
      </object_component>
      <object_component id="oc-71">
         <name>.debug_abbrev</name>
         <load_address>0x1323</load_address>
         <run_address>0x1323</run_address>
         <size>0xac</size>
         <input_file_ref idref="fl-20"/>
      </object_component>
      <object_component id="oc-74">
         <name>.debug_abbrev</name>
         <load_address>0x13cf</load_address>
         <run_address>0x13cf</run_address>
         <size>0x13f</size>
         <input_file_ref idref="fl-21"/>
      </object_component>
      <object_component id="oc-77">
         <name>.debug_abbrev</name>
         <load_address>0x150e</load_address>
         <run_address>0x150e</run_address>
         <size>0xdd</size>
         <input_file_ref idref="fl-22"/>
      </object_component>
      <object_component id="oc-7a">
         <name>.debug_abbrev</name>
         <load_address>0x15eb</load_address>
         <run_address>0x15eb</run_address>
         <size>0x10c</size>
         <input_file_ref idref="fl-23"/>
      </object_component>
      <object_component id="oc-7d">
         <name>.debug_abbrev</name>
         <load_address>0x16f7</load_address>
         <run_address>0x16f7</run_address>
         <size>0xa8</size>
         <input_file_ref idref="fl-24"/>
      </object_component>
      <object_component id="oc-80">
         <name>.debug_abbrev</name>
         <load_address>0x179f</load_address>
         <run_address>0x179f</run_address>
         <size>0xd5</size>
         <input_file_ref idref="fl-25"/>
      </object_component>
      <object_component id="oc-82">
         <name>.debug_abbrev</name>
         <load_address>0x1874</load_address>
         <run_address>0x1874</run_address>
         <size>0x1f</size>
         <input_file_ref idref="fl-26"/>
      </object_component>
      <object_component id="oc-86">
         <name>.debug_abbrev</name>
         <load_address>0x1893</load_address>
         <run_address>0x1893</run_address>
         <size>0x1f</size>
         <input_file_ref idref="fl-27"/>
      </object_component>
      <object_component id="oc-8c">
         <name>.debug_abbrev</name>
         <load_address>0x18b2</load_address>
         <run_address>0x18b2</run_address>
         <size>0x1b7</size>
         <input_file_ref idref="fl-28"/>
      </object_component>
      <object_component id="oc-91">
         <name>.debug_abbrev</name>
         <load_address>0x1a69</load_address>
         <run_address>0x1a69</run_address>
         <size>0x1a3</size>
         <input_file_ref idref="fl-29"/>
      </object_component>
      <object_component id="oc-97">
         <name>.debug_abbrev</name>
         <load_address>0x1c0c</load_address>
         <run_address>0x1c0c</run_address>
         <size>0x19a</size>
         <input_file_ref idref="fl-2a"/>
      </object_component>
      <object_component id="oc-9b">
         <name>.debug_abbrev</name>
         <load_address>0x1da6</load_address>
         <run_address>0x1da6</run_address>
         <size>0xd9</size>
         <input_file_ref idref="fl-2b"/>
      </object_component>
      <object_component id="oc-a1">
         <name>.debug_abbrev</name>
         <load_address>0x1e7f</load_address>
         <run_address>0x1e7f</run_address>
         <size>0x12a</size>
         <input_file_ref idref="fl-2c"/>
      </object_component>
      <object_component id="oc-a7">
         <name>.debug_abbrev</name>
         <load_address>0x1fa9</load_address>
         <run_address>0x1fa9</run_address>
         <size>0x152</size>
         <input_file_ref idref="fl-2d"/>
      </object_component>
      <object_component id="oc-ad">
         <name>.debug_abbrev</name>
         <load_address>0x20fb</load_address>
         <run_address>0x20fb</run_address>
         <size>0xf5</size>
         <input_file_ref idref="fl-2e"/>
      </object_component>
      <object_component id="oc-b2">
         <name>.debug_abbrev</name>
         <load_address>0x21f0</load_address>
         <run_address>0x21f0</run_address>
         <size>0x3b</size>
         <input_file_ref idref="fl-2f"/>
      </object_component>
      <object_component id="oc-e9">
         <name>.debug_abbrev</name>
         <load_address>0x222b</load_address>
         <run_address>0x222b</run_address>
         <size>0xd</size>
      </object_component>
   </object_component_list>
   <logical_group_list>
      <logical_group id="lg-2">
         <name>.EXT_RAM</name>
         <run_address>0x80000000</run_address>
         <size>0x4800</size>
         <contents>
            <object_component_ref idref="oc-1b"/>
            <object_component_ref idref="oc-21"/>
         </contents>
      </logical_group>
      <logical_group id="lg-3">
         <name>.vectors</name>
         <load_address>0x0</load_address>
         <run_address>0x0</run_address>
         <size>0x200</size>
         <contents>
            <object_component_ref idref="oc-2b"/>
         </contents>
      </logical_group>
      <logical_group id="lg-4">
         <name>.text</name>
         <load_address>0x8220</load_address>
         <run_address>0x8220</run_address>
         <size>0x6aa0</size>
         <contents>
            <object_component_ref idref="oc-c0"/>
            <object_component_ref idref="oc-c3"/>
            <object_component_ref idref="oc-c1"/>
            <object_component_ref idref="oc-85"/>
            <object_component_ref idref="oc-94"/>
            <object_component_ref idref="oc-bd"/>
            <object_component_ref idref="oc-c7"/>
            <object_component_ref idref="oc-9e"/>
            <object_component_ref idref="oc-c2"/>
            <object_component_ref idref="oc-81"/>
            <object_component_ref idref="oc-d0"/>
            <object_component_ref idref="oc-bb"/>
            <object_component_ref idref="oc-c8"/>
            <object_component_ref idref="oc-bf"/>
            <object_component_ref idref="oc-c6"/>
            <object_component_ref idref="oc-cc"/>
            <object_component_ref idref="oc-a4"/>
            <object_component_ref idref="oc-ca"/>
            <object_component_ref idref="oc-c5"/>
            <object_component_ref idref="oc-c4"/>
            <object_component_ref idref="oc-cb"/>
            <object_component_ref idref="oc-b8"/>
            <object_component_ref idref="oc-b9"/>
            <object_component_ref idref="oc-b3"/>
            <object_component_ref idref="oc-26"/>
            <object_component_ref idref="oc-cd"/>
            <object_component_ref idref="oc-b6"/>
            <object_component_ref idref="oc-b5"/>
            <object_component_ref idref="oc-cf"/>
            <object_component_ref idref="oc-ba"/>
            <object_component_ref idref="oc-aa"/>
            <object_component_ref idref="oc-b7"/>
            <object_component_ref idref="oc-d1"/>
            <object_component_ref idref="oc-bc"/>
            <object_component_ref idref="oc-e"/>
            <object_component_ref idref="oc-9a"/>
            <object_component_ref idref="oc-c9"/>
            <object_component_ref idref="oc-b4"/>
            <object_component_ref idref="oc-ce"/>
            <object_component_ref idref="oc-2a"/>
            <object_component_ref idref="oc-be"/>
            <object_component_ref idref="oc-89"/>
            <object_component_ref idref="oc-22"/>
         </contents>
      </logical_group>
      <logical_group id="lg-5">
         <name>.bss</name>
         <run_address>0x220</run_address>
         <size>0x0</size>
         <contents>
         </contents>
      </logical_group>
      <logical_group id="lg-6">
         <name>.cinit</name>
         <load_address>0xf670</load_address>
         <run_address>0xf670</run_address>
         <size>0x8ac</size>
         <contents>
            <object_component_ref idref="oc-1a"/>
            <object_component_ref idref="oc-5d"/>
            <object_component_ref idref="oc-8a"/>
            <object_component_ref idref="oc-6e"/>
            <object_component_ref idref="oc-10"/>
            <object_component_ref idref="oc-8f"/>
            <object_component_ref idref="oc-37"/>
            <object_component_ref idref="oc-a5"/>
            <object_component_ref idref="oc-49"/>
            <object_component_ref idref="oc-ab"/>
            <object_component_ref idref="oc-45"/>
         </contents>
      </logical_group>
      <logical_group id="lg-7">
         <name>.stack</name>
         <run_address>0x220</run_address>
         <size>0x8000</size>
         <contents>
            <object_component_ref idref="oc-33"/>
            <object_component_ref idref="oc-e7"/>
         </contents>
      </logical_group>
      <logical_group id="lg-8">
         <name>.sysmem</name>
         <run_address>0x0</run_address>
         <size>0x0</size>
         <contents>
         </contents>
      </logical_group>
      <logical_group id="lg-9">
         <name>.const</name>
         <load_address>0xff1c</load_address>
         <run_address>0xff1c</run_address>
         <size>0x60</size>
         <contents>
            <object_component_ref idref="oc-a0"/>
            <object_component_ref idref="oc-96"/>
         </contents>
      </logical_group>
      <logical_group id="lg-a">
         <name>.switch</name>
         <run_address>0x0</run_address>
         <size>0x0</size>
         <contents>
         </contents>
      </logical_group>
      <logical_group id="lg-b">
         <name>.far</name>
         <run_address>0xecc0</run_address>
         <size>0x9ac</size>
         <contents>
            <object_component_ref idref="oc-11"/>
            <object_component_ref idref="oc-1c"/>
            <object_component_ref idref="oc-38"/>
            <object_component_ref idref="oc-46"/>
            <object_component_ref idref="oc-4a"/>
            <object_component_ref idref="oc-5e"/>
            <object_component_ref idref="oc-6f"/>
            <object_component_ref idref="oc-8b"/>
            <object_component_ref idref="oc-90"/>
            <object_component_ref idref="oc-95"/>
            <object_component_ref idref="oc-9f"/>
            <object_component_ref idref="oc-a6"/>
            <object_component_ref idref="oc-ac"/>
         </contents>
      </logical_group>
      <logical_group id="lg-c">
         <name>.cio</name>
         <run_address>0x0</run_address>
         <size>0x0</size>
         <contents>
         </contents>
      </logical_group>
      <logical_group id="lg-d">
         <name>.csldata</name>
         <run_address>0x0</run_address>
         <size>0x0</size>
         <contents>
         </contents>
      </logical_group>
      <logical_group id="lg-de">
         <name>.debug_info</name>
         <load_address>0x0</load_address>
         <run_address>0x0</run_address>
         <size>0x146c1</size>
         <contents>
            <object_component_ref idref="oc-f"/>
            <object_component_ref idref="oc-15"/>
            <object_component_ref idref="oc-19"/>
            <object_component_ref idref="oc-20"/>
            <object_component_ref idref="oc-27"/>
            <object_component_ref idref="oc-2c"/>
            <object_component_ref idref="oc-2f"/>
            <object_component_ref idref="oc-32"/>
            <object_component_ref idref="oc-36"/>
            <object_component_ref idref="oc-3b"/>
            <object_component_ref idref="oc-3e"/>
            <object_component_ref idref="oc-41"/>
            <object_component_ref idref="oc-44"/>
            <object_component_ref idref="oc-48"/>
            <object_component_ref idref="oc-4d"/>
            <object_component_ref idref="oc-50"/>
            <object_component_ref idref="oc-53"/>
            <object_component_ref idref="oc-56"/>
            <object_component_ref idref="oc-59"/>
            <object_component_ref idref="oc-5c"/>
            <object_component_ref idref="oc-61"/>
            <object_component_ref idref="oc-64"/>
            <object_component_ref idref="oc-67"/>
            <object_component_ref idref="oc-6a"/>
            <object_component_ref idref="oc-6d"/>
            <object_component_ref idref="oc-72"/>
            <object_component_ref idref="oc-75"/>
            <object_component_ref idref="oc-78"/>
            <object_component_ref idref="oc-7b"/>
            <object_component_ref idref="oc-7e"/>
            <object_component_ref idref="oc-83"/>
            <object_component_ref idref="oc-87"/>
            <object_component_ref idref="oc-8d"/>
            <object_component_ref idref="oc-92"/>
            <object_component_ref idref="oc-98"/>
            <object_component_ref idref="oc-9c"/>
            <object_component_ref idref="oc-a2"/>
            <object_component_ref idref="oc-a8"/>
            <object_component_ref idref="oc-ae"/>
            <object_component_ref idref="oc-b0"/>
            <object_component_ref idref="oc-e8"/>
         </contents>
      </logical_group>
      <logical_group id="lg-e0">
         <name>.debug_frame</name>
         <load_address>0x0</load_address>
         <run_address>0x0</run_address>
         <size>0xb6c</size>
         <contents>
            <object_component_ref idref="oc-12"/>
            <object_component_ref idref="oc-16"/>
            <object_component_ref idref="oc-1d"/>
            <object_component_ref idref="oc-23"/>
         </contents>
      </logical_group>
      <logical_group id="lg-e2">
         <name>.debug_line</name>
         <load_address>0x0</load_address>
         <run_address>0x0</run_address>
         <size>0x1532</size>
         <contents>
            <object_component_ref idref="oc-13"/>
            <object_component_ref idref="oc-17"/>
            <object_component_ref idref="oc-1e"/>
            <object_component_ref idref="oc-24"/>
            <object_component_ref idref="oc-28"/>
            <object_component_ref idref="oc-2d"/>
            <object_component_ref idref="oc-30"/>
            <object_component_ref idref="oc-34"/>
            <object_component_ref idref="oc-39"/>
            <object_component_ref idref="oc-3c"/>
            <object_component_ref idref="oc-3f"/>
            <object_component_ref idref="oc-42"/>
            <object_component_ref idref="oc-4b"/>
            <object_component_ref idref="oc-4e"/>
            <object_component_ref idref="oc-51"/>
            <object_component_ref idref="oc-54"/>
            <object_component_ref idref="oc-57"/>
            <object_component_ref idref="oc-5a"/>
            <object_component_ref idref="oc-5f"/>
            <object_component_ref idref="oc-62"/>
            <object_component_ref idref="oc-65"/>
            <object_component_ref idref="oc-68"/>
            <object_component_ref idref="oc-6b"/>
            <object_component_ref idref="oc-70"/>
            <object_component_ref idref="oc-73"/>
            <object_component_ref idref="oc-76"/>
            <object_component_ref idref="oc-79"/>
            <object_component_ref idref="oc-7c"/>
            <object_component_ref idref="oc-7f"/>
            <object_component_ref idref="oc-84"/>
            <object_component_ref idref="oc-88"/>
            <object_component_ref idref="oc-8e"/>
            <object_component_ref idref="oc-93"/>
            <object_component_ref idref="oc-99"/>
            <object_component_ref idref="oc-9d"/>
            <object_component_ref idref="oc-a3"/>
            <object_component_ref idref="oc-a9"/>
            <object_component_ref idref="oc-af"/>
            <object_component_ref idref="oc-b1"/>
         </contents>
      </logical_group>
      <logical_group id="lg-e4">
         <name>.debug_abbrev</name>
         <load_address>0x0</load_address>
         <run_address>0x0</run_address>
         <size>0x2238</size>
         <contents>
            <object_component_ref idref="oc-14"/>
            <object_component_ref idref="oc-18"/>
            <object_component_ref idref="oc-1f"/>
            <object_component_ref idref="oc-25"/>
            <object_component_ref idref="oc-29"/>
            <object_component_ref idref="oc-2e"/>
            <object_component_ref idref="oc-31"/>
            <object_component_ref idref="oc-35"/>
            <object_component_ref idref="oc-3a"/>
            <object_component_ref idref="oc-3d"/>
            <object_component_ref idref="oc-40"/>
            <object_component_ref idref="oc-43"/>
            <object_component_ref idref="oc-47"/>
            <object_component_ref idref="oc-4c"/>
            <object_component_ref idref="oc-4f"/>
            <object_component_ref idref="oc-52"/>
            <object_component_ref idref="oc-55"/>
            <object_component_ref idref="oc-58"/>
            <object_component_ref idref="oc-5b"/>
            <object_component_ref idref="oc-60"/>
            <object_component_ref idref="oc-63"/>
            <object_component_ref idref="oc-66"/>
            <object_component_ref idref="oc-69"/>
            <object_component_ref idref="oc-6c"/>
            <object_component_ref idref="oc-71"/>
            <object_component_ref idref="oc-74"/>
            <object_component_ref idref="oc-77"/>
            <object_component_ref idref="oc-7a"/>
            <object_component_ref idref="oc-7d"/>
            <object_component_ref idref="oc-80"/>
            <object_component_ref idref="oc-82"/>
            <object_component_ref idref="oc-86"/>
            <object_component_ref idref="oc-8c"/>
            <object_component_ref idref="oc-91"/>
            <object_component_ref idref="oc-97"/>
            <object_component_ref idref="oc-9b"/>
            <object_component_ref idref="oc-a1"/>
            <object_component_ref idref="oc-a7"/>
            <object_component_ref idref="oc-ad"/>
            <object_component_ref idref="oc-b2"/>
            <object_component_ref idref="oc-e9"/>
         </contents>
      </logical_group>
   </logical_group_list>
   <placement_map>
      <memory_area>
         <name>IVECS</name>
         <page_id>0x0</page_id>
         <origin>0x0</origin>
         <length>0x220</length>
         <used_space>0x200</used_space>
         <unused_space>0x20</unused_space>
         <attributes>RWIX</attributes>
         <usage_details>
            <allocated_space>
               <start_address>0x0</start_address>
               <size>0x200</size>
               <logical_group_ref idref="lg-3"/>
            </allocated_space>
            <available_space>
               <start_address>0x200</start_address>
               <size>0x20</size>
            </available_space>
         </usage_details>
      </memory_area>
      <memory_area>
         <name>IRAM</name>
         <page_id>0x0</page_id>
         <origin>0x220</origin>
         <length>0x2fde0</length>
         <used_space>0xfd58</used_space>
         <unused_space>0x20088</unused_space>
         <attributes>RWIX</attributes>
         <usage_details>
            <allocated_space>
               <start_address>0x220</start_address>
               <size>0x0</size>
               <logical_group_ref idref="lg-5"/>
            </allocated_space>
            <allocated_space>
               <start_address>0x220</start_address>
               <size>0x8000</size>
               <logical_group_ref idref="lg-7"/>
            </allocated_space>
            <allocated_space>
               <start_address>0x8220</start_address>
               <size>0x6aa0</size>
               <logical_group_ref idref="lg-4"/>
            </allocated_space>
            <allocated_space>
               <start_address>0xecc0</start_address>
               <size>0x9ac</size>
               <logical_group_ref idref="lg-b"/>
            </allocated_space>
            <available_space>
               <start_address>0xf66c</start_address>
               <size>0x4</size>
            </available_space>
            <allocated_space>
               <start_address>0xf670</start_address>
               <size>0x8ac</size>
               <logical_group_ref idref="lg-6"/>
            </allocated_space>
            <allocated_space>
               <start_address>0xff1c</start_address>
               <size>0x60</size>
               <logical_group_ref idref="lg-9"/>
            </allocated_space>
            <available_space>
               <start_address>0xff7c</start_address>
               <size>0x20084</size>
            </available_space>
         </usage_details>
      </memory_area>
      <memory_area>
         <name>SDRAM</name>
         <page_id>0x0</page_id>
         <origin>0x80000000</origin>
         <length>0x1000000</length>
         <used_space>0x4800</used_space>
         <unused_space>0xffb800</unused_space>
         <attributes>RWIX</attributes>
         <usage_details>
            <allocated_space>
               <start_address>0x80000000</start_address>
               <size>0x4800</size>
               <logical_group_ref idref="lg-2"/>
            </allocated_space>
            <available_space>
               <start_address>0x80004800</start_address>
               <size>0xffb800</size>
            </available_space>
         </usage_details>
      </memory_area>
      <memory_area>
         <name>FLASH</name>
         <page_id>0x0</page_id>
         <origin>0x90000000</origin>
         <length>0x20000</length>
         <used_space>0x0</used_space>
         <unused_space>0x20000</unused_space>
         <attributes>RWIX</attributes>
         <usage_details>
         </usage_details>
      </memory_area>
   </placement_map>
   <symbol_table>
      <symbol id="sm-0">
         <name>cinit</name>
         <value>0xf670</value>
      </symbol>
      <symbol id="sm-1">
         <name>___cinit__</name>
         <value>0xf670</value>
      </symbol>
      <symbol id="sm-2">
         <name>pinit</name>
         <value>0xffffffff</value>
      </symbol>
      <symbol id="sm-3">
         <name>___pinit__</name>
         <value>0xffffffff</value>
      </symbol>
      <symbol id="sm-4">
         <name>binit</name>
         <value>0xffffffff</value>
      </symbol>
      <symbol id="sm-5">
         <name>___binit__</name>
         <value>0xffffffff</value>
      </symbol>
      <symbol id="sm-6">
         <name>__STACK_SIZE</name>
         <value>0x8000</value>
      </symbol>
      <symbol id="sm-7">
         <name>__STACK_END</name>
         <value>0x8220</value>
      </symbol>
      <symbol id="sm-8">
         <name>___c_args__</name>
         <value>0xffffffff</value>
      </symbol>
      <symbol id="sm-9">
         <name>.text</name>
         <value>0x8220</value>
      </symbol>
      <symbol id="sm-a">
         <name>___text__</name>
         <value>0x8220</value>
      </symbol>
      <symbol id="sm-b">
         <name>etext</name>
         <value>0xecc0</value>
      </symbol>
      <symbol id="sm-c">
         <name>___etext__</name>
         <value>0xecc0</value>
      </symbol>
      <symbol id="sm-d">
         <name>.bss</name>
         <value>0x220</value>
      </symbol>
      <symbol id="sm-e">
         <name>___bss__</name>
         <value>0x220</value>
      </symbol>
      <symbol id="sm-f">
         <name>end</name>
         <value>0x220</value>
      </symbol>
      <symbol id="sm-10">
         <name>___end__</name>
         <value>0x220</value>
      </symbol>
      <symbol id="sm-11">
         <name>___TI_pprof_out_hndl</name>
         <value>0xffffffff</value>
      </symbol>
      <symbol id="sm-12">
         <name>___TI_prof_data_start</name>
         <value>0xffffffff</value>
      </symbol>
      <symbol id="sm-13">
         <name>___TI_prof_data_size</name>
         <value>0xffffffff</value>
      </symbol>
      <symbol id="sm-14">
         <name>$bss</name>
         <value>0x220</value>
      </symbol>
      <symbol id="sm-42">
         <name>_config</name>
         <value>0xf54c</value>
         <object_component_ref idref="oc-11"/>
      </symbol>
      <symbol id="sm-43">
         <name>_AIC_data</name>
         <value>0xf548</value>
         <object_component_ref idref="oc-11"/>
      </symbol>
      <symbol id="sm-44">
         <name>_hAIC23_handle</name>
         <value>0xf594</value>
         <object_component_ref idref="oc-11"/>
      </symbol>
      <symbol id="sm-45">
         <name>_AIC23CfgData</name>
         <value>0xf574</value>
         <object_component_ref idref="oc-11"/>
      </symbol>
      <symbol id="sm-60">
         <name>_bitrev_index</name>
         <value>0xd280</value>
         <object_component_ref idref="oc-c8"/>
      </symbol>
      <symbol id="sm-17c">
         <name>_val_absolut</name>
         <value>0x943c</value>
         <object_component_ref idref="oc-c0"/>
      </symbol>
      <symbol id="sm-17d">
         <name>_mean</name>
         <value>0x930c</value>
         <object_component_ref idref="oc-c0"/>
      </symbol>
      <symbol id="sm-17e">
         <name>_pre_traitement</name>
         <value>0x85d8</value>
         <object_component_ref idref="oc-c0"/>
      </symbol>
      <symbol id="sm-17f">
         <name>_maxi_abs_short</name>
         <value>0x9248</value>
         <object_component_ref idref="oc-c0"/>
      </symbol>
      <symbol id="sm-180">
         <name>_FFT</name>
         <value>0x9a20</value>
         <object_component_ref idref="oc-c0"/>
      </symbol>
      <symbol id="sm-181">
         <name>_fenetre_triangle</name>
         <value>0x971c</value>
         <object_component_ref idref="oc-c0"/>
      </symbol>
      <symbol id="sm-182">
         <name>_mean_short</name>
         <value>0x93a4</value>
         <object_component_ref idref="oc-c0"/>
      </symbol>
      <symbol id="sm-183">
         <name>_fenetre_hamming</name>
         <value>0x9618</value>
         <object_component_ref idref="oc-c0"/>
      </symbol>
      <symbol id="sm-184">
         <name>_phase_complex</name>
         <value>0x955c</value>
         <object_component_ref idref="oc-c0"/>
      </symbol>
      <symbol id="sm-185">
         <name>_fen_hamming</name>
         <value>0xeec4</value>
         <object_component_ref idref="oc-1c"/>
      </symbol>
      <symbol id="sm-186">
         <name>_maxi</name>
         <value>0x90f4</value>
         <object_component_ref idref="oc-c0"/>
      </symbol>
      <symbol id="sm-187">
         <name>_index</name>
         <value>0x80000c00</value>
         <object_component_ref idref="oc-1b"/>
      </symbol>
      <symbol id="sm-188">
         <name>_X_Z</name>
         <value>0x80000400</value>
         <object_component_ref idref="oc-1b"/>
      </symbol>
      <symbol id="sm-189">
         <name>_tempx</name>
         <value>0x80000c20</value>
         <object_component_ref idref="oc-1b"/>
      </symbol>
      <symbol id="sm-18a">
         <name>_tempy</name>
         <value>0x80001810</value>
         <object_component_ref idref="oc-1b"/>
      </symbol>
      <symbol id="sm-18b">
         <name>_maxi_abs</name>
         <value>0x9190</value>
         <object_component_ref idref="oc-c0"/>
      </symbol>
      <symbol id="sm-18c">
         <name>_norm</name>
         <value>0x8394</value>
         <object_component_ref idref="oc-c0"/>
      </symbol>
      <symbol id="sm-18d">
         <name>_IFFT</name>
         <value>0x9c3c</value>
         <object_component_ref idref="oc-c0"/>
      </symbol>
      <symbol id="sm-18e">
         <name>_absolute</name>
         <value>0x82d8</value>
         <object_component_ref idref="oc-c0"/>
      </symbol>
      <symbol id="sm-18f">
         <name>_correlation</name>
         <value>0x9e0c</value>
         <object_component_ref idref="oc-c0"/>
      </symbol>
      <symbol id="sm-190">
         <name>_max</name>
         <value>0x8220</value>
         <object_component_ref idref="oc-c0"/>
      </symbol>
      <symbol id="sm-191">
         <name>_w</name>
         <value>0x80000000</value>
         <object_component_ref idref="oc-1b"/>
      </symbol>
      <symbol id="sm-192">
         <name>_i</name>
         <value>0xecc0</value>
         <object_component_ref idref="oc-1c"/>
      </symbol>
      <symbol id="sm-193">
         <name>_analyse_son</name>
         <value>0x85a4</value>
         <object_component_ref idref="oc-c0"/>
      </symbol>
      <symbol id="sm-194">
         <name>_magnitude_complex</name>
         <value>0x9478</value>
         <object_component_ref idref="oc-c0"/>
      </symbol>
      <symbol id="sm-195">
         <name>_fen_triang</name>
         <value>0xecc4</value>
         <object_component_ref idref="oc-1c"/>
      </symbol>
      <symbol id="sm-1d7">
         <name>_tableau_test_max_abs</name>
         <value>0x80003c00</value>
         <object_component_ref idref="oc-21"/>
      </symbol>
      <symbol id="sm-1d8">
         <name>_main</name>
         <value>0xbde0</value>
         <object_component_ref idref="oc-bd"/>
      </symbol>
      <symbol id="sm-1d9">
         <name>_out_phase</name>
         <value>0x80003400</value>
         <object_component_ref idref="oc-21"/>
      </symbol>
      <symbol id="sm-1da">
         <name>_out_real</name>
         <value>0x80002800</value>
         <object_component_ref idref="oc-21"/>
      </symbol>
      <symbol id="sm-1db">
         <name>_tableau_Hamming</name>
         <value>0x80004000</value>
         <object_component_ref idref="oc-21"/>
      </symbol>
      <symbol id="sm-1dc">
         <name>_c_int11</name>
         <value>0xeca0</value>
         <object_component_ref idref="oc-22"/>
      </symbol>
      <symbol id="sm-1dd">
         <name>_out_imag</name>
         <value>0x80002c00</value>
         <object_component_ref idref="oc-21"/>
      </symbol>
      <symbol id="sm-1de">
         <name>_tableau_test_FFT</name>
         <value>0x80002400</value>
         <object_component_ref idref="oc-21"/>
      </symbol>
      <symbol id="sm-1df">
         <name>_out_magnitude</name>
         <value>0x80003000</value>
         <object_component_ref idref="oc-21"/>
      </symbol>
      <symbol id="sm-1e0">
         <name>_tableau_test_mean</name>
         <value>0x80003800</value>
         <object_component_ref idref="oc-21"/>
      </symbol>
      <symbol id="sm-1e1">
         <name>_tableau_Triangle</name>
         <value>0x80004400</value>
         <object_component_ref idref="oc-21"/>
      </symbol>
      <symbol id="sm-1ea">
         <name>_AutoCorrelation</name>
         <value>0xe2c0</value>
         <object_component_ref idref="oc-26"/>
      </symbol>
      <symbol id="sm-1f7">
         <name>_vector10</name>
         <value>0x140</value>
         <object_component_ref idref="oc-2b"/>
      </symbol>
      <symbol id="sm-1f8">
         <name>_vector12</name>
         <value>0x180</value>
         <object_component_ref idref="oc-2b"/>
      </symbol>
      <symbol id="sm-1f9">
         <name>_vector13</name>
         <value>0x1a0</value>
         <object_component_ref idref="oc-2b"/>
      </symbol>
      <symbol id="sm-1fa">
         <name>_vector14</name>
         <value>0x1c0</value>
         <object_component_ref idref="oc-2b"/>
      </symbol>
      <symbol id="sm-1fb">
         <name>_vector15</name>
         <value>0x1e0</value>
         <object_component_ref idref="oc-2b"/>
      </symbol>
      <symbol id="sm-1fc">
         <name>_vectors</name>
         <value>0x0</value>
         <object_component_ref idref="oc-2b"/>
      </symbol>
      <symbol id="sm-1fd">
         <name>_vector1</name>
         <value>0x20</value>
         <object_component_ref idref="oc-2b"/>
      </symbol>
      <symbol id="sm-1fe">
         <name>_vector3</name>
         <value>0x60</value>
         <object_component_ref idref="oc-2b"/>
      </symbol>
      <symbol id="sm-1ff">
         <name>_vector2</name>
         <value>0x40</value>
         <object_component_ref idref="oc-2b"/>
      </symbol>
      <symbol id="sm-200">
         <name>_vector5</name>
         <value>0xa0</value>
         <object_component_ref idref="oc-2b"/>
      </symbol>
      <symbol id="sm-201">
         <name>_vector4</name>
         <value>0x80</value>
         <object_component_ref idref="oc-2b"/>
      </symbol>
      <symbol id="sm-202">
         <name>_vector7</name>
         <value>0xe0</value>
         <object_component_ref idref="oc-2b"/>
      </symbol>
      <symbol id="sm-203">
         <name>_vector6</name>
         <value>0xc0</value>
         <object_component_ref idref="oc-2b"/>
      </symbol>
      <symbol id="sm-204">
         <name>_vector9</name>
         <value>0x120</value>
         <object_component_ref idref="oc-2b"/>
      </symbol>
      <symbol id="sm-205">
         <name>_vector8</name>
         <value>0x100</value>
         <object_component_ref idref="oc-2b"/>
      </symbol>
      <symbol id="sm-20f">
         <name>_atan2</name>
         <value>0xd660</value>
         <object_component_ref idref="oc-c6"/>
      </symbol>
      <symbol id="sm-21b">
         <name>_c_int00</name>
         <value>0xea60</value>
         <object_component_ref idref="oc-e"/>
      </symbol>
      <symbol id="sm-21c">
         <name>__stack</name>
         <value>0x220</value>
         <object_component_ref idref="oc-33"/>
      </symbol>
      <symbol id="sm-22a">
         <name>_cos</name>
         <value>0xc240</value>
         <object_component_ref idref="oc-c7"/>
      </symbol>
      <symbol id="sm-234">
         <name>__divd</name>
         <value>0xad60</value>
         <object_component_ref idref="oc-c1"/>
      </symbol>
      <symbol id="sm-23e">
         <name>__divf</name>
         <value>0xc8a0</value>
         <object_component_ref idref="oc-c2"/>
      </symbol>
      <symbol id="sm-246">
         <name>__c6xabi_divi</name>
         <value>0xdd80</value>
         <object_component_ref idref="oc-c4"/>
      </symbol>
      <symbol id="sm-247">
         <name>__divi</name>
         <value>0xdd80</value>
         <object_component_ref idref="oc-c4"/>
      </symbol>
      <symbol id="sm-251">
         <name>_errno</name>
         <value>0xf2c4</value>
         <object_component_ref idref="oc-46"/>
      </symbol>
      <symbol id="sm-261">
         <name>C$$EXIT</name>
         <value>0xec60</value>
         <object_component_ref idref="oc-be"/>
      </symbol>
      <symbol id="sm-262">
         <name>_exit</name>
         <value>0xe560</value>
         <object_component_ref idref="oc-b5"/>
      </symbol>
      <symbol id="sm-263">
         <name>___TI_enable_exit_profile_output</name>
         <value>0xf660</value>
         <object_component_ref idref="oc-4a"/>
      </symbol>
      <symbol id="sm-264">
         <name>_abort</name>
         <value>0xec60</value>
         <object_component_ref idref="oc-be"/>
      </symbol>
      <symbol id="sm-265">
         <name>__cleanup_ptr</name>
         <value>0xf658</value>
         <object_component_ref idref="oc-4a"/>
      </symbol>
      <symbol id="sm-266">
         <name>__dtors_ptr</name>
         <value>0xf65c</value>
         <object_component_ref idref="oc-4a"/>
      </symbol>
      <symbol id="sm-270">
         <name>__frcmpyd_div</name>
         <value>0xdb00</value>
         <object_component_ref idref="oc-ca"/>
      </symbol>
      <symbol id="sm-27a">
         <name>_frexp</name>
         <value>0xdea0</value>
         <object_component_ref idref="oc-cb"/>
      </symbol>
      <symbol id="sm-284">
         <name>__llshru</name>
         <value>0xeb60</value>
         <object_component_ref idref="oc-c9"/>
      </symbol>
      <symbol id="sm-28e">
         <name>_modf</name>
         <value>0xe640</value>
         <object_component_ref idref="oc-cf"/>
      </symbol>
      <symbol id="sm-298">
         <name>__mpyll</name>
         <value>0xe940</value>
         <object_component_ref idref="oc-d1"/>
      </symbol>
      <symbol id="sm-2a6">
         <name>_pow</name>
         <value>0xa460</value>
         <object_component_ref idref="oc-c3"/>
      </symbol>
      <symbol id="sm-2b0">
         <name>__nround</name>
         <value>0xe3a0</value>
         <object_component_ref idref="oc-cd"/>
      </symbol>
      <symbol id="sm-2ba">
         <name>_sqrt</name>
         <value>0xdc40</value>
         <object_component_ref idref="oc-c5"/>
      </symbol>
      <symbol id="sm-2c4">
         <name>__trunc</name>
         <value>0xec00</value>
         <object_component_ref idref="oc-ce"/>
      </symbol>
      <symbol id="sm-2ce">
         <name>__args_main</name>
         <value>0xebc0</value>
         <object_component_ref idref="oc-b4"/>
      </symbol>
      <symbol id="sm-2cf">
         <name>__TI_args_main</name>
         <value>0x1</value>
      </symbol>
      <symbol id="sm-2dd">
         <name>_atan</name>
         <value>0xce00</value>
         <object_component_ref idref="oc-d0"/>
      </symbol>
      <symbol id="sm-2e7">
         <name>__auto_init</name>
         <value>0xe1c0</value>
         <object_component_ref idref="oc-b3"/>
      </symbol>
      <symbol id="sm-2f1">
         <name>___TI_cpp_init</name>
         <value>0xe9e0</value>
         <object_component_ref idref="oc-bc"/>
      </symbol>
      <symbol id="sm-2fb">
         <name>_copy_in</name>
         <value>0xe720</value>
         <object_component_ref idref="oc-ba"/>
      </symbol>
      <symbol id="sm-305">
         <name>_ldexp</name>
         <value>0xd800</value>
         <object_component_ref idref="oc-cc"/>
      </symbol>
      <symbol id="sm-30f">
         <name>_memcpy</name>
         <value>0xd040</value>
         <object_component_ref idref="oc-bb"/>
      </symbol>
      <symbol id="sm-319">
         <name>_DSPF_sp_bitrev_cplx</name>
         <value>0xcba0</value>
         <object_component_ref idref="oc-81"/>
      </symbol>
      <symbol id="sm-323">
         <name>_DSPF_sp_cfftr2_dit</name>
         <value>0xb480</value>
         <object_component_ref idref="oc-85"/>
      </symbol>
      <symbol id="sm-331">
         <name>__IRQ_eventTable</name>
         <value>0xf410</value>
         <object_component_ref idref="oc-8b"/>
      </symbol>
      <symbol id="sm-332">
         <name>__IRQ_intTable</name>
         <value>0xf494</value>
         <object_component_ref idref="oc-8b"/>
      </symbol>
      <symbol id="sm-333">
         <name>__IRQ_dispatchTable</name>
         <value>0xf4d4</value>
         <object_component_ref idref="oc-8b"/>
      </symbol>
      <symbol id="sm-334">
         <name>__IRQ_hookFetchPacket</name>
         <value>0xec80</value>
         <object_component_ref idref="oc-89"/>
      </symbol>
      <symbol id="sm-348">
         <name>_MCBSP_reset</name>
         <value>0xd4c0</value>
         <object_component_ref idref="oc-bf"/>
      </symbol>
      <symbol id="sm-349">
         <name>_MCBSP_close</name>
         <value>0xe8a0</value>
         <object_component_ref idref="oc-b7"/>
      </symbol>
      <symbol id="sm-34a">
         <name>_MCBSP_open</name>
         <value>0xdfc0</value>
         <object_component_ref idref="oc-b8"/>
      </symbol>
      <symbol id="sm-34b">
         <name>__MCBSP_hDev0</name>
         <value>0xf608</value>
         <object_component_ref idref="oc-90"/>
      </symbol>
      <symbol id="sm-34c">
         <name>__MCBSP_hDev1</name>
         <value>0xf60c</value>
         <object_component_ref idref="oc-90"/>
      </symbol>
      <symbol id="sm-34d">
         <name>_MCBSP_start</name>
         <value>0xe0c0</value>
         <object_component_ref idref="oc-b9"/>
      </symbol>
      <symbol id="sm-35b">
         <name>_DSK6713_init</name>
         <value>0xb9ac</value>
         <object_component_ref idref="oc-94"/>
      </symbol>
      <symbol id="sm-35c">
         <name>_DSK6713_version</name>
         <value>0xf4dc</value>
         <object_component_ref idref="oc-95"/>
      </symbol>
      <symbol id="sm-35d">
         <name>_DSK6713_rget</name>
         <value>0xbcc8</value>
         <object_component_ref idref="oc-94"/>
      </symbol>
      <symbol id="sm-35e">
         <name>_DSK6713_wait</name>
         <value>0xbcf0</value>
         <object_component_ref idref="oc-94"/>
      </symbol>
      <symbol id="sm-35f">
         <name>_DSK6713_rset</name>
         <value>0xbcdc</value>
         <object_component_ref idref="oc-94"/>
      </symbol>
      <symbol id="sm-360">
         <name>_DSK6713_waitusec</name>
         <value>0xbd48</value>
         <object_component_ref idref="oc-94"/>
      </symbol>
      <symbol id="sm-361">
         <name>_DSK6713_getVersion</name>
         <value>0xbd74</value>
         <object_component_ref idref="oc-94"/>
      </symbol>
      <symbol id="sm-36b">
         <name>_DSK6713_AIC23_closeCodec</name>
         <value>0xeae0</value>
         <object_component_ref idref="oc-9a"/>
      </symbol>
      <symbol id="sm-379">
         <name>_DSK6713_AIC23_codeccontrolhandle</name>
         <value>0xf664</value>
         <object_component_ref idref="oc-9f"/>
      </symbol>
      <symbol id="sm-37a">
         <name>_DSK6713_AIC23_codecdatahandle</name>
         <value>0xf668</value>
         <object_component_ref idref="oc-9f"/>
      </symbol>
      <symbol id="sm-37b">
         <name>_DSK6713_AIC23_openCodec</name>
         <value>0xc580</value>
         <object_component_ref idref="oc-9e"/>
      </symbol>
      <symbol id="sm-389">
         <name>_DSK6713_AIC23_config</name>
         <value>0xda60</value>
         <object_component_ref idref="oc-a4"/>
      </symbol>
      <symbol id="sm-38a">
         <name>_DSK6713_AIC23_rget</name>
         <value>0xda3c</value>
         <object_component_ref idref="oc-a4"/>
      </symbol>
      <symbol id="sm-38b">
         <name>_DSK6713_AIC23_rset</name>
         <value>0xd9a0</value>
         <object_component_ref idref="oc-a4"/>
      </symbol>
      <symbol id="sm-399">
         <name>_DSK6713_AIC23_setFreq</name>
         <value>0xe7e0</value>
         <object_component_ref idref="oc-aa"/>
      </symbol>
      <symbol id="sm-3a1">
         <name>__strasg</name>
         <value>0xe480</value>
         <object_component_ref idref="oc-b6"/>
      </symbol>
   </symbol_table>
</link_info>
