******************************************************************************
               TMS320C6x Linker PC v7.4.20                     
******************************************************************************
>> Linked Tue Apr 02 17:11:12 2019

OUTPUT FILE NAME:   <S5eAPP5_Problematique.out>
ENTRY POINT SYMBOL: "_c_int00"  address: 0000ea60


MEMORY CONFIGURATION

         name            origin    length      used     unused   attr    fill
----------------------  --------  ---------  --------  --------  ----  --------
  IVECS                 00000000   00000220  00000200  00000020  RWIX
  IRAM                  00000220   0002fde0  0000fd58  00020088  RWIX
  SDRAM                 80000000   01000000  00004800  00ffb800  RWIX
  FLASH                 90000000   00020000  00000000  00020000  RWIX


SECTION ALLOCATION MAP

 output                                  attributes/
section   page    origin      length       input sections
--------  ----  ----------  ----------   ----------------
.vectors   0    00000000    00000200     
                  00000000    00000200     Vectors_intr.obj (.vectors)

.bss       0    00000220    00000000     UNINITIALIZED

.stack     0    00000220    00008000     UNINITIALIZED
                  00000220    00000008     rts6700.lib : boot.obj (.stack)
                  00000228    00007ff8     --HOLE--

.text      0    00008220    00006aa0     
                  00008220    00002240     functionHelperProjetS5.obj (.text)
                  0000a460    00000900     rts6700.lib : pow.obj (.text:_pow)
                  0000ad60    00000720                 : divd.obj (.text:__divd)
                  0000b480    000004e0     dsp67x.lib : DSPF_sp_cfftr2_dit.obj (.text)
                  0000b960    00000480     dsk6713bsl.lib : dsk6713.obj (.text)
                  0000bde0    00000460     main_test.obj (.text)
                  0000c240    00000340     rts6700.lib : cos.obj (.text:_cos)
                  0000c580    00000320     dsk6713bsl.lib : dsk6713_aic23_opencodec.obj (.text)
                  0000c8a0    00000300     rts6700.lib : divf.obj (.text:__divf)
                  0000cba0    00000260     dsp67x.lib : DSPF_sp_bitrev_cplx.obj (.text)
                  0000ce00    00000240     rts6700.lib : atan.obj (.text:_atan)
                  0000d040    00000240                 : memcpy62.obj (.text:_memcpy)
                  0000d280    00000240     bitrev_index.obj (.text)
                  0000d4c0    000001a0     csl6713.lib : csl_mcbsp.obj (.text:_MCBSP_reset)
                  0000d660    000001a0     rts6700.lib : atan2.obj (.text:_atan2)
                  0000d800    000001a0                 : ldexp.obj (.text:_ldexp)
                  0000d9a0    00000160     dsk6713bsl.lib : dsk6713_aic23_registers.obj (.text)
                  0000db00    00000140     rts6700.lib : frcmpyd_div.obj (.text:__frcmpyd_div)
                  0000dc40    00000140                 : sqrt.obj (.text:_sqrt)
                  0000dd80    00000120                 : divi.obj (.text:__divi)
                  0000dea0    00000120                 : frexp.obj (.text:_frexp)
                  0000dfc0    00000100     csl6713.lib : csl_mcbsp.obj (.text:_MCBSP_open)
                  0000e0c0    00000100                 : csl_mcbsp.obj (.text:_MCBSP_start)
                  0000e1c0    00000100     rts6700.lib : autoinit.obj (.text:__auto_init)
                  0000e2c0    000000e0     AutoCorr.obj (.text)
                  0000e3a0    000000e0     rts6700.lib : round.obj (.text:__nround)
                  0000e480    000000e0                 : strasg.obj (.text:__strasg)
                  0000e560    000000e0                 : exit.obj (.text:_exit)
                  0000e640    000000e0                 : modf.obj (.text:_modf)
                  0000e720    000000c0                 : cpy_tbl.obj (.text:_copy_in)
                  0000e7e0    000000c0     dsk6713bsl.lib : dsk6713_aic23_setfreq.obj (.text)
                  0000e8a0    000000a0     csl6713.lib : csl_mcbsp.obj (.text:_MCBSP_close)
                  0000e940    000000a0     rts6700.lib : mpyll.obj (.text:__mpyll)
                  0000e9e0    00000080                 : cpp_init.obj (.text:___TI_cpp_init)
                  0000ea60    00000080                 : boot.obj (.text:_c_int00)
                  0000eae0    00000080     dsk6713bsl.lib : dsk6713_aic23_closecodec.obj (.text)
                  0000eb60    00000060     rts6700.lib : llshift.obj (.text:__llshru)
                  0000ebc0    00000040                 : args_main.obj (.text:__args_main)
                  0000ec00    00000040                 : trunc.obj (.text:__trunc)
                  0000ec40    00000020     Vectors_intr.obj (.text)
                  0000ec60    00000020     rts6700.lib : exit.obj (.text:_abort)
                  0000ec80    00000020     csl6713.lib : csl_irq.obj (.text)
                  0000eca0    00000020     main_test.obj (.text:retain)

.far       0    0000ecc0    000009ac     UNINITIALIZED
                  0000ecc0    00000604     functionHelperProjetS5.obj (.far)
                  0000f2c4    00000004     rts6700.lib : errno.obj (.far)
                  0000f2c8    00000120                 : pow.obj (.far)
                  0000f3e8    000000f4     csl6713.lib : csl_irq.obj (.far)
                  0000f4dc    00000002     dsk6713bsl.lib : dsk6713.obj (.far)
                  0000f4de    00000002     --HOLE--
                  0000f4e0    00000060     rts6700.lib : atan.obj (.far)
                  0000f540    00000058     C6713Helper_UdeS.obj (.far)
                  0000f598    00000040     rts6700.lib : cos.obj (.far)
                  0000f5d8    00000038     csl6713.lib : csl_mcbsp.obj (.far)
                  0000f610    00000028     dsk6713bsl.lib : dsk6713_aic23_registers.obj (.far)
                  0000f638    00000020                    : dsk6713_aic23_setfreq.obj (.far)
                  0000f658    0000000c     rts6700.lib : exit.obj (.far)
                  0000f664    00000008     dsk6713bsl.lib : dsk6713_aic23_opencodec.obj (.far)

.cinit     0    0000f670    000008ac     
                  0000f670    00000434     functionHelperProjetS5.obj (.cinit)
                  0000faa4    00000004     --HOLE-- [fill = 0]
                  0000faa8    00000140     rts6700.lib : pow.obj (.cinit)
                  0000fbe8    0000012c     csl6713.lib : csl_irq.obj (.cinit)
                  0000fd14    00000004     --HOLE-- [fill = 0]
                  0000fd18    00000070     rts6700.lib : atan.obj (.cinit)
                  0000fd88    00000058     C6713Helper_UdeS.obj (.cinit)
                  0000fde0    00000054     csl6713.lib : csl_mcbsp.obj (.cinit)
                  0000fe34    00000004     --HOLE-- [fill = 0]
                  0000fe38    00000048     rts6700.lib : cos.obj (.cinit)
                  0000fe80    00000030     dsk6713bsl.lib : dsk6713_aic23_registers.obj (.cinit)
                  0000feb0    0000002c     rts6700.lib : exit.obj (.cinit)
                  0000fedc    00000004     --HOLE-- [fill = 0]
                  0000fee0    00000028     dsk6713bsl.lib : dsk6713_aic23_setfreq.obj (.cinit)
                  0000ff08    0000000c     rts6700.lib : errno.obj (.cinit)
                  0000ff14    00000004     --HOLE-- [fill = 0]
                  0000ff18    00000004     (.pad.cinit) [fill = 0]

.const     0    0000ff1c    00000060     
                  0000ff1c    00000040     dsk6713bsl.lib : dsk6713_aic23_opencodec.obj (.const)
                  0000ff5c    00000020                    : dsk6713.obj (.const)

.EXT_RAM   0    80000000    00004800     UNINITIALIZED
                  80000000    00002400     functionHelperProjetS5.obj (.EXT_RAM)
                  80002400    00002400     main_test.obj (.EXT_RAM)


GLOBAL SYMBOLS: SORTED ALPHABETICALLY BY Name 

address    name
--------   ----
00000220   $bss
00000220   .bss
00008220   .text
0000ec60   C$$EXIT
0000f574   _AIC23CfgData
0000f548   _AIC_data
0000e2c0   _AutoCorrelation
0000eae0   _DSK6713_AIC23_closeCodec
0000f664   _DSK6713_AIC23_codeccontrolhandle
0000f668   _DSK6713_AIC23_codecdatahandle
0000da60   _DSK6713_AIC23_config
0000c580   _DSK6713_AIC23_openCodec
0000da3c   _DSK6713_AIC23_rget
0000d9a0   _DSK6713_AIC23_rset
0000e7e0   _DSK6713_AIC23_setFreq
0000bd74   _DSK6713_getVersion
0000b9ac   _DSK6713_init
0000bcc8   _DSK6713_rget
0000bcdc   _DSK6713_rset
0000f4dc   _DSK6713_version
0000bcf0   _DSK6713_wait
0000bd48   _DSK6713_waitusec
0000cba0   _DSPF_sp_bitrev_cplx
0000b480   _DSPF_sp_cfftr2_dit
00009a20   _FFT
00009c3c   _IFFT
0000e8a0   _MCBSP_close
0000dfc0   _MCBSP_open
0000d4c0   _MCBSP_reset
0000e0c0   _MCBSP_start
80000400   _X_Z
0000f4d4   __IRQ_dispatchTable
0000f410   __IRQ_eventTable
0000ec80   __IRQ_hookFetchPacket
0000f494   __IRQ_intTable
0000f608   __MCBSP_hDev0
0000f60c   __MCBSP_hDev1
00008220   __STACK_END
00008000   __STACK_SIZE
00000001   __TI_args_main
0000e9e0   ___TI_cpp_init
0000f660   ___TI_enable_exit_profile_output
ffffffff   ___TI_pprof_out_hndl
ffffffff   ___TI_prof_data_size
ffffffff   ___TI_prof_data_start
ffffffff   ___binit__
00000220   ___bss__
ffffffff   ___c_args__
0000f670   ___cinit__
00000220   ___end__
0000ecc0   ___etext__
ffffffff   ___pinit__
00008220   ___text__
0000ebc0   __args_main
0000e1c0   __auto_init
0000dd80   __c6xabi_divi
0000f658   __cleanup_ptr
0000ad60   __divd
0000c8a0   __divf
0000dd80   __divi
0000f65c   __dtors_ptr
0000db00   __frcmpyd_div
0000eb60   __llshru
0000e940   __mpyll
0000e3a0   __nround
00000220   __stack
0000e480   __strasg
0000ec00   __trunc
0000ec60   _abort
000082d8   _absolute
000085a4   _analyse_son
0000ce00   _atan
0000d660   _atan2
0000d280   _bitrev_index
0000ea60   _c_int00
0000eca0   _c_int11
0000f54c   _config
0000e720   _copy_in
00009e0c   _correlation
0000c240   _cos
0000f2c4   _errno
0000e560   _exit
0000eec4   _fen_hamming
0000ecc4   _fen_triang
00009618   _fenetre_hamming
0000971c   _fenetre_triangle
0000dea0   _frexp
0000f594   _hAIC23_handle
0000ecc0   _i
80000c00   _index
0000d800   _ldexp
00009478   _magnitude_complex
0000bde0   _main
00008220   _max
000090f4   _maxi
00009190   _maxi_abs
00009248   _maxi_abs_short
0000930c   _mean
000093a4   _mean_short
0000d040   _memcpy
0000e640   _modf
00008394   _norm
80002c00   _out_imag
80003000   _out_magnitude
80003400   _out_phase
80002800   _out_real
0000955c   _phase_complex
0000a460   _pow
000085d8   _pre_traitement
0000dc40   _sqrt
80004000   _tableau_Hamming
80004400   _tableau_Triangle
80002400   _tableau_test_FFT
80003c00   _tableau_test_max_abs
80003800   _tableau_test_mean
80000c20   _tempx
80001810   _tempy
0000943c   _val_absolut
00000020   _vector1
00000140   _vector10
00000180   _vector12
000001a0   _vector13
000001c0   _vector14
000001e0   _vector15
00000040   _vector2
00000060   _vector3
00000080   _vector4
000000a0   _vector5
000000c0   _vector6
000000e0   _vector7
00000100   _vector8
00000120   _vector9
00000000   _vectors
80000000   _w
ffffffff   binit
0000f670   cinit
00000220   end
0000ecc0   etext
ffffffff   pinit


GLOBAL SYMBOLS: SORTED BY Symbol Address 

address    name
--------   ----
00000000   _vectors
00000001   __TI_args_main
00000020   _vector1
00000040   _vector2
00000060   _vector3
00000080   _vector4
000000a0   _vector5
000000c0   _vector6
000000e0   _vector7
00000100   _vector8
00000120   _vector9
00000140   _vector10
00000180   _vector12
000001a0   _vector13
000001c0   _vector14
000001e0   _vector15
00000220   $bss
00000220   .bss
00000220   ___bss__
00000220   ___end__
00000220   __stack
00000220   end
00008000   __STACK_SIZE
00008220   .text
00008220   __STACK_END
00008220   ___text__
00008220   _max
000082d8   _absolute
00008394   _norm
000085a4   _analyse_son
000085d8   _pre_traitement
000090f4   _maxi
00009190   _maxi_abs
00009248   _maxi_abs_short
0000930c   _mean
000093a4   _mean_short
0000943c   _val_absolut
00009478   _magnitude_complex
0000955c   _phase_complex
00009618   _fenetre_hamming
0000971c   _fenetre_triangle
00009a20   _FFT
00009c3c   _IFFT
00009e0c   _correlation
0000a460   _pow
0000ad60   __divd
0000b480   _DSPF_sp_cfftr2_dit
0000b9ac   _DSK6713_init
0000bcc8   _DSK6713_rget
0000bcdc   _DSK6713_rset
0000bcf0   _DSK6713_wait
0000bd48   _DSK6713_waitusec
0000bd74   _DSK6713_getVersion
0000bde0   _main
0000c240   _cos
0000c580   _DSK6713_AIC23_openCodec
0000c8a0   __divf
0000cba0   _DSPF_sp_bitrev_cplx
0000ce00   _atan
0000d040   _memcpy
0000d280   _bitrev_index
0000d4c0   _MCBSP_reset
0000d660   _atan2
0000d800   _ldexp
0000d9a0   _DSK6713_AIC23_rset
0000da3c   _DSK6713_AIC23_rget
0000da60   _DSK6713_AIC23_config
0000db00   __frcmpyd_div
0000dc40   _sqrt
0000dd80   __c6xabi_divi
0000dd80   __divi
0000dea0   _frexp
0000dfc0   _MCBSP_open
0000e0c0   _MCBSP_start
0000e1c0   __auto_init
0000e2c0   _AutoCorrelation
0000e3a0   __nround
0000e480   __strasg
0000e560   _exit
0000e640   _modf
0000e720   _copy_in
0000e7e0   _DSK6713_AIC23_setFreq
0000e8a0   _MCBSP_close
0000e940   __mpyll
0000e9e0   ___TI_cpp_init
0000ea60   _c_int00
0000eae0   _DSK6713_AIC23_closeCodec
0000eb60   __llshru
0000ebc0   __args_main
0000ec00   __trunc
0000ec60   C$$EXIT
0000ec60   _abort
0000ec80   __IRQ_hookFetchPacket
0000eca0   _c_int11
0000ecc0   ___etext__
0000ecc0   _i
0000ecc0   etext
0000ecc4   _fen_triang
0000eec4   _fen_hamming
0000f2c4   _errno
0000f410   __IRQ_eventTable
0000f494   __IRQ_intTable
0000f4d4   __IRQ_dispatchTable
0000f4dc   _DSK6713_version
0000f548   _AIC_data
0000f54c   _config
0000f574   _AIC23CfgData
0000f594   _hAIC23_handle
0000f608   __MCBSP_hDev0
0000f60c   __MCBSP_hDev1
0000f658   __cleanup_ptr
0000f65c   __dtors_ptr
0000f660   ___TI_enable_exit_profile_output
0000f664   _DSK6713_AIC23_codeccontrolhandle
0000f668   _DSK6713_AIC23_codecdatahandle
0000f670   ___cinit__
0000f670   cinit
80000000   _w
80000400   _X_Z
80000c00   _index
80000c20   _tempx
80001810   _tempy
80002400   _tableau_test_FFT
80002800   _out_real
80002c00   _out_imag
80003000   _out_magnitude
80003400   _out_phase
80003800   _tableau_test_mean
80003c00   _tableau_test_max_abs
80004000   _tableau_Hamming
80004400   _tableau_Triangle
ffffffff   ___TI_pprof_out_hndl
ffffffff   ___TI_prof_data_size
ffffffff   ___TI_prof_data_start
ffffffff   ___binit__
ffffffff   ___c_args__
ffffffff   ___pinit__
ffffffff   binit
ffffffff   pinit

[139 symbols]
