******************************************************************************
               TMS320C6x Linker PC v7.4.20                     
******************************************************************************
>> Linked Wed Feb 27 18:56:51 2019

OUTPUT FILE NAME:   <Correlation_Revue1.out>
ENTRY POINT SYMBOL: "_c_int00"  address: 000098c0


MEMORY CONFIGURATION

         name            origin    length      used     unused   attr    fill
----------------------  --------  ---------  --------  --------  ----  --------
  IVECS                 00000000   00000220  00000000  00000220  RWIX
  IRAM                  00000220   0002fde0  0000c69b  00023745  RWIX
  SDRAM                 80000000   01000000  00000000  01000000  RWIX
  FLASH                 90000000   00020000  00000000  00020000  RWIX


SECTION ALLOCATION MAP

 output                                  attributes/
section   page    origin      length       input sections
--------  ----  ----------  ----------   ----------------
.bss       0    00000220    00000000     UNINITIALIZED

.text      0    00000220    00009a40     
                  00000220    00001180     main.obj (.text)
                  000013a0    00000720     rts6700.lib : divd.obj (.text:__divd)
                  00001ac0    000006c0                 : _printfi.obj (.text:__getarg_diouxp)
                  00002180    00000640                 : _printfi.obj (.text:__setfield)
                  000027c0    00000560                 : _printfi.obj (.text:__printfi)
                  00002d20    000004c0                 : fputs.obj (.text:_fputs)
                  000031e0    00000420                 : _printfi.obj (.text:_fcvt)
                  00003600    00000400                 : _printfi.obj (.text:__pproc_fge)
                  00003a00    00000400                 : _printfi.obj (.text:_ecvt)
                  00003e00    00000380                 : imath64.obj (.text:__divull)
                  00004180    00000380                 : memory.obj (.text:_free)
                  00004500    00000360                 : _printfi.obj (.text:__pconv_e)
                  00004860    00000360                 : _printfi.obj (.text:__pproc_fwp)
                  00004bc0    00000340                 : cos.obj (.text:_cos)
                  00004f00    00000300                 : _printfi.obj (.text:__pproc_diouxp)
                  00005200    000002e0                 : sin.obj (.text:_sin)
                  000054e0    000002c0                 : _printfi.obj (.text:__pproc_str)
                  000057a0    000002c0                 : setvbuf.obj (.text:_setvbuf)
                  00005a60    000002a0                 : _printfi.obj (.text:__pconv_g)
                  00005d00    000002a0                 : fputc.obj (.text:_fputc)
                  00005fa0    00000260                 : imath40.obj (.text:__divul)
                  00006200    00000240                 : _printfi.obj (.text:__mcpy)
                  00006440    00000240                 : memory.obj (.text:_malloc)
                  00006680    00000240                 : memcpy62.obj (.text:_memcpy)
                  000068c0    00000220                 : trgdrv.obj (.text:_HOSTrename)
                  00006ae0    000001e0                 : lowlev.obj (.text:_getdevice)
                  00006cc0    000001c0                 : fseek.obj (.text:_fseek)
                  00006e80    000001a0                 : _printfi.obj (.text:__ltostr)
                  00007020    000001a0                 : _printfi.obj (.text:__pproc_fflags)
                  000071c0    00000160                 : trgdrv.obj (.text:_HOSTlseek)
                  00007320    00000160                 : fclose.obj (.text:__closefile)
                  00007480    00000140                 : trgdrv.obj (.text:_HOSTread)
                  000075c0    00000140                 : frcmpyd_div.obj (.text:__frcmpyd_div)
                  00007700    00000140                 : atoi.obj (.text:_atoi)
                  00007840    00000140                 : ltoa.obj (.text:_ltoa)
                  00007980    00000140                 : sqrt.obj (.text:_sqrt)
                  00007ac0    00000120                 : trgdrv.obj (.text:_HOSTopen)
                  00007be0    00000120                 : trgdrv.obj (.text:_HOSTwrite)
                  00007d00    00000120                 : _io_perm.obj (.text:__wrt_ok)
                  00007e20    00000120                 : lowlev.obj (.text:_close)
                  00007f40    00000120                 : memset.obj (.text:_memset)
                  00008060    00000100                 : trgdrv.obj (.text:_HOSTclose)
                  00008160    00000100                 : trgdrv.obj (.text:_HOSTunlink)
                  00008260    00000100                 : autoinit.obj (.text:__auto_init)
                  00008360    00000100                 : _printfi.obj (.text:__div)
                  00008460    00000100                 : imath40.obj (.text:__divli)
                  00008560    00000100                 : _printfi.obj (.text:__pconv_f)
                  00008660    00000100                 : lowlev.obj (.text:_lseek)
                  00008760    00000100                 : printf.obj (.text:_printf)
                  00008860    00000100                 : lowlev.obj (.text:_write)
                  00008960    000000e0                 : fopen.obj (.text:__cleanup)
                  00008a40    000000e0                 : fflush.obj (.text:__doflush)
                  00008b20    000000e0                 : _printfi.obj (.text:__ecpy)
                  00008c00    000000e0                 : _printfi.obj (.text:__fcpy)
                  00008ce0    000000e0                 : round.obj (.text:__nround)
                  00008dc0    000000e0                 : exit.obj (.text:_exit)
                  00008ea0    000000e0                 : memory.obj (.text:_minsert)
                  00008f80    000000e0                 : modf.obj (.text:_modf)
                  00009060    000000e0                 : memory.obj (.text:_mremove)
                  00009140    000000c0                 : divu.obj (.text:__divu)
                  00009200    000000c0                 : cpy_tbl.obj (.text:_copy_in)
                  000092c0    000000c0                 : lowlev.obj (.text:_finddevice)
                  00009380    000000a0                 : fixdli.obj (.text:__fixdli)
                  00009420    000000a0                 : mpyll.obj (.text:__mpyll)
                  000094c0    000000a0                 : imath40.obj (.text:__remli)
                  00009560    000000a0                 : trgmsg.obj (.text:_readmsg)
                  00009600    000000a0                 : lowlev.obj (.text:_unlink)
                  000096a0    000000a0                 : trgmsg.obj (.text:_writemsg)
                  00009740    00000080                 : cpp_init.obj (.text:___TI_cpp_init)
                  000097c0    00000080                 : fltlid.obj (.text:__fltlid)
                  00009840    00000080                 : llshift.obj (.text:__llshl)
                  000098c0    00000080                 : boot.obj (.text:_c_int00)
                  00009940    00000080                 : memccpy.obj (.text:_memccpy)
                  000099c0    00000060                 : isinf.obj (.text:___isinf)
                  00009a20    00000060                 : llshift.obj (.text:__llshru)
                  00009a80    00000060                 : imath64.obj (.text:__subcull)
                  00009ae0    00000040                 : _printfi.obj (.text:___isnan)
                  00009b20    00000040                 : args_main.obj (.text:__args_main)
                  00009b60    00000040                 : trunc.obj (.text:__trunc)
                  00009ba0    00000020                 : negll.obj (.text:__negll)
                  00009bc0    00000020                 : _lock.obj (.text:__nop)
                  00009be0    00000020                 : printf.obj (.text:__outc)
                  00009c00    00000020                 : printf.obj (.text:__outs)
                  00009c20    00000020                 : exit.obj (.text:_abort)
                  00009c40    00000020                 : remove.obj (.text:_remove)

.stack     0    00009c60    00001000     UNINITIALIZED
                  00009c60    00000008     rts6700.lib : boot.obj (.stack)
                  00009c68    00000ff8     --HOLE--

.sysmem    0    0000ac60    00001000     UNINITIALIZED
                  0000ac60    00000008     rts6700.lib : memory.obj (.sysmem)
                  0000ac68    00000ff8     --HOLE--

.far       0    0000bc60    000005e4     UNINITIALIZED
                  0000bc60    00000324     rts6700.lib : defs.obj (.far)
                  0000bf84    0000011c                 : lowlev.obj (.far)
                  0000c0a0    000000f8     main.obj (.far)
                  0000c198    00000040     rts6700.lib : cos.obj (.far)
                  0000c1d8    00000040                 : sin.obj (.far)
                  0000c218    0000000c                 : exit.obj (.far)
                  0000c224    00000008                 : _lock.obj (.far)
                  0000c22c    00000008                 : memory.obj (.far)
                  0000c234    00000008                 : trgdrv.obj (.far)
                  0000c23c    00000004                 : errno.obj (.far)
                  0000c240    00000004                 : fopen.obj (.far)

.const     0    0000c248    00000363     
                  0000c248    00000101     rts6700.lib : ctype.obj (.const:.string:__ctypes_)
                  0000c349    00000002                 : fputs.obj (.const:.string)
                  0000c34b    00000005     --HOLE-- [fill = 0]
                  0000c350    00000098     main.obj (.const:_$P$T0$1)
                  0000c3e8    00000098     main.obj (.const:_$P$T1$2)
                  0000c480    00000098     main.obj (.const:_$P$T2$3)
                  0000c518    00000070     main.obj (.const:.string)
                  0000c588    00000023     rts6700.lib : _printfi.obj (.const:.string)

.cinit     0    0000c5b0    000001f4     
                  0000c5b0    0000005c     rts6700.lib : defs.obj (.cinit)
                  0000c60c    00000004     --HOLE-- [fill = 0]
                  0000c610    0000005c                 : lowlev.obj (.cinit)
                  0000c66c    00000004     --HOLE-- [fill = 0]
                  0000c670    00000048                 : cos.obj (.cinit)
                  0000c6b8    00000048                 : sin.obj (.cinit)
                  0000c700    0000002c                 : exit.obj (.cinit)
                  0000c72c    00000004     --HOLE-- [fill = 0]
                  0000c730    0000002c                 : memory.obj (.cinit)
                  0000c75c    00000004     --HOLE-- [fill = 0]
                  0000c760    0000001c                 : _lock.obj (.cinit)
                  0000c77c    00000004     --HOLE-- [fill = 0]
                  0000c780    0000000c                 : errno.obj (.cinit)
                  0000c78c    00000004     --HOLE-- [fill = 0]
                  0000c790    0000000c                 : fopen.obj (.cinit)
                  0000c79c    00000004     --HOLE-- [fill = 0]
                  0000c7a0    00000004     (.pad.cinit) [fill = 0]

.cio       0    0000c7a4    00000120     UNINITIALIZED
                  0000c7a4    00000120     rts6700.lib : trgmsg.obj (.cio)


GLOBAL SYMBOLS: SORTED ALPHABETICALLY BY Name 

address    name
--------   ----
00000220   $bss
00000220   .bss
00000220   .text
00009c20   C$$EXIT
00009718   C$$IO$$
00008060   _HOSTclose
000071c0   _HOSTlseek
00007ac0   _HOSTopen
00007480   _HOSTread
000068c0   _HOSTrename
00008160   _HOSTunlink
00007be0   _HOSTwrite
0000c7a4   __CIOBUF_
0000ac60   __STACK_END
00001000   __STACK_SIZE
00001000   __SYSMEM_SIZE
00000001   __TI_args_main
00009740   ___TI_cpp_init
0000c220   ___TI_enable_exit_profile_output
ffffffff   ___TI_pprof_out_hndl
ffffffff   ___TI_prof_data_size
ffffffff   ___TI_prof_data_start
ffffffff   ___binit__
00000220   ___bss__
ffffffff   ___c_args__
0000c5b0   ___cinit__
00000220   ___end__
00009c60   ___etext__
000099c0   ___isinf
ffffffff   ___pinit__
00000220   ___text__
00009b20   __args_main
00008260   __auto_init
00009140   __c6xabi_divu
00008960   __cleanup
0000c218   __cleanup_ptr
00007320   __closefile
0000c248   __ctypes_
000013a0   __divd
00008460   __divli
00009140   __divu
00005fa0   __divul
00003e00   __divull
00008a40   __doflush
0000c21c   __dtors_ptr
00009380   __fixdli
000097c0   __fltlid
000075c0   __frcmpyd_div
0000bf80   __ft_end
0000bc60   __ftable
00009840   __llshl
00009a20   __llshru
0000c224   __lock
00009420   __mpyll
00009ba0   __negll
00009bc0   __nop
00008ce0   __nround
000027c0   __printfi
000094c0   __remli
00009c60   __stack
00009a80   __subcull
0000ac60   __sys_memory
0000be40   __tmpnams
00009b60   __trunc
0000c228   __unlock
00007d00   __wrt_ok
00009c20   _abort
000002d8   _absolute
00007700   _atoi
0000c148   _b_ref
000098c0   _c_int00
00007e20   _close
00009200   _copy_in
000004d8   _correlation
00004bc0   _cos
0000c23c   _errno
00008dc0   _exit
00005d00   _fputc
00002d20   _fputs
00004180   _free
00006cc0   _fseek
0000c0f0   _i
00001254   _init_vecteur
00008660   _lseek
00007840   _ltoa
000012d8   _main
00006440   _malloc
00000220   _max
00009940   _memccpy
00006680   _memcpy
00007f40   _memset
00008f80   _modf
00000394   _norm
00008760   _printf
00005d00   _putc
00009560   _readmsg
00009c40   _remove
0000c0f8   _s_ref
000057a0   _setvbuf
00005200   _sin
00007980   _sqrt
0000c0a0   _t
00000a04   _test1
00000c74   _test2
00000f74   _test3
00009600   _unlink
00008860   _write
000096a0   _writemsg
ffffffff   binit
0000c5b0   cinit
00000220   end
00009c60   etext
ffffffff   pinit


GLOBAL SYMBOLS: SORTED BY Symbol Address 

address    name
--------   ----
00000001   __TI_args_main
00000220   $bss
00000220   .bss
00000220   .text
00000220   ___bss__
00000220   ___end__
00000220   ___text__
00000220   _max
00000220   end
000002d8   _absolute
00000394   _norm
000004d8   _correlation
00000a04   _test1
00000c74   _test2
00000f74   _test3
00001000   __STACK_SIZE
00001000   __SYSMEM_SIZE
00001254   _init_vecteur
000012d8   _main
000013a0   __divd
000027c0   __printfi
00002d20   _fputs
00003e00   __divull
00004180   _free
00004bc0   _cos
00005200   _sin
000057a0   _setvbuf
00005d00   _fputc
00005d00   _putc
00005fa0   __divul
00006440   _malloc
00006680   _memcpy
000068c0   _HOSTrename
00006cc0   _fseek
000071c0   _HOSTlseek
00007320   __closefile
00007480   _HOSTread
000075c0   __frcmpyd_div
00007700   _atoi
00007840   _ltoa
00007980   _sqrt
00007ac0   _HOSTopen
00007be0   _HOSTwrite
00007d00   __wrt_ok
00007e20   _close
00007f40   _memset
00008060   _HOSTclose
00008160   _HOSTunlink
00008260   __auto_init
00008460   __divli
00008660   _lseek
00008760   _printf
00008860   _write
00008960   __cleanup
00008a40   __doflush
00008ce0   __nround
00008dc0   _exit
00008f80   _modf
00009140   __c6xabi_divu
00009140   __divu
00009200   _copy_in
00009380   __fixdli
00009420   __mpyll
000094c0   __remli
00009560   _readmsg
00009600   _unlink
000096a0   _writemsg
00009718   C$$IO$$
00009740   ___TI_cpp_init
000097c0   __fltlid
00009840   __llshl
000098c0   _c_int00
00009940   _memccpy
000099c0   ___isinf
00009a20   __llshru
00009a80   __subcull
00009b20   __args_main
00009b60   __trunc
00009ba0   __negll
00009bc0   __nop
00009c20   C$$EXIT
00009c20   _abort
00009c40   _remove
00009c60   ___etext__
00009c60   __stack
00009c60   etext
0000ac60   __STACK_END
0000ac60   __sys_memory
0000bc60   __ftable
0000be40   __tmpnams
0000bf80   __ft_end
0000c0a0   _t
0000c0f0   _i
0000c0f8   _s_ref
0000c148   _b_ref
0000c218   __cleanup_ptr
0000c21c   __dtors_ptr
0000c220   ___TI_enable_exit_profile_output
0000c224   __lock
0000c228   __unlock
0000c23c   _errno
0000c248   __ctypes_
0000c5b0   ___cinit__
0000c5b0   cinit
0000c7a4   __CIOBUF_
ffffffff   ___TI_pprof_out_hndl
ffffffff   ___TI_prof_data_size
ffffffff   ___TI_prof_data_start
ffffffff   ___binit__
ffffffff   ___c_args__
ffffffff   ___pinit__
ffffffff   binit
ffffffff   pinit

[113 symbols]
