******************************************************************************
               TMS320C6x Linker PC v7.4.20                     
******************************************************************************
>> Linked Tue Apr 02 16:35:54 2019

OUTPUT FILE NAME:   <S5eAPP5_Problematique.out>
ENTRY POINT SYMBOL: "_c_int00"  address: 00023b80


MEMORY CONFIGURATION

         name            origin    length      used     unused   attr    fill
----------------------  --------  ---------  --------  --------  ----  --------
  IVECS                 00000000   00000220  00000200  00000020  RWIX
  IRAM                  00000220   0002fde0  0002483c  0000b5a4  RWIX
  SDRAM                 80000000   01000000  00000000  01000000  RWIX
  FLASH                 90000000   00020000  00000000  00020000  RWIX


SECTION ALLOCATION MAP

 output                                  attributes/
section   page    origin      length       input sections
--------  ----  ----------  ----------   ----------------
.vectors   0    00000000    00000200     
                  00000000    00000200     Vectors_intr.obj (.vectors)

.bss       0    00000220    00000000     UNINITIALIZED

.const     0    00000220    00000068     
                  00000220    00000040     dsk6713bsl.lib : dsk6713_aic23_opencodec.obj (.const)
                  00000260    00000020                    : dsk6713.obj (.const)
                  00000280    00000008     main_accordeur.obj (.const)

.far       0    00000400    00018b48     UNINITIALIZED
                  00000400    0000fe10     main_accordeur.obj (.far)
                  00010210    00008990     analyse_son.obj (.far)
                  00018ba0    00000120     rts6700.lib : pow.obj (.far)
                  00018cc0    000000f4     csl6713.lib : csl_irq.obj (.far)
                  00018db4    00000004     rts6700.lib : errno.obj (.far)
                  00018db8    00000060                 : atan.obj (.far)
                  00018e18    00000058     C6713Helper_UdeS.obj (.far)
                  00018e70    00000040     rts6700.lib : cos.obj (.far)
                  00018eb0    00000038     csl6713.lib : csl_mcbsp.obj (.far)
                  00018ee8    00000028     dsk6713bsl.lib : dsk6713_aic23_registers.obj (.far)
                  00018f10    00000020                    : dsk6713_aic23_setfreq.obj (.far)
                  00018f30    0000000c     rts6700.lib : exit.obj (.far)
                  00018f3c    00000008     dsk6713bsl.lib : dsk6713_aic23_opencodec.obj (.far)
                  00018f44    00000002                    : dsk6713.obj (.far)
                  00018f46    00000002                    : dsk6713_led.obj (.far)

.stack     0    00018f48    00008000     UNINITIALIZED
                  00018f48    00000008     rts6700.lib : boot.obj (.stack)
                  00018f50    00007ff8     --HOLE--

.text      0    00020f60    00002fc0     
                  00020f60    00000800     C6713Helper_UdeS.obj (.text)
                  00021760    000004e0     dsp67x.lib : DSPF_sp_cfftr2_dit.obj (.text)
                  00021c40    00000480     dsk6713bsl.lib : dsk6713.obj (.text)
                  000220c0    00000320                    : dsk6713_aic23_opencodec.obj (.text)
                  000223e0    00000260     dsp67x.lib : DSPF_sp_bitrev_cplx.obj (.text)
                  00022640    00000240     rts6700.lib : memcpy62.obj (.text:_memcpy)
                  00022880    000001c0     csl6713.lib : csl_irq.obj (.text:_IRQ_map)
                  00022a40    000001a0                 : csl_mcbsp.obj (.text:_MCBSP_reset)
                  00022be0    000001a0     dsk6713bsl.lib : dsk6713_led.obj (.text)
                  00022d80    000001a0     main_accordeur.obj (.text)
                  00022f20    00000180     main_accordeur.obj (.text:retain)
                  000230a0    00000160     dsk6713bsl.lib : dsk6713_aic23_registers.obj (.text)
                  00023200    00000100     csl6713.lib : csl_mcbsp.obj (.text:_MCBSP_open)
                  00023300    00000100                 : csl_mcbsp.obj (.text:_MCBSP_start)
                  00023400    00000100     rts6700.lib : autoinit.obj (.text:__auto_init)
                  00023500    000000e0     AutoCorr.obj (.text)
                  000235e0    000000e0     rts6700.lib : strasg.obj (.text:__strasg)
                  000236c0    000000e0                 : exit.obj (.text:_exit)
                  000237a0    000000c0                 : cpy_tbl.obj (.text:_copy_in)
                  00023860    000000c0     dsk6713bsl.lib : dsk6713_aic23_setfreq.obj (.text)
                  00023920    000000a0     csl6713.lib : csl_mcbsp.obj (.text:_MCBSP_close)
                  000239c0    000000a0                 : csl_mcbsp.obj (.text:_MCBSP_config)
                  00023a60    000000a0                 : csl_irq.obj (.text:_setMux)
                  00023b00    00000080     rts6700.lib : cpp_init.obj (.text:___TI_cpp_init)
                  00023b80    00000080                 : boot.obj (.text:_c_int00)
                  00023c00    00000080     dsk6713bsl.lib : dsk6713_aic23_closecodec.obj (.text)
                  00023c80    00000080                    : dsk6713_dip.obj (.text)
                  00023d00    00000040     csl6713.lib : csl_irq.obj (.text:_IRQ_enable)
                  00023d40    00000040                 : csl_irq.obj (.text:_IRQ_reset)
                  00023d80    00000040     rts6700.lib : args_main.obj (.text:__args_main)
                  00023dc0    00000020     Vectors_intr.obj (.text)
                  00023de0    00000020     csl6713.lib : csl_irq.obj (.text:_IRQ_globalDisable)
                  00023e00    00000020                 : csl_irq.obj (.text:_IRQ_globalEnable)
                  00023e20    00000020                 : csl_irq.obj (.text:_IRQ_nmiEnable)
                  00023e40    00000020                 : csl_mcbsp.obj (.text:_MCBSP_getXmtEventId)
                  00023e60    00000020                 : csl_mcbsp.obj (.text:_MCBSP_read)
                  00023e80    00000020                 : csl_mcbsp.obj (.text:_MCBSP_rrdy)
                  00023ea0    00000020                 : csl_mcbsp.obj (.text:_MCBSP_write)
                  00023ec0    00000020                 : csl_mcbsp.obj (.text:_MCBSP_xrdy)
                  00023ee0    00000020     rts6700.lib : exit.obj (.text:_abort)
                  00023f00    00000020     csl6713.lib : csl_irq.obj (.text)

.cinit     0    00023f20    00000ccc     
                  00023f20    00000808     analyse_son.obj (.cinit)
                  00024728    00000140     rts6700.lib : pow.obj (.cinit)
                  00024868    0000012c     csl6713.lib : csl_irq.obj (.cinit)
                  00024994    00000004     --HOLE-- [fill = 0]
                  00024998    00000070     rts6700.lib : atan.obj (.cinit)
                  00024a08    00000058     C6713Helper_UdeS.obj (.cinit)
                  00024a60    00000054     csl6713.lib : csl_mcbsp.obj (.cinit)
                  00024ab4    00000004     --HOLE-- [fill = 0]
                  00024ab8    0000004a     main_accordeur.obj (.cinit)
                  00024b02    00000006     --HOLE-- [fill = 0]
                  00024b08    00000048     rts6700.lib : cos.obj (.cinit)
                  00024b50    00000030     dsk6713bsl.lib : dsk6713_aic23_registers.obj (.cinit)
                  00024b80    0000002c     rts6700.lib : exit.obj (.cinit)
                  00024bac    00000004     --HOLE-- [fill = 0]
                  00024bb0    00000028     dsk6713bsl.lib : dsk6713_aic23_setfreq.obj (.cinit)
                  00024bd8    0000000c     rts6700.lib : errno.obj (.cinit)
                  00024be4    00000004     --HOLE-- [fill = 0]
                  00024be8    00000004     (.pad.cinit) [fill = 0]


GLOBAL SYMBOLS: SORTED ALPHABETICALLY BY Name 

address    name
--------   ----
00000220   $bss
00000220   .bss
00020f60   .text
00023ee0   C$$EXIT
00018e4c   _AIC23CfgData
0001020c   _AIC23_data
00018e20   _AIC_data
00023500   _AutoCorrelation
00020f94   _CODEC_start
00021078   _CODEC_stop
00023c00   _DSK6713_AIC23_closeCodec
00018f3c   _DSK6713_AIC23_codeccontrolhandle
00018f40   _DSK6713_AIC23_codecdatahandle
00023160   _DSK6713_AIC23_config
000220c0   _DSK6713_AIC23_openCodec
0002313c   _DSK6713_AIC23_rget
000230a0   _DSK6713_AIC23_rset
00023860   _DSK6713_AIC23_setFreq
00023c88   _DSK6713_DIP_get
00023c80   _DSK6713_DIP_init
00022be0   _DSK6713_LED_init
00022c08   _DSK6713_LED_off
00022c64   _DSK6713_LED_on
00022cc0   _DSK6713_LED_toggle
00022054   _DSK6713_getVersion
00021c8c   _DSK6713_init
00021fa8   _DSK6713_rget
00021fbc   _DSK6713_rset
00018f44   _DSK6713_version
00021fd0   _DSK6713_wait
00022028   _DSK6713_waitusec
000223e0   _DSPF_sp_bitrev_cplx
00021760   _DSPF_sp_cfftr2_dit
00023d00   _IRQ_enable
00023de0   _IRQ_globalDisable
00023e00   _IRQ_globalEnable
00022880   _IRQ_map
00023e20   _IRQ_nmiEnable
00023d40   _IRQ_reset
00023920   _MCBSP_close
000239c0   _MCBSP_config
00023e40   _MCBSP_getXmtEventId
00023200   _MCBSP_open
00023e60   _MCBSP_read
00022a40   _MCBSP_reset
00023e80   _MCBSP_rrdy
00023300   _MCBSP_start
00023ea0   _MCBSP_write
00023ec0   _MCBSP_xrdy
00000284   _PI
00018dac   __IRQ_dispatchTable
00018ce8   __IRQ_eventTable
00023f00   __IRQ_hookFetchPacket
00018d6c   __IRQ_intTable
00018ee0   __MCBSP_hDev0
00018ee4   __MCBSP_hDev1
00020f48   __STACK_END
00008000   __STACK_SIZE
00000001   __TI_args_main
00023b00   ___TI_cpp_init
00018f38   ___TI_enable_exit_profile_output
ffffffff   ___TI_pprof_out_hndl
ffffffff   ___TI_prof_data_size
ffffffff   ___TI_prof_data_start
ffffffff   ___binit__
00000220   ___bss__
ffffffff   ___c_args__
00023f20   ___cinit__
00000220   ___end__
00023f20   ___etext__
ffffffff   ___pinit__
00020f60   ___text__
00023d80   __args_main
00023400   __auto_init
00018f30   __cleanup_ptr
00018f34   __dtors_ptr
00018f48   __stack
000235e0   __strasg
00023ee0   _abort
00022e64   _attendre
00023b80   _c_int00
00022f20   _c_int11
00021610   _comm_intr
00020f60   _comm_poll
00018e24   _config
000237a0   _copy_in
0000fe04   _errAccordement
00018db4   _errno
000236c0   _exit
00000280   _fe
00018a10   _fen_hamming
00010a10   _fen_triang
00010204   _fs
00018e6c   _hAIC23_handle
00022ed0   _initAccordeur
00021480   _input_left_sample
00021548   _input_right_sample
0002137c   _input_sample
00010208   _inputsource
00022d80   _main
00022640   _memcpy
0000fe00   _noEchFilt
000211bc   _output_left_sample
0002129c   _output_right_sample
000210a8   _output_sample
00010200   _pTampon
00010000   _tampon
00000400   _tamponEchFilt
00000020   _vector1
00000140   _vector10
00000180   _vector12
000001a0   _vector13
000001c0   _vector14
000001e0   _vector15
00000040   _vector2
00000060   _vector3
00000080   _vector4
000000a0   _vector5
000000c0   _vector6
000000e0   _vector7
00000100   _vector8
00000120   _vector9
00000000   _vectors
00010210   _w
ffffffff   binit
00023f20   cinit
00000220   end
00023f20   etext
ffffffff   pinit


GLOBAL SYMBOLS: SORTED BY Symbol Address 

address    name
--------   ----
00000000   _vectors
00000001   __TI_args_main
00000020   _vector1
00000040   _vector2
00000060   _vector3
00000080   _vector4
000000a0   _vector5
000000c0   _vector6
000000e0   _vector7
00000100   _vector8
00000120   _vector9
00000140   _vector10
00000180   _vector12
000001a0   _vector13
000001c0   _vector14
000001e0   _vector15
00000220   $bss
00000220   .bss
00000220   ___bss__
00000220   ___end__
00000220   end
00000280   _fe
00000284   _PI
00000400   _tamponEchFilt
00008000   __STACK_SIZE
0000fe00   _noEchFilt
0000fe04   _errAccordement
00010000   _tampon
00010200   _pTampon
00010204   _fs
00010208   _inputsource
0001020c   _AIC23_data
00010210   _w
00010a10   _fen_triang
00018a10   _fen_hamming
00018ce8   __IRQ_eventTable
00018d6c   __IRQ_intTable
00018dac   __IRQ_dispatchTable
00018db4   _errno
00018e20   _AIC_data
00018e24   _config
00018e4c   _AIC23CfgData
00018e6c   _hAIC23_handle
00018ee0   __MCBSP_hDev0
00018ee4   __MCBSP_hDev1
00018f30   __cleanup_ptr
00018f34   __dtors_ptr
00018f38   ___TI_enable_exit_profile_output
00018f3c   _DSK6713_AIC23_codeccontrolhandle
00018f40   _DSK6713_AIC23_codecdatahandle
00018f44   _DSK6713_version
00018f48   __stack
00020f48   __STACK_END
00020f60   .text
00020f60   ___text__
00020f60   _comm_poll
00020f94   _CODEC_start
00021078   _CODEC_stop
000210a8   _output_sample
000211bc   _output_left_sample
0002129c   _output_right_sample
0002137c   _input_sample
00021480   _input_left_sample
00021548   _input_right_sample
00021610   _comm_intr
00021760   _DSPF_sp_cfftr2_dit
00021c8c   _DSK6713_init
00021fa8   _DSK6713_rget
00021fbc   _DSK6713_rset
00021fd0   _DSK6713_wait
00022028   _DSK6713_waitusec
00022054   _DSK6713_getVersion
000220c0   _DSK6713_AIC23_openCodec
000223e0   _DSPF_sp_bitrev_cplx
00022640   _memcpy
00022880   _IRQ_map
00022a40   _MCBSP_reset
00022be0   _DSK6713_LED_init
00022c08   _DSK6713_LED_off
00022c64   _DSK6713_LED_on
00022cc0   _DSK6713_LED_toggle
00022d80   _main
00022e64   _attendre
00022ed0   _initAccordeur
00022f20   _c_int11
000230a0   _DSK6713_AIC23_rset
0002313c   _DSK6713_AIC23_rget
00023160   _DSK6713_AIC23_config
00023200   _MCBSP_open
00023300   _MCBSP_start
00023400   __auto_init
00023500   _AutoCorrelation
000235e0   __strasg
000236c0   _exit
000237a0   _copy_in
00023860   _DSK6713_AIC23_setFreq
00023920   _MCBSP_close
000239c0   _MCBSP_config
00023b00   ___TI_cpp_init
00023b80   _c_int00
00023c00   _DSK6713_AIC23_closeCodec
00023c80   _DSK6713_DIP_init
00023c88   _DSK6713_DIP_get
00023d00   _IRQ_enable
00023d40   _IRQ_reset
00023d80   __args_main
00023de0   _IRQ_globalDisable
00023e00   _IRQ_globalEnable
00023e20   _IRQ_nmiEnable
00023e40   _MCBSP_getXmtEventId
00023e60   _MCBSP_read
00023e80   _MCBSP_rrdy
00023ea0   _MCBSP_write
00023ec0   _MCBSP_xrdy
00023ee0   C$$EXIT
00023ee0   _abort
00023f00   __IRQ_hookFetchPacket
00023f20   ___cinit__
00023f20   ___etext__
00023f20   cinit
00023f20   etext
ffffffff   ___TI_pprof_out_hndl
ffffffff   ___TI_prof_data_size
ffffffff   ___TI_prof_data_start
ffffffff   ___binit__
ffffffff   ___c_args__
ffffffff   ___pinit__
ffffffff   binit
ffffffff   pinit

[129 symbols]
