Microchip MPLAB XC8 Compiler V2.00 ()

Linker command line:

-W-3 --edf=C:\Program Files (x86)\Microchip\xc8\v2.00\pic\dat\en_msgs.txt \
  -cs -h+dist/default/debug\PIC18F67J94.X.debug.sym \
  --cmf=dist/default/debug\PIC18F67J94.X.debug.cmf -z -Q18F67J94 \
  -oC:\Users\laure\AppData\Local\Temp\scbk.2 --defsym=__MPLAB_BUILD=1 \
  -Mdist/default/debug/PIC18F67J94.X.debug.map -E1 -ver=XC8 --acfsm=1493 \
  -ASTACK=088h-0df9h -pstack=STACK -ACODE=00h-01FFEFh -ACONST=00h-01FFEFh \
  -ASMALLCONST=0E00h-0EFFhx497,01FF00h-01FFEFh \
  -AMEDIUMCONST=0E00h-0FFFFh,010E00h-01FFEFh -ACOMRAM=01h-05Fh \
  -AABS1=00h-0DF9h -ABIGRAM=01h-0DF9h \
  -ARAM=060h-0FFh,0100h-01FFhx12,0D00h-0DF9h -ABANK0=060h-0FFh \
  -ABANK1=0100h-01FFh -ABANK2=0200h-02FFh -ABANK3=0300h-03FFh \
  -ABANK4=0400h-04FFh -ABANK5=0500h-05FFh -ABANK6=0600h-06FFh \
  -ABANK7=0700h-07FFh -ABANK8=0800h-08FFh -ABANK9=0900h-09FFh \
  -ABANK10=0A00h-0AFFh -ABANK11=0B00h-0BFFh -ABANK12=0C00h-0CFFh \
  -ABANK13=0D00h-0DF9h \
  -ASFR=0DFAh-0DFFh,0E00h-0EFFh,0F00h-0F5Fh,0F60h-0FFFh \
  -preset_vec=00h,intcode,intcodelo,powerup,init -pramtop=0E00h \
  -psmallconst=SMALLCONST -pmediumconst=MEDIUMCONST -pconst=CONST \
  -AFARRAM=00h-00h -ACONFIG=01FFF0h-01FFFFh -pconfig=CONFIG \
  -pjflash_buffer=01FBF8h \
  -prdata=COMRAM,nvrram=COMRAM,nvbit=COMRAM,rbss=COMRAM,rbit=COMRAM \
  -pfarbss=FARRAM,fardata=FARRAM,nvFARRAM=FARRAM \
  -pintsave_regs=BIGRAM,bigbss=BIGRAM,bigdata=BIGRAM -pbss=RAM \
  -pidata=CODE,irdata=CODE,ibigdata=CODE,ifardata=CODE -prparam=COMRAM \
  C:\Users\laure\AppData\Local\Temp\scbk.o \
  dist/default/debug\PIC18F67J94.X.debug.o 

Object code version is 3.11

Machine type is 18F67J94

Call graph: (short form)




                Name                               Link     Load   Length Selector   Space Scale
C:\Users\laure\AppData\Local\Temp\scbk.o
                init                                  0        0        4        0       0
                config                            1FFF0    1FFF0       10    1FFF0       0
dist/default/debug\PIC18F67J94.X.debug.o
                smallconst                          E00      E00       4E      700       0
                text24                             270E     270E        E      727       0
                text23                             2176     2176       EC      727       0
                text22                             2262     2262       D8      727       0
                text21                             1772     1772      420      727       0
                text20                             1304     1304      46E      727       0
                text19                             2024     2024      152      727       0
                text18                             1E48     1E48      1DC      727       0
                text17                             26A8     26A8       1E      727       0
                text16                             268A     268A       1E      727       0
                text15                             260C     260C       34      727       0
                text14                             24FA     24FA       56      727       0
                text13                             2436     2436       6E      727       0
                text12                             2550     2550       42      727       0
                text11                             233A     233A       8A      727       0
                text10                             1B92     1B92      2B6      727       0
                text9                              266C     266C       1E      727       0
                text8                              26E2     26E2       10      727       0
                text7                              2700     2700        E      727       0
                text6                              24A4     24A4       56      727       0
                text5                              2592     2592       40      727       0
                text4                              2640     2640       2C      727       0
                text3                              26C6     26C6       1C      727       0
                text2                              26F2     26F2        E      727       0
                text1                               E4E      E4E      4B6      727       0
                text0                              23C4     23C4       72      727       0
                cstackCOMRAM                          1        1       50        1       1
                bssBANK0                             60       60       28       60       1
                dataCOMRAM                           5C       5C        2        1       1
                bssCOMRAM                            51       51        B        1       1
                cinit                              25D2     25D2       3A      727       0
                idataCOMRAM                        271C     271C        2      727       0

TOTAL           Name                               Link     Load   Length     Space
        CLASS   STACK          

        CLASS   CODE           
                init                                  0        0        4         0
                text24                             270E     270E        E         0
                text23                             2176     2176       EC         0
                text22                             2262     2262       D8         0
                text21                             1772     1772      420         0
                text20                             1304     1304      46E         0
                text19                             2024     2024      152         0
                text18                             1E48     1E48      1DC         0
                text17                             26A8     26A8       1E         0
                text16                             268A     268A       1E         0
                text15                             260C     260C       34         0
                text14                             24FA     24FA       56         0
                text13                             2436     2436       6E         0
                text12                             2550     2550       42         0
                text11                             233A     233A       8A         0
                text10                             1B92     1B92      2B6         0
                text9                              266C     266C       1E         0
                text8                              26E2     26E2       10         0
                text7                              2700     2700        E         0
                text6                              24A4     24A4       56         0
                text5                              2592     2592       40         0
                text4                              2640     2640       2C         0
                text3                              26C6     26C6       1C         0
                text2                              26F2     26F2        E         0
                text1                               E4E      E4E      4B6         0
                text0                              23C4     23C4       72         0
                cinit                              25D2     25D2       3A         0
                idataCOMRAM                        271C     271C        2         0

        CLASS   CONST          

        CLASS   SMALLCONST     
                smallconst                          E00      E00       4E         0

        CLASS   MEDIUMCONST    

        CLASS   COMRAM         
                cstackCOMRAM                          1        1       50         1
                dataCOMRAM                           5C       5C        2         1
                bssCOMRAM                            51       51        B         1

        CLASS   ABS1           

        CLASS   BIGRAM         

        CLASS   RAM            

        CLASS   BANK0          
                bssBANK0                             60       60       28         1

        CLASS   BANK1          

        CLASS   BANK2          

        CLASS   BANK3          

        CLASS   BANK4          

        CLASS   BANK5          

        CLASS   BANK6          

        CLASS   BANK7          

        CLASS   BANK8          

        CLASS   BANK9          

        CLASS   BANK10         

        CLASS   BANK11         

        CLASS   BANK12         

        CLASS   BANK13         

        CLASS   SFR            

        CLASS   FARRAM         

        CLASS   CONFIG         
                config                            1FFF0    1FFF0       10         0

        CLASS   IDLOC          



SEGMENTS        Name                           Load    Length   Top    Selector   Space  Class

                reset_vec                      000000  000004  000004         0       0  CODE    
                cstackCOMRAM                   000001  00005D  00005E         1       1  COMRAM  
                bssBANK0                       000060  000028  000088        60       1  BANK0   
                smallconst                     000E00  00004E  000E4E       700       0  SMALLCON
                text1                          000E4E  0018D0  00271E       727       0  CODE    
                config                         01FFF0  000010  020000     1FFF0       0  CONFIG  


UNUSED ADDRESS RANGES

        Name                Unused          Largest block    Delta
        BANK0            00088-000FF              78
        BANK1            00100-001FF             100
        BANK10           00A00-00AFF             100
        BANK11           00B00-00BFF             100
        BANK12           00C00-00CFF             100
        BANK13           00D00-00DF9              FA
        BANK2            00200-002FF             100
        BANK3            00300-003FF             100
        BANK4            00400-004FF             100
        BANK5            00500-005FF             100
        BANK6            00600-006FF             100
        BANK7            00700-007FF             100
        BANK8            00800-008FF             100
        BANK9            00900-009FF             100
        BIGRAM           0005E-0005F               2
                         00088-00DF9             D72
        CODE             00004-00DFF             DFC
                         0271E-1FFEF           1D8D2
        COMRAM           0005E-0005F               2
        CONST            00004-00DFF             DFC
                         0271E-1FFEF           1D8D2
        MEDIUMCONST      0271E-0FFFF            D8E2
                         10E00-1FFEF            F1F0
        RAM              00088-00DF9             100
        SFR              00DFA-00FFF             100
        SMALLCONST       0271E-1FFEF             100
        STACK            00088-00DF9             D72

                                  Symbol Table

?___awdiv                     cstackCOMRAM  00001
?___awmod                     cstackCOMRAM  00001
?___fldiv                     cstackCOMRAM  00028
?___flmul                     cstackCOMRAM  0000F
?___fltol                     cstackCOMRAM  00041
?___xxtofl                    cstackCOMRAM  00001
_Distance                     bssCOMRAM     00051
_Distance_mm_int              bssCOMRAM     00059
_INTCON2bits                  (abs)         00FF1
_LATDbits                     (abs)         00F8C
_LATEbits                     (abs)         00F8D
_OSCCON                       (abs)         00FD3
_PORTBbits                    (abs)         00F81
_PORTDbits                    (abs)         00F83
_PORTEbits                    (abs)         00F84
_RPINR12_13                   (abs)         00E30
_RPOR22_23                    (abs)         00E1D
_RPOR24_25                    (abs)         00E1E
_SSP2BUF                      (abs)         00F03
_SSP2CON1                     (abs)         00F19
_SSP2CON3                     (abs)         00F39
_SSP2STAT                     (abs)         00F1A
_SSP2STATbits                 (abs)         00F1A
_T1CKPS0                      (abs)         07E6C
_T1CKPS1                      (abs)         07E6D
_T1CONbits                    (abs)         00FCD
_TMR1                         (abs)         00FCE
_TMR1H                        (abs)         00FCF
_TMR1L                        (abs)         00FCE
_TRISBbits                    (abs)         00F93
_TRISCbits                    (abs)         00F94
_TRISDbits                    (abs)         00F95
_TRISE                        (abs)         00F96
_Time                         bssCOMRAM     00057
_Total_distance               bssBANK0      00060
_Trigger_Pulse_10us           text24        0270E
_WPUBbits                     (abs)         00F62
__CFG_BORV$                   (abs)         00003
__CFG_FOSC$FRC                (abs)         00000
__CFG_IESO$OFF                (abs)         00000
__CFG_PLLDIV$                 (abs)         00000
__CFG_STVREN$ON               (abs)         00000
__CFG_WDTPS$32768             (abs)         00000
__CFG_XINST$OFF               (abs)         00000
__HRAM                        (abs)         00000
__Habs1                       abs1          00000
__Hbank0                      bank0         00000
__Hbank1                      bank1         00000
__Hbank10                     bank10        00000
__Hbank11                     bank11        00000
__Hbank12                     bank12        00000
__Hbank13                     bank13        00000
__Hbank2                      bank2         00000
__Hbank3                      bank3         00000
__Hbank4                      bank4         00000
__Hbank5                      bank5         00000
__Hbank6                      bank6         00000
__Hbank7                      bank7         00000
__Hbank8                      bank8         00000
__Hbank9                      bank9         00000
__Hbigbss                     bigbss        00000
__Hbigdata                    bigdata       00000
__Hbigram                     bigram        00000
__Hbss                        bss           00000
__HbssBANK0                   bssBANK0      00000
__HbssCOMRAM                  bssCOMRAM     00000
__Hcinit                      cinit         00000
__Hclrtext                    clrtext       00000
__Hcomram                     comram        00000
__Hconfig                     config        20000
__Hconst                      const         00000
__HcstackCOMRAM               cstackCOMRAM  00000
__Hdata                       data          00000
__HdataCOMRAM                 dataCOMRAM    00000
__Hfarbss                     farbss        00000
__Hfardata                    fardata       00000
__Hibigdata                   ibigdata      00000
__Hidata                      idata         00000
__HidataCOMRAM                idataCOMRAM   00000
__Hidloc                      idloc         00000
__Hifardata                   ifardata      00000
__Hinit                       init          00004
__Hintcode                    intcode       00000
__Hintcode_body               intcode_body  00000
__Hintcodelo                  intcodelo     00000
__Hintentry                   intentry      00000
__Hintret                     intret        00000
__Hintsave_regs               intsave_regs  00000
__Hirdata                     irdata        00000
__Hjflash_buffer              jflash_buffer 1FBF8
__Hmediumconst                mediumconst   00000
__HnvFARRAM                   nvFARRAM      00000
__Hnvbit                      nvbit         00000
__Hnvrram                     nvrram        00000
__Hparam                      rparam        00000
__Hpowerup                    powerup       00000
__Hram                        ram           00000
__Hramtop                     ramtop        00E00
__Hrbit                       rbit          00000
__Hrbss                       rbss          00000
__Hrdata                      rdata         00000
__Hreset_vec                  reset_vec     00000
__Hrparam                     rparam        00000
__Hsfr                        sfr           00000
__Hsmallconst                 smallconst    00E4E
__Hspace_0                    (abs)         20000
__Hspace_1                    (abs)         00088
__Hspace_2                    (abs)         00000
__Hstack                      stack         00000
__Hstruct                     struct        00000
__Htemp                       temp          00000
__Htext                       text          00000
__Htext0                      text0         00000
__Htext1                      text1         00000
__Htext10                     text10        00000
__Htext11                     text11        00000
__Htext12                     text12        00000
__Htext13                     text13        00000
__Htext14                     text14        00000
__Htext15                     text15        00000
__Htext16                     text16        00000
__Htext17                     text17        00000
__Htext18                     text18        00000
__Htext19                     text19        00000
__Htext2                      text2         00000
__Htext20                     text20        00000
__Htext21                     text21        00000
__Htext22                     text22        00000
__Htext23                     text23        00000
__Htext24                     text24        00000
__Htext3                      text3         00000
__Htext4                      text4         00000
__Htext5                      text5         00000
__Htext6                      text6         00000
__Htext7                      text7         00000
__Htext8                      text8         00000
__Htext9                      text9         00000
__LRAM                        (abs)         00001
__Labs1                       abs1          00000
__Lbank0                      bank0         00000
__Lbank1                      bank1         00000
__Lbank10                     bank10        00000
__Lbank11                     bank11        00000
__Lbank12                     bank12        00000
__Lbank13                     bank13        00000
__Lbank2                      bank2         00000
__Lbank3                      bank3         00000
__Lbank4                      bank4         00000
__Lbank5                      bank5         00000
__Lbank6                      bank6         00000
__Lbank7                      bank7         00000
__Lbank8                      bank8         00000
__Lbank9                      bank9         00000
__Lbigbss                     bigbss        00000
__Lbigdata                    bigdata       00000
__Lbigram                     bigram        00000
__Lbss                        bss           00000
__LbssBANK0                   bssBANK0      00000
__LbssCOMRAM                  bssCOMRAM     00000
__Lcinit                      cinit         00000
__Lclrtext                    clrtext       00000
__Lcomram                     comram        00000
__Lconfig                     config        1FFF0
__Lconst                      const         00000
__LcstackCOMRAM               cstackCOMRAM  00000
__Ldata                       data          00000
__LdataCOMRAM                 dataCOMRAM    00000
__Lfarbss                     farbss        00000
__Lfardata                    fardata       00000
__Libigdata                   ibigdata      00000
__Lidata                      idata         00000
__LidataCOMRAM                idataCOMRAM   00000
__Lidloc                      idloc         00000
__Lifardata                   ifardata      00000
__Linit                       init          00000
__Lintcode                    intcode       00000
__Lintcode_body               intcode_body  00000
__Lintcodelo                  intcodelo     00000
__Lintentry                   intentry      00000
__Lintret                     intret        00000
__Lintsave_regs               intsave_regs  00000
__Lirdata                     irdata        00000
__Ljflash_buffer              jflash_buffer 1FBF8
__Lmediumconst                mediumconst   00000
__LnvFARRAM                   nvFARRAM      00000
__Lnvbit                      nvbit         00000
__Lnvrram                     nvrram        00000
__Lparam                      rparam        00000
__Lpowerup                    powerup       00000
__Lram                        ram           00000
__Lramtop                     ramtop        00E00
__Lrbit                       rbit          00000
__Lrbss                       rbss          00000
__Lrdata                      rdata         00000
__Lreset_vec                  reset_vec     00000
__Lrparam                     rparam        00000
__Lsfr                        sfr           00000
__Lsmallconst                 smallconst    00E00
__Lspace_0                    (abs)         00000
__Lspace_1                    (abs)         00000
__Lspace_2                    (abs)         00000
__Lstack                      stack         00000
__Lstruct                     struct        00000
__Ltemp                       temp          00000
__Ltext                       text          00000
__Ltext0                      text0         00000
__Ltext1                      text1         00000
__Ltext10                     text10        00000
__Ltext11                     text11        00000
__Ltext12                     text12        00000
__Ltext13                     text13        00000
__Ltext14                     text14        00000
__Ltext15                     text15        00000
__Ltext16                     text16        00000
__Ltext17                     text17        00000
__Ltext18                     text18        00000
__Ltext19                     text19        00000
__Ltext2                      text2         00000
__Ltext20                     text20        00000
__Ltext21                     text21        00000
__Ltext22                     text22        00000
__Ltext23                     text23        00000
__Ltext24                     text24        00000
__Ltext3                      text3         00000
__Ltext4                      text4         00000
__Ltext5                      text5         00000
__Ltext6                      text6         00000
__Ltext7                      text7         00000
__Ltext8                      text8         00000
__Ltext9                      text9         00000
__S0                          (abs)         20000
__S1                          (abs)         00088
__S2                          (abs)         00000
___awdiv                      text23        02176
___awdiv@counter              cstackCOMRAM  00005
___awdiv@dividend             cstackCOMRAM  00001
___awdiv@divisor              cstackCOMRAM  00003
___awdiv@quotient             cstackCOMRAM  00007
___awdiv@sign                 cstackCOMRAM  00006
___awmod                      text22        02262
___awmod@counter              cstackCOMRAM  00005
___awmod@dividend             cstackCOMRAM  00001
___awmod@divisor              cstackCOMRAM  00003
___awmod@sign                 cstackCOMRAM  00006
___fldiv                      text21        01772
___fldiv@a                    cstackCOMRAM  0002C
___fldiv@aexp                 cstackCOMRAM  00040
___fldiv@b                    cstackCOMRAM  00028
___fldiv@bexp                 cstackCOMRAM  0003F
___fldiv@grs                  cstackCOMRAM  0003B
___fldiv@new_exp              cstackCOMRAM  00039
___fldiv@rem                  cstackCOMRAM  00034
___fldiv@sign                 cstackCOMRAM  00038
___flmul                      text20        01304
___flmul@a                    cstackCOMRAM  00013
___flmul@aexp                 cstackCOMRAM  00020
___flmul@b                    cstackCOMRAM  0000F
___flmul@bexp                 cstackCOMRAM  00021
___flmul@grs                  cstackCOMRAM  0001C
___flmul@prod                 cstackCOMRAM  00022
___flmul@sign                 cstackCOMRAM  0001B
___flmul@temp                 cstackCOMRAM  00026
___fltol                      text19        02024
___fltol@exp1                 cstackCOMRAM  0004A
___fltol@f1                   cstackCOMRAM  00041
___fltol@sign1                cstackCOMRAM  00049
___inthi_sp                   stack         00000
___intlo_sp                   stack         00000
___param_bank                 (abs)         00000
___rparam_used                (abs)         00001
___sp                         stack         00000
___xxtofl                     text18        01E48
___xxtofl@arg                 cstackCOMRAM  0000B
___xxtofl@exp                 cstackCOMRAM  0000A
___xxtofl@sign                cstackCOMRAM  00009
___xxtofl@val                 cstackCOMRAM  00001
__accesstop                   (abs)         00060
__activetblptr                (abs)         00002
__end_of_Trigger_Pulse_10us   text24        0271C
__end_of___awdiv              text23        02262
__end_of___awmod              text22        0233A
__end_of___fldiv              text21        01B92
__end_of___flmul              text20        01772
__end_of___fltol              text19        02176
__end_of___xxtofl             text18        02024
__end_of__initialization      cinit         02602
__end_of_calc_distance_mm     text10        01E48
__end_of_clearDisplay         text15        02640
__end_of_displayCtrl          text6         024FA
__end_of_fliplr               text14        02550
__end_of_init_all             text2         02700
__end_of_init_dist_sensor     text8         026F2
__end_of_init_num_pad         text7         0270E
__end_of_init_timer_1         text9         0268A
__end_of_initialisation_LCD   text3         026E2
__end_of_initialisation_PORT  text5         025D2
__end_of_initialisation_SPI   text4         0266C
__end_of_main                 text0         02436
__end_of_moveCursor           text13        024A4
__end_of_putStringLCD         text11        023C4
__end_of_putchLCD             text12        02592
__end_of_readBusyFlag         text16        026A8
__end_of_read_pad             text1         01304
__end_of_spi_Send_Read        text17        026C6
__end_of_str                  smallconst    00E12
__end_of_total_dist           smallconst    00E1C
__end_ofcalc_distance_mm@OoR  smallconst    00E28
__end_ofcalc_distance_mm@cm   smallconst    00E36
__end_ofcalc_distance_mm@dist smallconst    00E33
__initialization              cinit         025D2
__mediumconst                 mediumconst   00000
__pbssBANK0                   bssBANK0      00060
__pbssCOMRAM                  bssCOMRAM     00051
__pcinit                      cinit         025D2
__pcstackCOMRAM               cstackCOMRAM  00001
__pdataCOMRAM                 dataCOMRAM    0005C
__pidataCOMRAM                idataCOMRAM   0271C
__psmallconst                 smallconst    00E00
__ptext0                      text0         023C4
__ptext1                      text1         00E4E
__ptext10                     text10        01B92
__ptext11                     text11        0233A
__ptext12                     text12        02550
__ptext13                     text13        02436
__ptext14                     text14        024FA
__ptext15                     text15        0260C
__ptext16                     text16        0268A
__ptext17                     text17        026A8
__ptext18                     text18        01E48
__ptext19                     text19        02024
__ptext2                      text2         026F2
__ptext20                     text20        01304
__ptext21                     text21        01772
__ptext22                     text22        02262
__ptext23                     text23        02176
__ptext24                     text24        0270E
__ptext3                      text3         026C6
__ptext4                      text4         02640
__ptext5                      text5         02592
__ptext6                      text6         024A4
__ptext7                      text7         02700
__ptext8                      text8         026E2
__ptext9                      text9         0266C
__ramtop                      ramtop        00E00
__size_of_Trigger_Pulse_10us  (abs)         00000
__size_of___awdiv             (abs)         00000
__size_of___awmod             (abs)         00000
__size_of___fldiv             (abs)         00000
__size_of___flmul             (abs)         00000
__size_of___fltol             (abs)         00000
__size_of___xxtofl            (abs)         00000
__size_of_calc_distance_mm    (abs)         00000
__size_of_clearDisplay        (abs)         00000
__size_of_displayCtrl         (abs)         00000
__size_of_fliplr              (abs)         00000
__size_of_init_all            (abs)         00000
__size_of_init_dist_sensor    (abs)         00000
__size_of_init_num_pad        (abs)         00000
__size_of_init_timer_1        (abs)         00000
__size_of_initialisation_LCD  (abs)         00000
__size_of_initialisation_PORT (abs)         00000
__size_of_initialisation_SPI  (abs)         00000
__size_of_main                (abs)         00000
__size_of_moveCursor          (abs)         00000
__size_of_putStringLCD        (abs)         00000
__size_of_putchLCD            (abs)         00000
__size_of_readBusyFlag        (abs)         00000
__size_of_read_pad            (abs)         00000
__size_of_spi_Send_Read       (abs)         00000
__smallconst                  smallconst    00E00
_calc_distance_mm             text10        01B92
_clearDisplay                 text15        0260C
_displayCtrl                  text6         024A4
_fliplr                       text14        024FA
_i                            bssCOMRAM     00055
_init_all                     text2         026F2
_init_dist_sensor             text8         026E2
_init_num_pad                 text7         02700
_init_timer_1                 text9         0266C
_initialisation_LCD           text3         026C6
_initialisation_PORT          text5         02592
_initialisation_SPI           text4         02640
_main                         text0         023C4
_moveCursor                   text13        02436
_number                       dataCOMRAM    0005C
_pressed_pad                  bssCOMRAM     0005B
_putStringLCD                 text11        0233A
_putchLCD                     text12        02550
_readBusyFlag                 text16        0268A
_read_pad                     text1         00E4E
_spi_Send_Read                text17        026A8
_str                          smallconst    00E01
_total_dist                   smallconst    00E12
calc_distance_mm@OoR          smallconst    00E1C
calc_distance_mm@a            cstackCOMRAM  0004F
calc_distance_mm@cm           smallconst    00E33
calc_distance_mm@dist         smallconst    00E28
displayCtrl@BCD               cstackCOMRAM  00006
displayCtrl@blink             cstackCOMRAM  00004
displayCtrl@cursor            cstackCOMRAM  00003
displayCtrl@display           cstackCOMRAM  00005
end_of_initialization         cinit         02602
fliplr@input                  cstackCOMRAM  00003
intlevel0                     text          00000
intlevel1                     text          00000
intlevel2                     text          00000
intlevel3                     text          00000
moveCursor@address            cstackCOMRAM  00008
moveCursor@col                cstackCOMRAM  00006
moveCursor@row                cstackCOMRAM  00004
putStringLCD@i                cstackCOMRAM  00009
putStringLCD@input            cstackCOMRAM  00005
putchLCD@input                cstackCOMRAM  00004
readBusyFlag@retValue         cstackCOMRAM  00002
read_pad@num_pad_val          cstackCOMRAM  00005
read_pad@pressed              cstackCOMRAM  00003
spi_Send_Read@byte            cstackCOMRAM  00001
stackhi                       (abs)         00DF9
stacklo                       (abs)         00088
start                         init          00000
start_initialization          cinit         025D2


FUNCTION INFORMATION:

 *************** function _main *****************
 Defined at:
		line 31 in file "main.c"
 Parameters:    Size  Location     Type
		None
 Auto vars:     Size  Location     Type
		None
 Return value:  Size  Location     Type
                  1    wreg      void 
 Registers used:
		wreg, fsr0l, fsr0h, status,2, status,0, tblptrl, tblptrh, tblptru, prodl, prodh, cstack
 Tracked objects:
		On entry : 
		On exit  : 
		Unchanged: 
 Data sizes:     COMRAM   BANK0   BANK1   BANK2   BANK3   BANK4   BANK5   BANK6   BANK7   BANK8   BANK9  BANK10  BANK11  BANK12  BANK13
      Params:         0       0       0       0       0       0       0       0       0       0       0       0       0       0       0
      Locals:         0       0       0       0       0       0       0       0       0       0       0       0       0       0       0
      Temps:          0       0       0       0       0       0       0       0       0       0       0       0       0       0       0
      Totals:         0       0       0       0       0       0       0       0       0       0       0       0       0       0       0
Total ram usage:        0 bytes
 Hardware stack levels required when called:    5
 This function calls:
		_calc_distance_mm
		_clearDisplay
		_init_all
		_putchLCD
		_read_pad
 This function is called by:
		Startup code after reset
 This function uses a non-reentrant model


 *************** function _read_pad *****************
 Defined at:
		line 20 in file "num_pad.c"
 Parameters:    Size  Location     Type
		None
 Auto vars:     Size  Location     Type
  pressed         2    2[COMRAM] int 
  num_pad_val     1    4[COMRAM] unsigned char 
 Return value:  Size  Location     Type
                  1    wreg      unsigned char 
 Registers used:
		wreg, status,2, status,0
 Tracked objects:
		On entry : 
		On exit  : 
		Unchanged: 
 Data sizes:     COMRAM   BANK0   BANK1   BANK2   BANK3   BANK4   BANK5   BANK6   BANK7   BANK8   BANK9  BANK10  BANK11  BANK12  BANK13
      Params:         0       0       0       0       0       0       0       0       0       0       0       0       0       0       0
      Locals:         3       0       0       0       0       0       0       0       0       0       0       0       0       0       0
      Temps:          2       0       0       0       0       0       0       0       0       0       0       0       0       0       0
      Totals:         5       0       0       0       0       0       0       0       0       0       0       0       0       0       0
Total ram usage:        5 bytes
 Hardware stack levels used:    1
 This function calls:
		Nothing
 This function is called by:
		_main
 This function uses a non-reentrant model


 *************** function _init_all *****************
 Defined at:
		line 72 in file "main.c"
 Parameters:    Size  Location     Type
		None
 Auto vars:     Size  Location     Type
		None
 Return value:  Size  Location     Type
                  1    wreg      void 
 Registers used:
		wreg, status,2, status,0, cstack
 Tracked objects:
		On entry : 
		On exit  : 
		Unchanged: 
 Data sizes:     COMRAM   BANK0   BANK1   BANK2   BANK3   BANK4   BANK5   BANK6   BANK7   BANK8   BANK9  BANK10  BANK11  BANK12  BANK13
      Params:         0       0       0       0       0       0       0       0       0       0       0       0       0       0       0
      Locals:         0       0       0       0       0       0       0       0       0       0       0       0       0       0       0
      Temps:          0       0       0       0       0       0       0       0       0       0       0       0       0       0       0
      Totals:         0       0       0       0       0       0       0       0       0       0       0       0       0       0       0
Total ram usage:        0 bytes
 Hardware stack levels used:    1
 Hardware stack levels required when called:    4
 This function calls:
		_init_dist_sensor
		_init_num_pad
		_initialisation_LCD
 This function is called by:
		_main
 This function uses a non-reentrant model


 *************** function _initialisation_LCD *****************
 Defined at:
		line 149 in file "LCD_SPI.c"
 Parameters:    Size  Location     Type
		None
 Auto vars:     Size  Location     Type
		None
 Return value:  Size  Location     Type
                  1    wreg      void 
 Registers used:
		wreg, status,2, status,0, cstack
 Tracked objects:
		On entry : 
		On exit  : 
		Unchanged: 
 Data sizes:     COMRAM   BANK0   BANK1   BANK2   BANK3   BANK4   BANK5   BANK6   BANK7   BANK8   BANK9  BANK10  BANK11  BANK12  BANK13
      Params:         0       0       0       0       0       0       0       0       0       0       0       0       0       0       0
      Locals:         0       0       0       0       0       0       0       0       0       0       0       0       0       0       0
      Temps:          0       0       0       0       0       0       0       0       0       0       0       0       0       0       0
      Totals:         0       0       0       0       0       0       0       0       0       0       0       0       0       0       0
Total ram usage:        0 bytes
 Hardware stack levels used:    1
 Hardware stack levels required when called:    3
 This function calls:
		_clearDisplay
		_displayCtrl
		_initialisation_PORT
		_initialisation_SPI
 This function is called by:
		_init_all
 This function uses a non-reentrant model


 *************** function _initialisation_SPI *****************
 Defined at:
		line 112 in file "LCD_SPI.c"
 Parameters:    Size  Location     Type
		None
 Auto vars:     Size  Location     Type
		None
 Return value:  Size  Location     Type
                  1    wreg      void 
 Registers used:
		wreg, status,2, status,0
 Tracked objects:
		On entry : 
		On exit  : 
		Unchanged: 
 Data sizes:     COMRAM   BANK0   BANK1   BANK2   BANK3   BANK4   BANK5   BANK6   BANK7   BANK8   BANK9  BANK10  BANK11  BANK12  BANK13
      Params:         0       0       0       0       0       0       0       0       0       0       0       0       0       0       0
      Locals:         0       0       0       0       0       0       0       0       0       0       0       0       0       0       0
      Temps:          0       0       0       0       0       0       0       0       0       0       0       0       0       0       0
      Totals:         0       0       0       0       0       0       0       0       0       0       0       0       0       0       0
Total ram usage:        0 bytes
 Hardware stack levels used:    1
 This function calls:
		Nothing
 This function is called by:
		_initialisation_LCD
 This function uses a non-reentrant model


 *************** function _initialisation_PORT *****************
 Defined at:
		line 134 in file "LCD_SPI.c"
 Parameters:    Size  Location     Type
		None
 Auto vars:     Size  Location     Type
		None
 Return value:  Size  Location     Type
                  1    wreg      void 
 Registers used:
		wreg, status,2, status,0
 Tracked objects:
		On entry : 
		On exit  : 
		Unchanged: 
 Data sizes:     COMRAM   BANK0   BANK1   BANK2   BANK3   BANK4   BANK5   BANK6   BANK7   BANK8   BANK9  BANK10  BANK11  BANK12  BANK13
      Params:         0       0       0       0       0       0       0       0       0       0       0       0       0       0       0
      Locals:         0       0       0       0       0       0       0       0       0       0       0       0       0       0       0
      Temps:          1       0       0       0       0       0       0       0       0       0       0       0       0       0       0
      Totals:         1       0       0       0       0       0       0       0       0       0       0       0       0       0       0
Total ram usage:        1 bytes
 Hardware stack levels used:    1
 This function calls:
		Nothing
 This function is called by:
		_initialisation_LCD
 This function uses a non-reentrant model


 *************** function _displayCtrl *****************
 Defined at:
		line 30 in file "LCD_SPI.c"
 Parameters:    Size  Location     Type
  display         1    wreg     unsigned char 
  cursor          1    2[COMRAM] unsigned char 
  blink           1    3[COMRAM] unsigned char 
 Auto vars:     Size  Location     Type
  display         1    4[COMRAM] unsigned char 
  BCD             1    5[COMRAM] unsigned char 
 Return value:  Size  Location     Type
                  1    wreg      void 
 Registers used:
		wreg, status,2, status,0, cstack
 Tracked objects:
		On entry : 
		On exit  : 
		Unchanged: 
 Data sizes:     COMRAM   BANK0   BANK1   BANK2   BANK3   BANK4   BANK5   BANK6   BANK7   BANK8   BANK9  BANK10  BANK11  BANK12  BANK13
      Params:         2       0       0       0       0       0       0       0       0       0       0       0       0       0       0
      Locals:         2       0       0       0       0       0       0       0       0       0       0       0       0       0       0
      Temps:          0       0       0       0       0       0       0       0       0       0       0       0       0       0       0
      Totals:         4       0       0       0       0       0       0       0       0       0       0       0       0       0       0
Total ram usage:        4 bytes
 Hardware stack levels used:    1
 Hardware stack levels required when called:    2
 This function calls:
		_readBusyFlag
		_spi_Send_Read
 This function is called by:
		_initialisation_LCD
 This function uses a non-reentrant model


 *************** function _init_num_pad *****************
 Defined at:
		line 12 in file "num_pad.c"
 Parameters:    Size  Location     Type
		None
 Auto vars:     Size  Location     Type
		None
 Return value:  Size  Location     Type
                  1    wreg      void 
 Registers used:
		wreg, status,2
 Tracked objects:
		On entry : 
		On exit  : 
		Unchanged: 
 Data sizes:     COMRAM   BANK0   BANK1   BANK2   BANK3   BANK4   BANK5   BANK6   BANK7   BANK8   BANK9  BANK10  BANK11  BANK12  BANK13
      Params:         0       0       0       0       0       0       0       0       0       0       0       0       0       0       0
      Locals:         0       0       0       0       0       0       0       0       0       0       0       0       0       0       0
      Temps:          0       0       0       0       0       0       0       0       0       0       0       0       0       0       0
      Totals:         0       0       0       0       0       0       0       0       0       0       0       0       0       0       0
Total ram usage:        0 bytes
 Hardware stack levels used:    1
 This function calls:
		Nothing
 This function is called by:
		_init_all
 This function uses a non-reentrant model


 *************** function _init_dist_sensor *****************
 Defined at:
		line 12 in file "HC-SR04.c"
 Parameters:    Size  Location     Type
		None
 Auto vars:     Size  Location     Type
		None
 Return value:  Size  Location     Type
                  1    wreg      void 
 Registers used:
		wreg, status,2, cstack
 Tracked objects:
		On entry : 
		On exit  : 
		Unchanged: 
 Data sizes:     COMRAM   BANK0   BANK1   BANK2   BANK3   BANK4   BANK5   BANK6   BANK7   BANK8   BANK9  BANK10  BANK11  BANK12  BANK13
      Params:         0       0       0       0       0       0       0       0       0       0       0       0       0       0       0
      Locals:         0       0       0       0       0       0       0       0       0       0       0       0       0       0       0
      Temps:          0       0       0       0       0       0       0       0       0       0       0       0       0       0       0
      Totals:         0       0       0       0       0       0       0       0       0       0       0       0       0       0       0
Total ram usage:        0 bytes
 Hardware stack levels used:    1
 Hardware stack levels required when called:    1
 This function calls:
		_init_timer_1
 This function is called by:
		_init_all
 This function uses a non-reentrant model


 *************** function _init_timer_1 *****************
 Defined at:
		line 25 in file "HC-SR04.c"
 Parameters:    Size  Location     Type
		None
 Auto vars:     Size  Location     Type
		None
 Return value:  Size  Location     Type
                  1    wreg      void 
 Registers used:
		wreg, status,2
 Tracked objects:
		On entry : 
		On exit  : 
		Unchanged: 
 Data sizes:     COMRAM   BANK0   BANK1   BANK2   BANK3   BANK4   BANK5   BANK6   BANK7   BANK8   BANK9  BANK10  BANK11  BANK12  BANK13
      Params:         0       0       0       0       0       0       0       0       0       0       0       0       0       0       0
      Locals:         0       0       0       0       0       0       0       0       0       0       0       0       0       0       0
      Temps:          0       0       0       0       0       0       0       0       0       0       0       0       0       0       0
      Totals:         0       0       0       0       0       0       0       0       0       0       0       0       0       0       0
Total ram usage:        0 bytes
 Hardware stack levels used:    1
 This function calls:
		Nothing
 This function is called by:
		_init_dist_sensor
 This function uses a non-reentrant model


 *************** function _calc_distance_mm *****************
 Defined at:
		line 49 in file "HC-SR04.c"
 Parameters:    Size  Location     Type
		None
 Auto vars:     Size  Location     Type
  a               2   78[COMRAM] int 
 Return value:  Size  Location     Type
                  1    wreg      void 
 Registers used:
		wreg, fsr0l, fsr0h, status,2, status,0, tblptrl, tblptrh, tblptru, prodl, prodh, cstack
 Tracked objects:
		On entry : 
		On exit  : 
		Unchanged: 
 Data sizes:     COMRAM   BANK0   BANK1   BANK2   BANK3   BANK4   BANK5   BANK6   BANK7   BANK8   BANK9  BANK10  BANK11  BANK12  BANK13
      Params:         0       0       0       0       0       0       0       0       0       0       0       0       0       0       0
      Locals:         2       0       0       0       0       0       0       0       0       0       0       0       0       0       0
      Temps:          4       0       0       0       0       0       0       0       0       0       0       0       0       0       0
      Totals:         6       0       0       0       0       0       0       0       0       0       0       0       0       0       0
Total ram usage:        6 bytes
 Hardware stack levels used:    1
 Hardware stack levels required when called:    4
 This function calls:
		_Trigger_Pulse_10us
		___awdiv
		___awmod
		___fldiv
		___flmul
		___fltol
		___xxtofl
		_clearDisplay
		_moveCursor
		_putStringLCD
		_putchLCD
 This function is called by:
		_main
 This function uses a non-reentrant model


 *************** function _putStringLCD *****************
 Defined at:
		line 48 in file "LCD_SPI.c"
 Parameters:    Size  Location     Type
  input           2    4[COMRAM] PTR const unsigned char 
		 -> calc_distance_mm@OoR(12), calc_distance_mm@cm(3), calc_distance_mm@dist(11), putNumberLCD@stringAffichage(2), 
		 -> STR_2(2), STR_1(21), 
 Auto vars:     Size  Location     Type
  i               2    8[COMRAM] int 
 Return value:  Size  Location     Type
                  1    wreg      void 
 Registers used:
		wreg, fsr0l, fsr0h, status,2, status,0, tblptrl, tblptrh, tblptru, cstack
 Tracked objects:
		On entry : 
		On exit  : 
		Unchanged: 
 Data sizes:     COMRAM   BANK0   BANK1   BANK2   BANK3   BANK4   BANK5   BANK6   BANK7   BANK8   BANK9  BANK10  BANK11  BANK12  BANK13
      Params:         2       0       0       0       0       0       0       0       0       0       0       0       0       0       0
      Locals:         2       0       0       0       0       0       0       0       0       0       0       0       0       0       0
      Temps:          2       0       0       0       0       0       0       0       0       0       0       0       0       0       0
      Totals:         6       0       0       0       0       0       0       0       0       0       0       0       0       0       0
Total ram usage:        6 bytes
 Hardware stack levels used:    1
 Hardware stack levels required when called:    3
 This function calls:
		_putchLCD
 This function is called by:
		_calc_distance_mm
		_clearRow
		_putNumberLCD
 This function uses a non-reentrant model


 *************** function _putchLCD *****************
 Defined at:
		line 57 in file "LCD_SPI.c"
 Parameters:    Size  Location     Type
  input           1    wreg     unsigned char 
 Auto vars:     Size  Location     Type
  input           1    3[COMRAM] unsigned char 
 Return value:  Size  Location     Type
                  1    wreg      void 
 Registers used:
		wreg, status,2, status,0, cstack
 Tracked objects:
		On entry : 
		On exit  : 
		Unchanged: 
 Data sizes:     COMRAM   BANK0   BANK1   BANK2   BANK3   BANK4   BANK5   BANK6   BANK7   BANK8   BANK9  BANK10  BANK11  BANK12  BANK13
      Params:         0       0       0       0       0       0       0       0       0       0       0       0       0       0       0
      Locals:         1       0       0       0       0       0       0       0       0       0       0       0       0       0       0
      Temps:          0       0       0       0       0       0       0       0       0       0       0       0       0       0       0
      Totals:         1       0       0       0       0       0       0       0       0       0       0       0       0       0       0
Total ram usage:        1 bytes
 Hardware stack levels used:    1
 Hardware stack levels required when called:    2
 This function calls:
		_fliplr
		_readBusyFlag
		_spi_Send_Read
 This function is called by:
		_main
		_putStringLCD
		_calc_distance_mm
 This function uses a non-reentrant model


 *************** function _moveCursor *****************
 Defined at:
		line 78 in file "LCD_SPI.c"
 Parameters:    Size  Location     Type
  row             2    3[COMRAM] int 
  col             2    5[COMRAM] int 
 Auto vars:     Size  Location     Type
  address         1    7[COMRAM] unsigned char 
 Return value:  Size  Location     Type
                  1    wreg      void 
 Registers used:
		wreg, status,2, status,0, prodl, prodh, cstack
 Tracked objects:
		On entry : 
		On exit  : 
		Unchanged: 
 Data sizes:     COMRAM   BANK0   BANK1   BANK2   BANK3   BANK4   BANK5   BANK6   BANK7   BANK8   BANK9  BANK10  BANK11  BANK12  BANK13
      Params:         4       0       0       0       0       0       0       0       0       0       0       0       0       0       0
      Locals:         1       0       0       0       0       0       0       0       0       0       0       0       0       0       0
      Temps:          0       0       0       0       0       0       0       0       0       0       0       0       0       0       0
      Totals:         5       0       0       0       0       0       0       0       0       0       0       0       0       0       0
Total ram usage:        5 bytes
 Hardware stack levels used:    1
 Hardware stack levels required when called:    2
 This function calls:
		_fliplr
		_readBusyFlag
		_spi_Send_Read
 This function is called by:
		_calc_distance_mm
		_clearRow
 This function uses a non-reentrant model


 *************** function _fliplr *****************
 Defined at:
		line 69 in file "LCD_SPI.c"
 Parameters:    Size  Location     Type
  input           1    wreg     unsigned char 
 Auto vars:     Size  Location     Type
  input           1    2[COMRAM] unsigned char 
 Return value:  Size  Location     Type
                  1    wreg      unsigned char 
 Registers used:
		wreg, status,2, status,0
 Tracked objects:
		On entry : 
		On exit  : 
		Unchanged: 
 Data sizes:     COMRAM   BANK0   BANK1   BANK2   BANK3   BANK4   BANK5   BANK6   BANK7   BANK8   BANK9  BANK10  BANK11  BANK12  BANK13
      Params:         0       0       0       0       0       0       0       0       0       0       0       0       0       0       0
      Locals:         1       0       0       0       0       0       0       0       0       0       0       0       0       0       0
      Temps:          2       0       0       0       0       0       0       0       0       0       0       0       0       0       0
      Totals:         3       0       0       0       0       0       0       0       0       0       0       0       0       0       0
Total ram usage:        3 bytes
 Hardware stack levels used:    1
 This function calls:
		Nothing
 This function is called by:
		_putchLCD
		_moveCursor
 This function uses a non-reentrant model


 *************** function _clearDisplay *****************
 Defined at:
		line 18 in file "LCD_SPI.c"
 Parameters:    Size  Location     Type
		None
 Auto vars:     Size  Location     Type
		None
 Return value:  Size  Location     Type
                  1    wreg      void 
 Registers used:
		wreg, status,2, status,0, cstack
 Tracked objects:
		On entry : 
		On exit  : 
		Unchanged: 
 Data sizes:     COMRAM   BANK0   BANK1   BANK2   BANK3   BANK4   BANK5   BANK6   BANK7   BANK8   BANK9  BANK10  BANK11  BANK12  BANK13
      Params:         0       0       0       0       0       0       0       0       0       0       0       0       0       0       0
      Locals:         0       0       0       0       0       0       0       0       0       0       0       0       0       0       0
      Temps:          0       0       0       0       0       0       0       0       0       0       0       0       0       0       0
      Totals:         0       0       0       0       0       0       0       0       0       0       0       0       0       0       0
Total ram usage:        0 bytes
 Hardware stack levels used:    1
 Hardware stack levels required when called:    2
 This function calls:
		_readBusyFlag
		_spi_Send_Read
 This function is called by:
		_main
		_initialisation_LCD
		_calc_distance_mm
 This function uses a non-reentrant model


 *************** function _readBusyFlag *****************
 Defined at:
		line 93 in file "LCD_SPI.c"
 Parameters:    Size  Location     Type
		None
 Auto vars:     Size  Location     Type
  retValue        1    1[COMRAM] unsigned char 
 Return value:  Size  Location     Type
                  1    wreg      unsigned char 
 Registers used:
		wreg, status,2, status,0, cstack
 Tracked objects:
		On entry : 
		On exit  : 
		Unchanged: 
 Data sizes:     COMRAM   BANK0   BANK1   BANK2   BANK3   BANK4   BANK5   BANK6   BANK7   BANK8   BANK9  BANK10  BANK11  BANK12  BANK13
      Params:         0       0       0       0       0       0       0       0       0       0       0       0       0       0       0
      Locals:         1       0       0       0       0       0       0       0       0       0       0       0       0       0       0
      Temps:          0       0       0       0       0       0       0       0       0       0       0       0       0       0       0
      Totals:         1       0       0       0       0       0       0       0       0       0       0       0       0       0       0
Total ram usage:        1 bytes
 Hardware stack levels used:    1
 Hardware stack levels required when called:    1
 This function calls:
		_spi_Send_Read
 This function is called by:
		_clearDisplay
		_displayCtrl
		_putchLCD
		_moveCursor
 This function uses a non-reentrant model


 *************** function _spi_Send_Read *****************
 Defined at:
		line 11 in file "LCD_SPI.c"
 Parameters:    Size  Location     Type
  byte            1    wreg     unsigned char 
 Auto vars:     Size  Location     Type
  byte            1    0[COMRAM] unsigned char 
 Return value:  Size  Location     Type
                  1    wreg      unsigned char 
 Registers used:
		wreg, status,2
 Tracked objects:
		On entry : 
		On exit  : 
		Unchanged: 
 Data sizes:     COMRAM   BANK0   BANK1   BANK2   BANK3   BANK4   BANK5   BANK6   BANK7   BANK8   BANK9  BANK10  BANK11  BANK12  BANK13
      Params:         0       0       0       0       0       0       0       0       0       0       0       0       0       0       0
      Locals:         1       0       0       0       0       0       0       0       0       0       0       0       0       0       0
      Temps:          0       0       0       0       0       0       0       0       0       0       0       0       0       0       0
      Totals:         1       0       0       0       0       0       0       0       0       0       0       0       0       0       0
Total ram usage:        1 bytes
 Hardware stack levels used:    1
 This function calls:
		Nothing
 This function is called by:
		_clearDisplay
		_displayCtrl
		_putchLCD
		_moveCursor
		_readBusyFlag
 This function uses a non-reentrant model


 *************** function ___xxtofl *****************
 Defined at:
		line 10 in file "C:\Program Files (x86)\Microchip\xc8\v2.00\pic\sources\c99\common\xxtofl.c"
 Parameters:    Size  Location     Type
  sign            1    wreg     unsigned char 
  val             4    0[COMRAM] long 
 Auto vars:     Size  Location     Type
  sign            1    8[COMRAM] unsigned char 
  arg             4   10[COMRAM] unsigned long 
  exp             1    9[COMRAM] unsigned char 
 Return value:  Size  Location     Type
                  4    0[COMRAM] unsigned char 
 Registers used:
		wreg, status,2, status,0
 Tracked objects:
		On entry : 
		On exit  : 
		Unchanged: 
 Data sizes:     COMRAM   BANK0   BANK1   BANK2   BANK3   BANK4   BANK5   BANK6   BANK7   BANK8   BANK9  BANK10  BANK11  BANK12  BANK13
      Params:         4       0       0       0       0       0       0       0       0       0       0       0       0       0       0
      Locals:         6       0       0       0       0       0       0       0       0       0       0       0       0       0       0
      Temps:          4       0       0       0       0       0       0       0       0       0       0       0       0       0       0
      Totals:        14       0       0       0       0       0       0       0       0       0       0       0       0       0       0
Total ram usage:       14 bytes
 Hardware stack levels used:    1
 This function calls:
		Nothing
 This function is called by:
		_calc_distance_mm
 This function uses a non-reentrant model


 *************** function ___fltol *****************
 Defined at:
		line 43 in file "C:\Program Files (x86)\Microchip\xc8\v2.00\pic\sources\c99\common\fltol.c"
 Parameters:    Size  Location     Type
  f1              4   64[COMRAM] unsigned char 
 Auto vars:     Size  Location     Type
  exp1            1   73[COMRAM] unsigned char 
  sign1           1   72[COMRAM] unsigned char 
 Return value:  Size  Location     Type
                  4   64[COMRAM] long 
 Registers used:
		wreg, status,2, status,0
 Tracked objects:
		On entry : 
		On exit  : 
		Unchanged: 
 Data sizes:     COMRAM   BANK0   BANK1   BANK2   BANK3   BANK4   BANK5   BANK6   BANK7   BANK8   BANK9  BANK10  BANK11  BANK12  BANK13
      Params:         4       0       0       0       0       0       0       0       0       0       0       0       0       0       0
      Locals:         2       0       0       0       0       0       0       0       0       0       0       0       0       0       0
      Temps:          4       0       0       0       0       0       0       0       0       0       0       0       0       0       0
      Totals:        10       0       0       0       0       0       0       0       0       0       0       0       0       0       0
Total ram usage:       10 bytes
 Hardware stack levels used:    1
 This function calls:
		Nothing
 This function is called by:
		_calc_distance_mm
 This function uses a non-reentrant model


 *************** function ___flmul *****************
 Defined at:
		line 8 in file "C:\Program Files (x86)\Microchip\xc8\v2.00\pic\sources\c99\common\sprcmul.c"
 Parameters:    Size  Location     Type
  b               4   14[COMRAM] long 
  a               4   18[COMRAM] long 
 Auto vars:     Size  Location     Type
  prod            4   33[COMRAM] struct .
  grs             4   27[COMRAM] unsigned long 
  temp            2   37[COMRAM] struct .
  bexp            1   32[COMRAM] unsigned char 
  aexp            1   31[COMRAM] unsigned char 
  sign            1   26[COMRAM] unsigned char 
 Return value:  Size  Location     Type
                  4   14[COMRAM] unsigned char 
 Registers used:
		wreg, status,2, status,0, prodl, prodh
 Tracked objects:
		On entry : 
		On exit  : 
		Unchanged: 
 Data sizes:     COMRAM   BANK0   BANK1   BANK2   BANK3   BANK4   BANK5   BANK6   BANK7   BANK8   BANK9  BANK10  BANK11  BANK12  BANK13
      Params:         8       0       0       0       0       0       0       0       0       0       0       0       0       0       0
      Locals:        13       0       0       0       0       0       0       0       0       0       0       0       0       0       0
      Temps:          4       0       0       0       0       0       0       0       0       0       0       0       0       0       0
      Totals:        25       0       0       0       0       0       0       0       0       0       0       0       0       0       0
Total ram usage:       25 bytes
 Hardware stack levels used:    1
 This function calls:
		Nothing
 This function is called by:
		_calc_distance_mm
 This function uses a non-reentrant model


 *************** function ___fldiv *****************
 Defined at:
		line 11 in file "C:\Program Files (x86)\Microchip\xc8\v2.00\pic\sources\c99\common\sprcdiv.c"
 Parameters:    Size  Location     Type
  b               4   39[COMRAM] unsigned char 
  a               4   43[COMRAM] unsigned char 
 Auto vars:     Size  Location     Type
  grs             4   58[COMRAM] unsigned long 
  rem             4   51[COMRAM] unsigned long 
  new_exp         2   56[COMRAM] short 
  aexp            1   63[COMRAM] unsigned char 
  bexp            1   62[COMRAM] unsigned char 
  sign            1   55[COMRAM] unsigned char 
 Return value:  Size  Location     Type
                  4   39[COMRAM] unsigned char 
 Registers used:
		wreg, status,2, status,0
 Tracked objects:
		On entry : 
		On exit  : 
		Unchanged: 
 Data sizes:     COMRAM   BANK0   BANK1   BANK2   BANK3   BANK4   BANK5   BANK6   BANK7   BANK8   BANK9  BANK10  BANK11  BANK12  BANK13
      Params:         8       0       0       0       0       0       0       0       0       0       0       0       0       0       0
      Locals:        13       0       0       0       0       0       0       0       0       0       0       0       0       0       0
      Temps:          4       0       0       0       0       0       0       0       0       0       0       0       0       0       0
      Totals:        25       0       0       0       0       0       0       0       0       0       0       0       0       0       0
Total ram usage:       25 bytes
 Hardware stack levels used:    1
 This function calls:
		Nothing
 This function is called by:
		_calc_distance_mm
 This function uses a non-reentrant model


 *************** function ___awmod *****************
 Defined at:
		line 7 in file "C:\Program Files (x86)\Microchip\xc8\v2.00\pic\sources\c99\common\awmod.c"
 Parameters:    Size  Location     Type
  dividend        2    0[COMRAM] int 
  divisor         2    2[COMRAM] int 
 Auto vars:     Size  Location     Type
  sign            1    5[COMRAM] unsigned char 
  counter         1    4[COMRAM] unsigned char 
 Return value:  Size  Location     Type
                  2    0[COMRAM] int 
 Registers used:
		wreg, status,2, status,0
 Tracked objects:
		On entry : 
		On exit  : 
		Unchanged: 
 Data sizes:     COMRAM   BANK0   BANK1   BANK2   BANK3   BANK4   BANK5   BANK6   BANK7   BANK8   BANK9  BANK10  BANK11  BANK12  BANK13
      Params:         4       0       0       0       0       0       0       0       0       0       0       0       0       0       0
      Locals:         2       0       0       0       0       0       0       0       0       0       0       0       0       0       0
      Temps:          0       0       0       0       0       0       0       0       0       0       0       0       0       0       0
      Totals:         6       0       0       0       0       0       0       0       0       0       0       0       0       0       0
Total ram usage:        6 bytes
 Hardware stack levels used:    1
 This function calls:
		Nothing
 This function is called by:
		_calc_distance_mm
 This function uses a non-reentrant model


 *************** function ___awdiv *****************
 Defined at:
		line 7 in file "C:\Program Files (x86)\Microchip\xc8\v2.00\pic\sources\c99\common\awdiv.c"
 Parameters:    Size  Location     Type
  dividend        2    0[COMRAM] int 
  divisor         2    2[COMRAM] int 
 Auto vars:     Size  Location     Type
  quotient        2    6[COMRAM] int 
  sign            1    5[COMRAM] unsigned char 
  counter         1    4[COMRAM] unsigned char 
 Return value:  Size  Location     Type
                  2    0[COMRAM] int 
 Registers used:
		wreg, status,2, status,0
 Tracked objects:
		On entry : 
		On exit  : 
		Unchanged: 
 Data sizes:     COMRAM   BANK0   BANK1   BANK2   BANK3   BANK4   BANK5   BANK6   BANK7   BANK8   BANK9  BANK10  BANK11  BANK12  BANK13
      Params:         4       0       0       0       0       0       0       0       0       0       0       0       0       0       0
      Locals:         4       0       0       0       0       0       0       0       0       0       0       0       0       0       0
      Temps:          0       0       0       0       0       0       0       0       0       0       0       0       0       0       0
      Totals:         8       0       0       0       0       0       0       0       0       0       0       0       0       0       0
Total ram usage:        8 bytes
 Hardware stack levels used:    1
 This function calls:
		Nothing
 This function is called by:
		_calc_distance_mm
		_putNumberLCD
 This function uses a non-reentrant model


 *************** function _Trigger_Pulse_10us *****************
 Defined at:
		line 41 in file "HC-SR04.c"
 Parameters:    Size  Location     Type
		None
 Auto vars:     Size  Location     Type
		None
 Return value:  Size  Location     Type
                  1    wreg      void 
 Registers used:
		wreg
 Tracked objects:
		On entry : 
		On exit  : 
		Unchanged: 
 Data sizes:     COMRAM   BANK0   BANK1   BANK2   BANK3   BANK4   BANK5   BANK6   BANK7   BANK8   BANK9  BANK10  BANK11  BANK12  BANK13
      Params:         0       0       0       0       0       0       0       0       0       0       0       0       0       0       0
      Locals:         0       0       0       0       0       0       0       0       0       0       0       0       0       0       0
      Temps:          0       0       0       0       0       0       0       0       0       0       0       0       0       0       0
      Totals:         0       0       0       0       0       0       0       0       0       0       0       0       0       0       0
Total ram usage:        0 bytes
 Hardware stack levels used:    1
 This function calls:
		Nothing
 This function is called by:
		_calc_distance_mm
 This function uses a non-reentrant model



MODULE INFORMATION

Module		Function		Class		Link	Load	Size
C:\Program Files (x86)\Microchip\xc8\v2.00\pic\sources\c99\common\sprcmul.c
		___flmul       		CODE           	1304	0000	1135

C:\Program Files (x86)\Microchip\xc8\v2.00\pic\sources\c99\common\sprcmul.c estimated size: 1135

num_pad.c
		_init_num_pad  		CODE           	2700	0000	15
		_read_pad      		CODE           	0E4E	0000	1207

num_pad.c estimated size: 1222

C:\Program Files (x86)\Microchip\xc8\v2.00\pic\sources\c99\common\sprcdiv.c
		___fldiv       		CODE           	1772	0000	1057

C:\Program Files (x86)\Microchip\xc8\v2.00\pic\sources\c99\common\sprcdiv.c estimated size: 1057

C:\Program Files (x86)\Microchip\xc8\v2.00\pic\sources\c99\common\xxtofl.c
		___xxtofl      		CODE           	1E48	0000	477

C:\Program Files (x86)\Microchip\xc8\v2.00\pic\sources\c99\common\xxtofl.c estimated size: 477

C:\Program Files (x86)\Microchip\xc8\v2.00\pic\sources\c99\common\awmod.c
		___awmod       		CODE           	2262	0000	217

C:\Program Files (x86)\Microchip\xc8\v2.00\pic\sources\c99\common\awmod.c estimated size: 217

LCD_SPI.c
		_readBusyFlag  		CODE           	268A	0000	31
		_displayCtrl   		CODE           	24A4	0000	87
		_initialisation_SPI		CODE           	2640	0000	45
		_spi_Send_Read 		CODE           	26A8	0000	31
		_putStringLCD  		CODE           	233A	0000	139
		_putchLCD      		CODE           	2550	0000	67
		_fliplr        		CODE           	24FA	0000	87
		_clearDisplay  		CODE           	260C	0000	53
		_moveCursor    		CODE           	2436	0000	111
		_initialisation_LCD		CODE           	26C6	0000	29
		_initialisation_PORT		CODE           	2592	0000	65

LCD_SPI.c estimated size: 745

HC-SR04.c
		_Trigger_Pulse_10us		CODE           	270E	0000	15
		_init_dist_sensor		CODE           	26E2	0000	17
		_calc_distance_mm		CODE           	1B92	0000	695
		_init_timer_1  		CODE           	266C	0000	31

HC-SR04.c estimated size: 758

C:\Program Files (x86)\Microchip\xc8\v2.00\pic\sources\c99\common\awdiv.c
		___awdiv       		CODE           	2176	0000	237

C:\Program Files (x86)\Microchip\xc8\v2.00\pic\sources\c99\common\awdiv.c estimated size: 237

shared
		_total_dist    		SMALLCONST     	0E12	0000	11
		calc_distance_mm@dist		SMALLCONST     	0E28	0000	12
		__initialization		CODE           	25D2	0000	49
		calc_distance_mm@cm		SMALLCONST     	0E33	0000	4
		_str           		SMALLCONST     	0E01	0000	18
		calc_distance_mm@OoR		SMALLCONST     	0E1C	0000	13

shared estimated size: 107

C:\Program Files (x86)\Microchip\xc8\v2.00\pic\sources\c99\common\fltol.c
		___fltol       		CODE           	2024	0000	339

C:\Program Files (x86)\Microchip\xc8\v2.00\pic\sources\c99\common\fltol.c estimated size: 339

main.c
		_init_all      		CODE           	26F2	0000	15
		_main          		CODE           	23C4	0000	115

main.c estimated size: 130

