Microchip MPLAB XC8 Compiler V2.00 ()

Linker command line:

-W-3 --edf=C:\Program Files (x86)\Microchip\xc8\v2.00\pic\dat\en_msgs.txt \
  -cs -h+dist/default/production\PIC18F67J94.X.production.sym \
  --cmf=dist/default/production\PIC18F67J94.X.production.cmf -z -Q18F67J94 \
  -oC:\Users\laure\AppData\Local\Temp\sl1o.2 --defsym=__MPLAB_BUILD=1 \
  -Mdist/default/production/PIC18F67J94.X.production.map -E1 -ver=XC8 \
  --acfsm=1493 -ASTACK=01D0h-0df9h -pstack=STACK -ACODE=00h-01FFEFh \
  -ACONST=00h-01FFEFh -ASMALLCONST=0E00h-0EFFhx497,01FF00h-01FFEFh \
  -AMEDIUMCONST=0E00h-0FFFFh,010E00h-01FFEFh -ACOMRAM=01h-05Fh \
  -AABS1=00h-0DF9h -ABIGRAM=01h-0DF9h \
  -ARAM=060h-0FFh,0100h-01FFhx12,0D00h-0DF9h -ABANK0=060h-0FFh \
  -ABANK1=0100h-01FFh -ABANK2=0200h-02FFh -ABANK3=0300h-03FFh \
  -ABANK4=0400h-04FFh -ABANK5=0500h-05FFh -ABANK6=0600h-06FFh \
  -ABANK7=0700h-07FFh -ABANK8=0800h-08FFh -ABANK9=0900h-09FFh \
  -ABANK10=0A00h-0AFFh -ABANK11=0B00h-0BFFh -ABANK12=0C00h-0CFFh \
  -ABANK13=0D00h-0DF9h \
  -ASFR=0DFAh-0DFFh,0E00h-0EFFh,0F00h-0F5Fh,0F60h-0FFFh \
  -preset_vec=00h,intcode=08h,intcodelo=018h,powerup,init -pramtop=0E00h \
  -psmallconst=SMALLCONST -pmediumconst=MEDIUMCONST -pconst=CONST \
  -AFARRAM=00h-00h -ACONFIG=01FFF0h-01FFFFh -pconfig=CONFIG \
  -pjflash_buffer=01FBF8h \
  -prdata=COMRAM,nvrram=COMRAM,nvbit=COMRAM,rbss=COMRAM,rbit=COMRAM \
  -pfarbss=FARRAM,fardata=FARRAM,nvFARRAM=FARRAM \
  -pintsave_regs=BIGRAM,bigbss=BIGRAM,bigdata=BIGRAM -pbss=RAM \
  -pidata=CODE,irdata=CODE,ibigdata=CODE,ifardata=CODE -prparam=COMRAM \
  C:\Users\laure\AppData\Local\Temp\sl1o.o \
  dist/default/production\PIC18F67J94.X.production.o 

Object code version is 3.11

Machine type is 18F67J94

Call graph: (short form)




                Name                               Link     Load   Length Selector   Space Scale
C:\Users\laure\AppData\Local\Temp\sl1o.o
                init                                 9A       9A        4        C       0
                reset_vec                             0        0        4        0       0
                config                            1FFF0    1FFF0       10    1FFF0       0
dist/default/production\PIC18F67J94.X.production.o
                intcodelo                            18       18       82        C       0
                intcode                               8        8        6        4       0
                temp                                 5E       5E        1        1       1
                mediumconst                        FED8     FED8      128     7F6C       0
                text53                            146B2    146B2       90     8000       0
                intcode_body                      14BF2    14BF2       24     8000       0
                text51                            14CBC    14CBC       20     8000       0
                text50                            14B02    14B02       3E     8000       0
                text49                            148C2    148C2       52     8000       0
                text48                            14192    14192      152     8000       0
                text47                            115A0    115A0      584     8000       0
                text46                            12D1E    12D1E      420     8000       0
                text45                            1248E    1248E      46E     8000       0
                text44                            14AC2    14AC2       40     8000       0
                text43                            13872    13872      1DC     8000       0
                text42                            10812    10812      808     8000       0
                text41                            133F2    133F2      2A0     8000       0
                text39                            14C9C    14C9C       20     8000       0
                text38                            14C5A    14C5A       22     8000       0
                text37                            14B40    14B40       34     8000       0
                text36                            14814    14814       5A     8000       0
                text35                            14742    14742       76     8000       0
                text34                            149B0    149B0       4C     8000       0
                text33                            14622    14622       90     8000       0
                text32                            14434    14434      100     8000       0
                text31                            14914    14914       50     8000       0
                text30                            128FC    128FC      422     8000       0
                text29                            1201E    1201E      470     8000       0
                text28                            13EEC    13EEC      154     8000       0
                text27                            13692    13692      1E0     8000       0
                text26                            13A4E    13A4E      198     8000       0
                text25                            14C38    14C38       22     8000       0
                text24                            14BCC    14BCC       26     8000       0
                text23                            1486E    1486E       54     8000       0
                text22                            1101A    1101A      586     8000       0
                text21                            14A40    14A40       42     8000       0
                text20                            10000    10000      812     8000       0
                text19                            1313E    1313E      2B4     8000       0
                text18                            14C16    14C16       22     8000       0
                text17                            14534    14534       EE     8000       0
                text16                            14BA0    14BA0       2C     8000       0
                text15                            13D6E    13D6E      17E     8000       0
                text14                            13BE6    13BE6      188     8000       0
                text13                            14D54    14D54        8     8000       0
                text12                            14A82    14A82       40     8000       0
                text11                            14CFA    14CFA       1E     8000       0
                text10                            14D2A    14D2A       12     8000       0
                text9                             14D3C    14D3C        E     8000       0
                text8                             147B8    147B8       5C     8000       0
                text7                             14964    14964       4C     8000       0
                text6                             14B74    14B74       2C     8000       0
                text5                             14CDC    14CDC       1E     8000       0
                text4                             14D18    14D18       12     8000       0
                text3                             142E4    142E4      150     8000       0
                text2                             11B24    11B24      4FA     8000       0
                text1                             14C7C    14C7C       20     8000       0
                text0                             14040    14040      152     8000       0
                cstackCOMRAM                          1        1       5C        1       1
                cstackBANK0                          60       60       4E       60       1
                cstackBANK1                         100      100       AE      100       1
                bssBANK1                            1AE      1AE       22      100       1
                dataBANK0                            E5       E5        A       60       1
                bssBANK0                             AE       AE       37       60       1
                bssCOMRAM                            5D       5D        1        1       1
                cinit                             149FC    149FC       44     8000       0
                idataBANK0                        14D4A    14D4A        A     8000       0

TOTAL           Name                               Link     Load   Length     Space
        CLASS   STACK          

        CLASS   CODE           
                intcodelo                            18       18       82         0
                intcode                               8        8        6         0
                init                                 9A       9A        4         0
                reset_vec                             0        0        4         0
                text53                            146B2    146B2       90         0
                intcode_body                      14BF2    14BF2       24         0
                text51                            14CBC    14CBC       20         0
                text50                            14B02    14B02       3E         0
                text49                            148C2    148C2       52         0
                text48                            14192    14192      152         0
                text47                            115A0    115A0      584         0
                text46                            12D1E    12D1E      420         0
                text45                            1248E    1248E      46E         0
                text44                            14AC2    14AC2       40         0
                text43                            13872    13872      1DC         0
                text42                            10812    10812      808         0
                text41                            133F2    133F2      2A0         0
                text39                            14C9C    14C9C       20         0
                text38                            14C5A    14C5A       22         0
                text37                            14B40    14B40       34         0
                text36                            14814    14814       5A         0
                text35                            14742    14742       76         0
                text34                            149B0    149B0       4C         0
                text33                            14622    14622       90         0
                text32                            14434    14434      100         0
                text31                            14914    14914       50         0
                text30                            128FC    128FC      422         0
                text29                            1201E    1201E      470         0
                text28                            13EEC    13EEC      154         0
                text27                            13692    13692      1E0         0
                text26                            13A4E    13A4E      198         0
                text25                            14C38    14C38       22         0
                text24                            14BCC    14BCC       26         0
                text23                            1486E    1486E       54         0
                text22                            1101A    1101A      586         0
                text21                            14A40    14A40       42         0
                text20                            10000    10000      812         0
                text19                            1313E    1313E      2B4         0
                text18                            14C16    14C16       22         0
                text17                            14534    14534       EE         0
                text16                            14BA0    14BA0       2C         0
                text15                            13D6E    13D6E      17E         0
                text14                            13BE6    13BE6      188         0
                text13                            14D54    14D54        8         0
                text12                            14A82    14A82       40         0
                text11                            14CFA    14CFA       1E         0
                text10                            14D2A    14D2A       12         0
                text9                             14D3C    14D3C        E         0
                text8                             147B8    147B8       5C         0
                text7                             14964    14964       4C         0
                text6                             14B74    14B74       2C         0
                text5                             14CDC    14CDC       1E         0
                text4                             14D18    14D18       12         0
                text3                             142E4    142E4      150         0
                text2                             11B24    11B24      4FA         0
                text1                             14C7C    14C7C       20         0
                text0                             14040    14040      152         0
                cinit                             149FC    149FC       44         0
                idataBANK0                        14D4A    14D4A        A         0

        CLASS   CONST          

        CLASS   SMALLCONST     

        CLASS   MEDIUMCONST    
                mediumconst                        FED8     FED8      128         0

        CLASS   COMRAM         
                temp                                 5E       5E        1         1
                cstackCOMRAM                          1        1       5C         1
                bssCOMRAM                            5D       5D        1         1

        CLASS   ABS1           

        CLASS   BIGRAM         

        CLASS   RAM            

        CLASS   BANK0          
                cstackBANK0                          60       60       4E         1
                dataBANK0                            E5       E5        A         1
                bssBANK0                             AE       AE       37         1

        CLASS   BANK1          
                cstackBANK1                         100      100       AE         1
                bssBANK1                            1AE      1AE       22         1

        CLASS   BANK2          

        CLASS   BANK3          

        CLASS   BANK4          

        CLASS   BANK5          

        CLASS   BANK6          

        CLASS   BANK7          

        CLASS   BANK8          

        CLASS   BANK9          

        CLASS   BANK10         

        CLASS   BANK11         

        CLASS   BANK12         

        CLASS   BANK13         

        CLASS   SFR            

        CLASS   FARRAM         

        CLASS   CONFIG         
                config                            1FFF0    1FFF0       10         0

        CLASS   IDLOC          



SEGMENTS        Name                           Load    Length   Top    Selector   Space  Class

                reset_vec                      000000  000004  000004         0       0  CODE    
                cstackCOMRAM                   000001  00005E  00005F         1       1  COMRAM  
                intcode                        000008  000006  00000E         4       0  CODE    
                intcodelo                      000018  000086  00009E         C       0  CODE    
                cstackBANK0                    000060  00008F  0000EF        60       1  BANK0   
                cstackBANK1                    000100  0000D0  0001D0       100       1  BANK1   
                mediumconst                    00FED8  000128  010000      7F6C       0  MEDIUMCO
                text20                         010000  004D5C  014D5C      8000       0  CODE    
                config                         01FFF0  000010  020000     1FFF0       0  CONFIG  


UNUSED ADDRESS RANGES

        Name                Unused          Largest block    Delta
        BANK0            000EF-000FF              11
        BANK1            001D0-001FF              30
        BANK10           00A00-00AFF             100
        BANK11           00B00-00BFF             100
        BANK12           00C00-00CFF             100
        BANK13           00D00-00DF9              FA
        BANK2            00200-002FF             100
        BANK3            00300-003FF             100
        BANK4            00400-004FF             100
        BANK5            00500-005FF             100
        BANK6            00600-006FF             100
        BANK7            00700-007FF             100
        BANK8            00800-008FF             100
        BANK9            00900-009FF             100
        BIGRAM           0005F-0005F               1
                         000EF-000FF              11
                         001D0-00DF9             C2A
        CODE             00004-00007               4
                         0000E-00017               A
                         0009E-0FED7            FE3A
                         14D5C-1FFEF            B294
        COMRAM           0005F-0005F               1
        CONST            00004-00007               4
                         0000E-00017               A
                         0009E-0FED7            FE3A
                         14D5C-1FFEF            B294
        MEDIUMCONST      00E00-0FED7            F0D8
                         14D5C-1FFEF            B294
        RAM              000EF-000FF              11
                         001D0-00DF9             100
        SFR              00DFA-00FFF             100
        SMALLCONST       00E00-0FED7             100
                         14D5C-1FFEF             100
        STACK            001D0-00DF9             C2A

                                  Symbol Table

?___awdiv                                cstackBANK1   00100
?___fladd                                cstackBANK1   00140
?___fldiv                                cstackBANK1   00127
?___flmul                                cstackBANK1   0010E
?___flneg                                cstackBANK1   00100
?___fltol                                cstackBANK1   00140
?___wmul                                 cstackBANK1   00100
?___xxtofl                               cstackBANK1   00100
?_calc_distance_mm                       cstackBANK1   0014A
?_get_temp                               cstackBANK1   001A0
?_logf                                   cstackBANK1   00154
?i1___fladd                              cstackCOMRAM  00034
?i1___fldiv                              cstackCOMRAM  0001B
?i1___flmul                              cstackCOMRAM  00002
?i1___flneg                              cstackCOMRAM  00002
?i1___fltol                              cstackCOMRAM  00002
?i1___xxtofl                             cstackCOMRAM  00002
?i1_get_temp                             cstackCOMRAM  00052
?i1_logf                                 cstackCOMRAM  00048
Delay@i                                  cstackBANK1   00100
Temp_interrupt@temperature               cstackBANK0   000AC
Trigger_Pulse_10us@channel               cstackBANK1   00100
_ADCBUF0                                 (abs)         00FC2
_ADCON1Hbits                             (abs)         00FC1
_ADCON1Lbits                             (abs)         00FC0
_ADCON2Lbits                             (abs)         00E8C
_ADCON3Hbits                             (abs)         00E8B
_ANCON1bits                              (abs)         00E47
_BAUDCONbits                             (abs)         00F67
_CHAR_ACCEUIL                            dataBANK0     000EB
_CHAR_ATTENTE                            dataBANK0     000EE
_CHAR_CONFIG                             dataBANK0     000EC
_CHAR_IDENTI                             dataBANK0     000ED
_Delay                                   text23        1486E
_Distance                                bssBANK0      000D6
_DistanceEau                             bssBANK1      001C2
_DistanceLait                            bssBANK0      000DC
_Distance_mm_int                         bssBANK1      001C6
_ETAT                                    dataBANK0     000E9
_INTCON2bits                             (abs)         00FF1
_INTCONbits                              (abs)         00FF2
_LATDbits                                (abs)         00F8C
_LATEbits                                (abs)         00F8D
_Lg1                                     mediumconst   0FF2B
_Lg2                                     mediumconst   0FF27
_Lg3                                     mediumconst   0FF23
_Lg4                                     mediumconst   0FF1F
_OSCCON                                  (abs)         00FD3
_OSCCON2bits                             (abs)         00F66
_OSCCONbits                              (abs)         00FD3
_PIE1bits                                (abs)         00F9D
_PORTBbits                               (abs)         00F81
_PORTDbits                               (abs)         00F83
_PORTEbits                               (abs)         00F84
_RC1IF                                   (abs)         07CF5
_RCONbits                                (abs)         00FD0
_RCREG1                                  (abs)         00FAE
_RCSTA1bits                              (abs)         00FAB
_RCSTAbits                               (abs)         00FAB
_RPINR0_1bits                            (abs)         00E2A
_RPINR12_13                              (abs)         00E30
_RPOR22_23                               (abs)         00E1D
_RPOR24_25                               (abs)         00E1E
_RPOR26_27bits                           (abs)         00E1F
_RT                                      bssBANK1      001BE
_SPBRGH                                  (abs)         00F30
_SSP2BUF                                 (abs)         00F03
_SSP2CON1                                (abs)         00F19
_SSP2CON3                                (abs)         00F39
_SSP2STAT                                (abs)         00F1A
_SSP2STATbits                            (abs)         00F1A
_Serial_interrupt                        intcode       00008
_SetupClock                              text13        14D54
_T0                                      bssBANK1      001B2
_T0CONbits                               (abs)         00FD5
_T1CKPS0                                 (abs)         07E6C
_T1CKPS1                                 (abs)         07E6D
_T1CONbits                               (abs)         00FCD
_TMR0IF                                  (abs)         07F92
_TMR0L                                   (abs)         00FD6
_TMR1                                    (abs)         00FCE
_TMR1H                                   (abs)         00FCF
_TMR1L                                   (abs)         00FCE
_TRISBbits                               (abs)         00F93
_TRISCbits                               (abs)         00F94
_TRISDbits                               (abs)         00F95
_TRISE                                   (abs)         00F96
_TX                                      bssBANK1      001B6
_TXREG1                                  (abs)         00FAD
_TXSTA1bits                              (abs)         00FAC
_TXSTAbits                               (abs)         00FAC
_TempEau                                 bssBANK1      001C4
_TempLait                                bssBANK0      000DE
_Temp_interrupt                          intcodelo     00018
_Time                                    bssBANK0      000E0
_Total_distance                          bssBANK0      000AE
_Trigger_Pulse_10us                      text31        14914
_VR                                      bssBANK1      001BA
_VRT                                     bssBANK1      001C8
_WPUBbits                                (abs)         00F62
__CFG_BOREN$ON                           (abs)         00000
__CFG_BORV$                              (abs)         00003
__CFG_CP0$OFF                            (abs)         00000
__CFG_FOSC$FRC                           (abs)         00000
__CFG_IESO$OFF                           (abs)         00000
__CFG_PLLDIV$                            (abs)         00000
__CFG_STVREN$ON                          (abs)         00000
__CFG_WDTPS$32768                        (abs)         00000
__CFG_XINST$OFF                          (abs)         00000
__HRAM                                   (abs)         00000
__Habs1                                  abs1          00000
__Hbank0                                 bank0         00000
__Hbank1                                 bank1         00000
__Hbank10                                bank10        00000
__Hbank11                                bank11        00000
__Hbank12                                bank12        00000
__Hbank13                                bank13        00000
__Hbank2                                 bank2         00000
__Hbank3                                 bank3         00000
__Hbank4                                 bank4         00000
__Hbank5                                 bank5         00000
__Hbank6                                 bank6         00000
__Hbank7                                 bank7         00000
__Hbank8                                 bank8         00000
__Hbank9                                 bank9         00000
__Hbigbss                                bigbss        00000
__Hbigdata                               bigdata       00000
__Hbigram                                bigram        00000
__Hbss                                   bss           00000
__HbssBANK0                              bssBANK0      00000
__HbssBANK1                              bssBANK1      00000
__HbssCOMRAM                             bssCOMRAM     00000
__Hcinit                                 cinit         00000
__Hclrtext                               clrtext       00000
__Hcomram                                comram        00000
__Hconfig                                config        20000
__Hconst                                 const         00000
__HcstackBANK0                           cstackBANK0   00000
__HcstackBANK1                           cstackBANK1   00000
__HcstackCOMRAM                          cstackCOMRAM  00000
__Hdata                                  data          00000
__HdataBANK0                             dataBANK0     00000
__Hfarbss                                farbss        00000
__Hfardata                               fardata       00000
__Hibigdata                              ibigdata      00000
__Hidata                                 idata         00000
__HidataBANK0                            idataBANK0    00000
__Hidloc                                 idloc         00000
__Hifardata                              ifardata      00000
__Hinit                                  init          0009E
__Hintcode                               intcode       0000E
__Hintcode_body                          intcode_body  00000
__Hintcodelo                             intcodelo     0009A
__Hintentry                              intentry      00000
__Hintret                                intret        00000
__Hintsave_regs                          intsave_regs  00000
__Hirdata                                irdata        00000
__Hjflash_buffer                         jflash_buffer 1FBF8
__Hmediumconst                           mediumconst   10000
__HnvFARRAM                              nvFARRAM      00000
__Hnvbit                                 nvbit         00000
__Hnvrram                                nvrram        00000
__Hparam                                 rparam        00000
__Hpowerup                               powerup       0009A
__Hram                                   ram           00000
__Hramtop                                ramtop        00E00
__Hrbit                                  rbit          00000
__Hrbss                                  rbss          00000
__Hrdata                                 rdata         00000
__Hreset_vec                             reset_vec     00004
__Hrparam                                rparam        00000
__Hsfr                                   sfr           00000
__Hsmallconst                            smallconst    00000
__Hspace_0                               (abs)         20000
__Hspace_1                               (abs)         001D0
__Hspace_2                               (abs)         00000
__Hstack                                 stack         00000
__Hstruct                                struct        00000
__Htemp                                  temp          0005F
__Htext                                  text          00000
__Htext0                                 text0         00000
__Htext1                                 text1         00000
__Htext10                                text10        00000
__Htext11                                text11        00000
__Htext12                                text12        00000
__Htext13                                text13        00000
__Htext14                                text14        00000
__Htext15                                text15        00000
__Htext16                                text16        00000
__Htext17                                text17        00000
__Htext18                                text18        00000
__Htext19                                text19        00000
__Htext2                                 text2         00000
__Htext20                                text20        00000
__Htext21                                text21        00000
__Htext22                                text22        00000
__Htext23                                text23        00000
__Htext24                                text24        00000
__Htext25                                text25        00000
__Htext26                                text26        00000
__Htext27                                text27        00000
__Htext28                                text28        00000
__Htext29                                text29        00000
__Htext3                                 text3         00000
__Htext30                                text30        00000
__Htext31                                text31        00000
__Htext32                                text32        00000
__Htext33                                text33        00000
__Htext34                                text34        00000
__Htext35                                text35        00000
__Htext36                                text36        00000
__Htext37                                text37        00000
__Htext38                                text38        00000
__Htext39                                text39        00000
__Htext4                                 text4         00000
__Htext41                                text41        00000
__Htext42                                text42        00000
__Htext43                                text43        00000
__Htext44                                text44        00000
__Htext45                                text45        00000
__Htext46                                text46        00000
__Htext47                                text47        00000
__Htext48                                text48        00000
__Htext49                                text49        00000
__Htext5                                 text5         00000
__Htext50                                text50        00000
__Htext51                                text51        00000
__Htext53                                text53        00000
__Htext6                                 text6         00000
__Htext7                                 text7         00000
__Htext8                                 text8         00000
__Htext9                                 text9         00000
__LRAM                                   (abs)         00001
__Labs1                                  abs1          00000
__Lbank0                                 bank0         00000
__Lbank1                                 bank1         00000
__Lbank10                                bank10        00000
__Lbank11                                bank11        00000
__Lbank12                                bank12        00000
__Lbank13                                bank13        00000
__Lbank2                                 bank2         00000
__Lbank3                                 bank3         00000
__Lbank4                                 bank4         00000
__Lbank5                                 bank5         00000
__Lbank6                                 bank6         00000
__Lbank7                                 bank7         00000
__Lbank8                                 bank8         00000
__Lbank9                                 bank9         00000
__Lbigbss                                bigbss        00000
__Lbigdata                               bigdata       00000
__Lbigram                                bigram        00000
__Lbss                                   bss           00000
__LbssBANK0                              bssBANK0      00000
__LbssBANK1                              bssBANK1      00000
__LbssCOMRAM                             bssCOMRAM     00000
__Lcinit                                 cinit         00000
__Lclrtext                               clrtext       00000
__Lcomram                                comram        00000
__Lconfig                                config        1FFF0
__Lconst                                 const         00000
__LcstackBANK0                           cstackBANK0   00000
__LcstackBANK1                           cstackBANK1   00000
__LcstackCOMRAM                          cstackCOMRAM  00000
__Ldata                                  data          00000
__LdataBANK0                             dataBANK0     00000
__Lfarbss                                farbss        00000
__Lfardata                               fardata       00000
__Libigdata                              ibigdata      00000
__Lidata                                 idata         00000
__LidataBANK0                            idataBANK0    00000
__Lidloc                                 idloc         00000
__Lifardata                              ifardata      00000
__Linit                                  init          0009A
__Lintcode                               intcode       00008
__Lintcode_body                          intcode_body  00000
__Lintcodelo                             intcodelo     00018
__Lintentry                              intentry      00000
__Lintret                                intret        00000
__Lintsave_regs                          intsave_regs  00000
__Lirdata                                irdata        00000
__Ljflash_buffer                         jflash_buffer 1FBF8
__Lmediumconst                           mediumconst   0FED8
__LnvFARRAM                              nvFARRAM      00000
__Lnvbit                                 nvbit         00000
__Lnvrram                                nvrram        00000
__Lparam                                 rparam        00000
__Lpowerup                               powerup       0009A
__Lram                                   ram           00000
__Lramtop                                ramtop        00E00
__Lrbit                                  rbit          00000
__Lrbss                                  rbss          00000
__Lrdata                                 rdata         00000
__Lreset_vec                             reset_vec     00000
__Lrparam                                rparam        00000
__Lsfr                                   sfr           00000
__Lsmallconst                            smallconst    00000
__Lspace_0                               (abs)         00000
__Lspace_1                               (abs)         00000
__Lspace_2                               (abs)         00000
__Lstack                                 stack         00000
__Lstruct                                struct        00000
__Ltemp                                  temp          0005E
__Ltext                                  text          00000
__Ltext0                                 text0         00000
__Ltext1                                 text1         00000
__Ltext10                                text10        00000
__Ltext11                                text11        00000
__Ltext12                                text12        00000
__Ltext13                                text13        00000
__Ltext14                                text14        00000
__Ltext15                                text15        00000
__Ltext16                                text16        00000
__Ltext17                                text17        00000
__Ltext18                                text18        00000
__Ltext19                                text19        00000
__Ltext2                                 text2         00000
__Ltext20                                text20        00000
__Ltext21                                text21        00000
__Ltext22                                text22        00000
__Ltext23                                text23        00000
__Ltext24                                text24        00000
__Ltext25                                text25        00000
__Ltext26                                text26        00000
__Ltext27                                text27        00000
__Ltext28                                text28        00000
__Ltext29                                text29        00000
__Ltext3                                 text3         00000
__Ltext30                                text30        00000
__Ltext31                                text31        00000
__Ltext32                                text32        00000
__Ltext33                                text33        00000
__Ltext34                                text34        00000
__Ltext35                                text35        00000
__Ltext36                                text36        00000
__Ltext37                                text37        00000
__Ltext38                                text38        00000
__Ltext39                                text39        00000
__Ltext4                                 text4         00000
__Ltext41                                text41        00000
__Ltext42                                text42        00000
__Ltext43                                text43        00000
__Ltext44                                text44        00000
__Ltext45                                text45        00000
__Ltext46                                text46        00000
__Ltext47                                text47        00000
__Ltext48                                text48        00000
__Ltext49                                text49        00000
__Ltext5                                 text5         00000
__Ltext50                                text50        00000
__Ltext51                                text51        00000
__Ltext53                                text53        00000
__Ltext6                                 text6         00000
__Ltext7                                 text7         00000
__Ltext8                                 text8         00000
__Ltext9                                 text9         00000
__S0                                     (abs)         20000
__S1                                     (abs)         001D0
__S2                                     (abs)         00000
___awdiv                                 text17        14534
___awdiv@counter                         cstackBANK1   00104
___awdiv@dividend                        cstackBANK1   00100
___awdiv@divisor                         cstackBANK1   00102
___awdiv@quotient                        cstackBANK1   00106
___awdiv@sign                            cstackBANK1   00105
___fladd                                 text22        1101A
___fladd@a                               cstackBANK1   00144
___fladd@aexp                            cstackBANK1   00151
___fladd@b                               cstackBANK1   00140
___fladd@bexp                            cstackBANK1   00152
___fladd@grs                             cstackBANK1   00153
___fladd@signs                           cstackBANK1   00150
___fldiv                                 text30        128FC
___fldiv@a                               cstackBANK1   0012B
___fldiv@aexp                            cstackBANK1   0013F
___fldiv@b                               cstackBANK1   00127
___fldiv@bexp                            cstackBANK1   0013E
___fldiv@grs                             cstackBANK1   0013A
___fldiv@new_exp                         cstackBANK1   00138
___fldiv@rem                             cstackBANK1   00133
___fldiv@sign                            cstackBANK1   00137
___flmul                                 text29        1201E
___flmul@a                               cstackBANK1   00112
___flmul@aexp                            cstackBANK1   0011F
___flmul@b                               cstackBANK1   0010E
___flmul@bexp                            cstackBANK1   00120
___flmul@grs                             cstackBANK1   0011B
___flmul@prod                            cstackBANK1   00121
___flmul@sign                            cstackBANK1   0011A
___flmul@temp                            cstackBANK1   00125
___flneg                                 text21        14A40
___flneg@f1                              cstackBANK1   00100
___fltol                                 text28        13EEC
___fltol@exp1                            cstackBANK1   00149
___fltol@f1                              cstackBANK1   00140
___fltol@sign1                           cstackBANK1   00148
___inthi_sp                              stack         00000
___intlo_sp                              stack         00000
___param_bank                            (abs)         00000
___rparam_used                           (abs)         00001
___sp                                    stack         00000
___wmul                                  text16        14BA0
___wmul@multiplicand                     cstackBANK1   00102
___wmul@multiplier                       cstackBANK1   00100
___wmul@product                          cstackBANK1   00104
___xxtofl                                text27        13692
___xxtofl@arg                            cstackBANK1   0010A
___xxtofl@exp                            cstackBANK1   00109
___xxtofl@sign                           cstackBANK1   00108
___xxtofl@val                            cstackBANK1   00100
__accesstop                              (abs)         00060
__activetblptr                           (abs)         00003
__end_of_Delay                           text23        148C2
__end_of_Lg1                             mediumconst   0FF2F
__end_of_Lg2                             mediumconst   0FF2B
__end_of_Lg3                             mediumconst   0FF27
__end_of_Lg4                             mediumconst   0FF23
__end_of_Serial_interrupt                intcode_body  14C16
__end_of_SetupClock                      text13        14D5C
__end_of_Temp_interrupt                  intcodelo     0009A
__end_of_Trigger_Pulse_10us              text31        14964
__end_of___awdiv                         text17        14622
__end_of___fladd                         text22        115A0
__end_of___fldiv                         text30        12D1E
__end_of___flmul                         text29        1248E
__end_of___flneg                         text21        14A82
__end_of___fltol                         text28        14040
__end_of___wmul                          text16        14BCC
__end_of___xxtofl                        text27        13872
__end_of__initialization                 cinit         14A36
__end_of_avertissement                   text32        14534
__end_of_calc_distance_mm                text26        13BE6
__end_of_chauffe_eau                     text25        14C5A
__end_of_check                           text53        14742
__end_of_clearDisplay                    text37        14B74
__end_of_clearRow                        text24        14BF2
__end_of_displayCtrl                     text8         14814
__end_of_fliplr                          text36        1486E
__end_of_gestion_temp_eau                text50        14B40
__end_of_get_ready_for_coffee            text14        13D6E
__end_of_get_temp                        text19        133F2
__end_of_init_UART                       text12        14AC2
__end_of_init_all                        text4         14D2A
__end_of_init_dist_sensor                text10        14D3C
__end_of_init_interruption_temp          text18        14C38
__end_of_init_num_pad                    text9         14D4A
__end_of_init_timer_1                    text11        14D18
__end_of_initialisation_LCD              text5         14CFA
__end_of_initialisation_PORT             text7         149B0
__end_of_initialisation_SPI              text6         14BA0
__end_of_ln2_hi                          mediumconst   0FF37
__end_of_ln2_lo                          mediumconst   0FF33
__end_of_logf                            text20        10812
__end_of_main                            text0         14192
__end_of_message_etat                    text3         14434
__end_of_moveCursor                      text35        147B8
__end_of_putNumberLCD                    text15        13EEC
__end_of_putStringLCD                    text33        146B2
__end_of_putchLCD                        text34        149FC
__end_of_readBusyFlag                    text38        14C7C
__end_of_read_pad                        text2         1201E
__end_of_send_data                       text1         14C9C
__end_of_spi_Send_Read                   text39        14CBC
__end_of_str                             mediumconst   0FEFE
__end_of_str_read_dist                   mediumconst   0FEED
__end_of_total_dist                      mediumconst   0FF1F
__end_ofavertissement@avert0             mediumconst   0FFAA
__end_ofavertissement@avert1             mediumconst   0FFE8
__end_ofavertissement@avert2             mediumconst   0FFD1
__end_ofavertissement@avert3             mediumconst   0FF8E
__end_ofcalc_distance_mm@OoR             mediumconst   0FF0A
__end_ofcalc_distance_mm@cm              mediumconst   0FF3A
__end_ofcalc_distance_mm@dist            mediumconst   0FF15
__end_ofget_ready_for_coffee@div         mediumconst   0FFDE
__end_ofi1_Delay                         text49        14914
__end_ofi1___fladd                       text47        11B24
__end_ofi1___fldiv                       text46        1313E
__end_ofi1___flmul                       text45        128FC
__end_ofi1___flneg                       text44        14B02
__end_ofi1___fltol                       text48        142E4
__end_ofi1___xxtofl                      text43        13A4E
__end_ofi1_chauffe_eau                   text51        14CDC
__end_ofi1_get_temp                      text41        13692
__end_ofi1_logf                          text42        1101A
__end_ofmessage_etat@etat_acceuil1       mediumconst   0FF68
__end_ofmessage_etat@etat_acceuil2       mediumconst   0FF51
__end_ofmessage_etat@etat_attente        mediumconst   0FF9C
__end_ofmessage_etat@etat_attente1       mediumconst   0FF7D
__end_ofmessage_etat@etat_configuration  mediumconst   0FFB7
__end_ofmessage_etat@etat_identification mediumconst   0FFC4
__initialization                         cinit         149FC
__mediumconst                            mediumconst   0FED8
__pbssBANK0                              bssBANK0      000AE
__pbssBANK1                              bssBANK1      001AE
__pbssCOMRAM                             bssCOMRAM     0005D
__pcinit                                 cinit         149FC
__pcstackBANK0                           cstackBANK0   00060
__pcstackBANK1                           cstackBANK1   00100
__pcstackCOMRAM                          cstackCOMRAM  00001
__pdataBANK0                             dataBANK0     000E5
__pidataBANK0                            idataBANK0    14D4A
__pintcode                               intcode       00008
__pintcode_body                          intcode_body  14BF2
__pintcodelo                             intcodelo     00018
__pmediumconst                           mediumconst   0FED8
__ptext0                                 text0         14040
__ptext1                                 text1         14C7C
__ptext10                                text10        14D2A
__ptext11                                text11        14CFA
__ptext12                                text12        14A82
__ptext13                                text13        14D54
__ptext14                                text14        13BE6
__ptext15                                text15        13D6E
__ptext16                                text16        14BA0
__ptext17                                text17        14534
__ptext18                                text18        14C16
__ptext19                                text19        1313E
__ptext2                                 text2         11B24
__ptext20                                text20        10000
__ptext21                                text21        14A40
__ptext22                                text22        1101A
__ptext23                                text23        1486E
__ptext24                                text24        14BCC
__ptext25                                text25        14C38
__ptext26                                text26        13A4E
__ptext27                                text27        13692
__ptext28                                text28        13EEC
__ptext29                                text29        1201E
__ptext3                                 text3         142E4
__ptext30                                text30        128FC
__ptext31                                text31        14914
__ptext32                                text32        14434
__ptext33                                text33        14622
__ptext34                                text34        149B0
__ptext35                                text35        14742
__ptext36                                text36        14814
__ptext37                                text37        14B40
__ptext38                                text38        14C5A
__ptext39                                text39        14C9C
__ptext4                                 text4         14D18
__ptext41                                text41        133F2
__ptext42                                text42        10812
__ptext43                                text43        13872
__ptext44                                text44        14AC2
__ptext45                                text45        1248E
__ptext46                                text46        12D1E
__ptext47                                text47        115A0
__ptext48                                text48        14192
__ptext49                                text49        148C2
__ptext5                                 text5         14CDC
__ptext50                                text50        14B02
__ptext51                                text51        14CBC
__ptext53                                text53        146B2
__ptext6                                 text6         14B74
__ptext7                                 text7         14964
__ptext8                                 text8         147B8
__ptext9                                 text9         14D3C
__ramtop                                 ramtop        00E00
__size_of_Delay                          (abs)         00000
__size_of_Serial_interrupt               (abs)         00000
__size_of_SetupClock                     (abs)         00000
__size_of_Temp_interrupt                 (abs)         00000
__size_of_Trigger_Pulse_10us             (abs)         00000
__size_of___awdiv                        (abs)         00000
__size_of___fladd                        (abs)         00000
__size_of___fldiv                        (abs)         00000
__size_of___flmul                        (abs)         00000
__size_of___flneg                        (abs)         00000
__size_of___fltol                        (abs)         00000
__size_of___wmul                         (abs)         00000
__size_of___xxtofl                       (abs)         00000
__size_of_avertissement                  (abs)         00000
__size_of_calc_distance_mm               (abs)         00000
__size_of_chauffe_eau                    (abs)         00000
__size_of_check                          (abs)         00000
__size_of_clearDisplay                   (abs)         00000
__size_of_clearRow                       (abs)         00000
__size_of_displayCtrl                    (abs)         00000
__size_of_fliplr                         (abs)         00000
__size_of_gestion_temp_eau               (abs)         00000
__size_of_get_ready_for_coffee           (abs)         00000
__size_of_get_temp                       (abs)         00000
__size_of_init_UART                      (abs)         00000
__size_of_init_all                       (abs)         00000
__size_of_init_dist_sensor               (abs)         00000
__size_of_init_interruption_temp         (abs)         00000
__size_of_init_num_pad                   (abs)         00000
__size_of_init_timer_1                   (abs)         00000
__size_of_initialisation_LCD             (abs)         00000
__size_of_initialisation_PORT            (abs)         00000
__size_of_initialisation_SPI             (abs)         00000
__size_of_logf                           (abs)         00000
__size_of_main                           (abs)         00000
__size_of_message_etat                   (abs)         00000
__size_of_moveCursor                     (abs)         00000
__size_of_putNumberLCD                   (abs)         00000
__size_of_putStringLCD                   (abs)         00000
__size_of_putchLCD                       (abs)         00000
__size_of_readBusyFlag                   (abs)         00000
__size_of_read_pad                       (abs)         00000
__size_of_send_data                      (abs)         00000
__size_of_spi_Send_Read                  (abs)         00000
__size_ofi1_Delay                        (abs)         00000
__size_ofi1___fladd                      (abs)         00000
__size_ofi1___fldiv                      (abs)         00000
__size_ofi1___flmul                      (abs)         00000
__size_ofi1___flneg                      (abs)         00000
__size_ofi1___fltol                      (abs)         00000
__size_ofi1___xxtofl                     (abs)         00000
__size_ofi1_chauffe_eau                  (abs)         00000
__size_ofi1_get_temp                     (abs)         00000
__size_ofi1_logf                         (abs)         00000
__smallconst                             smallconst    00000
_avertissement                           text32        14434
_calc_distance_mm                        text26        13A4E
_chauffe_eau                             text25        14C38
_check                                   text53        146B2
_clearDisplay                            text37        14B40
_clearRow                                text24        14BCC
_displayCtrl                             text8         147B8
_first_run                               dataBANK0     000E5
_fliplr                                  text36        14814
_gestion_temp_eau                        text50        14B02
_get_ready_for_coffee                    text14        13BE6
_get_temp                                text19        1313E
_get_temp$2795                           cstackBANK1   001A8
_get_temp$2796                           cstackBANK1   001A2
_i                                       bssBANK0      000DA
_init_UART                               text12        14A82
_init_all                                text4         14D18
_init_dist_sensor                        text10        14D2A
_init_interruption_temp                  text18        14C16
_init_num_pad                            text9         14D3C
_init_timer_1                            text11        14CFA
_initialisation_LCD                      text5         14CDC
_initialisation_PORT                     text7         14964
_initialisation_SPI                      text6         14B74
_ln                                      bssBANK1      001CC
_ln2_hi                                  mediumconst   0FF33
_ln2_lo                                  mediumconst   0FF2F
_logf                                    text20        10000
_logf$2797                               cstackBANK1   00190
_logf$2798                               cstackBANK1   0016A
_logf$2799                               cstackBANK1   0016E
_logf$2800                               cstackBANK1   00172
_logf$2801                               cstackBANK1   00176
_main                                    text0         14040
_message_etat                            text3         142E4
_moveCursor                              text35        14742
_number                                  dataBANK0     000E7
_out                                     bssCOMRAM     0005D
_pad_value                               bssBANK0      000E2
_pressed_pad                             bssBANK0      000E4
_putNumberLCD                            text15        13D6E
_putStringLCD                            text33        14622
_putchLCD                                text34        149B0
_readBusyFlag                            text38        14C5A
_read_pad                                text2         11B24
_send_data                               text1         14C7C
_spi_Send_Read                           text39        14C9C
_str                                     mediumconst   0FEED
_str_read_dist                           mediumconst   0FED9
_sys_state                               bssBANK0      000E3
_total_dist                              mediumconst   0FF15
avertissement@NumAvertissement           cstackBANK1   0010A
avertissement@avert0                     mediumconst   0FF9C
avertissement@avert1                     mediumconst   0FFDE
avertissement@avert2                     mediumconst   0FFC4
avertissement@avert3                     mediumconst   0FF7D
btemp                                    temp          0005E
calc_distance_mm@a                       cstackBANK1   00152
calc_distance_mm@channel                 cstackBANK1   0014A
calc_distance_mm@retour                  cstackBANK1   00150
chauffe_eau@etat                         cstackBANK1   00100
check@input                              cstackCOMRAM  00001
clearRow@row                             cstackBANK1   0010A
displayCtrl@BCD                          cstackBANK1   00105
displayCtrl@blink                        cstackBANK1   00103
displayCtrl@cursor                       cstackBANK1   00102
displayCtrl@display                      cstackBANK1   00104
end_of_initialization                    cinit         14A36
fliplr@input                             cstackBANK1   00102
gestion_temp_eau@temperature             cstackCOMRAM  00004
get_ready_for_coffee@div                 mediumconst   0FFD1
get_temp@TempValue                       cstackBANK1   001A6
get_temp@channel                         cstackBANK1   001A0
i1Delay@i                                cstackCOMRAM  00002
i1_Delay                                 text49        148C2
i1___fladd                               text47        115A0
i1___fladd@a                             cstackCOMRAM  00038
i1___fladd@aexp                          cstackCOMRAM  00045
i1___fladd@b                             cstackCOMRAM  00034
i1___fladd@bexp                          cstackCOMRAM  00046
i1___fladd@grs                           cstackCOMRAM  00047
i1___fladd@signs                         cstackCOMRAM  00044
i1___fldiv                               text46        12D1E
i1___fldiv@a                             cstackCOMRAM  0001F
i1___fldiv@aexp                          cstackCOMRAM  00033
i1___fldiv@b                             cstackCOMRAM  0001B
i1___fldiv@bexp                          cstackCOMRAM  00032
i1___fldiv@grs                           cstackCOMRAM  0002E
i1___fldiv@new_exp                       cstackCOMRAM  0002C
i1___fldiv@rem                           cstackCOMRAM  00027
i1___fldiv@sign                          cstackCOMRAM  0002B
i1___flmul                               text45        1248E
i1___flmul@a                             cstackCOMRAM  00006
i1___flmul@aexp                          cstackCOMRAM  0000F
i1___flmul@b                             cstackCOMRAM  00002
i1___flmul@bexp                          cstackCOMRAM  00014
i1___flmul@grs                           cstackCOMRAM  00010
i1___flmul@prod                          cstackCOMRAM  00015
i1___flmul@sign                          cstackCOMRAM  0000E
i1___flmul@temp                          cstackCOMRAM  00019
i1___flneg                               text44        14AC2
i1___flneg@f1                            cstackCOMRAM  00002
i1___fltol                               text48        14192
i1___fltol@exp1                          cstackCOMRAM  0000B
i1___fltol@f1                            cstackCOMRAM  00002
i1___fltol@sign1                         cstackCOMRAM  0000A
i1___xxtofl                              text43        13872
i1___xxtofl@arg                          cstackCOMRAM  0000C
i1___xxtofl@exp                          cstackCOMRAM  0000B
i1___xxtofl@sign                         cstackCOMRAM  0000A
i1___xxtofl@val                          cstackCOMRAM  00002
i1_chauffe_eau                           text51        14CBC
i1_get_temp                              text41        133F2
i1_get_temp$2939                         cstackBANK0   000A6
i1_get_temp$2940                         cstackBANK0   000A2
i1_logf                                  text42        10812
i1_logf$2941                             cstackBANK0   00092
i1_logf$2942                             cstackBANK0   0006C
i1_logf$2943                             cstackBANK0   00070
i1_logf$2944                             cstackBANK0   00074
i1_logf$2945                             cstackBANK0   00078
i1chauffe_eau@etat                       cstackCOMRAM  00002
i1get_temp@TempValue                     cstackBANK0   000AA
i1get_temp@channel                       cstackCOMRAM  00052
i1logf@R                                 cstackBANK0   00060
i1logf@dk                                cstackBANK0   00082
i1logf@f                                 cstackBANK0   0009A
i1logf@hfsq                              cstackBANK0   0007E
i1logf@ix                                cstackBANK0   0009E
i1logf@k                                 cstackBANK0   0007C
i1logf@s                                 cstackBANK0   00086
i1logf@t1                                cstackBANK0   00064
i1logf@t2                                cstackBANK0   00068
i1logf@u                                 cstackBANK0   00096
i1logf@w                                 cstackBANK0   0008E
i1logf@x                                 cstackCOMRAM  00048
i1logf@z                                 cstackBANK0   0008A
int$flags                                temp          0005E
int_func                                 intcode_body  14BF2
intlevel0                                text          00000
intlevel1                                text          00000
intlevel2                                text          00000
intlevel3                                text          00000
logf@F465                                bssBANK1      001AE
logf@R                                   cstackBANK1   0015E
logf@dk                                  cstackBANK1   00180
logf@f                                   cstackBANK1   00198
logf@hfsq                                cstackBANK1   0017C
logf@ix                                  cstackBANK1   0019C
logf@k                                   cstackBANK1   0017A
logf@s                                   cstackBANK1   00184
logf@t1                                  cstackBANK1   00162
logf@t2                                  cstackBANK1   00166
logf@u                                   cstackBANK1   00194
logf@w                                   cstackBANK1   0018C
logf@x                                   cstackBANK1   00154
logf@z                                   cstackBANK1   00188
message_etat@etat                        cstackBANK1   0010A
message_etat@etat_acceuil1               mediumconst   0FF51
message_etat@etat_acceuil2               mediumconst   0FF3A
message_etat@etat_attente                mediumconst   0FF8E
message_etat@etat_attente1               mediumconst   0FF68
message_etat@etat_configuration          mediumconst   0FFAA
message_etat@etat_identification         mediumconst   0FFB7
moveCursor@address                       cstackBANK1   00107
moveCursor@col                           cstackBANK1   00105
moveCursor@row                           cstackBANK1   00103
putNumberLCD@begin                       cstackBANK1   0010E
putNumberLCD@chiffreAffichage            cstackBANK1   00116
putNumberLCD@diviseur                    cstackBANK1   00114
putNumberLCD@i                           cstackBANK1   00112
putNumberLCD@number                      cstackBANK1   0010A
putNumberLCD@signe                       cstackBANK1   0010C
putNumberLCD@stringAffichage             cstackBANK1   00110
putStringLCD@i                           cstackBANK1   00108
putStringLCD@input                       cstackBANK1   00104
putchLCD@input                           cstackBANK1   00103
readBusyFlag@retValue                    cstackBANK1   00101
read_pad@num_pad_val                     cstackBANK1   00104
read_pad@pressed                         cstackBANK1   00102
send_data@input                          cstackBANK1   00100
spi_Send_Read@byte                       cstackBANK1   00100
stackhi                                  (abs)         00DF9
stacklo                                  (abs)         001D0
start                                    init          0009A
start_initialization                     cinit         149FC
ttemp5                                   temp          0005F
ttemp6                                   temp          00062
ttemp7                                   temp          00066
wtemp8                                   temp          0005F


FUNCTION INFORMATION:

 *************** function _main *****************
 Defined at:
		line 39 in file "main.c"
 Parameters:    Size  Location     Type
		None
 Auto vars:     Size  Location     Type
		None
 Return value:  Size  Location     Type
                  1    wreg      void 
 Registers used:
		wreg, fsr0l, fsr0h, status,2, status,0, tblptrl, tblptrh, tblptru, prodl, prodh, cstack
 Tracked objects:
		On entry : 
		On exit  : 
		Unchanged: 
 Data sizes:     COMRAM   BANK0   BANK1   BANK2   BANK3   BANK4   BANK5   BANK6   BANK7   BANK8   BANK9  BANK10  BANK11  BANK12  BANK13
      Params:         0       0       0       0       0       0       0       0       0       0       0       0       0       0       0
      Locals:         0       0       0       0       0       0       0       0       0       0       0       0       0       0       0
      Temps:          0       0       2       0       0       0       0       0       0       0       0       0       0       0       0
      Totals:         0       0       2       0       0       0       0       0       0       0       0       0       0       0       0
Total ram usage:        2 bytes
 Hardware stack levels required when called:   12
 This function calls:
		_avertissement
		_get_ready_for_coffee
		_init_all
		_message_etat
		_read_pad
		_send_data
 This function is called by:
		Startup code after reset
 This function uses a non-reentrant model


 *************** function _send_data *****************
 Defined at:
		line 83 in file "UART_MAX.c"
 Parameters:    Size  Location     Type
  input           1    wreg     unsigned char 
 Auto vars:     Size  Location     Type
  input           1    0[BANK1 ] unsigned char 
 Return value:  Size  Location     Type
                  1    wreg      void 
 Registers used:
		wreg
 Tracked objects:
		On entry : 
		On exit  : 
		Unchanged: 
 Data sizes:     COMRAM   BANK0   BANK1   BANK2   BANK3   BANK4   BANK5   BANK6   BANK7   BANK8   BANK9  BANK10  BANK11  BANK12  BANK13
      Params:         0       0       0       0       0       0       0       0       0       0       0       0       0       0       0
      Locals:         0       0       1       0       0       0       0       0       0       0       0       0       0       0       0
      Temps:          0       0       0       0       0       0       0       0       0       0       0       0       0       0       0
      Totals:         0       0       1       0       0       0       0       0       0       0       0       0       0       0       0
Total ram usage:        1 bytes
 Hardware stack levels used:    1
 Hardware stack levels required when called:    6
 This function calls:
		Nothing
 This function is called by:
		_main
 This function uses a non-reentrant model


 *************** function _read_pad *****************
 Defined at:
		line 20 in file "num_pad.c"
 Parameters:    Size  Location     Type
		None
 Auto vars:     Size  Location     Type
  pressed         2    2[BANK1 ] int 
  num_pad_val     1    4[BANK1 ] unsigned char 
 Return value:  Size  Location     Type
                  1    wreg      unsigned char 
 Registers used:
		wreg, status,2, status,0
 Tracked objects:
		On entry : 
		On exit  : 
		Unchanged: 
 Data sizes:     COMRAM   BANK0   BANK1   BANK2   BANK3   BANK4   BANK5   BANK6   BANK7   BANK8   BANK9  BANK10  BANK11  BANK12  BANK13
      Params:         0       0       0       0       0       0       0       0       0       0       0       0       0       0       0
      Locals:         0       0       3       0       0       0       0       0       0       0       0       0       0       0       0
      Temps:          0       0       2       0       0       0       0       0       0       0       0       0       0       0       0
      Totals:         0       0       5       0       0       0       0       0       0       0       0       0       0       0       0
Total ram usage:        5 bytes
 Hardware stack levels used:    1
 Hardware stack levels required when called:    6
 This function calls:
		Nothing
 This function is called by:
		_main
 This function uses a non-reentrant model


 *************** function _message_etat *****************
 Defined at:
		line 144 in file "main.c"
 Parameters:    Size  Location     Type
  etat            2   10[BANK1 ] int 
 Auto vars:     Size  Location     Type
		None
 Return value:  Size  Location     Type
                  1    wreg      void 
 Registers used:
		wreg, fsr0l, fsr0h, status,2, status,0, tblptrl, tblptrh, tblptru, prodl, prodh, cstack
 Tracked objects:
		On entry : 
		On exit  : 
		Unchanged: 
 Data sizes:     COMRAM   BANK0   BANK1   BANK2   BANK3   BANK4   BANK5   BANK6   BANK7   BANK8   BANK9  BANK10  BANK11  BANK12  BANK13
      Params:         0       0       2       0       0       0       0       0       0       0       0       0       0       0       0
      Locals:         0       0       0       0       0       0       0       0       0       0       0       0       0       0       0
      Temps:          0       0       0       0       0       0       0       0       0       0       0       0       0       0       0
      Totals:         0       0       2       0       0       0       0       0       0       0       0       0       0       0       0
Total ram usage:        2 bytes
 Hardware stack levels used:    1
 Hardware stack levels required when called:   10
 This function calls:
		_clearDisplay
		_moveCursor
		_putStringLCD
 This function is called by:
		_main
 This function uses a non-reentrant model


 *************** function _init_all *****************
 Defined at:
		line 81 in file "main.c"
 Parameters:    Size  Location     Type
		None
 Auto vars:     Size  Location     Type
		None
 Return value:  Size  Location     Type
                  1    wreg      void 
 Registers used:
		wreg, status,2, status,0, cstack
 Tracked objects:
		On entry : 
		On exit  : 
		Unchanged: 
 Data sizes:     COMRAM   BANK0   BANK1   BANK2   BANK3   BANK4   BANK5   BANK6   BANK7   BANK8   BANK9  BANK10  BANK11  BANK12  BANK13
      Params:         0       0       0       0       0       0       0       0       0       0       0       0       0       0       0
      Locals:         0       0       0       0       0       0       0       0       0       0       0       0       0       0       0
      Temps:          0       0       0       0       0       0       0       0       0       0       0       0       0       0       0
      Totals:         0       0       0       0       0       0       0       0       0       0       0       0       0       0       0
Total ram usage:        0 bytes
 Hardware stack levels used:    1
 Hardware stack levels required when called:   10
 This function calls:
		_init_UART
		_init_dist_sensor
		_init_num_pad
		_initialisation_LCD
 This function is called by:
		_main
 This function uses a non-reentrant model


 *************** function _initialisation_LCD *****************
 Defined at:
		line 149 in file "LCD_SPI.c"
 Parameters:    Size  Location     Type
		None
 Auto vars:     Size  Location     Type
		None
 Return value:  Size  Location     Type
                  1    wreg      void 
 Registers used:
		wreg, status,2, status,0, cstack
 Tracked objects:
		On entry : 
		On exit  : 
		Unchanged: 
 Data sizes:     COMRAM   BANK0   BANK1   BANK2   BANK3   BANK4   BANK5   BANK6   BANK7   BANK8   BANK9  BANK10  BANK11  BANK12  BANK13
      Params:         0       0       0       0       0       0       0       0       0       0       0       0       0       0       0
      Locals:         0       0       0       0       0       0       0       0       0       0       0       0       0       0       0
      Temps:          0       0       0       0       0       0       0       0       0       0       0       0       0       0       0
      Totals:         0       0       0       0       0       0       0       0       0       0       0       0       0       0       0
Total ram usage:        0 bytes
 Hardware stack levels used:    1
 Hardware stack levels required when called:    9
 This function calls:
		_clearDisplay
		_displayCtrl
		_initialisation_PORT
		_initialisation_SPI
 This function is called by:
		_init_all
 This function uses a non-reentrant model


 *************** function _initialisation_SPI *****************
 Defined at:
		line 112 in file "LCD_SPI.c"
 Parameters:    Size  Location     Type
		None
 Auto vars:     Size  Location     Type
		None
 Return value:  Size  Location     Type
                  1    wreg      void 
 Registers used:
		wreg, status,2, status,0
 Tracked objects:
		On entry : 
		On exit  : 
		Unchanged: 
 Data sizes:     COMRAM   BANK0   BANK1   BANK2   BANK3   BANK4   BANK5   BANK6   BANK7   BANK8   BANK9  BANK10  BANK11  BANK12  BANK13
      Params:         0       0       0       0       0       0       0       0       0       0       0       0       0       0       0
      Locals:         0       0       0       0       0       0       0       0       0       0       0       0       0       0       0
      Temps:          0       0       0       0       0       0       0       0       0       0       0       0       0       0       0
      Totals:         0       0       0       0       0       0       0       0       0       0       0       0       0       0       0
Total ram usage:        0 bytes
 Hardware stack levels used:    1
 Hardware stack levels required when called:    6
 This function calls:
		Nothing
 This function is called by:
		_initialisation_LCD
 This function uses a non-reentrant model


 *************** function _initialisation_PORT *****************
 Defined at:
		line 134 in file "LCD_SPI.c"
 Parameters:    Size  Location     Type
		None
 Auto vars:     Size  Location     Type
		None
 Return value:  Size  Location     Type
                  1    wreg      void 
 Registers used:
		wreg, status,2, status,0
 Tracked objects:
		On entry : 
		On exit  : 
		Unchanged: 
 Data sizes:     COMRAM   BANK0   BANK1   BANK2   BANK3   BANK4   BANK5   BANK6   BANK7   BANK8   BANK9  BANK10  BANK11  BANK12  BANK13
      Params:         0       0       0       0       0       0       0       0       0       0       0       0       0       0       0
      Locals:         0       0       0       0       0       0       0       0       0       0       0       0       0       0       0
      Temps:          0       0       1       0       0       0       0       0       0       0       0       0       0       0       0
      Totals:         0       0       1       0       0       0       0       0       0       0       0       0       0       0       0
Total ram usage:        1 bytes
 Hardware stack levels used:    1
 Hardware stack levels required when called:    6
 This function calls:
		Nothing
 This function is called by:
		_initialisation_LCD
 This function uses a non-reentrant model


 *************** function _displayCtrl *****************
 Defined at:
		line 30 in file "LCD_SPI.c"
 Parameters:    Size  Location     Type
  display         1    wreg     unsigned char 
  cursor          1    2[BANK1 ] unsigned char 
  blink           1    3[BANK1 ] unsigned char 
 Auto vars:     Size  Location     Type
  display         1    4[BANK1 ] unsigned char 
  BCD             1    5[BANK1 ] unsigned char 
 Return value:  Size  Location     Type
                  1    wreg      void 
 Registers used:
		wreg, status,2, status,0, cstack
 Tracked objects:
		On entry : 
		On exit  : 
		Unchanged: 
 Data sizes:     COMRAM   BANK0   BANK1   BANK2   BANK3   BANK4   BANK5   BANK6   BANK7   BANK8   BANK9  BANK10  BANK11  BANK12  BANK13
      Params:         0       0       2       0       0       0       0       0       0       0       0       0       0       0       0
      Locals:         0       0       2       0       0       0       0       0       0       0       0       0       0       0       0
      Temps:          0       0       0       0       0       0       0       0       0       0       0       0       0       0       0
      Totals:         0       0       4       0       0       0       0       0       0       0       0       0       0       0       0
Total ram usage:        4 bytes
 Hardware stack levels used:    1
 Hardware stack levels required when called:    8
 This function calls:
		_readBusyFlag
		_spi_Send_Read
 This function is called by:
		_initialisation_LCD
 This function uses a non-reentrant model


 *************** function _init_num_pad *****************
 Defined at:
		line 12 in file "num_pad.c"
 Parameters:    Size  Location     Type
		None
 Auto vars:     Size  Location     Type
		None
 Return value:  Size  Location     Type
                  1    wreg      void 
 Registers used:
		wreg, status,2
 Tracked objects:
		On entry : 
		On exit  : 
		Unchanged: 
 Data sizes:     COMRAM   BANK0   BANK1   BANK2   BANK3   BANK4   BANK5   BANK6   BANK7   BANK8   BANK9  BANK10  BANK11  BANK12  BANK13
      Params:         0       0       0       0       0       0       0       0       0       0       0       0       0       0       0
[...]
      Params:         4       0       0       0       0       0       0       0       0       0       0       0       0       0       0
      Locals:         0       0       0       0       0       0       0       0       0       0       0       0       0       0       0
      Temps:          0       0       0       0       0       0       0       0       0       0       0       0       0       0       0
      Totals:         4       0       0       0       0       0       0       0       0       0       0       0       0       0       0
Total ram usage:        4 bytes
 Hardware stack levels used:    1
 Hardware stack levels required when called:    2
 This function calls:
		Nothing
 This function is called by:
		i1_get_temp
		i1_logf
 This function uses a non-reentrant model


 *************** function i1___flmul *****************
 Defined at:
		line 8 in file "C:\Program Files (x86)\Microchip\xc8\v2.00\pic\sources\c99\common\sprcmul.c"
 Parameters:    Size  Location     Type
  b               4    1[COMRAM] unsigned char 
  a               4    5[COMRAM] unsigned char 
 Auto vars:     Size  Location     Type
  __flmul         4   20[COMRAM] struct .
  __flmul         4   15[COMRAM] unsigned long 
  __flmul         2   24[COMRAM] struct .
  __flmul         1   19[COMRAM] unsigned char 
  __flmul         1   14[COMRAM] unsigned char 
  __flmul         1   13[COMRAM] unsigned char 
 Return value:  Size  Location     Type
                  4    1[COMRAM] unsigned char 
 Registers used:
		wreg, status,2, status,0, prodl, prodh
 Tracked objects:
		On entry : 
		On exit  : 
		Unchanged: 
 Data sizes:     COMRAM   BANK0   BANK1   BANK2   BANK3   BANK4   BANK5   BANK6   BANK7   BANK8   BANK9  BANK10  BANK11  BANK12  BANK13
      Params:         8       0       0       0       0       0       0       0       0       0       0       0       0       0       0
      Locals:        13       0       0       0       0       0       0       0       0       0       0       0       0       0       0
      Temps:          4       0       0       0       0       0       0       0       0       0       0       0       0       0       0
      Totals:        25       0       0       0       0       0       0       0       0       0       0       0       0       0       0
Total ram usage:       25 bytes
 Hardware stack levels used:    1
 Hardware stack levels required when called:    2
 This function calls:
		Nothing
 This function is called by:
		i1_get_temp
		i1_logf
 This function uses a non-reentrant model


 *************** function i1___fldiv *****************
 Defined at:
		line 11 in file "C:\Program Files (x86)\Microchip\xc8\v2.00\pic\sources\c99\common\sprcdiv.c"
 Parameters:    Size  Location     Type
  b               4   26[COMRAM] unsigned char 
  a               4   30[COMRAM] unsigned char 
 Auto vars:     Size  Location     Type
  __fldiv         4   45[COMRAM] unsigned long 
  __fldiv         4   38[COMRAM] unsigned long 
  __fldiv         2   43[COMRAM] short 
  __fldiv         1   50[COMRAM] unsigned char 
  __fldiv         1   49[COMRAM] unsigned char 
  __fldiv         1   42[COMRAM] unsigned char 
 Return value:  Size  Location     Type
                  4   26[COMRAM] unsigned char 
 Registers used:
		wreg, status,2, status,0
 Tracked objects:
		On entry : 
		On exit  : 
		Unchanged: 
 Data sizes:     COMRAM   BANK0   BANK1   BANK2   BANK3   BANK4   BANK5   BANK6   BANK7   BANK8   BANK9  BANK10  BANK11  BANK12  BANK13
      Params:         8       0       0       0       0       0       0       0       0       0       0       0       0       0       0
      Locals:        13       0       0       0       0       0       0       0       0       0       0       0       0       0       0
      Temps:          4       0       0       0       0       0       0       0       0       0       0       0       0       0       0
      Totals:        25       0       0       0       0       0       0       0       0       0       0       0       0       0       0
Total ram usage:       25 bytes
 Hardware stack levels used:    1
 Hardware stack levels required when called:    2
 This function calls:
		Nothing
 This function is called by:
		i1_get_temp
		i1_logf
 This function uses a non-reentrant model


 *************** function i1___fladd *****************
 Defined at:
		line 10 in file "C:\Program Files (x86)\Microchip\xc8\v2.00\pic\sources\c99\common\sprcadd.c"
 Parameters:    Size  Location     Type
  b               4   51[COMRAM] unsigned char 
  a               4   55[COMRAM] unsigned char 
 Auto vars:     Size  Location     Type
  __fladd         1   70[COMRAM] unsigned char 
  __fladd         1   69[COMRAM] unsigned char 
  __fladd         1   68[COMRAM] unsigned char 
  __fladd         1   67[COMRAM] unsigned char 
 Return value:  Size  Location     Type
                  4   51[COMRAM] unsigned char 
 Registers used:
		wreg, status,2, status,0
 Tracked objects:
		On entry : 
		On exit  : 
		Unchanged: 
 Data sizes:     COMRAM   BANK0   BANK1   BANK2   BANK3   BANK4   BANK5   BANK6   BANK7   BANK8   BANK9  BANK10  BANK11  BANK12  BANK13
      Params:         8       0       0       0       0       0       0       0       0       0       0       0       0       0       0
      Locals:         4       0       0       0       0       0       0       0       0       0       0       0       0       0       0
      Temps:          8       0       0       0       0       0       0       0       0       0       0       0       0       0       0
      Totals:        20       0       0       0       0       0       0       0       0       0       0       0       0       0       0
Total ram usage:       20 bytes
 Hardware stack levels used:    1
 Hardware stack levels required when called:    2
 This function calls:
		Nothing
 This function is called by:
		i1_get_temp
		i1_logf
 This function uses a non-reentrant model


 *************** function i1___fltol *****************
 Defined at:
		line 43 in file "C:\Program Files (x86)\Microchip\xc8\v2.00\pic\sources\c99\common\fltol.c"
 Parameters:    Size  Location     Type
  f1              4    1[COMRAM] unsigned char 
 Auto vars:     Size  Location     Type
  __fltol         1   10[COMRAM] unsigned char 
  __fltol         1    9[COMRAM] unsigned char 
 Return value:  Size  Location     Type
                  4    1[COMRAM] long 
 Registers used:
		wreg, status,2, status,0
 Tracked objects:
		On entry : 
		On exit  : 
		Unchanged: 
 Data sizes:     COMRAM   BANK0   BANK1   BANK2   BANK3   BANK4   BANK5   BANK6   BANK7   BANK8   BANK9  BANK10  BANK11  BANK12  BANK13
      Params:         4       0       0       0       0       0       0       0       0       0       0       0       0       0       0
      Locals:         2       0       0       0       0       0       0       0       0       0       0       0       0       0       0
      Temps:          4       0       0       0       0       0       0       0       0       0       0       0       0       0       0
      Totals:        10       0       0       0       0       0       0       0       0       0       0       0       0       0       0
Total ram usage:       10 bytes
 Hardware stack levels used:    1
 Hardware stack levels required when called:    2
 This function calls:
		Nothing
 This function is called by:
		i1_get_temp
 This function uses a non-reentrant model


 *************** function i1_Delay *****************
 Defined at:
		line 71 in file "temperature.c"
 Parameters:    Size  Location     Type
		None
 Auto vars:     Size  Location     Type
  Delay           2    1[COMRAM] int 
 Return value:  Size  Location     Type
                  1    wreg      void 
 Registers used:
		wreg, status,2, status,0
 Tracked objects:
		On entry : 
		On exit  : 
		Unchanged: 
 Data sizes:     COMRAM   BANK0   BANK1   BANK2   BANK3   BANK4   BANK5   BANK6   BANK7   BANK8   BANK9  BANK10  BANK11  BANK12  BANK13
      Params:         0       0       0       0       0       0       0       0       0       0       0       0       0       0       0
      Locals:         2       0       0       0       0       0       0       0       0       0       0       0       0       0       0
      Temps:          0       0       0       0       0       0       0       0       0       0       0       0       0       0       0
      Totals:         2       0       0       0       0       0       0       0       0       0       0       0       0       0       0
Total ram usage:        2 bytes
 Hardware stack levels used:    1
 Hardware stack levels required when called:    2
 This function calls:
		Nothing
 This function is called by:
		i1_get_temp
 This function uses a non-reentrant model


 *************** function _gestion_temp_eau *****************
 Defined at:
		line 85 in file "temperature.c"
 Parameters:    Size  Location     Type
  temperature     2    3[COMRAM] int 
 Auto vars:     Size  Location     Type
		None
 Return value:  Size  Location     Type
                  1    wreg      void 
 Registers used:
		wreg, status,2, status,0, cstack
 Tracked objects:
		On entry : 
		On exit  : 
		Unchanged: 
 Data sizes:     COMRAM   BANK0   BANK1   BANK2   BANK3   BANK4   BANK5   BANK6   BANK7   BANK8   BANK9  BANK10  BANK11  BANK12  BANK13
      Params:         2       0       0       0       0       0       0       0       0       0       0       0       0       0       0
      Locals:         0       0       0       0       0       0       0       0       0       0       0       0       0       0       0
      Temps:          0       0       0       0       0       0       0       0       0       0       0       0       0       0       0
      Totals:         2       0       0       0       0       0       0       0       0       0       0       0       0       0       0
Total ram usage:        2 bytes
 Hardware stack levels used:    1
 Hardware stack levels required when called:    3
 This function calls:
		i1_chauffe_eau
 This function is called by:
		_Temp_interrupt
 This function uses a non-reentrant model


 *************** function i1_chauffe_eau *****************
 Defined at:
		line 76 in file "temperature.c"
 Parameters:    Size  Location     Type
  etat            2    1[COMRAM] int 
 Auto vars:     Size  Location     Type
		None
 Return value:  Size  Location     Type
                  1    wreg      void 
 Registers used:
		wreg, status,2, status,0
 Tracked objects:
		On entry : 
		On exit  : 
		Unchanged: 
 Data sizes:     COMRAM   BANK0   BANK1   BANK2   BANK3   BANK4   BANK5   BANK6   BANK7   BANK8   BANK9  BANK10  BANK11  BANK12  BANK13
      Params:         2       0       0       0       0       0       0       0       0       0       0       0       0       0       0
      Locals:         0       0       0       0       0       0       0       0       0       0       0       0       0       0       0
      Temps:          0       0       0       0       0       0       0       0       0       0       0       0       0       0       0
      Totals:         2       0       0       0       0       0       0       0       0       0       0       0       0       0       0
Total ram usage:        2 bytes
 Hardware stack levels used:    1
 Hardware stack levels required when called:    2
 This function calls:
		Nothing
 This function is called by:
		_gestion_temp_eau
 This function uses a non-reentrant model


 *************** function _Serial_interrupt *****************
 Defined at:
		line 177 in file "main.c"
 Parameters:    Size  Location     Type
		None
 Auto vars:     Size  Location     Type
		None
 Return value:  Size  Location     Type
                  1    wreg      void 
 Registers used:
		wreg, status,2, status,0, cstack
 Tracked objects:
		On entry : 
		On exit  : 
		Unchanged: 
 Data sizes:     COMRAM   BANK0   BANK1   BANK2   BANK3   BANK4   BANK5   BANK6   BANK7   BANK8   BANK9  BANK10  BANK11  BANK12  BANK13
      Params:         0       0       0       0       0       0       0       0       0       0       0       0       0       0       0
      Locals:         0       0       0       0       0       0       0       0       0       0       0       0       0       0       0
      Temps:          0       0       0       0       0       0       0       0       0       0       0       0       0       0       0
      Totals:         0       0       0       0       0       0       0       0       0       0       0       0       0       0       0
Total ram usage:        0 bytes
 Hardware stack levels used:    1
 Hardware stack levels required when called:    1
 This function calls:
		_check
 This function is called by:
		Interrupt level 2
 This function uses a non-reentrant model


 *************** function _check *****************
 Defined at:
		line 195 in file "main.c"
 Parameters:    Size  Location     Type
  input           1    wreg     unsigned char 
 Auto vars:     Size  Location     Type
  input           1    0[COMRAM] unsigned char 
 Return value:  Size  Location     Type
                  1    wreg      unsigned char 
 Registers used:
		wreg, status,2, status,0
 Tracked objects:
		On entry : 
		On exit  : 
		Unchanged: 
 Data sizes:     COMRAM   BANK0   BANK1   BANK2   BANK3   BANK4   BANK5   BANK6   BANK7   BANK8   BANK9  BANK10  BANK11  BANK12  BANK13
      Params:         0       0       0       0       0       0       0       0       0       0       0       0       0       0       0
      Locals:         1       0       0       0       0       0       0       0       0       0       0       0       0       0       0
      Temps:          0       0       0       0       0       0       0       0       0       0       0       0       0       0       0
      Totals:         1       0       0       0       0       0       0       0       0       0       0       0       0       0       0
Total ram usage:        1 bytes
 Hardware stack levels used:    1
 This function calls:
		Nothing
 This function is called by:
		_Serial_interrupt
 This function uses a non-reentrant model



MODULE INFORMATION

Module		Function		Class		Link	Load	Size
UART_MAX.c
		_send_data     		CODE           	14C7C	0000	33
		_init_UART     		CODE           	14A82	0000	65
		_SetupClock    		CODE           	14D54	0000	9

UART_MAX.c estimated size: 107

C:\Program Files (x86)\Microchip\xc8\v2.00\pic\sources\c99\common\sprcmul.c
		___flmul       		CODE           	1201E	0000	1137

C:\Program Files (x86)\Microchip\xc8\v2.00\pic\sources\c99\common\sprcmul.c estimated size: 1137

num_pad.c
		_init_num_pad  		CODE           	14D3C	0000	15
		_read_pad      		CODE           	11B24	0000	1275

num_pad.c estimated size: 1290

C:\Program Files (x86)\Microchip\xc8\v2.00\pic\sources\c99\common\sprcdiv.c
		___fldiv       		CODE           	128FC	0000	1059

C:\Program Files (x86)\Microchip\xc8\v2.00\pic\sources\c99\common\sprcdiv.c estimated size: 1059

C:\Program Files (x86)\Microchip\xc8\v2.00\pic\sources\c99\common\xxtofl.c
		___xxtofl      		CODE           	13692	0000	481

C:\Program Files (x86)\Microchip\xc8\v2.00\pic\sources\c99\common\xxtofl.c estimated size: 481

LCD_SPI.c
		_readBusyFlag  		CODE           	14C5A	0000	35
		_displayCtrl   		CODE           	147B8	0000	93
		_initialisation_SPI		CODE           	14B74	0000	45
		_spi_Send_Read 		CODE           	14C9C	0000	33
		_clearRow      		CODE           	14BCC	0000	39
		_putStringLCD  		CODE           	14622	0000	145
		_putchLCD      		CODE           	149B0	0000	77
		_fliplr        		CODE           	14814	0000	91
		_clearDisplay  		CODE           	14B40	0000	53
		_putNumberLCD  		CODE           	13D6E	0000	383
		_moveCursor    		CODE           	14742	0000	119
		_initialisation_LCD		CODE           	14CDC	0000	31
		_initialisation_PORT		CODE           	14964	0000	77

LCD_SPI.c estimated size: 1221

temperature.c
		_get_temp      		CODE           	1313E	0000	693
		_gestion_temp_eau		CODE           	14B02	0000	63
		_init_interruption_temp		CODE           	14C16	0000	35
		_chauffe_eau   		CODE           	14C38	0000	35
		_Delay         		CODE           	1486E	0000	85

temperature.c estimated size: 911

C:\Program Files (x86)\Microchip\xc8\v2.00\pic\sources\c99\common\sprcadd.c
		___fladd       		CODE           	1101A	0000	1415

C:\Program Files (x86)\Microchip\xc8\v2.00\pic\sources\c99\common\sprcadd.c estimated size: 1415

HC-SR04.c
		_Trigger_Pulse_10us		CODE           	14914	0000	81
		_init_dist_sensor		CODE           	14D2A	0000	19
		_calc_distance_mm		CODE           	13A4E	0000	409
		_init_timer_1  		CODE           	14CFA	0000	31

HC-SR04.c estimated size: 540

C:\Program Files (x86)\Microchip\xc8\v2.00\pic\sources\c99\common\logf.c
		_logf          		CODE           	10000	0000	2067

C:\Program Files (x86)\Microchip\xc8\v2.00\pic\sources\c99\common\logf.c estimated size: 2067

C:\Program Files (x86)\Microchip\xc8\v2.00\pic\sources\c99\common\awdiv.c
		___awdiv       		CODE           	14534	0000	239

C:\Program Files (x86)\Microchip\xc8\v2.00\pic\sources\c99\common\awdiv.c estimated size: 239

shared
		avertissement@avert0		MEDIUMCONST    	FF9C	0000	15
		message_etat@etat_attente		MEDIUMCONST    	FF8E	0000	15
		message_etat@etat_attente1		MEDIUMCONST    	FF68	0000	22
		avertissement@avert1		MEDIUMCONST    	FFDE	0000	11
		_total_dist    		MEDIUMCONST    	FF15	0000	11
		_str_read_dist 		MEDIUMCONST    	FED9	0000	21
		avertissement@avert2		MEDIUMCONST    	FFC4	0000	14
		i1_chauffe_eau 		CODE           	14CBC	0000	33
		avertissement@avert3		MEDIUMCONST    	FF7D	0000	18
		message_etat@etat_configuration		MEDIUMCONST    	FFAA	0000	14
		_Lg1           		MEDIUMCONST    	FF2B	0000	5
		_Lg2           		MEDIUMCONST    	FF27	0000	5
		i1_get_temp    		CODE           	133F2	0000	673
		_Lg3           		MEDIUMCONST    	FF23	0000	5
		i1___flneg     		CODE           	14AC2	0000	65
		_Lg4           		MEDIUMCONST    	FF1F	0000	5
		i1___fladd     		CODE           	115A0	0000	1413
		i1___fldiv     		CODE           	12D1E	0000	1057
		i1___fltol     		CODE           	14192	0000	339
		calc_distance_mm@dist		MEDIUMCONST    	0000	0000	0
		i1_Delay       		CODE           	148C2	0000	83
		__initialization		CODE           	149FC	0000	59
		i1___flmul     		CODE           	1248E	0000	1135
		calc_distance_mm@cm		MEDIUMCONST    	0000	0000	0
		_ln2_lo        		MEDIUMCONST    	FF2F	0000	5
		i1_logf        		CODE           	10812	0000	2057
		i1___xxtofl    		CODE           	13872	0000	477
		_str           		MEDIUMCONST    	FEED	0000	18
		message_etat@etat_acceuil1		MEDIUMCONST    	FF51	0000	24
		message_etat@etat_acceuil2		MEDIUMCONST    	FF3A	0000	24
		get_ready_for_coffee@div		MEDIUMCONST    	FFD1	0000	14
		message_etat@etat_identification		MEDIUMCONST    	FFB7	0000	14
		_ln2_hi        		MEDIUMCONST    	FF33	0000	5
		calc_distance_mm@OoR		MEDIUMCONST    	0000	0000	0

shared estimated size: 7656

C:\Program Files (x86)\Microchip\xc8\v2.00\pic\sources\c99\common\fltol.c
		___fltol       		CODE           	13EEC	0000	341

C:\Program Files (x86)\Microchip\xc8\v2.00\pic\sources\c99\common\fltol.c estimated size: 341

C:\Program Files (x86)\Microchip\xc8\v2.00\pic\sources\c99\common\Umul16.c
		___wmul        		CODE           	14BA0	0000	45

C:\Program Files (x86)\Microchip\xc8\v2.00\pic\sources\c99\common\Umul16.c estimated size: 45

main.c
		_get_ready_for_coffee		CODE           	13BE6	0000	393
		_init_all      		CODE           	14D18	0000	19
		_avertissement 		CODE           	14434	0000	257
		_main          		CODE           	14040	0000	339
		_Serial_interrupt		CODE           	0008	0000	43
		_check         		CODE           	146B2	0000	145
		_Temp_interrupt		CODE           	0018	0000	131
		_message_etat  		CODE           	142E4	0000	337

main.c estimated size: 1664

C:\Program Files (x86)\Microchip\xc8\v2.00\pic\sources\c99\common\flneg.c
		___flneg       		CODE           	14A40	0000	67

C:\Program Files (x86)\Microchip\xc8\v2.00\pic\sources\c99\common\flneg.c estimated size: 67

