Microchip MPLAB XC8 Compiler V2.00 ()

Linker command line:

-W-3 --edf=C:\Program Files (x86)\Microchip\xc8\v2.00\pic\dat\en_msgs.txt \
  -cs -h+dist/default/production\PIC18F67J94.X.production.sym \
  --cmf=dist/default/production\PIC18F67J94.X.production.cmf -z -Q18F67J94 \
  -oC:\Users\laure\AppData\Local\Temp\sgnk.2 --defsym=__MPLAB_BUILD=1 \
  -Mdist/default/production/PIC18F67J94.X.production.map -E1 -ver=XC8 \
  --acfsm=1493 -ASTACK=090h-0df9h -pstack=STACK -ACODE=00h-01FFEFh \
  -ACONST=00h-01FFEFh -ASMALLCONST=0E00h-0EFFhx497,01FF00h-01FFEFh \
  -AMEDIUMCONST=0E00h-0FFFFh,010E00h-01FFEFh -ACOMRAM=01h-05Fh \
  -AABS1=00h-0DF9h -ABIGRAM=01h-0DF9h \
  -ARAM=060h-0FFh,0100h-01FFhx12,0D00h-0DF9h -ABANK0=060h-0FFh \
  -ABANK1=0100h-01FFh -ABANK2=0200h-02FFh -ABANK3=0300h-03FFh \
  -ABANK4=0400h-04FFh -ABANK5=0500h-05FFh -ABANK6=0600h-06FFh \
  -ABANK7=0700h-07FFh -ABANK8=0800h-08FFh -ABANK9=0900h-09FFh \
  -ABANK10=0A00h-0AFFh -ABANK11=0B00h-0BFFh -ABANK12=0C00h-0CFFh \
  -ABANK13=0D00h-0DF9h \
  -ASFR=0DFAh-0DFFh,0E00h-0EFFh,0F00h-0F5Fh,0F60h-0FFFh \
  -preset_vec=00h,intcode=08h,intcodelo,powerup,init -pramtop=0E00h \
  -psmallconst=SMALLCONST -pmediumconst=MEDIUMCONST -pconst=CONST \
  -AFARRAM=00h-00h -ACONFIG=01FFF0h-01FFFFh -pconfig=CONFIG \
  -pjflash_buffer=01FBF8h \
  -prdata=COMRAM,nvrram=COMRAM,nvbit=COMRAM,rbss=COMRAM,rbit=COMRAM \
  -pfarbss=FARRAM,fardata=FARRAM,nvFARRAM=FARRAM \
  -pintsave_regs=BIGRAM,bigbss=BIGRAM,bigdata=BIGRAM -pbss=RAM \
  -pidata=CODE,irdata=CODE,ibigdata=CODE,ifardata=CODE -prparam=COMRAM \
  C:\Users\laure\AppData\Local\Temp\sgnk.o \
  dist/default/production\PIC18F67J94.X.production.o 

Object code version is 3.11

Machine type is 18F67J94

Call graph: (short form)




                Name                               Link     Load   Length Selector   Space Scale
C:\Users\laure\AppData\Local\Temp\sgnk.o
                init                                 2C       2C        4        4       0
                reset_vec                             0        0        4        0       0
                config                            1FFF0    1FFF0       10    1FFF0       0
dist/default/production\PIC18F67J94.X.production.o
                intcode                               8        8       24        4       0
                temp                                 5D       5D        1        1       1
                smallconst                          E00      E00       A2      700       0
                text29                             24C0     24C0       8E      751       0
                text27                             2966     2966        E      751       0
                text26                             22FC     22FC       EC      751       0
                text25                             23E8     23E8       D8      751       0
                text24                             17C6     17C6      420      751       0
                text23                             1358     1358      46E      751       0
                text22                             2078     2078      152      751       0
                text21                             1E9C     1E9C      1DC      751       0
                text20                             28FC     28FC       1E      751       0
                text19                             28DE     28DE       1E      751       0
                text18                             2860     2860       34      751       0
                text17                             2702     2702       56      751       0
                text16                             25D8     25D8       6E      751       0
                text15                             279E     279E       42      751       0
                text14                             254E     254E       8A      751       0
                text13                             1BE6     1BE6      2B6      751       0
                text12                             2974     2974        8      751       0
                text11                             2820     2820       40      751       0
                text10                             28C0     28C0       1E      751       0
                text9                              2948     2948       10      751       0
                text8                              2958     2958        E      751       0
                text7                              26AC     26AC       56      751       0
                text6                              27E0     27E0       40      751       0
                text5                              2894     2894       2C      751       0
                text4                              291A     291A       1C      751       0
                text3                              2936     2936       12      751       0
                text2                              2646     2646       66      751       0
                text1                               EA2      EA2      4B6      751       0
                text0                              21CA     21CA      132      751       0
                cstackCOMRAM                          1        1       51        1       1
                cstackBANK0                          8E       8E        2       60       1
                bssBANK0                             60       60       2E       60       1
                dataCOMRAM                           59       59        4        1       1
                bssCOMRAM                            52       52        7        1       1
                cinit                              2758     2758       46      751       0
                idataCOMRAM                        297C     297C        4      751       0

TOTAL           Name                               Link     Load   Length     Space
        CLASS   STACK          

        CLASS   CODE           
                intcode                               8        8       24         0
                init                                 2C       2C        4         0
                reset_vec                             0        0        4         0
                text29                             24C0     24C0       8E         0
                text27                             2966     2966        E         0
                text26                             22FC     22FC       EC         0
                text25                             23E8     23E8       D8         0
                text24                             17C6     17C6      420         0
                text23                             1358     1358      46E         0
                text22                             2078     2078      152         0
                text21                             1E9C     1E9C      1DC         0
                text20                             28FC     28FC       1E         0
                text19                             28DE     28DE       1E         0
                text18                             2860     2860       34         0
                text17                             2702     2702       56         0
                text16                             25D8     25D8       6E         0
                text15                             279E     279E       42         0
                text14                             254E     254E       8A         0
                text13                             1BE6     1BE6      2B6         0
                text12                             2974     2974        8         0
                text11                             2820     2820       40         0
                text10                             28C0     28C0       1E         0
                text9                              2948     2948       10         0
                text8                              2958     2958        E         0
                text7                              26AC     26AC       56         0
                text6                              27E0     27E0       40         0
                text5                              2894     2894       2C         0
                text4                              291A     291A       1C         0
                text3                              2936     2936       12         0
                text2                              2646     2646       66         0
                text1                               EA2      EA2      4B6         0
                text0                              21CA     21CA      132         0
                cinit                              2758     2758       46         0
                idataCOMRAM                        297C     297C        4         0

        CLASS   CONST          

        CLASS   SMALLCONST     
                smallconst                          E00      E00       A2         0

        CLASS   MEDIUMCONST    

        CLASS   COMRAM         
                temp                                 5D       5D        1         1
                cstackCOMRAM                          1        1       51         1
                dataCOMRAM                           59       59        4         1
                bssCOMRAM                            52       52        7         1

        CLASS   ABS1           

        CLASS   BIGRAM         

        CLASS   RAM            

        CLASS   BANK0          
                cstackBANK0                          8E       8E        2         1
                bssBANK0                             60       60       2E         1

        CLASS   BANK1          

        CLASS   BANK2          

        CLASS   BANK3          

        CLASS   BANK4          

        CLASS   BANK5          

        CLASS   BANK6          

        CLASS   BANK7          

        CLASS   BANK8          

        CLASS   BANK9          

        CLASS   BANK10         

        CLASS   BANK11         

        CLASS   BANK12         

        CLASS   BANK13         

        CLASS   SFR            

        CLASS   FARRAM         

        CLASS   CONFIG         
                config                            1FFF0    1FFF0       10         0

        CLASS   IDLOC          



SEGMENTS        Name                           Load    Length   Top    Selector   Space  Class

                reset_vec                      000000  000004  000004         0       0  CODE    
                cstackCOMRAM                   000001  00005D  00005E         1       1  COMRAM  
                intcode                        000008  000028  000030         4       0  CODE    
                bssBANK0                       000060  000030  000090        60       1  BANK0   
                smallconst                     000E00  0000A2  000EA2       700       0  SMALLCON
                text1                          000EA2  001ADE  002980       751       0  CODE    
                config                         01FFF0  000010  020000     1FFF0       0  CONFIG  


UNUSED ADDRESS RANGES

        Name                Unused          Largest block    Delta
        BANK0            00090-000FF              70
        BANK1            00100-001FF             100
        BANK10           00A00-00AFF             100
        BANK11           00B00-00BFF             100
        BANK12           00C00-00CFF             100
        BANK13           00D00-00DF9              FA
        BANK2            00200-002FF             100
        BANK3            00300-003FF             100
        BANK4            00400-004FF             100
        BANK5            00500-005FF             100
        BANK6            00600-006FF             100
        BANK7            00700-007FF             100
        BANK8            00800-008FF             100
        BANK9            00900-009FF             100
        BIGRAM           0005E-0005F               2
                         00090-00DF9             D6A
        CODE             00004-00007               4
                         00030-00DFF             DD0
                         02980-1FFEF           1D670
        COMRAM           0005E-0005F               2
        CONST            00004-00007               4
                         00030-00DFF             DD0
                         02980-1FFEF           1D670
        MEDIUMCONST      02980-0FFFF            D680
                         10E00-1FFEF            F1F0
        RAM              00090-00DF9             100
        SFR              00DFA-00FFF             100
        SMALLCONST       02980-1FFEF             100
        STACK            00090-00DF9             D6A

                                  Symbol Table

?___awdiv                     cstackCOMRAM  00002
?___awmod                     cstackCOMRAM  00002
?___fldiv                     cstackCOMRAM  00029
?___flmul                     cstackCOMRAM  00010
?___fltol                     cstackCOMRAM  00042
?___xxtofl                    cstackCOMRAM  00002
_BAUDCONbits                  (abs)         00F67
_Distance                     bssBANK0      00088
_Distance_mm_int              bssCOMRAM     00054
_INTCON2bits                  (abs)         00FF1
_INTCONbits                   (abs)         00FF2
_LATDbits                     (abs)         00F8C
_LATEbits                     (abs)         00F8D
_OSCCON                       (abs)         00FD3
_OSCCON2bits                  (abs)         00F66
_OSCCONbits                   (abs)         00FD3
_PIE1bits                     (abs)         00F9D
_PORTBbits                    (abs)         00F81
_PORTDbits                    (abs)         00F83
_PORTEbits                    (abs)         00F84
_RC1IF                        (abs)         07CF5
_RCONbits                     (abs)         00FD0
_RCREG1                       (abs)         00FAE
_RCSTA1bits                   (abs)         00FAB
_RCSTAbits                    (abs)         00FAB
_RPINR0_1bits                 (abs)         00E2A
_RPINR12_13                   (abs)         00E30
_RPOR22_23                    (abs)         00E1D
_RPOR24_25                    (abs)         00E1E
_RPOR26_27bits                (abs)         00E1F
_SPBRGH                       (abs)         00F30
_SSP2BUF                      (abs)         00F03
_SSP2CON1                     (abs)         00F19
_SSP2CON3                     (abs)         00F39
_SSP2STAT                     (abs)         00F1A
_SSP2STATbits                 (abs)         00F1A
_Serial_interrupt             intcode       00008
_SetupClock                   text12        02974
_T1CKPS0                      (abs)         07E6C
_T1CKPS1                      (abs)         07E6D
_T1CONbits                    (abs)         00FCD
_TMR1                         (abs)         00FCE
_TMR1H                        (abs)         00FCF
_TMR1L                        (abs)         00FCE
_TRISBbits                    (abs)         00F93
_TRISCbits                    (abs)         00F94
_TRISDbits                    (abs)         00F95
_TRISE                        (abs)         00F96
_TXIF                         (abs)         07CF4
_TXREG1                       (abs)         00FAD
_TXSTAbits                    (abs)         00FAC
_Time                         bssCOMRAM     00052
_Total_distance               bssBANK0      00060
_Trigger_Pulse_10us           text27        02966
_WPUBbits                     (abs)         00F62
__CFG_BOREN$ON                (abs)         00000
__CFG_BORV$                   (abs)         00003
__CFG_CP0$OFF                 (abs)         00000
__CFG_FOSC$FRC                (abs)         00000
__CFG_IESO$OFF                (abs)         00000
__CFG_PLLDIV$                 (abs)         00000
__CFG_STVREN$ON               (abs)         00000
__CFG_WDTPS$32768             (abs)         00000
__CFG_XINST$OFF               (abs)         00000
__HRAM                        (abs)         00000
__Habs1                       abs1          00000
__Hbank0                      bank0         00000
__Hbank1                      bank1         00000
__Hbank10                     bank10        00000
__Hbank11                     bank11        00000
__Hbank12                     bank12        00000
__Hbank13                     bank13        00000
__Hbank2                      bank2         00000
__Hbank3                      bank3         00000
__Hbank4                      bank4         00000
__Hbank5                      bank5         00000
__Hbank6                      bank6         00000
__Hbank7                      bank7         00000
__Hbank8                      bank8         00000
__Hbank9                      bank9         00000
__Hbigbss                     bigbss        00000
__Hbigdata                    bigdata       00000
__Hbigram                     bigram        00000
__Hbss                        bss           00000
__HbssBANK0                   bssBANK0      00000
__HbssCOMRAM                  bssCOMRAM     00000
__Hcinit                      cinit         00000
__Hclrtext                    clrtext       00000
__Hcomram                     comram        00000
__Hconfig                     config        20000
__Hconst                      const         00000
__HcstackBANK0                cstackBANK0   00000
__HcstackCOMRAM               cstackCOMRAM  00000
__Hdata                       data          00000
__HdataCOMRAM                 dataCOMRAM    00000
__Hfarbss                     farbss        00000
__Hfardata                    fardata       00000
__Hibigdata                   ibigdata      00000
__Hidata                      idata         00000
__HidataCOMRAM                idataCOMRAM   00000
__Hidloc                      idloc         00000
__Hifardata                   ifardata      00000
__Hinit                       init          00030
__Hintcode                    intcode       0002C
__Hintcode_body               intcode_body  00000
__Hintcodelo                  intcodelo     0002C
__Hintentry                   intentry      00000
__Hintret                     intret        00000
__Hintsave_regs               intsave_regs  00000
__Hirdata                     irdata        00000
__Hjflash_buffer              jflash_buffer 1FBF8
__Hmediumconst                mediumconst   00000
__HnvFARRAM                   nvFARRAM      00000
__Hnvbit                      nvbit         00000
__Hnvrram                     nvrram        00000
__Hparam                      rparam        00000
__Hpowerup                    powerup       0002C
__Hram                        ram           00000
__Hramtop                     ramtop        00E00
__Hrbit                       rbit          00000
__Hrbss                       rbss          00000
__Hrdata                      rdata         00000
__Hreset_vec                  reset_vec     00004
__Hrparam                     rparam        00000
__Hsfr                        sfr           00000
__Hsmallconst                 smallconst    00EA2
__Hspace_0                    (abs)         20000
__Hspace_1                    (abs)         00090
__Hspace_2                    (abs)         00000
__Hstack                      stack         00000
__Hstruct                     struct        00000
__Htemp                       temp          0005E
__Htext                       text          00000
__Htext0                      text0         00000
__Htext1                      text1         00000
__Htext10                     text10        00000
__Htext11                     text11        00000
__Htext12                     text12        00000
__Htext13                     text13        00000
__Htext14                     text14        00000
__Htext15                     text15        00000
__Htext16                     text16        00000
__Htext17                     text17        00000
__Htext18                     text18        00000
__Htext19                     text19        00000
__Htext2                      text2         00000
__Htext20                     text20        00000
__Htext21                     text21        00000
__Htext22                     text22        00000
__Htext23                     text23        00000
__Htext24                     text24        00000
__Htext25                     text25        00000
__Htext26                     text26        00000
__Htext27                     text27        00000
__Htext29                     text29        00000
__Htext3                      text3         00000
__Htext4                      text4         00000
__Htext5                      text5         00000
__Htext6                      text6         00000
__Htext7                      text7         00000
__Htext8                      text8         00000
__Htext9                      text9         00000
__LRAM                        (abs)         00001
__Labs1                       abs1          00000
__Lbank0                      bank0         00000
__Lbank1                      bank1         00000
__Lbank10                     bank10        00000
__Lbank11                     bank11        00000
__Lbank12                     bank12        00000
__Lbank13                     bank13        00000
__Lbank2                      bank2         00000
__Lbank3                      bank3         00000
__Lbank4                      bank4         00000
__Lbank5                      bank5         00000
__Lbank6                      bank6         00000
__Lbank7                      bank7         00000
__Lbank8                      bank8         00000
__Lbank9                      bank9         00000
__Lbigbss                     bigbss        00000
__Lbigdata                    bigdata       00000
__Lbigram                     bigram        00000
__Lbss                        bss           00000
__LbssBANK0                   bssBANK0      00000
__LbssCOMRAM                  bssCOMRAM     00000
__Lcinit                      cinit         00000
__Lclrtext                    clrtext       00000
__Lcomram                     comram        00000
__Lconfig                     config        1FFF0
__Lconst                      const         00000
__LcstackBANK0                cstackBANK0   00000
__LcstackCOMRAM               cstackCOMRAM  00000
__Ldata                       data          00000
__LdataCOMRAM                 dataCOMRAM    00000
__Lfarbss                     farbss        00000
__Lfardata                    fardata       00000
__Libigdata                   ibigdata      00000
__Lidata                      idata         00000
__LidataCOMRAM                idataCOMRAM   00000
__Lidloc                      idloc         00000
__Lifardata                   ifardata      00000
__Linit                       init          0002C
__Lintcode                    intcode       00008
__Lintcode_body               intcode_body  00000
__Lintcodelo                  intcodelo     0002C
__Lintentry                   intentry      00000
__Lintret                     intret        00000
__Lintsave_regs               intsave_regs  00000
__Lirdata                     irdata        00000
__Ljflash_buffer              jflash_buffer 1FBF8
__Lmediumconst                mediumconst   00000
__LnvFARRAM                   nvFARRAM      00000
__Lnvbit                      nvbit         00000
__Lnvrram                     nvrram        00000
__Lparam                      rparam        00000
__Lpowerup                    powerup       0002C
__Lram                        ram           00000
__Lramtop                     ramtop        00E00
__Lrbit                       rbit          00000
__Lrbss                       rbss          00000
__Lrdata                      rdata         00000
__Lreset_vec                  reset_vec     00000
__Lrparam                     rparam        00000
__Lsfr                        sfr           00000
__Lsmallconst                 smallconst    00E00
__Lspace_0                    (abs)         00000
__Lspace_1                    (abs)         00000
__Lspace_2                    (abs)         00000
__Lstack                      stack         00000
__Lstruct                     struct        00000
__Ltemp                       temp          0005D
__Ltext                       text          00000
__Ltext0                      text0         00000
__Ltext1                      text1         00000
__Ltext10                     text10        00000
__Ltext11                     text11        00000
__Ltext12                     text12        00000
__Ltext13                     text13        00000
__Ltext14                     text14        00000
__Ltext15                     text15        00000
__Ltext16                     text16        00000
__Ltext17                     text17        00000
__Ltext18                     text18        00000
__Ltext19                     text19        00000
__Ltext2                      text2         00000
__Ltext20                     text20        00000
__Ltext21                     text21        00000
__Ltext22                     text22        00000
__Ltext23                     text23        00000
__Ltext24                     text24        00000
__Ltext25                     text25        00000
__Ltext26                     text26        00000
__Ltext27                     text27        00000
__Ltext29                     text29        00000
__Ltext3                      text3         00000
__Ltext4                      text4         00000
__Ltext5                      text5         00000
__Ltext6                      text6         00000
__Ltext7                      text7         00000
__Ltext8                      text8         00000
__Ltext9                      text9         00000
__S0                          (abs)         20000
__S1                          (abs)         00090
__S2                          (abs)         00000
___awdiv                      text26        022FC
___awdiv@counter              cstackCOMRAM  00006
___awdiv@dividend             cstackCOMRAM  00002
___awdiv@divisor              cstackCOMRAM  00004
___awdiv@quotient             cstackCOMRAM  00008
___awdiv@sign                 cstackCOMRAM  00007
___awmod                      text25        023E8
___awmod@counter              cstackCOMRAM  00006
___awmod@dividend             cstackCOMRAM  00002
___awmod@divisor              cstackCOMRAM  00004
___awmod@sign                 cstackCOMRAM  00007
___fldiv                      text24        017C6
___fldiv@a                    cstackCOMRAM  0002D
___fldiv@aexp                 cstackCOMRAM  00041
___fldiv@b                    cstackCOMRAM  00029
___fldiv@bexp                 cstackCOMRAM  00040
___fldiv@grs                  cstackCOMRAM  0003C
___fldiv@new_exp              cstackCOMRAM  0003A
___fldiv@rem                  cstackCOMRAM  00035
___fldiv@sign                 cstackCOMRAM  00039
___flmul                      text23        01358
___flmul@a                    cstackCOMRAM  00014
___flmul@aexp                 cstackCOMRAM  00021
___flmul@b                    cstackCOMRAM  00010
___flmul@bexp                 cstackCOMRAM  00022
___flmul@grs                  cstackCOMRAM  0001D
___flmul@prod                 cstackCOMRAM  00023
___flmul@sign                 cstackCOMRAM  0001C
___flmul@temp                 cstackCOMRAM  00027
___fltol                      text22        02078
___fltol@exp1                 cstackCOMRAM  0004B
___fltol@f1                   cstackCOMRAM  00042
___fltol@sign1                cstackCOMRAM  0004A
___inthi_sp                   stack         00000
___intlo_sp                   stack         00000
___param_bank                 (abs)         00000
___rparam_used                (abs)         00001
___sp                         stack         00000
___xxtofl                     text21        01E9C
___xxtofl@arg                 cstackCOMRAM  0000C
___xxtofl@exp                 cstackCOMRAM  0000B
___xxtofl@sign                cstackCOMRAM  0000A
___xxtofl@val                 cstackCOMRAM  00002
__accesstop                   (abs)         00060
__activetblptr                (abs)         00002
__end_of_Serial_interrupt     intcode       0002C
__end_of_SetupClock           text12        0297C
__end_of_Trigger_Pulse_10us   text27        02974
__end_of___awdiv              text26        023E8
__end_of___awmod              text25        024C0
__end_of___fldiv              text24        01BE6
__end_of___flmul              text23        017C6
__end_of___fltol              text22        021CA
__end_of___xxtofl             text21        02078
__end_of__initialization      cinit         02790
__end_of_calc_distance_mm     text13        01E9C
__end_of_check                text29        0254E
__end_of_clearDisplay         text18        02894
__end_of_displayCtrl          text7         02702
__end_of_fliplr               text17        02758
__end_of_init_UART            text11        02860
__end_of_init_all             text3         02948
__end_of_init_dist_sensor     text9         02958
__end_of_init_num_pad         text8         02966
__end_of_init_timer_1         text10        028DE
__end_of_initialisation_LCD   text4         02936
__end_of_initialisation_PORT  text6         02820
__end_of_initialisation_SPI   text5         028C0
__end_of_main                 text0         022FC
__end_of_menu1                text2         026AC
__end_of_moveCursor           text16        02646
__end_of_putStringLCD         text14        025D8
__end_of_putchLCD             text15        027E0
__end_of_readBusyFlag         text19        028FC
__end_of_read_pad             text1         01358
__end_of_spi_Send_Read        text20        0291A
__end_of_str                  smallconst    00E12
__end_of_str_read_dist        smallconst    00E6F
__end_of_total_dist           smallconst    00E1C
__end_ofcalc_distance_mm@OoR  smallconst    00E7B
__end_ofcalc_distance_mm@cm   smallconst    00E89
__end_ofcalc_distance_mm@dist smallconst    00E86
__end_ofmenu1@menu1           smallconst    00E5B
__end_ofmenu1@menu2           smallconst    00E32
__end_ofmenu1@menu3           smallconst    00E47
__initialization              cinit         02758
__mediumconst                 mediumconst   00000
__pbssBANK0                   bssBANK0      00060
__pbssCOMRAM                  bssCOMRAM     00052
__pcinit                      cinit         02758
__pcstackBANK0                cstackBANK0   0008E
__pcstackCOMRAM               cstackCOMRAM  00001
__pdataCOMRAM                 dataCOMRAM    00059
__pidataCOMRAM                idataCOMRAM   0297C
__pintcode                    intcode       00008
__psmallconst                 smallconst    00E00
__ptext0                      text0         021CA
__ptext1                      text1         00EA2
__ptext10                     text10        028C0
__ptext11                     text11        02820
__ptext12                     text12        02974
__ptext13                     text13        01BE6
__ptext14                     text14        0254E
__ptext15                     text15        0279E
__ptext16                     text16        025D8
__ptext17                     text17        02702
__ptext18                     text18        02860
__ptext19                     text19        028DE
__ptext2                      text2         02646
__ptext20                     text20        028FC
__ptext21                     text21        01E9C
__ptext22                     text22        02078
__ptext23                     text23        01358
__ptext24                     text24        017C6
__ptext25                     text25        023E8
__ptext26                     text26        022FC
__ptext27                     text27        02966
__ptext29                     text29        024C0
__ptext3                      text3         02936
__ptext4                      text4         0291A
__ptext5                      text5         02894
__ptext6                      text6         027E0
__ptext7                      text7         026AC
__ptext8                      text8         02958
__ptext9                      text9         02948
__ramtop                      ramtop        00E00
__size_of_Serial_interrupt    (abs)         00000
__size_of_SetupClock          (abs)         00000
__size_of_Trigger_Pulse_10us  (abs)         00000
__size_of___awdiv             (abs)         00000
__size_of___awmod             (abs)         00000
__size_of___fldiv             (abs)         00000
__size_of___flmul             (abs)         00000
__size_of___fltol             (abs)         00000
__size_of___xxtofl            (abs)         00000
__size_of_calc_distance_mm    (abs)         00000
__size_of_check               (abs)         00000
__size_of_clearDisplay        (abs)         00000
__size_of_displayCtrl         (abs)         00000
__size_of_fliplr              (abs)         00000
__size_of_init_UART           (abs)         00000
__size_of_init_all            (abs)         00000
__size_of_init_dist_sensor    (abs)         00000
__size_of_init_num_pad        (abs)         00000
__size_of_init_timer_1        (abs)         00000
__size_of_initialisation_LCD  (abs)         00000
__size_of_initialisation_PORT (abs)         00000
__size_of_initialisation_SPI  (abs)         00000
__size_of_main                (abs)         00000
__size_of_menu1               (abs)         00000
__size_of_moveCursor          (abs)         00000
__size_of_putStringLCD        (abs)         00000
__size_of_putchLCD            (abs)         00000
__size_of_readBusyFlag        (abs)         00000
__size_of_read_pad            (abs)         00000
__size_of_spi_Send_Read       (abs)         00000
__smallconst                  smallconst    00E00
_calc_distance_mm             text13        01BE6
_check                        text29        024C0
_clearDisplay                 text18        02860
_displayCtrl                  text7         026AC
_first_run                    dataCOMRAM    00059
_fliplr                       text17        02702
_i                            bssBANK0      0008C
_init_UART                    text11        02820
_init_all                     text3         02936
_init_dist_sensor             text9         02948
_init_num_pad                 text8         02958
_init_timer_1                 text10        028C0
_initialisation_LCD           text4         0291A
_initialisation_PORT          text6         027E0
_initialisation_SPI           text5         02894
_main                         text0         021CA
_menu1                        text2         02646
_moveCursor                   text16        025D8
_number                       dataCOMRAM    0005B
_out                          bssCOMRAM     00057
_pressed_pad                  bssCOMRAM     00058
_putStringLCD                 text14        0254E
_putchLCD                     text15        0279E
_readBusyFlag                 text19        028DE
_read_pad                     text1         00EA2
_spi_Send_Read                text20        028FC
_str                          smallconst    00E01
_str_read_dist                smallconst    00E5B
_sys_state                    bssCOMRAM     00056
_total_dist                   smallconst    00E12
btemp                         temp          0005D
calc_distance_mm@OoR          smallconst    00E6F
calc_distance_mm@a            cstackCOMRAM  00050
calc_distance_mm@cm           smallconst    00E86
calc_distance_mm@dist         smallconst    00E7B
check@input                   cstackCOMRAM  00001
displayCtrl@BCD               cstackCOMRAM  00007
displayCtrl@blink             cstackCOMRAM  00005
displayCtrl@cursor            cstackCOMRAM  00004
displayCtrl@display           cstackCOMRAM  00006
end_of_initialization         cinit         02790
fliplr@input                  cstackCOMRAM  00004
int$flags                     temp          0005D
intlevel0                     text          00000
intlevel1                     text          00000
intlevel2                     text          00000
intlevel3                     text          00000
menu1@menu1                   smallconst    00E47
menu1@menu2                   smallconst    00E1C
menu1@menu3                   smallconst    00E32
moveCursor@address            cstackCOMRAM  00009
moveCursor@col                cstackCOMRAM  00007
moveCursor@row                cstackCOMRAM  00005
putStringLCD@i                cstackCOMRAM  0000A
putStringLCD@input            cstackCOMRAM  00006
putchLCD@input                cstackCOMRAM  00005
readBusyFlag@retValue         cstackCOMRAM  00003
read_pad@num_pad_val          cstackCOMRAM  00006
read_pad@pressed              cstackCOMRAM  00004
spi_Send_Read@byte            cstackCOMRAM  00002
stackhi                       (abs)         00DF9
stacklo                       (abs)         00090
start                         init          0002C
start_initialization          cinit         02758
ttemp5                        temp          0005E
ttemp6                        temp          00061
ttemp7                        temp          00065
wtemp8                        temp          0005E


FUNCTION INFORMATION:

 *************** function _main *****************
 Defined at:
		line 39 in file "main.c"
 Parameters:    Size  Location     Type
		None
 Auto vars:     Size  Location     Type
		None
 Return value:  Size  Location     Type
                  1    wreg      void 
 Registers used:
		wreg, fsr0l, fsr0h, status,2, status,0, tblptrl, tblptrh, tblptru, prodl, prodh, cstack
 Tracked objects:
		On entry : 
		On exit  : 
		Unchanged: 
 Data sizes:     COMRAM   BANK0   BANK1   BANK2   BANK3   BANK4   BANK5   BANK6   BANK7   BANK8   BANK9  BANK10  BANK11  BANK12  BANK13
      Params:         0       0       0       0       0       0       0       0       0       0       0       0       0       0       0
      Locals:         0       0       0       0       0       0       0       0       0       0       0       0       0       0       0
      Temps:          0       2       0       0       0       0       0       0       0       0       0       0       0       0       0
      Totals:         0       2       0       0       0       0       0       0       0       0       0       0       0       0       0
Total ram usage:        2 bytes
 Hardware stack levels required when called:    7
 This function calls:
		_calc_distance_mm
		_clearDisplay
		_init_all
		_menu1
		_putStringLCD
		_putchLCD
		_read_pad
 This function is called by:
		Startup code after reset
 This function uses a non-reentrant model


 *************** function _read_pad *****************
 Defined at:
		line 20 in file "num_pad.c"
 Parameters:    Size  Location     Type
		None
 Auto vars:     Size  Location     Type
  pressed         2    3[COMRAM] int 
  num_pad_val     1    5[COMRAM] unsigned char 
 Return value:  Size  Location     Type
                  1    wreg      unsigned char 
 Registers used:
		wreg, status,2, status,0
 Tracked objects:
		On entry : 
		On exit  : 
		Unchanged: 
 Data sizes:     COMRAM   BANK0   BANK1   BANK2   BANK3   BANK4   BANK5   BANK6   BANK7   BANK8   BANK9  BANK10  BANK11  BANK12  BANK13
      Params:         0       0       0       0       0       0       0       0       0       0       0       0       0       0       0
      Locals:         3       0       0       0       0       0       0       0       0       0       0       0       0       0       0
      Temps:          2       0       0       0       0       0       0       0       0       0       0       0       0       0       0
      Totals:         5       0       0       0       0       0       0       0       0       0       0       0       0       0       0
Total ram usage:        5 bytes
 Hardware stack levels used:    1
 Hardware stack levels required when called:    2
 This function calls:
		Nothing
 This function is called by:
		_main
 This function uses a non-reentrant model


 *************** function _menu1 *****************
 Defined at:
		line 112 in file "main.c"
 Parameters:    Size  Location     Type
		None
 Auto vars:     Size  Location     Type
		None
 Return value:  Size  Location     Type
                  1    wreg      void 
 Registers used:
		wreg, fsr0l, fsr0h, status,2, status,0, tblptrl, tblptrh, tblptru, prodl, prodh, cstack
 Tracked objects:
		On entry : 
		On exit  : 
		Unchanged: 
 Data sizes:     COMRAM   BANK0   BANK1   BANK2   BANK3   BANK4   BANK5   BANK6   BANK7   BANK8   BANK9  BANK10  BANK11  BANK12  BANK13
      Params:         0       0       0       0       0       0       0       0       0       0       0       0       0       0       0
      Locals:         0       0       0       0       0       0       0       0       0       0       0       0       0       0       0
      Temps:          0       0       0       0       0       0       0       0       0       0       0       0       0       0       0
      Totals:         0       0       0       0       0       0       0       0       0       0       0       0       0       0       0
Total ram usage:        0 bytes
 Hardware stack levels used:    1
 Hardware stack levels required when called:    6
 This function calls:
		_clearDisplay
		_moveCursor
		_putStringLCD
 This function is called by:
		_main
 This function uses a non-reentrant model


 *************** function _init_all *****************
 Defined at:
		line 105 in file "main.c"
 Parameters:    Size  Location     Type
		None
 Auto vars:     Size  Location     Type
		None
 Return value:  Size  Location     Type
                  1    wreg      void 
 Registers used:
		wreg, status,2, status,0, cstack
 Tracked objects:
		On entry : 
		On exit  : 
		Unchanged: 
 Data sizes:     COMRAM   BANK0   BANK1   BANK2   BANK3   BANK4   BANK5   BANK6   BANK7   BANK8   BANK9  BANK10  BANK11  BANK12  BANK13
      Params:         0       0       0       0       0       0       0       0       0       0       0       0       0       0       0
      Locals:         0       0       0       0       0       0       0       0       0       0       0       0       0       0       0
      Temps:          0       0       0       0       0       0       0       0       0       0       0       0       0       0       0
      Totals:         0       0       0       0       0       0       0       0       0       0       0       0       0       0       0
Total ram usage:        0 bytes
 Hardware stack levels used:    1
 Hardware stack levels required when called:    6
 This function calls:
		_init_UART
		_init_dist_sensor
		_init_num_pad
		_initialisation_LCD
 This function is called by:
		_main
 This function uses a non-reentrant model


 *************** function _initialisation_LCD *****************
 Defined at:
		line 149 in file "LCD_SPI.c"
 Parameters:    Size  Location     Type
		None
 Auto vars:     Size  Location     Type
		None
 Return value:  Size  Location     Type
                  1    wreg      void 
 Registers used:
		wreg, status,2, status,0, cstack
 Tracked objects:
		On entry : 
		On exit  : 
		Unchanged: 
 Data sizes:     COMRAM   BANK0   BANK1   BANK2   BANK3   BANK4   BANK5   BANK6   BANK7   BANK8   BANK9  BANK10  BANK11  BANK12  BANK13
      Params:         0       0       0       0       0       0       0       0       0       0       0       0       0       0       0
      Locals:         0       0       0       0       0       0       0       0       0       0       0       0       0       0       0
      Temps:          0       0       0       0       0       0       0       0       0       0       0       0       0       0       0
      Totals:         0       0       0       0       0       0       0       0       0       0       0       0       0       0       0
Total ram usage:        0 bytes
 Hardware stack levels used:    1
 Hardware stack levels required when called:    5
 This function calls:
		_clearDisplay
		_displayCtrl
		_initialisation_PORT
		_initialisation_SPI
 This function is called by:
		_init_all
 This function uses a non-reentrant model


 *************** function _initialisation_SPI *****************
 Defined at:
		line 112 in file "LCD_SPI.c"
 Parameters:    Size  Location     Type
		None
 Auto vars:     Size  Location     Type
		None
 Return value:  Size  Location     Type
                  1    wreg      void 
 Registers used:
		wreg, status,2, status,0
 Tracked objects:
		On entry : 
		On exit  : 
		Unchanged: 
 Data sizes:     COMRAM   BANK0   BANK1   BANK2   BANK3   BANK4   BANK5   BANK6   BANK7   BANK8   BANK9  BANK10  BANK11  BANK12  BANK13
      Params:         0       0       0       0       0       0       0       0       0       0       0       0       0       0       0
      Locals:         0       0       0       0       0       0       0       0       0       0       0       0       0       0       0
      Temps:          0       0       0       0       0       0       0       0       0       0       0       0       0       0       0
      Totals:         0       0       0       0       0       0       0       0       0       0       0       0       0       0       0
Total ram usage:        0 bytes
 Hardware stack levels used:    1
 Hardware stack levels required when called:    2
 This function calls:
		Nothing
 This function is called by:
		_initialisation_LCD
 This function uses a non-reentrant model


 *************** function _initialisation_PORT *****************
 Defined at:
		line 134 in file "LCD_SPI.c"
 Parameters:    Size  Location     Type
		None
 Auto vars:     Size  Location     Type
		None
 Return value:  Size  Location     Type
                  1    wreg      void 
 Registers used:
		wreg, status,2, status,0
 Tracked objects:
		On entry : 
		On exit  : 
		Unchanged: 
 Data sizes:     COMRAM   BANK0   BANK1   BANK2   BANK3   BANK4   BANK5   BANK6   BANK7   BANK8   BANK9  BANK10  BANK11  BANK12  BANK13
      Params:         0       0       0       0       0       0       0       0       0       0       0       0       0       0       0
      Locals:         0       0       0       0       0       0       0       0       0       0       0       0       0       0       0
      Temps:          1       0       0       0       0       0       0       0       0       0       0       0       0       0       0
      Totals:         1       0       0       0       0       0       0       0       0       0       0       0       0       0       0
Total ram usage:        1 bytes
 Hardware stack levels used:    1
 Hardware stack levels required when called:    2
 This function calls:
		Nothing
 This function is called by:
		_initialisation_LCD
 This function uses a non-reentrant model


 *************** function _displayCtrl *****************
 Defined at:
		line 30 in file "LCD_SPI.c"
 Parameters:    Size  Location     Type
  display         1    wreg     unsigned char 
  cursor          1    3[COMRAM] unsigned char 
  blink           1    4[COMRAM] unsigned char 
 Auto vars:     Size  Location     Type
  display         1    5[COMRAM] unsigned char 
  BCD             1    6[COMRAM] unsigned char 
 Return value:  Size  Location     Type
                  1    wreg      void 
 Registers used:
		wreg, status,2, status,0, cstack
 Tracked objects:
		On entry : 
		On exit  : 
		Unchanged: 
 Data sizes:     COMRAM   BANK0   BANK1   BANK2   BANK3   BANK4   BANK5   BANK6   BANK7   BANK8   BANK9  BANK10  BANK11  BANK12  BANK13
      Params:         2       0       0       0       0       0       0       0       0       0       0       0       0       0       0
      Locals:         2       0       0       0       0       0       0       0       0       0       0       0       0       0       0
      Temps:          0       0       0       0       0       0       0       0       0       0       0       0       0       0       0
      Totals:         4       0       0       0       0       0       0       0       0       0       0       0       0       0       0
Total ram usage:        4 bytes
 Hardware stack levels used:    1
 Hardware stack levels required when called:    4
 This function calls:
		_readBusyFlag
		_spi_Send_Read
 This function is called by:
		_initialisation_LCD
 This function uses a non-reentrant model


 *************** function _init_num_pad *****************
 Defined at:
		line 12 in file "num_pad.c"
 Parameters:    Size  Location     Type
		None
 Auto vars:     Size  Location     Type
		None
 Return value:  Size  Location     Type
                  1    wreg      void 
 Registers used:
		wreg, status,2
 Tracked objects:
		On entry : 
		On exit  : 
		Unchanged: 
 Data sizes:     COMRAM   BANK0   BANK1   BANK2   BANK3   BANK4   BANK5   BANK6   BANK7   BANK8   BANK9  BANK10  BANK11  BANK12  BANK13
      Params:         0       0       0       0       0       0       0       0       0       0       0       0       0       0       0
      Locals:         0       0       0       0       0       0       0       0       0       0       0       0       0       0       0
      Temps:          0       0       0       0       0       0       0       0       0       0       0       0       0       0       0
      Totals:         0       0       0       0       0       0       0       0       0       0       0       0       0       0       0
Total ram usage:        0 bytes
 Hardware stack levels used:    1
 Hardware stack levels required when called:    2
 This function calls:
		Nothing
 This function is called by:
		_init_all
 This function uses a non-reentrant model


 *************** function _init_dist_sensor *****************
 Defined at:
		line 12 in file "HC-SR04.c"
 Parameters:    Size  Location     Type
		None
 Auto vars:     Size  Location     Type
		None
 Return value:  Size  Location     Type
                  1    wreg      void 
 Registers used:
		wreg, status,2, cstack
 Tracked objects:
		On entry : 
		On exit  : 
		Unchanged: 
 Data sizes:     COMRAM   BANK0   BANK1   BANK2   BANK3   BANK4   BANK5   BANK6   BANK7   BANK8   BANK9  BANK10  BANK11  BANK12  BANK13
      Params:         0       0       0       0       0       0       0       0       0       0       0       0       0       0       0
      Locals:         0       0       0       0       0       0       0       0       0       0       0       0       0       0       0
      Temps:          0       0       0       0       0       0       0       0       0       0       0       0       0       0       0
      Totals:         0       0       0       0       0       0       0       0       0       0       0       0       0       0       0
Total ram usage:        0 bytes
 Hardware stack levels used:    1
 Hardware stack levels required when called:    3
 This function calls:
		_init_timer_1
 This function is called by:
		_init_all
 This function uses a non-reentrant model


 *************** function _init_timer_1 *****************
 Defined at:
		line 25 in file "HC-SR04.c"
 Parameters:    Size  Location     Type
		None
 Auto vars:     Size  Location     Type
		None
 Return value:  Size  Location     Type
                  1    wreg      void 
 Registers used:
		wreg, status,2
 Tracked objects:
		On entry : 
		On exit  : 
		Unchanged: 
 Data sizes:     COMRAM   BANK0   BANK1   BANK2   BANK3   BANK4   BANK5   BANK6   BANK7   BANK8   BANK9  BANK10  BANK11  BANK12  BANK13
      Params:         0       0       0       0       0       0       0       0       0       0       0       0       0       0       0
      Locals:         0       0       0       0       0       0       0       0       0       0       0       0       0       0       0
      Temps:          0       0       0       0       0       0       0       0       0       0       0       0       0       0       0
      Totals:         0       0       0       0       0       0       0       0       0       0       0       0       0       0       0
Total ram usage:        0 bytes
 Hardware stack levels used:    1
 Hardware stack levels required when called:    2
 This function calls:
		Nothing
 This function is called by:
		_init_dist_sensor
 This function uses a non-reentrant model


 *************** function _init_UART *****************
 Defined at:
		line 30 in file "UART_MAX.c"
 Parameters:    Size  Location     Type
		None
 Auto vars:     Size  Location     Type
		None
 Return value:  Size  Location     Type
                  1    wreg      void 
 Registers used:
		wreg, status,2, cstack
 Tracked objects:
		On entry : 
		On exit  : 
		Unchanged: 
 Data sizes:     COMRAM   BANK0   BANK1   BANK2   BANK3   BANK4   BANK5   BANK6   BANK7   BANK8   BANK9  BANK10  BANK11  BANK12  BANK13
      Params:         0       0       0       0       0       0       0       0       0       0       0       0       0       0       0
      Locals:         0       0       0       0       0       0       0       0       0       0       0       0       0       0       0
      Temps:          0       0       0       0       0       0       0       0       0       0       0       0       0       0       0
      Totals:         0       0       0       0       0       0       0       0       0       0       0       0       0       0       0
Total ram usage:        0 bytes
 Hardware stack levels used:    1
 Hardware stack levels required when called:    3
 This function calls:
		_SetupClock
 This function is called by:
		_init_all
 This function uses a non-reentrant model


 *************** function _SetupClock *****************
 Defined at:
		line 13 in file "UART_MAX.c"
 Parameters:    Size  Location     Type
		None
 Auto vars:     Size  Location     Type
		None
 Return value:  Size  Location     Type
                  1    wreg      void 
 Registers used:
		None
 Tracked objects:
		On entry : 
		On exit  : 
		Unchanged: 
 Data sizes:     COMRAM   BANK0   BANK1   BANK2   BANK3   BANK4   BANK5   BANK6   BANK7   BANK8   BANK9  BANK10  BANK11  BANK12  BANK13
      Params:         0       0       0       0       0       0       0       0       0       0       0       0       0       0       0
      Locals:         0       0       0       0       0       0       0       0       0       0       0       0       0       0       0
      Temps:          0       0       0       0       0       0       0       0       0       0       0       0       0       0       0
      Totals:         0       0       0       0       0       0       0       0       0       0       0       0       0       0       0
Total ram usage:        0 bytes
 Hardware stack levels used:    1
 Hardware stack levels required when called:    2
 This function calls:
		Nothing
 This function is called by:
		_init_UART
 This function uses a non-reentrant model


 *************** function _calc_distance_mm *****************
 Defined at:
		line 48 in file "HC-SR04.c"
 Parameters:    Size  Location     Type
		None
 Auto vars:     Size  Location     Type
  a               2   79[COMRAM] int 
 Return value:  Size  Location     Type
                  1    wreg      void 
 Registers used:
		wreg, fsr0l, fsr0h, status,2, status,0, tblptrl, tblptrh, tblptru, prodl, prodh, cstack
 Tracked objects:
		On entry : 
		On exit  : 
		Unchanged: 
 Data sizes:     COMRAM   BANK0   BANK1   BANK2   BANK3   BANK4   BANK5   BANK6   BANK7   BANK8   BANK9  BANK10  BANK11  BANK12  BANK13
      Params:         0       0       0       0       0       0       0       0       0       0       0       0       0       0       0
      Locals:         2       0       0       0       0       0       0       0       0       0       0       0       0       0       0
      Temps:          4       0       0       0       0       0       0       0       0       0       0       0       0       0       0
      Totals:         6       0       0       0       0       0       0       0       0       0       0       0       0       0       0
Total ram usage:        6 bytes
 Hardware stack levels used:    1
 Hardware stack levels required when called:    6
 This function calls:
		_Trigger_Pulse_10us
		___awdiv
		___awmod
		___fldiv
		___flmul
		___fltol
		___xxtofl
		_clearDisplay
		_moveCursor
		_putStringLCD
		_putchLCD
 This function is called by:
		_main
 This function uses a non-reentrant model


 *************** function _putStringLCD *****************
 Defined at:
		line 48 in file "LCD_SPI.c"
 Parameters:    Size  Location     Type
  input           2    5[COMRAM] PTR const unsigned char 
		 -> calc_distance_mm@OoR(12), calc_distance_mm@cm(3), calc_distance_mm@dist(11), putNumberLCD@stringAffichage(2), 
		 -> STR_2(2), STR_1(21), menu1@menu3(21), menu1@menu2(22), 
		 -> menu1@menu1(20), str_read_dist(20), 
 Auto vars:     Size  Location     Type
  i               2    9[COMRAM] int 
 Return value:  Size  Location     Type
                  1    wreg      void 
 Registers used:
		wreg, fsr0l, fsr0h, status,2, status,0, tblptrl, tblptrh, tblptru, cstack
 Tracked objects:
		On entry : 
		On exit  : 
		Unchanged: 
 Data sizes:     COMRAM   BANK0   BANK1   BANK2   BANK3   BANK4   BANK5   BANK6   BANK7   BANK8   BANK9  BANK10  BANK11  BANK12  BANK13
      Params:         2       0       0       0       0       0       0       0       0       0       0       0       0       0       0
      Locals:         2       0       0       0       0       0       0       0       0       0       0       0       0       0       0
      Temps:          2       0       0       0       0       0       0       0       0       0       0       0       0       0       0
      Totals:         6       0       0       0       0       0       0       0       0       0       0       0       0       0       0
Total ram usage:        6 bytes
 Hardware stack levels used:    1
 Hardware stack levels required when called:    5
 This function calls:
		_putchLCD
 This function is called by:
		_main
		_menu1
		_calc_distance_mm
		_clearRow
		_putNumberLCD
 This function uses a non-reentrant model


 *************** function _putchLCD *****************
 Defined at:
		line 57 in file "LCD_SPI.c"
 Parameters:    Size  Location     Type
  input           1    wreg     unsigned char 
 Auto vars:     Size  Location     Type
  input           1    4[COMRAM] unsigned char 
 Return value:  Size  Location     Type
                  1    wreg      void 
 Registers used:
		wreg, status,2, status,0, cstack
 Tracked objects:
		On entry : 
		On exit  : 
		Unchanged: 
 Data sizes:     COMRAM   BANK0   BANK1   BANK2   BANK3   BANK4   BANK5   BANK6   BANK7   BANK8   BANK9  BANK10  BANK11  BANK12  BANK13
      Params:         0       0       0       0       0       0       0       0       0       0       0       0       0       0       0
      Locals:         1       0       0       0       0       0       0       0       0       0       0       0       0       0       0
      Temps:          0       0       0       0       0       0       0       0       0       0       0       0       0       0       0
      Totals:         1       0       0       0       0       0       0       0       0       0       0       0       0       0       0
Total ram usage:        1 bytes
 Hardware stack levels used:    1
 Hardware stack levels required when called:    4
 This function calls:
		_fliplr
		_readBusyFlag
		_spi_Send_Read
 This function is called by:
		_main
		_putStringLCD
		_calc_distance_mm
 This function uses a non-reentrant model


 *************** function _moveCursor *****************
 Defined at:
		line 78 in file "LCD_SPI.c"
 Parameters:    Size  Location     Type
  row             2    4[COMRAM] int 
  col             2    6[COMRAM] int 
 Auto vars:     Size  Location     Type
  address         1    8[COMRAM] unsigned char 
 Return value:  Size  Location     Type
                  1    wreg      void 
 Registers used:
		wreg, status,2, status,0, prodl, prodh, cstack
 Tracked objects:
		On entry : 
		On exit  : 
		Unchanged: 
 Data sizes:     COMRAM   BANK0   BANK1   BANK2   BANK3   BANK4   BANK5   BANK6   BANK7   BANK8   BANK9  BANK10  BANK11  BANK12  BANK13
      Params:         4       0       0       0       0       0       0       0       0       0       0       0       0       0       0
      Locals:         1       0       0       0       0       0       0       0       0       0       0       0       0       0       0
      Temps:          0       0       0       0       0       0       0       0       0       0       0       0       0       0       0
      Totals:         5       0       0       0       0       0       0       0       0       0       0       0       0       0       0
Total ram usage:        5 bytes
 Hardware stack levels used:    1
 Hardware stack levels required when called:    4
 This function calls:
		_fliplr
		_readBusyFlag
		_spi_Send_Read
 This function is called by:
		_menu1
		_calc_distance_mm
		_clearRow
 This function uses a non-reentrant model


 *************** function _fliplr *****************
 Defined at:
		line 69 in file "LCD_SPI.c"
 Parameters:    Size  Location     Type
  input           1    wreg     unsigned char 
 Auto vars:     Size  Location     Type
  input           1    3[COMRAM] unsigned char 
 Return value:  Size  Location     Type
                  1    wreg      unsigned char 
 Registers used:
		wreg, status,2, status,0
 Tracked objects:
		On entry : 
		On exit  : 
		Unchanged: 
 Data sizes:     COMRAM   BANK0   BANK1   BANK2   BANK3   BANK4   BANK5   BANK6   BANK7   BANK8   BANK9  BANK10  BANK11  BANK12  BANK13
      Params:         0       0       0       0       0       0       0       0       0       0       0       0       0       0       0
      Locals:         1       0       0       0       0       0       0       0       0       0       0       0       0       0       0
      Temps:          2       0       0       0       0       0       0       0       0       0       0       0       0       0       0
      Totals:         3       0       0       0       0       0       0       0       0       0       0       0       0       0       0
Total ram usage:        3 bytes
 Hardware stack levels used:    1
 Hardware stack levels required when called:    2
 This function calls:
		Nothing
 This function is called by:
		_putchLCD
		_moveCursor
 This function uses a non-reentrant model


 *************** function _clearDisplay *****************
 Defined at:
		line 18 in file "LCD_SPI.c"
 Parameters:    Size  Location     Type
		None
 Auto vars:     Size  Location     Type
		None
 Return value:  Size  Location     Type
                  1    wreg      void 
 Registers used:
		wreg, status,2, status,0, cstack
 Tracked objects:
		On entry : 
		On exit  : 
		Unchanged: 
 Data sizes:     COMRAM   BANK0   BANK1   BANK2   BANK3   BANK4   BANK5   BANK6   BANK7   BANK8   BANK9  BANK10  BANK11  BANK12  BANK13
      Params:         0       0       0       0       0       0       0       0       0       0       0       0       0       0       0
      Locals:         0       0       0       0       0       0       0       0       0       0       0       0       0       0       0
      Temps:          0       0       0       0       0       0       0       0       0       0       0       0       0       0       0
      Totals:         0       0       0       0       0       0       0       0       0       0       0       0       0       0       0
Total ram usage:        0 bytes
 Hardware stack levels used:    1
 Hardware stack levels required when called:    4
 This function calls:
		_readBusyFlag
		_spi_Send_Read
 This function is called by:
		_main
		_menu1
		_initialisation_LCD
		_calc_distance_mm
 This function uses a non-reentrant model


 *************** function _readBusyFlag *****************
 Defined at:
		line 93 in file "LCD_SPI.c"
 Parameters:    Size  Location     Type
		None
 Auto vars:     Size  Location     Type
  retValue        1    2[COMRAM] unsigned char 
 Return value:  Size  Location     Type
                  1    wreg      unsigned char 
 Registers used:
		wreg, status,2, status,0, cstack
 Tracked objects:
		On entry : 
		On exit  : 
		Unchanged: 
 Data sizes:     COMRAM   BANK0   BANK1   BANK2   BANK3   BANK4   BANK5   BANK6   BANK7   BANK8   BANK9  BANK10  BANK11  BANK12  BANK13
      Params:         0       0       0       0       0       0       0       0       0       0       0       0       0       0       0
      Locals:         1       0       0       0       0       0       0       0       0       0       0       0       0       0       0
      Temps:          0       0       0       0       0       0       0       0       0       0       0       0       0       0       0
      Totals:         1       0       0       0       0       0       0       0       0       0       0       0       0       0       0
Total ram usage:        1 bytes
 Hardware stack levels used:    1
 Hardware stack levels required when called:    3
 This function calls:
		_spi_Send_Read
 This function is called by:
		_clearDisplay
		_displayCtrl
		_putchLCD
		_moveCursor
 This function uses a non-reentrant model


 *************** function _spi_Send_Read *****************
 Defined at:
		line 11 in file "LCD_SPI.c"
 Parameters:    Size  Location     Type
  byte            1    wreg     unsigned char 
 Auto vars:     Size  Location     Type
  byte            1    1[COMRAM] unsigned char 
 Return value:  Size  Location     Type
                  1    wreg      unsigned char 
 Registers used:
		wreg, status,2
 Tracked objects:
		On entry : 
		On exit  : 
		Unchanged: 
 Data sizes:     COMRAM   BANK0   BANK1   BANK2   BANK3   BANK4   BANK5   BANK6   BANK7   BANK8   BANK9  BANK10  BANK11  BANK12  BANK13
      Params:         0       0       0       0       0       0       0       0       0       0       0       0       0       0       0
      Locals:         1       0       0       0       0       0       0       0       0       0       0       0       0       0       0
      Temps:          0       0       0       0       0       0       0       0       0       0       0       0       0       0       0
      Totals:         1       0       0       0       0       0       0       0       0       0       0       0       0       0       0
Total ram usage:        1 bytes
 Hardware stack levels used:    1
 Hardware stack levels required when called:    2
 This function calls:
		Nothing
 This function is called by:
		_clearDisplay
		_displayCtrl
		_putchLCD
		_moveCursor
		_readBusyFlag
 This function uses a non-reentrant model


 *************** function ___xxtofl *****************
 Defined at:
		line 10 in file "C:\Program Files (x86)\Microchip\xc8\v2.00\pic\sources\c99\common\xxtofl.c"
 Parameters:    Size  Location     Type
  sign            1    wreg     unsigned char 
  val             4    1[COMRAM] long 
 Auto vars:     Size  Location     Type
  sign            1    9[COMRAM] unsigned char 
  arg             4   11[COMRAM] unsigned long 
  exp             1   10[COMRAM] unsigned char 
 Return value:  Size  Location     Type
                  4    1[COMRAM] unsigned char 
 Registers used:
		wreg, status,2, status,0
 Tracked objects:
		On entry : 
		On exit  : 
		Unchanged: 
 Data sizes:     COMRAM   BANK0   BANK1   BANK2   BANK3   BANK4   BANK5   BANK6   BANK7   BANK8   BANK9  BANK10  BANK11  BANK12  BANK13
      Params:         4       0       0       0       0       0       0       0       0       0       0       0       0       0       0
      Locals:         6       0       0       0       0       0       0       0       0       0       0       0       0       0       0
      Temps:          4       0       0       0       0       0       0       0       0       0       0       0       0       0       0
      Totals:        14       0       0       0       0       0       0       0       0       0       0       0       0       0       0
Total ram usage:       14 bytes
 Hardware stack levels used:    1
 Hardware stack levels required when called:    2
 This function calls:
		Nothing
 This function is called by:
		_calc_distance_mm
 This function uses a non-reentrant model


 *************** function ___fltol *****************
 Defined at:
		line 43 in file "C:\Program Files (x86)\Microchip\xc8\v2.00\pic\sources\c99\common\fltol.c"
 Parameters:    Size  Location     Type
  f1              4   65[COMRAM] unsigned char 
 Auto vars:     Size  Location     Type
  exp1            1   74[COMRAM] unsigned char 
  sign1           1   73[COMRAM] unsigned char 
 Return value:  Size  Location     Type
                  4   65[COMRAM] long 
 Registers used:
		wreg, status,2, status,0
 Tracked objects:
		On entry : 
		On exit  : 
		Unchanged: 
 Data sizes:     COMRAM   BANK0   BANK1   BANK2   BANK3   BANK4   BANK5   BANK6   BANK7   BANK8   BANK9  BANK10  BANK11  BANK12  BANK13
      Params:         4       0       0       0       0       0       0       0       0       0       0       0       0       0       0
      Locals:         2       0       0       0       0       0       0       0       0       0       0       0       0       0       0
      Temps:          4       0       0       0       0       0       0       0       0       0       0       0       0       0       0
      Totals:        10       0       0       0       0       0       0       0       0       0       0       0       0       0       0
Total ram usage:       10 bytes
 Hardware stack levels used:    1
 Hardware stack levels required when called:    2
 This function calls:
		Nothing
 This function is called by:
		_calc_distance_mm
 This function uses a non-reentrant model


 *************** function ___flmul *****************
 Defined at:
		line 8 in file "C:\Program Files (x86)\Microchip\xc8\v2.00\pic\sources\c99\common\sprcmul.c"
 Parameters:    Size  Location     Type
  b               4   15[COMRAM] long 
  a               4   19[COMRAM] long 
 Auto vars:     Size  Location     Type
  prod            4   34[COMRAM] struct .
  grs             4   28[COMRAM] unsigned long 
  temp            2   38[COMRAM] struct .
  bexp            1   33[COMRAM] unsigned char 
  aexp            1   32[COMRAM] unsigned char 
  sign            1   27[COMRAM] unsigned char 
 Return value:  Size  Location     Type
                  4   15[COMRAM] unsigned char 
 Registers used:
		wreg, status,2, status,0, prodl, prodh
 Tracked objects:
		On entry : 
		On exit  : 
		Unchanged: 
 Data sizes:     COMRAM   BANK0   BANK1   BANK2   BANK3   BANK4   BANK5   BANK6   BANK7   BANK8   BANK9  BANK10  BANK11  BANK12  BANK13
      Params:         8       0       0       0       0       0       0       0       0       0       0       0       0       0       0
      Locals:        13       0       0       0       0       0       0       0       0       0       0       0       0       0       0
      Temps:          4       0       0       0       0       0       0       0       0       0       0       0       0       0       0
      Totals:        25       0       0       0       0       0       0       0       0       0       0       0       0       0       0
Total ram usage:       25 bytes
 Hardware stack levels used:    1
 Hardware stack levels required when called:    2
 This function calls:
		Nothing
 This function is called by:
		_calc_distance_mm
 This function uses a non-reentrant model


 *************** function ___fldiv *****************
 Defined at:
		line 11 in file "C:\Program Files (x86)\Microchip\xc8\v2.00\pic\sources\c99\common\sprcdiv.c"
 Parameters:    Size  Location     Type
  b               4   40[COMRAM] unsigned char 
  a               4   44[COMRAM] unsigned char 
 Auto vars:     Size  Location     Type
  grs             4   59[COMRAM] unsigned long 
  rem             4   52[COMRAM] unsigned long 
  new_exp         2   57[COMRAM] short 
  aexp            1   64[COMRAM] unsigned char 
  bexp            1   63[COMRAM] unsigned char 
  sign            1   56[COMRAM] unsigned char 
 Return value:  Size  Location     Type
                  4   40[COMRAM] unsigned char 
 Registers used:
		wreg, status,2, status,0
 Tracked objects:
		On entry : 
		On exit  : 
		Unchanged: 
 Data sizes:     COMRAM   BANK0   BANK1   BANK2   BANK3   BANK4   BANK5   BANK6   BANK7   BANK8   BANK9  BANK10  BANK11  BANK12  BANK13
      Params:         8       0       0       0       0       0       0       0       0       0       0       0       0       0       0
      Locals:        13       0       0       0       0       0       0       0       0       0       0       0       0       0       0
      Temps:          4       0       0       0       0       0       0       0       0       0       0       0       0       0       0
      Totals:        25       0       0       0       0       0       0       0       0       0       0       0       0       0       0
Total ram usage:       25 bytes
 Hardware stack levels used:    1
 Hardware stack levels required when called:    2
 This function calls:
		Nothing
 This function is called by:
		_calc_distance_mm
 This function uses a non-reentrant model


 *************** function ___awmod *****************
 Defined at:
		line 7 in file "C:\Program Files (x86)\Microchip\xc8\v2.00\pic\sources\c99\common\awmod.c"
 Parameters:    Size  Location     Type
  dividend        2    1[COMRAM] int 
  divisor         2    3[COMRAM] int 
 Auto vars:     Size  Location     Type
  sign            1    6[COMRAM] unsigned char 
  counter         1    5[COMRAM] unsigned char 
 Return value:  Size  Location     Type
                  2    1[COMRAM] int 
 Registers used:
		wreg, status,2, status,0
 Tracked objects:
		On entry : 
		On exit  : 
		Unchanged: 
 Data sizes:     COMRAM   BANK0   BANK1   BANK2   BANK3   BANK4   BANK5   BANK6   BANK7   BANK8   BANK9  BANK10  BANK11  BANK12  BANK13
      Params:         4       0       0       0       0       0       0       0       0       0       0       0       0       0       0
      Locals:         2       0       0       0       0       0       0       0       0       0       0       0       0       0       0
      Temps:          0       0       0       0       0       0       0       0       0       0       0       0       0       0       0
      Totals:         6       0       0       0       0       0       0       0       0       0       0       0       0       0       0
Total ram usage:        6 bytes
 Hardware stack levels used:    1
 Hardware stack levels required when called:    2
 This function calls:
		Nothing
 This function is called by:
		_calc_distance_mm
 This function uses a non-reentrant model


 *************** function ___awdiv *****************
 Defined at:
		line 7 in file "C:\Program Files (x86)\Microchip\xc8\v2.00\pic\sources\c99\common\awdiv.c"
 Parameters:    Size  Location     Type
  dividend        2    1[COMRAM] int 
  divisor         2    3[COMRAM] int 
 Auto vars:     Size  Location     Type
  quotient        2    7[COMRAM] int 
  sign            1    6[COMRAM] unsigned char 
  counter         1    5[COMRAM] unsigned char 
 Return value:  Size  Location     Type
                  2    1[COMRAM] int 
 Registers used:
		wreg, status,2, status,0
 Tracked objects:
		On entry : 
		On exit  : 
		Unchanged: 
 Data sizes:     COMRAM   BANK0   BANK1   BANK2   BANK3   BANK4   BANK5   BANK6   BANK7   BANK8   BANK9  BANK10  BANK11  BANK12  BANK13
      Params:         4       0       0       0       0       0       0       0       0       0       0       0       0       0       0
      Locals:         4       0       0       0       0       0       0       0       0       0       0       0       0       0       0
      Temps:          0       0       0       0       0       0       0       0       0       0       0       0       0       0       0
      Totals:         8       0       0       0       0       0       0       0       0       0       0       0       0       0       0
Total ram usage:        8 bytes
 Hardware stack levels used:    1
 Hardware stack levels required when called:    2
 This function calls:
		Nothing
 This function is called by:
		_calc_distance_mm
		_putNumberLCD
 This function uses a non-reentrant model


 *************** function _Trigger_Pulse_10us *****************
 Defined at:
		line 40 in file "HC-SR04.c"
 Parameters:    Size  Location     Type
		None
 Auto vars:     Size  Location     Type
		None
 Return value:  Size  Location     Type
                  1    wreg      void 
 Registers used:
		wreg
 Tracked objects:
		On entry : 
		On exit  : 
		Unchanged: 
 Data sizes:     COMRAM   BANK0   BANK1   BANK2   BANK3   BANK4   BANK5   BANK6   BANK7   BANK8   BANK9  BANK10  BANK11  BANK12  BANK13
      Params:         0       0       0       0       0       0       0       0       0       0       0       0       0       0       0
      Locals:         0       0       0       0       0       0       0       0       0       0       0       0       0       0       0
      Temps:          0       0       0       0       0       0       0       0       0       0       0       0       0       0       0
      Totals:         0       0       0       0       0       0       0       0       0       0       0       0       0       0       0
Total ram usage:        0 bytes
 Hardware stack levels used:    1
 Hardware stack levels required when called:    2
 This function calls:
		Nothing
 This function is called by:
		_calc_distance_mm
 This function uses a non-reentrant model


 *************** function _Serial_interrupt *****************
 Defined at:
		line 129 in file "main.c"
 Parameters:    Size  Location     Type
		None
 Auto vars:     Size  Location     Type
		None
 Return value:  Size  Location     Type
                  1    wreg      void 
 Registers used:
		wreg, status,2, status,0, cstack
 Tracked objects:
		On entry : 
		On exit  : 
		Unchanged: 
 Data sizes:     COMRAM   BANK0   BANK1   BANK2   BANK3   BANK4   BANK5   BANK6   BANK7   BANK8   BANK9  BANK10  BANK11  BANK12  BANK13
      Params:         0       0       0       0       0       0       0       0       0       0       0       0       0       0       0
      Locals:         0       0       0       0       0       0       0       0       0       0       0       0       0       0       0
      Temps:          0       0       0       0       0       0       0       0       0       0       0       0       0       0       0
      Totals:         0       0       0       0       0       0       0       0       0       0       0       0       0       0       0
Total ram usage:        0 bytes
 Hardware stack levels used:    1
 Hardware stack levels required when called:    1
 This function calls:
		_check
 This function is called by:
		Interrupt level 2
 This function uses a non-reentrant model


 *************** function _check *****************
 Defined at:
		line 135 in file "main.c"
 Parameters:    Size  Location     Type
  input           1    wreg     unsigned char 
 Auto vars:     Size  Location     Type
  input           1    0[COMRAM] unsigned char 
 Return value:  Size  Location     Type
                  1    wreg      unsigned char 
 Registers used:
		wreg, status,2, status,0
 Tracked objects:
		On entry : 
		On exit  : 
		Unchanged: 
 Data sizes:     COMRAM   BANK0   BANK1   BANK2   BANK3   BANK4   BANK5   BANK6   BANK7   BANK8   BANK9  BANK10  BANK11  BANK12  BANK13
      Params:         0       0       0       0       0       0       0       0       0       0       0       0       0       0       0
      Locals:         1       0       0       0       0       0       0       0       0       0       0       0       0       0       0
      Temps:          0       0       0       0       0       0       0       0       0       0       0       0       0       0       0
      Totals:         1       0       0       0       0       0       0       0       0       0       0       0       0       0       0
Total ram usage:        1 bytes
 Hardware stack levels used:    1
 This function calls:
		Nothing
 This function is called by:
		_Serial_interrupt
 This function uses a non-reentrant model



MODULE INFORMATION

Module		Function		Class		Link	Load	Size
UART_MAX.c
		_init_UART     		CODE           	2820	0000	65
		_SetupClock    		CODE           	2974	0000	9

UART_MAX.c estimated size: 74

C:\Program Files (x86)\Microchip\xc8\v2.00\pic\sources\c99\common\sprcmul.c
		___flmul       		CODE           	1358	0000	1135

C:\Program Files (x86)\Microchip\xc8\v2.00\pic\sources\c99\common\sprcmul.c estimated size: 1135

num_pad.c
		_init_num_pad  		CODE           	2958	0000	15
		_read_pad      		CODE           	0EA2	0000	1207

num_pad.c estimated size: 1222

C:\Program Files (x86)\Microchip\xc8\v2.00\pic\sources\c99\common\sprcdiv.c
		___fldiv       		CODE           	17C6	0000	1057

C:\Program Files (x86)\Microchip\xc8\v2.00\pic\sources\c99\common\sprcdiv.c estimated size: 1057

C:\Program Files (x86)\Microchip\xc8\v2.00\pic\sources\c99\common\xxtofl.c
		___xxtofl      		CODE           	1E9C	0000	477

C:\Program Files (x86)\Microchip\xc8\v2.00\pic\sources\c99\common\xxtofl.c estimated size: 477

C:\Program Files (x86)\Microchip\xc8\v2.00\pic\sources\c99\common\awmod.c
		___awmod       		CODE           	23E8	0000	217

C:\Program Files (x86)\Microchip\xc8\v2.00\pic\sources\c99\common\awmod.c estimated size: 217

LCD_SPI.c
		_readBusyFlag  		CODE           	28DE	0000	31
		_displayCtrl   		CODE           	26AC	0000	87
		_initialisation_SPI		CODE           	2894	0000	45
		_spi_Send_Read 		CODE           	28FC	0000	31
		_putStringLCD  		CODE           	254E	0000	139
		_putchLCD      		CODE           	279E	0000	67
		_fliplr        		CODE           	2702	0000	87
		_clearDisplay  		CODE           	2860	0000	53
		_moveCursor    		CODE           	25D8	0000	111
		_initialisation_LCD		CODE           	291A	0000	29
		_initialisation_PORT		CODE           	27E0	0000	65

LCD_SPI.c estimated size: 745

HC-SR04.c
		_Trigger_Pulse_10us		CODE           	2966	0000	15
		_init_dist_sensor		CODE           	2948	0000	17
		_calc_distance_mm		CODE           	1BE6	0000	695
		_init_timer_1  		CODE           	28C0	0000	31

HC-SR04.c estimated size: 758

C:\Program Files (x86)\Microchip\xc8\v2.00\pic\sources\c99\common\awdiv.c
		___awdiv       		CODE           	22FC	0000	237

C:\Program Files (x86)\Microchip\xc8\v2.00\pic\sources\c99\common\awdiv.c estimated size: 237

shared
		_total_dist    		SMALLCONST     	0E12	0000	11
		_str_read_dist 		SMALLCONST     	0E5B	0000	21
		calc_distance_mm@dist		SMALLCONST     	0E7B	0000	12
		__initialization		CODE           	2758	0000	57
		calc_distance_mm@cm		SMALLCONST     	0E86	0000	4
		_str           		SMALLCONST     	0E01	0000	18
		menu1@menu1    		SMALLCONST     	0E47	0000	21
		menu1@menu2    		SMALLCONST     	0E1C	0000	23
		menu1@menu3    		SMALLCONST     	0E32	0000	22
		calc_distance_mm@OoR		SMALLCONST     	0E6F	0000	13

shared estimated size: 202

C:\Program Files (x86)\Microchip\xc8\v2.00\pic\sources\c99\common\fltol.c
		___fltol       		CODE           	2078	0000	339

C:\Program Files (x86)\Microchip\xc8\v2.00\pic\sources\c99\common\fltol.c estimated size: 339

main.c
		_init_all      		CODE           	2936	0000	19
		_main          		CODE           	21CA	0000	307
		_Serial_interrupt		CODE           	0008	0000	37
		_check         		CODE           	24C0	0000	143
		_menu1         		CODE           	2646	0000	103

main.c estimated size: 609

