Microchip MPLAB XC8 Compiler V2.00 ()

Linker command line:

-W-3 --edf=C:\Program Files (x86)\Microchip\xc8\v2.00\pic\dat\en_msgs.txt \
  -cs -h+dist/default/production\PIC18F67J94.X.production.sym \
  --cmf=dist/default/production\PIC18F67J94.X.production.cmf -z -Q18F67J94 \
  -oC:\Users\laure\AppData\Local\Temp\shc0.2 --defsym=__MPLAB_BUILD=1 \
  -Mdist/default/production/PIC18F67J94.X.production.map -E1 -ver=XC8 \
  --acfsm=1493 -ASTACK=0128h-0df9h -pstack=STACK -ACODE=00h-01FFEFh \
  -ACONST=00h-01FFEFh -ASMALLCONST=0E00h-0EFFhx497,01FF00h-01FFEFh \
  -AMEDIUMCONST=0E00h-0FFFFh,010E00h-01FFEFh -ACOMRAM=01h-05Fh \
  -AABS1=00h-0DF9h -ABIGRAM=01h-0DF9h \
  -ARAM=060h-0FFh,0100h-01FFhx12,0D00h-0DF9h -ABANK0=060h-0FFh \
  -ABANK1=0100h-01FFh -ABANK2=0200h-02FFh -ABANK3=0300h-03FFh \
  -ABANK4=0400h-04FFh -ABANK5=0500h-05FFh -ABANK6=0600h-06FFh \
  -ABANK7=0700h-07FFh -ABANK8=0800h-08FFh -ABANK9=0900h-09FFh \
  -ABANK10=0A00h-0AFFh -ABANK11=0B00h-0BFFh -ABANK12=0C00h-0CFFh \
  -ABANK13=0D00h-0DF9h \
  -ASFR=0DFAh-0DFFh,0E00h-0EFFh,0F00h-0F5Fh,0F60h-0FFFh \
  -preset_vec=00h,intcode=08h,intcodelo,powerup,init -pramtop=0E00h \
  -psmallconst=SMALLCONST -pmediumconst=MEDIUMCONST -pconst=CONST \
  -AFARRAM=00h-00h -ACONFIG=01FFF0h-01FFFFh -pconfig=CONFIG \
  -pjflash_buffer=01FBF8h \
  -prdata=COMRAM,nvrram=COMRAM,nvbit=COMRAM,rbss=COMRAM,rbit=COMRAM \
  -pfarbss=FARRAM,fardata=FARRAM,nvFARRAM=FARRAM \
  -pintsave_regs=BIGRAM,bigbss=BIGRAM,bigdata=BIGRAM -pbss=RAM \
  -pidata=CODE,irdata=CODE,ibigdata=CODE,ifardata=CODE -prparam=COMRAM \
  C:\Users\laure\AppData\Local\Temp\shc0.o \
  dist/default/production\PIC18F67J94.X.production.o 

Object code version is 3.11

Machine type is 18F67J94

Call graph: (short form)




                Name                               Link     Load   Length Selector   Space Scale
C:\Users\laure\AppData\Local\Temp\shc0.o
                init                                 30       30        4        4       0
                reset_vec                             0        0        4        0       0
                config                            1FFF0    1FFF0       10    1FFF0       0
dist/default/production\PIC18F67J94.X.production.o
                intcode                               8        8       28        4       0
                temp                                 5D       5D        1        1       1
                smallconst                          E00      E00       D0      700       0
                text38                             3576     3576       8E      768       0
                text36                             3B54     3B54       1E      768       0
                text35                             3B36     3B36       1E      768       0
                text34                             3A6E     3A6E       34      768       0
                text33                             3830     3830       56      768       0
                text32                             3706     3706       6E      768       0
                text31                             396C     396C       42      768       0
                text30                             3604     3604       8A      768       0
                text29                             368E     368E       78      768       0
                text28                             38D8     38D8       4C      768       0
                text27                             256A     256A      420      768       0
                text26                             20FC     20FC      46E      768       0
                text25                             310C     310C      152      768       0
                text24                             2C2A     2C2A      1DC      768       0
                text23                             2E06     2E06      192      768       0
                text22                             3AF8     3AF8       20      768       0
                text21                             3886     3886       52      768       0
                text20                             16C2     16C2      584      768       0
                text19                             3A2E     3A2E       40      768       0
                text18                              ED0      ED0      7F2      768       0
                text17                             298A     298A      2A0      768       0
                text16                             33AE     33AE       EC      768       0
                text15                             3ACE     3ACE       2A      768       0
                text14                             2F98     2F98      174      768       0
                text13                             349A     349A       DC      768       0
                text12                             3BC0     3BC0        8      768       0
                text11                             39EE     39EE       40      768       0
                text10                             3B18     3B18       1E      768       0
                text9                              3BA0     3BA0       12      768       0
                text8                              3BB2     3BB2        E      768       0
                text7                              37DA     37DA       56      768       0
                text6                              39AE     39AE       40      768       0
                text5                              3AA2     3AA2       2C      768       0
                text4                              3B72     3B72       1C      768       0
                text3                              3B8E     3B8E       12      768       0
                text2                              3774     3774       66      768       0
                text1                              1C46     1C46      4B6      768       0
                text0                              325E     325E      150      768       0
                cstackCOMRAM                          1        1       5B        1       1
                cstackBANK0                          60       60       54       60       1
                bssBANK1                            100      100       28      100       1
                dataBANK0                            E4       E4        4       60       1
                bssBANK0                             B4       B4       30       60       1
                bssCOMRAM                            5C       5C        1        1       1
                cinit                              3924     3924       48      768       0
                idataBANK0                         3BC8     3BC8        4      768       0

TOTAL           Name                               Link     Load   Length     Space
        CLASS   STACK          

        CLASS   CODE           
                intcode                               8        8       28         0
                init                                 30       30        4         0
                reset_vec                             0        0        4         0
                text38                             3576     3576       8E         0
                text36                             3B54     3B54       1E         0
                text35                             3B36     3B36       1E         0
                text34                             3A6E     3A6E       34         0
                text33                             3830     3830       56         0
                text32                             3706     3706       6E         0
                text31                             396C     396C       42         0
                text30                             3604     3604       8A         0
                text29                             368E     368E       78         0
                text28                             38D8     38D8       4C         0
                text27                             256A     256A      420         0
                text26                             20FC     20FC      46E         0
                text25                             310C     310C      152         0
                text24                             2C2A     2C2A      1DC         0
                text23                             2E06     2E06      192         0
                text22                             3AF8     3AF8       20         0
                text21                             3886     3886       52         0
                text20                             16C2     16C2      584         0
                text19                             3A2E     3A2E       40         0
                text18                              ED0      ED0      7F2         0
                text17                             298A     298A      2A0         0
                text16                             33AE     33AE       EC         0
                text15                             3ACE     3ACE       2A         0
                text14                             2F98     2F98      174         0
                text13                             349A     349A       DC         0
                text12                             3BC0     3BC0        8         0
                text11                             39EE     39EE       40         0
                text10                             3B18     3B18       1E         0
                text9                              3BA0     3BA0       12         0
                text8                              3BB2     3BB2        E         0
                text7                              37DA     37DA       56         0
                text6                              39AE     39AE       40         0
                text5                              3AA2     3AA2       2C         0
                text4                              3B72     3B72       1C         0
                text3                              3B8E     3B8E       12         0
                text2                              3774     3774       66         0
                text1                              1C46     1C46      4B6         0
                text0                              325E     325E      150         0
                cinit                              3924     3924       48         0
                idataBANK0                         3BC8     3BC8        4         0

        CLASS   CONST          

        CLASS   SMALLCONST     
                smallconst                          E00      E00       D0         0

        CLASS   MEDIUMCONST    

        CLASS   COMRAM         
                temp                                 5D       5D        1         1
                cstackCOMRAM                          1        1       5B         1
                bssCOMRAM                            5C       5C        1         1

        CLASS   ABS1           

        CLASS   BIGRAM         

        CLASS   RAM            

        CLASS   BANK0          
                cstackBANK0                          60       60       54         1
                dataBANK0                            E4       E4        4         1
                bssBANK0                             B4       B4       30         1

        CLASS   BANK1          
                bssBANK1                            100      100       28         1

        CLASS   BANK2          

        CLASS   BANK3          

        CLASS   BANK4          

        CLASS   BANK5          

        CLASS   BANK6          

        CLASS   BANK7          

        CLASS   BANK8          

        CLASS   BANK9          

        CLASS   BANK10         

        CLASS   BANK11         

        CLASS   BANK12         

        CLASS   BANK13         

        CLASS   SFR            

        CLASS   FARRAM         

        CLASS   CONFIG         
                config                            1FFF0    1FFF0       10         0

        CLASS   IDLOC          



SEGMENTS        Name                           Load    Length   Top    Selector   Space  Class

                reset_vec                      000000  000004  000004         0       0  CODE    
                cstackCOMRAM                   000001  00005D  00005E         1       1  COMRAM  
                intcode                        000008  00002C  000034         4       0  CODE    
                cstackBANK0                    000060  000088  0000E8        60       1  BANK0   
                bssBANK1                       000100  000028  000128       100       1  BANK1   
                smallconst                     000E00  0000D0  000ED0       700       0  SMALLCON
                text18                         000ED0  002CFC  003BCC       768       0  CODE    
                config                         01FFF0  000010  020000     1FFF0       0  CONFIG  


UNUSED ADDRESS RANGES

        Name                Unused          Largest block    Delta
        BANK0            000E8-000FF              18
        BANK1            00128-001FF              D8
        BANK10           00A00-00AFF             100
        BANK11           00B00-00BFF             100
        BANK12           00C00-00CFF             100
        BANK13           00D00-00DF9              FA
        BANK2            00200-002FF             100
        BANK3            00300-003FF             100
        BANK4            00400-004FF             100
        BANK5            00500-005FF             100
        BANK6            00600-006FF             100
        BANK7            00700-007FF             100
        BANK8            00800-008FF             100
        BANK9            00900-009FF             100
        BIGRAM           0005E-0005F               2
                         000E8-000FF              18
                         00128-00DF9             CD2
        CODE             00004-00007               4
                         00034-00DFF             DCC
                         03BCC-1FFEF           1C424
        COMRAM           0005E-0005F               2
        CONST            00004-00007               4
                         00034-00DFF             DCC
                         03BCC-1FFEF           1C424
        MEDIUMCONST      03BCC-0FFFF            C434
                         10E00-1FFEF            F1F0
        RAM              000E8-000FF              18
                         00128-00DF9             100
        SFR              00DFA-00FFF             100
        SMALLCONST       03BCC-1FFEF             100
        STACK            00128-00DF9             CD2

                                  Symbol Table

?___awdiv                       cstackCOMRAM  00002
?___fladd                       cstackCOMRAM  00042
?___fldiv                       cstackCOMRAM  00029
?___flmul                       cstackCOMRAM  00010
?___flneg                       cstackCOMRAM  00002
?___fltol                       cstackCOMRAM  00042
?___wmul                        cstackCOMRAM  00002
?___xxtofl                      cstackCOMRAM  00002
?_calc_distance_mm              cstackCOMRAM  0004C
?_get_temp                      cstackCOMRAM  0005A
?_logf                          cstackCOMRAM  00056
Delay@i                         cstackCOMRAM  00002
Trigger_Pulse_10us@channel      cstackCOMRAM  00002
_ADCBUF0                        (abs)         00FC2
_ADCON1Hbits                    (abs)         00FC1
_ADCON1Lbits                    (abs)         00FC0
_ADCON2Lbits                    (abs)         00E8C
_ADCON3Hbits                    (abs)         00E8B
_ANCON1bits                     (abs)         00E47
_BAUDCONbits                    (abs)         00F67
_Delay                          text21        03886
_Distance                       bssBANK0      000C8
_DistanceEau                    bssBANK0      000D0
_DistanceLait                   bssBANK0      000CE
_Distance_mm_int                bssBANK0      000D8
_INTCON2bits                    (abs)         00FF1
_INTCONbits                     (abs)         00FF2
_LATDbits                       (abs)         00F8C
_LATEbits                       (abs)         00F8D
_Lg1                            smallconst    00E3F
_Lg2                            smallconst    00E3B
_Lg3                            smallconst    00E37
_Lg4                            smallconst    00E33
_OSCCON                         (abs)         00FD3
_OSCCON2bits                    (abs)         00F66
_OSCCONbits                     (abs)         00FD3
_PIE1bits                       (abs)         00F9D
_PORTBbits                      (abs)         00F81
_PORTDbits                      (abs)         00F83
_PORTEbits                      (abs)         00F84
_RC1IF                          (abs)         07CF5
_RCONbits                       (abs)         00FD0
_RCREG1                         (abs)         00FAE
_RCSTA1bits                     (abs)         00FAB
_RCSTAbits                      (abs)         00FAB
_RPINR0_1bits                   (abs)         00E2A
_RPINR12_13                     (abs)         00E30
_RPOR22_23                      (abs)         00E1D
_RPOR24_25                      (abs)         00E1E
_RPOR26_27bits                  (abs)         00E1F
_RT                             bssBANK0      000C4
_SPBRGH                         (abs)         00F30
_SSP2BUF                        (abs)         00F03
_SSP2CON1                       (abs)         00F19
_SSP2CON3                       (abs)         00F39
_SSP2STAT                       (abs)         00F1A
_SSP2STATbits                   (abs)         00F1A
_Serial_interrupt               intcode       00008
_SetupClock                     text12        03BC0
_T0                             bssBANK0      000B8
_T1CKPS0                        (abs)         07E6C
_T1CKPS1                        (abs)         07E6D
_T1CONbits                      (abs)         00FCD
_TMR1                           (abs)         00FCE
_TMR1H                          (abs)         00FCF
_TMR1L                          (abs)         00FCE
_TRISBbits                      (abs)         00F93
_TRISCbits                      (abs)         00F94
_TRISDbits                      (abs)         00F95
_TRISE                          (abs)         00F96
_TX                             bssBANK0      000BC
_TXREG1                         (abs)         00FAD
_TXSTA1bits                     (abs)         00FAC
_TXSTAbits                      (abs)         00FAC
_TempEau                        bssBANK0      000D4
_TempLait                       bssBANK0      000D2
_Time                           bssBANK0      000D6
_Total_distance                 bssBANK1      00100
_Trigger_Pulse_10us             text28        038D8
_VR                             bssBANK0      000C0
_VRT                            bssBANK0      000DC
_WPUBbits                       (abs)         00F62
__CFG_BOREN$ON                  (abs)         00000
__CFG_BORV$                     (abs)         00003
__CFG_CP0$OFF                   (abs)         00000
__CFG_FOSC$FRC                  (abs)         00000
__CFG_IESO$OFF                  (abs)         00000
__CFG_PLLDIV$                   (abs)         00000
__CFG_STVREN$ON                 (abs)         00000
__CFG_WDTPS$32768               (abs)         00000
__CFG_XINST$OFF                 (abs)         00000
__HRAM                          (abs)         00000
__Habs1                         abs1          00000
__Hbank0                        bank0         00000
__Hbank1                        bank1         00000
__Hbank10                       bank10        00000
__Hbank11                       bank11        00000
__Hbank12                       bank12        00000
__Hbank13                       bank13        00000
__Hbank2                        bank2         00000
__Hbank3                        bank3         00000
__Hbank4                        bank4         00000
__Hbank5                        bank5         00000
__Hbank6                        bank6         00000
__Hbank7                        bank7         00000
__Hbank8                        bank8         00000
__Hbank9                        bank9         00000
__Hbigbss                       bigbss        00000
__Hbigdata                      bigdata       00000
__Hbigram                       bigram        00000
__Hbss                          bss           00000
__HbssBANK0                     bssBANK0      00000
__HbssBANK1                     bssBANK1      00000
__HbssCOMRAM                    bssCOMRAM     00000
__Hcinit                        cinit         00000
__Hclrtext                      clrtext       00000
__Hcomram                       comram        00000
__Hconfig                       config        20000
__Hconst                        const         00000
__HcstackBANK0                  cstackBANK0   00000
__HcstackCOMRAM                 cstackCOMRAM  00000
__Hdata                         data          00000
__HdataBANK0                    dataBANK0     00000
__Hfarbss                       farbss        00000
__Hfardata                      fardata       00000
__Hibigdata                     ibigdata      00000
__Hidata                        idata         00000
__HidataBANK0                   idataBANK0    00000
__Hidloc                        idloc         00000
__Hifardata                     ifardata      00000
__Hinit                         init          00034
__Hintcode                      intcode       00030
__Hintcode_body                 intcode_body  00000
__Hintcodelo                    intcodelo     00030
__Hintentry                     intentry      00000
__Hintret                       intret        00000
__Hintsave_regs                 intsave_regs  00000
__Hirdata                       irdata        00000
__Hjflash_buffer                jflash_buffer 1FBF8
__Hmediumconst                  mediumconst   00000
__HnvFARRAM                     nvFARRAM      00000
__Hnvbit                        nvbit         00000
__Hnvrram                       nvrram        00000
__Hparam                        rparam        00000
__Hpowerup                      powerup       00030
__Hram                          ram           00000
__Hramtop                       ramtop        00E00
__Hrbit                         rbit          00000
__Hrbss                         rbss          00000
__Hrdata                        rdata         00000
__Hreset_vec                    reset_vec     00004
__Hrparam                       rparam        00000
__Hsfr                          sfr           00000
__Hsmallconst                   smallconst    00ED0
__Hspace_0                      (abs)         20000
__Hspace_1                      (abs)         00128
__Hspace_2                      (abs)         00000
__Hstack                        stack         00000
__Hstruct                       struct        00000
__Htemp                         temp          0005E
__Htext                         text          00000
__Htext0                        text0         00000
__Htext1                        text1         00000
__Htext10                       text10        00000
__Htext11                       text11        00000
__Htext12                       text12        00000
__Htext13                       text13        00000
__Htext14                       text14        00000
__Htext15                       text15        00000
__Htext16                       text16        00000
__Htext17                       text17        00000
__Htext18                       text18        00000
__Htext19                       text19        00000
__Htext2                        text2         00000
__Htext20                       text20        00000
__Htext21                       text21        00000
__Htext22                       text22        00000
__Htext23                       text23        00000
__Htext24                       text24        00000
__Htext25                       text25        00000
__Htext26                       text26        00000
__Htext27                       text27        00000
__Htext28                       text28        00000
__Htext29                       text29        00000
__Htext3                        text3         00000
__Htext30                       text30        00000
__Htext31                       text31        00000
__Htext32                       text32        00000
__Htext33                       text33        00000
__Htext34                       text34        00000
__Htext35                       text35        00000
__Htext36                       text36        00000
__Htext38                       text38        00000
__Htext4                        text4         00000
__Htext5                        text5         00000
__Htext6                        text6         00000
__Htext7                        text7         00000
__Htext8                        text8         00000
__Htext9                        text9         00000
__LRAM                          (abs)         00001
__Labs1                         abs1          00000
__Lbank0                        bank0         00000
__Lbank1                        bank1         00000
__Lbank10                       bank10        00000
__Lbank11                       bank11        00000
__Lbank12                       bank12        00000
__Lbank13                       bank13        00000
__Lbank2                        bank2         00000
__Lbank3                        bank3         00000
__Lbank4                        bank4         00000
__Lbank5                        bank5         00000
__Lbank6                        bank6         00000
__Lbank7                        bank7         00000
__Lbank8                        bank8         00000
__Lbank9                        bank9         00000
__Lbigbss                       bigbss        00000
__Lbigdata                      bigdata       00000
__Lbigram                       bigram        00000
__Lbss                          bss           00000
__LbssBANK0                     bssBANK0      00000
__LbssBANK1                     bssBANK1      00000
__LbssCOMRAM                    bssCOMRAM     00000
__Lcinit                        cinit         00000
__Lclrtext                      clrtext       00000
__Lcomram                       comram        00000
__Lconfig                       config        1FFF0
__Lconst                        const         00000
__LcstackBANK0                  cstackBANK0   00000
__LcstackCOMRAM                 cstackCOMRAM  00000
__Ldata                         data          00000
__LdataBANK0                    dataBANK0     00000
__Lfarbss                       farbss        00000
__Lfardata                      fardata       00000
__Libigdata                     ibigdata      00000
__Lidata                        idata         00000
__LidataBANK0                   idataBANK0    00000
__Lidloc                        idloc         00000
__Lifardata                     ifardata      00000
__Linit                         init          00030
__Lintcode                      intcode       00008
__Lintcode_body                 intcode_body  00000
__Lintcodelo                    intcodelo     00030
__Lintentry                     intentry      00000
__Lintret                       intret        00000
__Lintsave_regs                 intsave_regs  00000
__Lirdata                       irdata        00000
__Ljflash_buffer                jflash_buffer 1FBF8
__Lmediumconst                  mediumconst   00000
__LnvFARRAM                     nvFARRAM      00000
__Lnvbit                        nvbit         00000
__Lnvrram                       nvrram        00000
__Lparam                        rparam        00000
__Lpowerup                      powerup       00030
__Lram                          ram           00000
__Lramtop                       ramtop        00E00
__Lrbit                         rbit          00000
__Lrbss                         rbss          00000
__Lrdata                        rdata         00000
__Lreset_vec                    reset_vec     00000
__Lrparam                       rparam        00000
__Lsfr                          sfr           00000
__Lsmallconst                   smallconst    00E00
__Lspace_0                      (abs)         00000
__Lspace_1                      (abs)         00000
__Lspace_2                      (abs)         00000
__Lstack                        stack         00000
__Lstruct                       struct        00000
__Ltemp                         temp          0005D
__Ltext                         text          00000
__Ltext0                        text0         00000
__Ltext1                        text1         00000
__Ltext10                       text10        00000
__Ltext11                       text11        00000
__Ltext12                       text12        00000
__Ltext13                       text13        00000
__Ltext14                       text14        00000
__Ltext15                       text15        00000
__Ltext16                       text16        00000
__Ltext17                       text17        00000
__Ltext18                       text18        00000
__Ltext19                       text19        00000
__Ltext2                        text2         00000
__Ltext20                       text20        00000
__Ltext21                       text21        00000
__Ltext22                       text22        00000
__Ltext23                       text23        00000
__Ltext24                       text24        00000
__Ltext25                       text25        00000
__Ltext26                       text26        00000
__Ltext27                       text27        00000
__Ltext28                       text28        00000
__Ltext29                       text29        00000
__Ltext3                        text3         00000
__Ltext30                       text30        00000
__Ltext31                       text31        00000
__Ltext32                       text32        00000
__Ltext33                       text33        00000
__Ltext34                       text34        00000
__Ltext35                       text35        00000
__Ltext36                       text36        00000
__Ltext38                       text38        00000
__Ltext4                        text4         00000
__Ltext5                        text5         00000
__Ltext6                        text6         00000
__Ltext7                        text7         00000
__Ltext8                        text8         00000
__Ltext9                        text9         00000
__S0                            (abs)         20000
__S1                            (abs)         00128
__S2                            (abs)         00000
___awdiv                        text16        033AE
___awdiv@counter                cstackCOMRAM  00006
___awdiv@dividend               cstackCOMRAM  00002
___awdiv@divisor                cstackCOMRAM  00004
___awdiv@quotient               cstackCOMRAM  00008
___awdiv@sign                   cstackCOMRAM  00007
___fladd                        text20        016C2
___fladd@a                      cstackCOMRAM  00046
___fladd@aexp                   cstackCOMRAM  00053
___fladd@b                      cstackCOMRAM  00042
___fladd@bexp                   cstackCOMRAM  00054
___fladd@grs                    cstackCOMRAM  00055
___fladd@signs                  cstackCOMRAM  00052
___fldiv                        text27        0256A
___fldiv@a                      cstackCOMRAM  0002D
___fldiv@aexp                   cstackCOMRAM  00041
___fldiv@b                      cstackCOMRAM  00029
___fldiv@bexp                   cstackCOMRAM  00040
___fldiv@grs                    cstackCOMRAM  0003C
___fldiv@new_exp                cstackCOMRAM  0003A
___fldiv@rem                    cstackCOMRAM  00035
___fldiv@sign                   cstackCOMRAM  00039
___flmul                        text26        020FC
___flmul@a                      cstackCOMRAM  00014
___flmul@aexp                   cstackCOMRAM  00021
___flmul@b                      cstackCOMRAM  00010
___flmul@bexp                   cstackCOMRAM  00022
___flmul@grs                    cstackCOMRAM  0001D
___flmul@prod                   cstackCOMRAM  00023
___flmul@sign                   cstackCOMRAM  0001C
___flmul@temp                   cstackCOMRAM  00027
___flneg                        text19        03A2E
___flneg@f1                     cstackCOMRAM  00002
___fltol                        text25        0310C
___fltol@exp1                   cstackCOMRAM  0004B
___fltol@f1                     cstackCOMRAM  00042
___fltol@sign1                  cstackCOMRAM  0004A
___inthi_sp                     stack         00000
___intlo_sp                     stack         00000
___param_bank                   (abs)         00000
___rparam_used                  (abs)         00001
___sp                           stack         00000
___wmul                         text15        03ACE
___wmul@multiplicand            cstackCOMRAM  00004
___wmul@multiplier              cstackCOMRAM  00002
___wmul@product                 cstackCOMRAM  00006
___xxtofl                       text24        02C2A
___xxtofl@arg                   cstackCOMRAM  0000C
___xxtofl@exp                   cstackCOMRAM  0000B
___xxtofl@sign                  cstackCOMRAM  0000A
___xxtofl@val                   cstackCOMRAM  00002
__accesstop                     (abs)         00060
__activetblptr                  (abs)         00002
__end_of_Delay                  text21        038D8
__end_of_Lg1                    smallconst    00E43
__end_of_Lg2                    smallconst    00E3F
__end_of_Lg3                    smallconst    00E3B
__end_of_Lg4                    smallconst    00E37
__end_of_Serial_interrupt       intcode       00030
__end_of_SetupClock             text12        03BC8
__end_of_Trigger_Pulse_10us     text28        03924
__end_of___awdiv                text16        0349A
__end_of___fladd                text20        01C46
__end_of___fldiv                text27        0298A
__end_of___flmul                text26        0256A
__end_of___flneg                text19        03A6E
__end_of___fltol                text25        0325E
__end_of___wmul                 text15        03AF8
__end_of___xxtofl               text24        02E06
__end_of__initialization        cinit         0395E
__end_of_avertissement          text29        03706
__end_of_calc_distance_mm       text23        02F98
__end_of_chauffe_eau            text22        03B18
__end_of_check                  text38        03604
__end_of_clearDisplay           text34        03AA2
__end_of_displayCtrl            text7         03830
__end_of_fliplr                 text33        03886
__end_of_get_ready_for_coffee   text13        03576
__end_of_get_temp               text17        02C2A
__end_of_init_UART              text11        03A2E
__end_of_init_all               text3         03BA0
__end_of_init_dist_sensor       text9         03BB2
__end_of_init_num_pad           text8         03BC0
__end_of_init_timer_1           text10        03B36
__end_of_initialisation_LCD     text4         03B8E
__end_of_initialisation_PORT    text6         039EE
__end_of_initialisation_SPI     text5         03ACE
__end_of_ln2_hi                 smallconst    00E4B
__end_of_ln2_lo                 smallconst    00E47
__end_of_logf                   text18        016C2
__end_of_main                   text0         033AE
__end_of_menu1                  text2         037DA
__end_of_moveCursor             text32        03774
__end_of_putNumberLCD           text14        0310C
__end_of_putStringLCD           text30        0368E
__end_of_putchLCD               text31        039AE
__end_of_readBusyFlag           text35        03B54
__end_of_read_pad               text1         020FC
__end_of_spi_Send_Read          text36        03B72
__end_of_str                    smallconst    00E12
__end_of_str_read_dist          smallconst    00EA1
__end_of_total_dist             smallconst    00E33
__end_ofavertissement@avert1    smallconst    00EB8
__end_ofavertissement@vert1_194 smallconst    00EAE
__end_ofcalc_distance_mm@OoR    smallconst    00E1E
__end_ofcalc_distance_mm@cm     smallconst    00E4E
__end_ofcalc_distance_mm@dist   smallconst    00E29
__end_ofmenu1@menu1             smallconst    00E8D
__end_ofmenu1@menu2             smallconst    00E64
__end_ofmenu1@menu3             smallconst    00E79
__initialization                cinit         03924
__mediumconst                   mediumconst   00000
__pbssBANK0                     bssBANK0      000B4
__pbssBANK1                     bssBANK1      00100
__pbssCOMRAM                    bssCOMRAM     0005C
__pcinit                        cinit         03924
__pcstackBANK0                  cstackBANK0   00060
__pcstackCOMRAM                 cstackCOMRAM  00001
__pdataBANK0                    dataBANK0     000E4
__pidataBANK0                   idataBANK0    03BC8
__pintcode                      intcode       00008
__psmallconst                   smallconst    00E00
__ptext0                        text0         0325E
__ptext1                        text1         01C46
__ptext10                       text10        03B18
__ptext11                       text11        039EE
__ptext12                       text12        03BC0
__ptext13                       text13        0349A
__ptext14                       text14        02F98
__ptext15                       text15        03ACE
__ptext16                       text16        033AE
__ptext17                       text17        0298A
__ptext18                       text18        00ED0
__ptext19                       text19        03A2E
__ptext2                        text2         03774
__ptext20                       text20        016C2
__ptext21                       text21        03886
__ptext22                       text22        03AF8
__ptext23                       text23        02E06
__ptext24                       text24        02C2A
__ptext25                       text25        0310C
__ptext26                       text26        020FC
__ptext27                       text27        0256A
__ptext28                       text28        038D8
__ptext29                       text29        0368E
__ptext3                        text3         03B8E
__ptext30                       text30        03604
__ptext31                       text31        0396C
__ptext32                       text32        03706
__ptext33                       text33        03830
__ptext34                       text34        03A6E
__ptext35                       text35        03B36
__ptext36                       text36        03B54
__ptext38                       text38        03576
__ptext4                        text4         03B72
__ptext5                        text5         03AA2
__ptext6                        text6         039AE
__ptext7                        text7         037DA
__ptext8                        text8         03BB2
__ptext9                        text9         03BA0
__ramtop                        ramtop        00E00
__size_of_Delay                 (abs)         00000
__size_of_Serial_interrupt      (abs)         00000
__size_of_SetupClock            (abs)         00000
__size_of_Trigger_Pulse_10us    (abs)         00000
__size_of___awdiv               (abs)         00000
__size_of___fladd               (abs)         00000
__size_of___fldiv               (abs)         00000
__size_of___flmul               (abs)         00000
__size_of___flneg               (abs)         00000
__size_of___fltol               (abs)         00000
__size_of___wmul                (abs)         00000
__size_of___xxtofl              (abs)         00000
__size_of_avertissement         (abs)         00000
__size_of_calc_distance_mm      (abs)         00000
__size_of_chauffe_eau           (abs)         00000
__size_of_check                 (abs)         00000
__size_of_clearDisplay          (abs)         00000
__size_of_displayCtrl           (abs)         00000
__size_of_fliplr                (abs)         00000
__size_of_get_ready_for_coffee  (abs)         00000
__size_of_get_temp              (abs)         00000
__size_of_init_UART             (abs)         00000
__size_of_init_all              (abs)         00000
__size_of_init_dist_sensor      (abs)         00000
__size_of_init_num_pad          (abs)         00000
__size_of_init_timer_1          (abs)         00000
__size_of_initialisation_LCD    (abs)         00000
__size_of_initialisation_PORT   (abs)         00000
__size_of_initialisation_SPI    (abs)         00000
__size_of_logf                  (abs)         00000
__size_of_main                  (abs)         00000
__size_of_menu1                 (abs)         00000
__size_of_moveCursor            (abs)         00000
__size_of_putNumberLCD          (abs)         00000
__size_of_putStringLCD          (abs)         00000
__size_of_putchLCD              (abs)         00000
__size_of_readBusyFlag          (abs)         00000
__size_of_read_pad              (abs)         00000
__size_of_spi_Send_Read         (abs)         00000
__smallconst                    smallconst    00E00
_avertissement                  text29        0368E
_calc_distance_mm               text23        02E06
_chauffe_eau                    text22        03AF8
_check                          text38        03576
_clearDisplay                   text34        03A6E
_displayCtrl                    text7         037DA
_first_run                      dataBANK0     000E4
_fliplr                         text33        03830
_get_ready_for_coffee           text13        0349A
_get_temp                       text17        0298A
_get_temp$2613                  cstackBANK0   000AE
_get_temp$2614                  cstackBANK0   000A8
_i                              bssBANK0      000CC
_init_UART                      text11        039EE
_init_all                       text3         03B8E
_init_dist_sensor               text9         03BA0
_init_num_pad                   text8         03BB2
_init_timer_1                   text10        03B18
_initialisation_LCD             text4         03B72
_initialisation_PORT            text6         039AE
_initialisation_SPI             text5         03AA2
_ln                             bssBANK0      000E0
_ln2_hi                         smallconst    00E47
_ln2_lo                         smallconst    00E43
_logf                           text18        00ED0
_logf$2615                      cstackBANK0   00098
_logf$2616                      cstackBANK0   00072
_logf$2617                      cstackBANK0   00076
_logf$2618                      cstackBANK0   0007A
_logf$2619                      cstackBANK0   0007E
_main                           text0         0325E
_menu1                          text2         03774
_moveCursor                     text32        03706
_number                         dataBANK0     000E6
_out                            bssBANK0      000DB
_pressed_pad                    bssCOMRAM     0005C
_putNumberLCD                   text14        02F98
_putStringLCD                   text30        03604
_putchLCD                       text31        0396C
_readBusyFlag                   text35        03B36
_read_pad                       text1         01C46
_spi_Send_Read                  text36        03B54
_str                            smallconst    00E01
_str_read_dist                  smallconst    00E8D
_sys_state                      bssBANK0      000DA
_total_dist                     smallconst    00E29
avertissement@NumAvertissement  cstackCOMRAM  0000C
avertissement@avert1            smallconst    00EAE
avertissement@vert1_194         smallconst    00EA1
btemp                           temp          0005D
calc_distance_mm@a              cstackCOMRAM  00054
calc_distance_mm@channel        cstackCOMRAM  0004C
calc_distance_mm@retour         cstackCOMRAM  00052
chauffe_eau@etat                cstackCOMRAM  00002
check@input                     cstackCOMRAM  00001
displayCtrl@BCD                 cstackCOMRAM  00007
displayCtrl@blink               cstackCOMRAM  00005
displayCtrl@cursor              cstackCOMRAM  00004
displayCtrl@display             cstackCOMRAM  00006
end_of_initialization           cinit         0395E
fliplr@input                    cstackCOMRAM  00004
get_temp@TempValue              cstackBANK0   000AC
get_temp@channel                cstackCOMRAM  0005A
int$flags                       temp          0005D
intlevel0                       text          00000
intlevel1                       text          00000
intlevel2                       text          00000
intlevel3                       text          00000
logf@F465                       bssBANK0      000B4
logf@R                          cstackBANK0   00066
logf@dk                         cstackBANK0   00088
logf@f                          cstackBANK0   000A0
logf@hfsq                       cstackBANK0   00084
logf@ix                         cstackBANK0   000A4
logf@k                          cstackBANK0   00082
logf@s                          cstackBANK0   0008C
logf@t1                         cstackBANK0   0006A
logf@t2                         cstackBANK0   0006E
logf@u                          cstackBANK0   0009C
logf@w                          cstackBANK0   00094
logf@x                          cstackCOMRAM  00056
logf@z                          cstackBANK0   00090
menu1@menu1                     smallconst    00E79
menu1@menu2                     smallconst    00E4E
menu1@menu3                     smallconst    00E64
moveCursor@address              cstackCOMRAM  00009
moveCursor@col                  cstackCOMRAM  00007
moveCursor@row                  cstackCOMRAM  00005
putNumberLCD@begin              cstackCOMRAM  00010
putNumberLCD@chiffreAffichage   cstackCOMRAM  00018
putNumberLCD@diviseur           cstackCOMRAM  00016
putNumberLCD@i                  cstackCOMRAM  00014
putNumberLCD@number             cstackCOMRAM  0000C
putNumberLCD@signe              cstackCOMRAM  0000E
putNumberLCD@stringAffichage    cstackCOMRAM  00012
putStringLCD@i                  cstackCOMRAM  0000A
putStringLCD@input              cstackCOMRAM  00006
putchLCD@input                  cstackCOMRAM  00005
readBusyFlag@retValue           cstackCOMRAM  00003
read_pad@num_pad_val            cstackCOMRAM  00006
read_pad@pressed                cstackCOMRAM  00004
spi_Send_Read@byte              cstackCOMRAM  00002
stackhi                         (abs)         00DF9
stacklo                         (abs)         00128
start                           init          00030
start_initialization            cinit         03924
ttemp5                          temp          0005E
ttemp6                          temp          00061
ttemp7                          temp          00065
wtemp8                          temp          0005E


FUNCTION INFORMATION:

 *************** function _main *****************
 Defined at:
		line 47 in file "main.c"
 Parameters:    Size  Location     Type
		None
 Auto vars:     Size  Location     Type
		None
 Return value:  Size  Location     Type
                  1    wreg      void 
 Registers used:
		wreg, fsr0l, fsr0h, status,2, status,0, tblptrl, tblptrh, tblptru, prodl, prodh, cstack
 Tracked objects:
		On entry : 
		On exit  : 
		Unchanged: 
 Data sizes:     COMRAM   BANK0   BANK1   BANK2   BANK3   BANK4   BANK5   BANK6   BANK7   BANK8   BANK9  BANK10  BANK11  BANK12  BANK13
      Params:         0       0       0       0       0       0       0       0       0       0       0       0       0       0       0
      Locals:         0       0       0       0       0       0       0       0       0       0       0       0       0       0       0
      Temps:          0       2       0       0       0       0       0       0       0       0       0       0       0       0       0
      Totals:         0       2       0       0       0       0       0       0       0       0       0       0       0       0       0
Total ram usage:        2 bytes
 Hardware stack levels required when called:    8
 This function calls:
		_calc_distance_mm
		_clearDisplay
		_get_ready_for_coffee
		_init_all
		_menu1
		_putStringLCD
		_putchLCD
		_read_pad
 This function is called by:
		Startup code after reset
 This function uses a non-reentrant model


 *************** function _read_pad *****************
 Defined at:
		line 20 in file "num_pad.c"
 Parameters:    Size  Location     Type
		None
 Auto vars:     Size  Location     Type
  pressed         2    3[COMRAM] int 
  num_pad_val     1    5[COMRAM] unsigned char 
 Return value:  Size  Location     Type
                  1    wreg      unsigned char 
 Registers used:
		wreg, status,2, status,0
 Tracked objects:
		On entry : 
		On exit  : 
		Unchanged: 
 Data sizes:     COMRAM   BANK0   BANK1   BANK2   BANK3   BANK4   BANK5   BANK6   BANK7   BANK8   BANK9  BANK10  BANK11  BANK12  BANK13
      Params:         0       0       0       0       0       0       0       0       0       0       0       0       0       0       0
      Locals:         3       0       0       0       0       0       0       0       0       0       0       0       0       0       0
      Temps:          2       0       0       0       0       0       0       0       0       0       0       0       0       0       0
      Totals:         5       0       0       0       0       0       0       0       0       0       0       0       0       0       0
Total ram usage:        5 bytes
 Hardware stack levels used:    1
 Hardware stack levels required when called:    2
 This function calls:
		Nothing
 This function is called by:
		_main
 This function uses a non-reentrant model


 *************** function _menu1 *****************
 Defined at:
		line 131 in file "main.c"
 Parameters:    Size  Location     Type
		None
 Auto vars:     Size  Location     Type
		None
 Return value:  Size  Location     Type
                  1    wreg      void 
 Registers used:
		wreg, fsr0l, fsr0h, status,2, status,0, tblptrl, tblptrh, tblptru, prodl, prodh, cstack
 Tracked objects:
		On entry : 
		On exit  : 
		Unchanged: 
 Data sizes:     COMRAM   BANK0   BANK1   BANK2   BANK3   BANK4   BANK5   BANK6   BANK7   BANK8   BANK9  BANK10  BANK11  BANK12  BANK13
      Params:         0       0       0       0       0       0       0       0       0       0       0       0       0       0       0
      Locals:         0       0       0       0       0       0       0       0       0       0       0       0       0       0       0
      Temps:          0       0       0       0       0       0       0       0       0       0       0       0       0       0       0
      Totals:         0       0       0       0       0       0       0       0       0       0       0       0       0       0       0
Total ram usage:        0 bytes
 Hardware stack levels used:    1
 Hardware stack levels required when called:    6
 This function calls:
		_clearDisplay
		_moveCursor
		_putStringLCD
 This function is called by:
		_main
 This function uses a non-reentrant model


 *************** function _init_all *****************
 Defined at:
		line 88 in file "main.c"
 Parameters:    Size  Location     Type
		None
 Auto vars:     Size  Location     Type
		None
 Return value:  Size  Location     Type
                  1    wreg      void 
 Registers used:
		wreg, status,2, status,0, cstack
 Tracked objects:
		On entry : 
		On exit  : 
		Unchanged: 
 Data sizes:     COMRAM   BANK0   BANK1   BANK2   BANK3   BANK4   BANK5   BANK6   BANK7   BANK8   BANK9  BANK10  BANK11  BANK12  BANK13
      Params:         0       0       0       0       0       0       0       0       0       0       0       0       0       0       0
      Locals:         0       0       0       0       0       0       0       0       0       0       0       0       0       0       0
      Temps:          0       0       0       0       0       0       0       0       0       0       0       0       0       0       0
      Totals:         0       0       0       0       0       0       0       0       0       0       0       0       0       0       0
Total ram usage:        0 bytes
 Hardware stack levels used:    1
 Hardware stack levels required when called:    6
 This function calls:
		_init_UART
		_init_dist_sensor
		_init_num_pad
		_initialisation_LCD
 This function is called by:
		_main
 This function uses a non-reentrant model


 *************** function _initialisation_LCD *****************
 Defined at:
		line 149 in file "LCD_SPI.c"
 Parameters:    Size  Location     Type
		None
 Auto vars:     Size  Location     Type
		None
 Return value:  Size  Location     Type
                  1    wreg      void 
 Registers used:
		wreg, status,2, status,0, cstack
 Tracked objects:
		On entry : 
		On exit  : 
		Unchanged: 
 Data sizes:     COMRAM   BANK0   BANK1   BANK2   BANK3   BANK4   BANK5   BANK6   BANK7   BANK8   BANK9  BANK10  BANK11  BANK12  BANK13
      Params:         0       0       0       0       0       0       0       0       0       0       0       0       0       0       0
      Locals:         0       0       0       0       0       0       0       0       0       0       0       0       0       0       0
      Temps:          0       0       0       0       0       0       0       0       0       0       0       0       0       0       0
      Totals:         0       0       0       0       0       0       0       0       0       0       0       0       0       0       0
Total ram usage:        0 bytes
 Hardware stack levels used:    1
 Hardware stack levels required when called:    5
 This function calls:
		_clearDisplay
		_displayCtrl
		_initialisation_PORT
		_initialisation_SPI
 This function is called by:
		_init_all
 This function uses a non-reentrant model


 *************** function _initialisation_SPI *****************
 Defined at:
		line 112 in file "LCD_SPI.c"
 Parameters:    Size  Location     Type
		None
 Auto vars:     Size  Location     Type
		None
 Return value:  Size  Location     Type
                  1    wreg      void 
 Registers used:
		wreg, status,2, status,0
 Tracked objects:
		On entry : 
		On exit  : 
		Unchanged: 
 Data sizes:     COMRAM   BANK0   BANK1   BANK2   BANK3   BANK4   BANK5   BANK6   BANK7   BANK8   BANK9  BANK10  BANK11  BANK12  BANK13
      Params:         0       0       0       0       0       0       0       0       0       0       0       0       0       0       0
      Locals:         0       0       0       0       0       0       0       0       0       0       0       0       0       0       0
      Temps:          0       0       0       0       0       0       0       0       0       0       0       0       0       0       0
      Totals:         0       0       0       0       0       0       0       0       0       0       0       0       0       0       0
Total ram usage:        0 bytes
 Hardware stack levels used:    1
 Hardware stack levels required when called:    2
 This function calls:
		Nothing
 This function is called by:
		_initialisation_LCD
 This function uses a non-reentrant model


 *************** function _initialisation_PORT *****************
 Defined at:
		line 134 in file "LCD_SPI.c"
 Parameters:    Size  Location     Type
		None
 Auto vars:     Size  Location     Type
		None
 Return value:  Size  Location     Type
                  1    wreg      void 
 Registers used:
		wreg, status,2, status,0
 Tracked objects:
		On entry : 
		On exit  : 
		Unchanged: 
 Data sizes:     COMRAM   BANK0   BANK1   BANK2   BANK3   BANK4   BANK5   BANK6   BANK7   BANK8   BANK9  BANK10  BANK11  BANK12  BANK13
      Params:         0       0       0       0       0       0       0       0       0       0       0       0       0       0       0
      Locals:         0       0       0       0       0       0       0       0       0       0       0       0       0       0       0
      Temps:          1       0       0       0       0       0       0       0       0       0       0       0       0       0       0
      Totals:         1       0       0       0       0       0       0       0       0       0       0       0       0       0       0
Total ram usage:        1 bytes
 Hardware stack levels used:    1
 Hardware stack levels required when called:    2
 This function calls:
		Nothing
 This function is called by:
		_initialisation_LCD
 This function uses a non-reentrant model


 *************** function _displayCtrl *****************
 Defined at:
		line 30 in file "LCD_SPI.c"
 Parameters:    Size  Location     Type
  display         1    wreg     unsigned char 
  cursor          1    3[COMRAM] unsigned char 
  blink           1    4[COMRAM] unsigned char 
 Auto vars:     Size  Location     Type
  display         1    5[COMRAM] unsigned char 
  BCD             1    6[COMRAM] unsigned char 
 Return value:  Size  Location     Type
                  1    wreg      void 
 Registers used:
		wreg, status,2, status,0, cstack
 Tracked objects:
		On entry : 
		On exit  : 
		Unchanged: 
 Data sizes:     COMRAM   BANK0   BANK1   BANK2   BANK3   BANK4   BANK5   BANK6   BANK7   BANK8   BANK9  BANK10  BANK11  BANK12  BANK13
      Params:         2       0       0       0       0       0       0       0       0       0       0       0       0       0       0
      Locals:         2       0       0       0       0       0       0       0       0       0       0       0       0       0       0
      Temps:          0       0       0       0       0       0       0       0       0       0       0       0       0       0       0
      Totals:         4       0       0       0       0       0       0       0       0       0       0       0       0       0       0
Total ram usage:        4 bytes
 Hardware stack levels used:    1
 Hardware stack levels required when called:    4
 This function calls:
		_readBusyFlag
		_spi_Send_Read
 This function is called by:
		_initialisation_LCD
 This function uses a non-reentrant model


 *************** function _init_num_pad *****************
 Defined at:
		line 12 in file "num_pad.c"
 Parameters:    Size  Location     Type
		None
 Auto vars:     Size  Location     Type
		None
 Return value:  Size  Location     Type
                  1    wreg      void 
 Registers used:
		wreg, status,2
 Tracked objects:
		On entry : 
		On exit  : 
		Unchanged: 
 Data sizes:     COMRAM   BANK0   BANK1   BANK2   BANK3   BANK4   BANK5   BANK6   BANK7   BANK8   BANK9  BANK10  BANK11  BANK12  BANK13
      Params:         0       0       0       0       0       0       0       0       0       0       0       0       0       0       0
      Locals:         0       0       0       0       0       0       0       0       0       0       0       0       0       0       0
      Temps:          0       0       0       0       0       0       0       0       0       0       0       0       0       0       0
      Totals:         0       0       0       0       0       0       0       0       0       0       0       0       0       0       0
Total ram usage:        0 bytes
 Hardware stack levels used:    1
 Hardware stack levels required when called:    2
 This function calls:
		Nothing
 This function is called by:
		_init_all
 This function uses a non-reentrant model


 *************** function _init_dist_sensor *****************
 Defined at:
		line 11 in file "HC-SR04.c"
 Parameters:    Size  Location     Type
		None
 Auto vars:     Size  Location     Type
		None
 Return value:  Size  Location     Type
                  1    wreg      void 
 Registers used:
		wreg, status,2, cstack
 Tracked objects:
		On entry : 
		On exit  : 
		Unchanged: 
 Data sizes:     COMRAM   BANK0   BANK1   BANK2   BANK3   BANK4   BANK5   BANK6   BANK7   BANK8   BANK9  BANK10  BANK11  BANK12  BANK13
      Params:         0       0       0       0       0       0       0       0       0       0       0       0       0       0       0
      Locals:         0       0       0       0       0       0       0       0       0       0       0       0       0       0       0
      Temps:          0       0       0       0       0       0       0       0       0       0       0       0       0       0       0
      Totals:         0       0       0       0       0       0       0       0       0       0       0       0       0       0       0
Total ram usage:        0 bytes
 Hardware stack levels used:    1
 Hardware stack levels required when called:    3
 This function calls:
		_init_timer_1
 This function is called by:
		_init_all
 This function uses a non-reentrant model


 *************** function _init_timer_1 *****************
 Defined at:
		line 25 in file "HC-SR04.c"
 Parameters:    Size  Location     Type
		None
 Auto vars:     Size  Location     Type
		None
 Return value:  Size  Location     Type
                  1    wreg      void 
 Registers used:
		wreg, status,2
 Tracked objects:
		On entry : 
		On exit  : 
		Unchanged: 
 Data sizes:     COMRAM   BANK0   BANK1   BANK2   BANK3   BANK4   BANK5   BANK6   BANK7   BANK8   BANK9  BANK10  BANK11  BANK12  BANK13
      Params:         0       0       0       0       0       0       0       0       0       0       0       0       0       0       0
      Locals:         0       0       0       0       0       0       0       0       0       0       0       0       0       0       0
      Temps:          0       0       0       0       0       0       0       0       0       0       0       0       0       0       0
      Totals:         0       0       0       0       0       0       0       0       0       0       0       0       0       0       0
Total ram usage:        0 bytes
 Hardware stack levels used:    1
 Hardware stack levels required when called:    2
 This function calls:
		Nothing
 This function is called by:
		_init_dist_sensor
 This function uses a non-reentrant model


 *************** function _init_UART *****************
 Defined at:
		line 30 in file "UART_MAX.c"
 Parameters:    Size  Location     Type
		None
 Auto vars:     Size  Location     Type
		None
 Return value:  Size  Location     Type
                  1    wreg      void 
 Registers used:
		wreg, status,2, cstack
 Tracked objects:
		On entry : 
		On exit  : 
		Unchanged: 
 Data sizes:     COMRAM   BANK0   BANK1   BANK2   BANK3   BANK4   BANK5   BANK6   BANK7   BANK8   BANK9  BANK10  BANK11  BANK12  BANK13
      Params:         0       0       0       0       0       0       0       0       0       0       0       0       0       0       0
      Locals:         0       0       0       0       0       0       0       0       0       0       0       0       0       0       0
      Temps:          0       0       0       0       0       0       0       0       0       0       0       0       0       0       0
      Totals:         0       0       0       0       0       0       0       0       0       0       0       0       0       0       0
Total ram usage:        0 bytes
 Hardware stack levels used:    1
 Hardware stack levels required when called:    3
 This function calls:
		_SetupClock
 This function is called by:
		_init_all
 This function uses a non-reentrant model


 *************** function _SetupClock *****************
 Defined at:
		line 13 in file "UART_MAX.c"
 Parameters:    Size  Location     Type
		None
 Auto vars:     Size  Location     Type
		None
 Return value:  Size  Location     Type
                  1    wreg      void 
 Registers used:
		None
 Tracked objects:
		On entry : 
		On exit  : 
		Unchanged: 
 Data sizes:     COMRAM   BANK0   BANK1   BANK2   BANK3   BANK4   BANK5   BANK6   BANK7   BANK8   BANK9  BANK10  BANK11  BANK12  BANK13
      Params:         0       0       0       0       0       0       0       0       0       0       0       0       0       0       0
      Locals:         0       0       0       0       0       0       0       0       0       0       0       0       0       0       0
      Temps:          0       0       0       0       0       0       0       0       0       0       0       0       0       0       0
      Totals:         0       0       0       0       0       0       0       0       0       0       0       0       0       0       0
Total ram usage:        0 bytes
 Hardware stack levels used:    1
 Hardware stack levels required when called:    2
 This function calls:
		Nothing
 This function is called by:
		_init_UART
 This function uses a non-reentrant model


 *************** function _get_ready_for_coffee *****************
 Defined at:
		line 95 in file "main.c"
 Parameters:    Size  Location     Type
		None
 Auto vars:     Size  Location     Type
		None
 Return value:  Size  Location     Type
                  1    wreg      void 
 Registers used:
		wreg, fsr0l, fsr0h, status,2, status,0, tblptrl, tblptrh, tblptru, prodl, prodh, cstack
 Tracked objects:
		On entry : 
		On exit  : 
		Unchanged: 
 Data sizes:     COMRAM   BANK0   BANK1   BANK2   BANK3   BANK4   BANK5   BANK6   BANK7   BANK8   BANK9  BANK10  BANK11  BANK12  BANK13
      Params:         0       0       0       0       0       0       0       0       0       0       0       0       0       0       0
      Locals:         0       0       0       0       0       0       0       0       0       0       0       0       0       0       0
      Temps:          0       0       0       0       0       0       0       0       0       0       0       0       0       0       0
      Totals:         0       0       0       0       0       0       0       0       0       0       0       0       0       0       0
Total ram usage:        0 bytes
 Hardware stack levels used:    1
 Hardware stack levels required when called:    7
 This function calls:
		_avertissement
		_calc_distance_mm
		_chauffe_eau
		_get_temp
		_putNumberLCD
 This function is called by:
		_main
 This function uses a non-reentrant model


 *************** function _putNumberLCD *****************
 Defined at:
		line 164 in file "LCD_SPI.c"
 Parameters:    Size  Location     Type
  number          2   11[COMRAM] int 
 Auto vars:     Size  Location     Type
  chiffreAffic    2   23[COMRAM] int 
  diviseur        2   21[COMRAM] int 
  stringAffich    2   17[COMRAM] unsigned char [2]
  i               2   19[COMRAM] int 
  begin           2   15[COMRAM] int 
  signe           2   13[COMRAM] int 
 Return value:  Size  Location     Type
                  1    wreg      void 
 Registers used:
		wreg, fsr0l, fsr0h, status,2, status,0, tblptrl, tblptrh, tblptru, prodl, prodh, cstack
 Tracked objects:
		On entry : 
		On exit  : 
		Unchanged: 
 Data sizes:     COMRAM   BANK0   BANK1   BANK2   BANK3   BANK4   BANK5   BANK6   BANK7   BANK8   BANK9  BANK10  BANK11  BANK12  BANK13
      Params:         2       0       0       0       0       0       0       0       0       0       0       0       0       0       0
      Locals:        12       0       0       0       0       0       0       0       0       0       0       0       0       0       0
      Temps:          0       0       0       0       0       0       0       0       0       0       0       0       0       0       0
      Totals:        14       0       0       0       0       0       0       0       0       0       0       0       0       0       0
Total ram usage:       14 bytes
 Hardware stack levels used:    1
 Hardware stack levels required when called:    6
 This function calls:
		___awdiv
		___wmul
		_putStringLCD
 This function is called by:
		_get_ready_for_coffee
 This function uses a non-reentrant model


 *************** function ___wmul *****************
 Defined at:
		line 15 in file "C:\Program Files (x86)\Microchip\xc8\v2.00\pic\sources\c99\common\Umul16.c"
 Parameters:    Size  Location     Type
  multiplier      2    1[COMRAM] unsigned int 
  multiplicand    2    3[COMRAM] unsigned int 
 Auto vars:     Size  Location     Type
  product         2    5[COMRAM] unsigned int 
 Return value:  Size  Location     Type
                  2    1[COMRAM] unsigned int 
 Registers used:
		wreg, status,2, status,0, prodl, prodh
 Tracked objects:
		On entry : 
		On exit  : 
		Unchanged: 
 Data sizes:     COMRAM   BANK0   BANK1   BANK2   BANK3   BANK4   BANK5   BANK6   BANK7   BANK8   BANK9  BANK10  BANK11  BANK12  BANK13
      Params:         4       0       0       0       0       0       0       0       0       0       0       0       0       0       0
      Locals:         2       0       0       0       0       0       0       0       0       0       0       0       0       0       0
      Temps:          0       0       0       0       0       0       0       0       0       0       0       0       0       0       0
      Totals:         6       0       0       0       0       0       0       0       0       0       0       0       0       0       0
Total ram usage:        6 bytes
 Hardware stack levels used:    1
 Hardware stack levels required when called:    2
 This function calls:
		Nothing
 This function is called by:
		_putNumberLCD
 This function uses a non-reentrant model


 *************** function ___awdiv *****************
 Defined at:
		line 7 in file "C:\Program Files (x86)\Microchip\xc8\v2.00\pic\sources\c99\common\awdiv.c"
 Parameters:    Size  Location     Type
  dividend        2    1[COMRAM] int 
  divisor         2    3[COMRAM] int 
 Auto vars:     Size  Location     Type
  quotient        2    7[COMRAM] int 
  sign            1    6[COMRAM] unsigned char 
  counter         1    5[COMRAM] unsigned char 
 Return value:  Size  Location     Type
                  2    1[COMRAM] int 
 Registers used:
		wreg, status,2, status,0
 Tracked objects:
		On entry : 
		On exit  : 
		Unchanged: 
 Data sizes:     COMRAM   BANK0   BANK1   BANK2   BANK3   BANK4   BANK5   BANK6   BANK7   BANK8   BANK9  BANK10  BANK11  BANK12  BANK13
      Params:         4       0       0       0       0       0       0       0       0       0       0       0       0       0       0
      Locals:         4       0       0       0       0       0       0       0       0       0       0       0       0       0       0
      Temps:          0       0       0       0       0       0       0       0       0       0       0       0       0       0       0
      Totals:         8       0       0       0       0       0       0       0       0       0       0       0       0       0       0
Total ram usage:        8 bytes
 Hardware stack levels used:    1
 Hardware stack levels required when called:    2
 This function calls:
		Nothing
 This function is called by:
		_putNumberLCD
 This function uses a non-reentrant model


 *************** function _get_temp *****************
 Defined at:
		line 48 in file "temperature.c"
 Parameters:    Size  Location     Type
  channel         2   89[COMRAM] int 
 Auto vars:     Size  Location     Type
  TempValue       2   76[BANK0 ] int 
 Return value:  Size  Location     Type
                  2   89[COMRAM] int 
 Registers used:
		wreg, status,2, status,0, tblptrl, tblptrh, tblptru, prodl, prodh, cstack
 Tracked objects:
		On entry : 
		On exit  : 
		Unchanged: 
 Data sizes:     COMRAM   BANK0   BANK1   BANK2   BANK3   BANK4   BANK5   BANK6   BANK7   BANK8   BANK9  BANK10  BANK11  BANK12  BANK13
      Params:         2       0       0       0       0       0       0       0       0       0       0       0       0       0       0
      Locals:         0      10       0       0       0       0       0       0       0       0       0       0       0       0       0
      Temps:          0       0       0       0       0       0       0       0       0       0       0       0       0       0       0
      Totals:         2      10       0       0       0       0       0       0       0       0       0       0       0       0       0
Total ram usage:       12 bytes
 Hardware stack levels used:    1
 Hardware stack levels required when called:    4
 This function calls:
		_Delay
		___fladd
		___fldiv
		___flmul
		___flneg
		___fltol
		___xxtofl
		_logf
 This function is called by:
		_get_ready_for_coffee
 This function uses a non-reentrant model


 *************** function _logf *****************
 Defined at:
		line 28 in file "C:\Program Files (x86)\Microchip\xc8\v2.00\pic\sources\c99\common\logf.c"
 Parameters:    Size  Location     Type
  x               4   85[COMRAM] float 
 Auto vars:     Size  Location     Type
  ix              4   68[BANK0 ] unsigned long 
  f               4   64[BANK0 ] float 
  u               4   60[BANK0 ] struct .
  w               4   52[BANK0 ] float 
  z               4   48[BANK0 ] float 
  s               4   44[BANK0 ] float 
  dk              4   40[BANK0 ] float 
  hfsq            4   36[BANK0 ] float 
  t2              4   14[BANK0 ] float 
  t1              4   10[BANK0 ] float 
  R               4    6[BANK0 ] float 
  k               2   34[BANK0 ] int 
 Return value:  Size  Location     Type
                  4   85[COMRAM] float 
 Registers used:
		wreg, status,2, status,0, tblptrl, tblptrh, tblptru, prodl, prodh, cstack
 Tracked objects:
		On entry : 
		On exit  : 
		Unchanged: 
 Data sizes:     COMRAM   BANK0   BANK1   BANK2   BANK3   BANK4   BANK5   BANK6   BANK7   BANK8   BANK9  BANK10  BANK11  BANK12  BANK13
      Params:         4       0       0       0       0       0       0       0       0       0       0       0       0       0       0
      Locals:         0      66       0       0       0       0       0       0       0       0       0       0       0       0       0
      Temps:          0       6       0       0       0       0       0       0       0       0       0       0       0       0       0
      Totals:         4      72       0       0       0       0       0       0       0       0       0       0       0       0       0
Total ram usage:       76 bytes
 Hardware stack levels used:    1
 Hardware stack levels required when called:    3
 This function calls:
		___fladd
		___fldiv
		___flmul
		___flneg
		___xxtofl
 This function is called by:
		_get_temp
 This function uses a non-reentrant model


 *************** function ___flneg *****************
 Defined at:
		line 15 in file "C:\Program Files (x86)\Microchip\xc8\v2.00\pic\sources\c99\common\flneg.c"
 Parameters:    Size  Location     Type
  f1              4    1[COMRAM] float 
 Auto vars:     Size  Location     Type
		None
 Return value:  Size  Location     Type
                  4    1[COMRAM] float 
 Registers used:
		wreg, status,2, status,0
 Tracked objects:
		On entry : 
		On exit  : 
		Unchanged: 
 Data sizes:     COMRAM   BANK0   BANK1   BANK2   BANK3   BANK4   BANK5   BANK6   BANK7   BANK8   BANK9  BANK10  BANK11  BANK12  BANK13
      Params:         4       0       0       0       0       0       0       0       0       0       0       0       0       0       0
      Locals:         0       0       0       0       0       0       0       0       0       0       0       0       0       0       0
      Temps:          0       0       0       0       0       0       0       0       0       0       0       0       0       0       0
      Totals:         4       0       0       0       0       0       0       0       0       0       0       0       0       0       0
Total ram usage:        4 bytes
 Hardware stack levels used:    1
 Hardware stack levels required when called:    2
 This function calls:
		Nothing
 This function is called by:
		_get_temp
		_logf
 This function uses a non-reentrant model


 *************** function ___fladd *****************
 Defined at:
		line 10 in file "C:\Program Files (x86)\Microchip\xc8\v2.00\pic\sources\c99\common\sprcadd.c"
 Parameters:    Size  Location     Type
  b               4   65[COMRAM] float 
  a               4   69[COMRAM] float 
 Auto vars:     Size  Location     Type
  grs             1   84[COMRAM] unsigned char 
  bexp            1   83[COMRAM] unsigned char 
  aexp            1   82[COMRAM] unsigned char 
  signs           1   81[COMRAM] unsigned char 
 Return value:  Size  Location     Type
                  4   65[COMRAM] unsigned char 
 Registers used:
		wreg, status,2, status,0
 Tracked objects:
		On entry : 
		On exit  : 
		Unchanged: 
 Data sizes:     COMRAM   BANK0   BANK1   BANK2   BANK3   BANK4   BANK5   BANK6   BANK7   BANK8   BANK9  BANK10  BANK11  BANK12  BANK13
      Params:         8       0       0       0       0       0       0       0       0       0       0       0       0       0       0
      Locals:         4       0       0       0       0       0       0       0       0       0       0       0       0       0       0
      Temps:          8       0       0       0       0       0       0       0       0       0       0       0       0       0       0
      Totals:        20       0       0       0       0       0       0       0       0       0       0       0       0       0       0
Total ram usage:       20 bytes
 Hardware stack levels used:    1
 Hardware stack levels required when called:    2
 This function calls:
		Nothing
 This function is called by:
		_get_temp
		_logf
 This function uses a non-reentrant model


 *************** function _Delay *****************
 Defined at:
		line 71 in file "temperature.c"
 Parameters:    Size  Location     Type
		None
 Auto vars:     Size  Location     Type
  i               2    1[COMRAM] int 
 Return value:  Size  Location     Type
                  1    wreg      void 
 Registers used:
		wreg, status,2, status,0
 Tracked objects:
		On entry : 
		On exit  : 
		Unchanged: 
 Data sizes:     COMRAM   BANK0   BANK1   BANK2   BANK3   BANK4   BANK5   BANK6   BANK7   BANK8   BANK9  BANK10  BANK11  BANK12  BANK13
      Params:         0       0       0       0       0       0       0       0       0       0       0       0       0       0       0
      Locals:         2       0       0       0       0       0       0       0       0       0       0       0       0       0       0
      Temps:          0       0       0       0       0       0       0       0       0       0       0       0       0       0       0
      Totals:         2       0       0       0       0       0       0       0       0       0       0       0       0       0       0
Total ram usage:        2 bytes
 Hardware stack levels used:    1
 Hardware stack levels required when called:    2
 This function calls:
		Nothing
 This function is called by:
		_get_temp
 This function uses a non-reentrant model


 *************** function _chauffe_eau *****************
 Defined at:
		line 77 in file "temperature.c"
 Parameters:    Size  Location     Type
  etat            2    1[COMRAM] int 
 Auto vars:     Size  Location     Type
		None
 Return value:  Size  Location     Type
                  1    wreg      void 
 Registers used:
		wreg, status,2, status,0
 Tracked objects:
		On entry : 
		On exit  : 
		Unchanged: 
 Data sizes:     COMRAM   BANK0   BANK1   BANK2   BANK3   BANK4   BANK5   BANK6   BANK7   BANK8   BANK9  BANK10  BANK11  BANK12  BANK13
      Params:         2       0       0       0       0       0       0       0       0       0       0       0       0       0       0
      Locals:         0       0       0       0       0       0       0       0       0       0       0       0       0       0       0
      Temps:          0       0       0       0       0       0       0       0       0       0       0       0       0       0       0
      Totals:         2       0       0       0       0       0       0       0       0       0       0       0       0       0       0
Total ram usage:        2 bytes
 Hardware stack levels used:    1
 Hardware stack levels required when called:    2
 This function calls:
		Nothing
 This function is called by:
		_get_ready_for_coffee
 This function uses a non-reentrant model


 *************** function _calc_distance_mm *****************
 Defined at:
		line 57 in file "HC-SR04.c"
 Parameters:    Size  Location     Type
  channel         2   75[COMRAM] int 
 Auto vars:     Size  Location     Type
[...]
 Registers used:
		wreg, status,2, status,0
 Tracked objects:
		On entry : 
		On exit  : 
		Unchanged: 
 Data sizes:     COMRAM   BANK0   BANK1   BANK2   BANK3   BANK4   BANK5   BANK6   BANK7   BANK8   BANK9  BANK10  BANK11  BANK12  BANK13
      Params:         2       0       0       0       0       0       0       0       0       0       0       0       0       0       0
      Locals:         0       0       0       0       0       0       0       0       0       0       0       0       0       0       0
      Temps:          0       0       0       0       0       0       0       0       0       0       0       0       0       0       0
      Totals:         2       0       0       0       0       0       0       0       0       0       0       0       0       0       0
Total ram usage:        2 bytes
 Hardware stack levels used:    1
 Hardware stack levels required when called:    2
 This function calls:
		Nothing
 This function is called by:
		_calc_distance_mm
 This function uses a non-reentrant model


 *************** function _avertissement *****************
 Defined at:
		line 114 in file "main.c"
 Parameters:    Size  Location     Type
  NumAvertisse    2   11[COMRAM] int 
 Auto vars:     Size  Location     Type
		None
 Return value:  Size  Location     Type
                  1    wreg      void 
 Registers used:
		wreg, fsr0l, fsr0h, status,2, status,0, tblptrl, tblptrh, tblptru, prodl, prodh, cstack
 Tracked objects:
		On entry : 
		On exit  : 
		Unchanged: 
 Data sizes:     COMRAM   BANK0   BANK1   BANK2   BANK3   BANK4   BANK5   BANK6   BANK7   BANK8   BANK9  BANK10  BANK11  BANK12  BANK13
      Params:         2       0       0       0       0       0       0       0       0       0       0       0       0       0       0
      Locals:         0       0       0       0       0       0       0       0       0       0       0       0       0       0       0
      Temps:          0       0       0       0       0       0       0       0       0       0       0       0       0       0       0
      Totals:         2       0       0       0       0       0       0       0       0       0       0       0       0       0       0
Total ram usage:        2 bytes
 Hardware stack levels used:    1
 Hardware stack levels required when called:    6
 This function calls:
		_clearDisplay
		_moveCursor
		_putStringLCD
 This function is called by:
		_get_ready_for_coffee
 This function uses a non-reentrant model


 *************** function _putStringLCD *****************
 Defined at:
		line 48 in file "LCD_SPI.c"
 Parameters:    Size  Location     Type
  input           2    5[COMRAM] PTR const unsigned char 
		 -> putNumberLCD@stringAffichage(2), STR_2(2), STR_1(21), menu1@menu3(21), 
		 -> menu1@menu2(22), menu1@menu1(20), avertissement@vert1_194(13), avertissement@avert1(10), 
		 -> str_read_dist(20), 
 Auto vars:     Size  Location     Type
  i               2    9[COMRAM] int 
 Return value:  Size  Location     Type
                  1    wreg      void 
 Registers used:
		wreg, fsr0l, fsr0h, status,2, status,0, tblptrl, tblptrh, tblptru, cstack
 Tracked objects:
		On entry : 
		On exit  : 
		Unchanged: 
 Data sizes:     COMRAM   BANK0   BANK1   BANK2   BANK3   BANK4   BANK5   BANK6   BANK7   BANK8   BANK9  BANK10  BANK11  BANK12  BANK13
      Params:         2       0       0       0       0       0       0       0       0       0       0       0       0       0       0
      Locals:         2       0       0       0       0       0       0       0       0       0       0       0       0       0       0
      Temps:          2       0       0       0       0       0       0       0       0       0       0       0       0       0       0
      Totals:         6       0       0       0       0       0       0       0       0       0       0       0       0       0       0
Total ram usage:        6 bytes
 Hardware stack levels used:    1
 Hardware stack levels required when called:    5
 This function calls:
		_putchLCD
 This function is called by:
		_main
		_avertissement
		_menu1
		_putNumberLCD
		_clearRow
 This function uses a non-reentrant model


 *************** function _putchLCD *****************
 Defined at:
		line 57 in file "LCD_SPI.c"
 Parameters:    Size  Location     Type
  input           1    wreg     unsigned char 
 Auto vars:     Size  Location     Type
  input           1    4[COMRAM] unsigned char 
 Return value:  Size  Location     Type
                  1    wreg      void 
 Registers used:
		wreg, status,2, status,0, cstack
 Tracked objects:
		On entry : 
		On exit  : 
		Unchanged: 
 Data sizes:     COMRAM   BANK0   BANK1   BANK2   BANK3   BANK4   BANK5   BANK6   BANK7   BANK8   BANK9  BANK10  BANK11  BANK12  BANK13
      Params:         0       0       0       0       0       0       0       0       0       0       0       0       0       0       0
      Locals:         1       0       0       0       0       0       0       0       0       0       0       0       0       0       0
      Temps:          0       0       0       0       0       0       0       0       0       0       0       0       0       0       0
      Totals:         1       0       0       0       0       0       0       0       0       0       0       0       0       0       0
Total ram usage:        1 bytes
 Hardware stack levels used:    1
 Hardware stack levels required when called:    4
 This function calls:
		_fliplr
		_readBusyFlag
		_spi_Send_Read
 This function is called by:
		_main
		_putStringLCD
 This function uses a non-reentrant model


 *************** function _moveCursor *****************
 Defined at:
		line 78 in file "LCD_SPI.c"
 Parameters:    Size  Location     Type
  row             2    4[COMRAM] int 
  col             2    6[COMRAM] int 
 Auto vars:     Size  Location     Type
  address         1    8[COMRAM] unsigned char 
 Return value:  Size  Location     Type
                  1    wreg      void 
 Registers used:
		wreg, status,2, status,0, prodl, prodh, cstack
 Tracked objects:
		On entry : 
		On exit  : 
		Unchanged: 
 Data sizes:     COMRAM   BANK0   BANK1   BANK2   BANK3   BANK4   BANK5   BANK6   BANK7   BANK8   BANK9  BANK10  BANK11  BANK12  BANK13
      Params:         4       0       0       0       0       0       0       0       0       0       0       0       0       0       0
      Locals:         1       0       0       0       0       0       0       0       0       0       0       0       0       0       0
      Temps:          0       0       0       0       0       0       0       0       0       0       0       0       0       0       0
      Totals:         5       0       0       0       0       0       0       0       0       0       0       0       0       0       0
Total ram usage:        5 bytes
 Hardware stack levels used:    1
 Hardware stack levels required when called:    4
 This function calls:
		_fliplr
		_readBusyFlag
		_spi_Send_Read
 This function is called by:
		_avertissement
		_menu1
		_clearRow
 This function uses a non-reentrant model


 *************** function _fliplr *****************
 Defined at:
		line 69 in file "LCD_SPI.c"
 Parameters:    Size  Location     Type
  input           1    wreg     unsigned char 
 Auto vars:     Size  Location     Type
  input           1    3[COMRAM] unsigned char 
 Return value:  Size  Location     Type
                  1    wreg      unsigned char 
 Registers used:
		wreg, status,2, status,0
 Tracked objects:
		On entry : 
		On exit  : 
		Unchanged: 
 Data sizes:     COMRAM   BANK0   BANK1   BANK2   BANK3   BANK4   BANK5   BANK6   BANK7   BANK8   BANK9  BANK10  BANK11  BANK12  BANK13
      Params:         0       0       0       0       0       0       0       0       0       0       0       0       0       0       0
      Locals:         1       0       0       0       0       0       0       0       0       0       0       0       0       0       0
      Temps:          2       0       0       0       0       0       0       0       0       0       0       0       0       0       0
      Totals:         3       0       0       0       0       0       0       0       0       0       0       0       0       0       0
Total ram usage:        3 bytes
 Hardware stack levels used:    1
 Hardware stack levels required when called:    2
 This function calls:
		Nothing
 This function is called by:
		_putchLCD
		_moveCursor
 This function uses a non-reentrant model


 *************** function _clearDisplay *****************
 Defined at:
		line 18 in file "LCD_SPI.c"
 Parameters:    Size  Location     Type
		None
 Auto vars:     Size  Location     Type
		None
 Return value:  Size  Location     Type
                  1    wreg      void 
 Registers used:
		wreg, status,2, status,0, cstack
 Tracked objects:
		On entry : 
		On exit  : 
		Unchanged: 
 Data sizes:     COMRAM   BANK0   BANK1   BANK2   BANK3   BANK4   BANK5   BANK6   BANK7   BANK8   BANK9  BANK10  BANK11  BANK12  BANK13
      Params:         0       0       0       0       0       0       0       0       0       0       0       0       0       0       0
      Locals:         0       0       0       0       0       0       0       0       0       0       0       0       0       0       0
      Temps:          0       0       0       0       0       0       0       0       0       0       0       0       0       0       0
      Totals:         0       0       0       0       0       0       0       0       0       0       0       0       0       0       0
Total ram usage:        0 bytes
 Hardware stack levels used:    1
 Hardware stack levels required when called:    4
 This function calls:
		_readBusyFlag
		_spi_Send_Read
 This function is called by:
		_main
		_avertissement
		_menu1
		_initialisation_LCD
 This function uses a non-reentrant model


 *************** function _readBusyFlag *****************
 Defined at:
		line 93 in file "LCD_SPI.c"
 Parameters:    Size  Location     Type
		None
 Auto vars:     Size  Location     Type
  retValue        1    2[COMRAM] unsigned char 
 Return value:  Size  Location     Type
                  1    wreg      unsigned char 
 Registers used:
		wreg, status,2, status,0, cstack
 Tracked objects:
		On entry : 
		On exit  : 
		Unchanged: 
 Data sizes:     COMRAM   BANK0   BANK1   BANK2   BANK3   BANK4   BANK5   BANK6   BANK7   BANK8   BANK9  BANK10  BANK11  BANK12  BANK13
      Params:         0       0       0       0       0       0       0       0       0       0       0       0       0       0       0
      Locals:         1       0       0       0       0       0       0       0       0       0       0       0       0       0       0
      Temps:          0       0       0       0       0       0       0       0       0       0       0       0       0       0       0
      Totals:         1       0       0       0       0       0       0       0       0       0       0       0       0       0       0
Total ram usage:        1 bytes
 Hardware stack levels used:    1
 Hardware stack levels required when called:    3
 This function calls:
		_spi_Send_Read
 This function is called by:
		_clearDisplay
		_displayCtrl
		_putchLCD
		_moveCursor
 This function uses a non-reentrant model


 *************** function _spi_Send_Read *****************
 Defined at:
		line 11 in file "LCD_SPI.c"
 Parameters:    Size  Location     Type
  byte            1    wreg     unsigned char 
 Auto vars:     Size  Location     Type
  byte            1    1[COMRAM] unsigned char 
 Return value:  Size  Location     Type
                  1    wreg      unsigned char 
 Registers used:
		wreg, status,2
 Tracked objects:
		On entry : 
		On exit  : 
		Unchanged: 
 Data sizes:     COMRAM   BANK0   BANK1   BANK2   BANK3   BANK4   BANK5   BANK6   BANK7   BANK8   BANK9  BANK10  BANK11  BANK12  BANK13
      Params:         0       0       0       0       0       0       0       0       0       0       0       0       0       0       0
      Locals:         1       0       0       0       0       0       0       0       0       0       0       0       0       0       0
      Temps:          0       0       0       0       0       0       0       0       0       0       0       0       0       0       0
      Totals:         1       0       0       0       0       0       0       0       0       0       0       0       0       0       0
Total ram usage:        1 bytes
 Hardware stack levels used:    1
 Hardware stack levels required when called:    2
 This function calls:
		Nothing
 This function is called by:
		_clearDisplay
		_displayCtrl
		_putchLCD
		_moveCursor
		_readBusyFlag
 This function uses a non-reentrant model


 *************** function _Serial_interrupt *****************
 Defined at:
		line 148 in file "main.c"
 Parameters:    Size  Location     Type
		None
 Auto vars:     Size  Location     Type
		None
 Return value:  Size  Location     Type
                  1    wreg      void 
 Registers used:
		wreg, status,2, status,0, cstack
 Tracked objects:
		On entry : 
		On exit  : 
		Unchanged: 
 Data sizes:     COMRAM   BANK0   BANK1   BANK2   BANK3   BANK4   BANK5   BANK6   BANK7   BANK8   BANK9  BANK10  BANK11  BANK12  BANK13
      Params:         0       0       0       0       0       0       0       0       0       0       0       0       0       0       0
      Locals:         0       0       0       0       0       0       0       0       0       0       0       0       0       0       0
      Temps:          0       0       0       0       0       0       0       0       0       0       0       0       0       0       0
      Totals:         0       0       0       0       0       0       0       0       0       0       0       0       0       0       0
Total ram usage:        0 bytes
 Hardware stack levels used:    1
 Hardware stack levels required when called:    1
 This function calls:
		_check
 This function is called by:
		Interrupt level 2
 This function uses a non-reentrant model


 *************** function _check *****************
 Defined at:
		line 155 in file "main.c"
 Parameters:    Size  Location     Type
  input           1    wreg     unsigned char 
 Auto vars:     Size  Location     Type
  input           1    0[COMRAM] unsigned char 
 Return value:  Size  Location     Type
                  1    wreg      unsigned char 
 Registers used:
		wreg, status,2, status,0
 Tracked objects:
		On entry : 
		On exit  : 
		Unchanged: 
 Data sizes:     COMRAM   BANK0   BANK1   BANK2   BANK3   BANK4   BANK5   BANK6   BANK7   BANK8   BANK9  BANK10  BANK11  BANK12  BANK13
      Params:         0       0       0       0       0       0       0       0       0       0       0       0       0       0       0
      Locals:         1       0       0       0       0       0       0       0       0       0       0       0       0       0       0
      Temps:          0       0       0       0       0       0       0       0       0       0       0       0       0       0       0
      Totals:         1       0       0       0       0       0       0       0       0       0       0       0       0       0       0
Total ram usage:        1 bytes
 Hardware stack levels used:    1
 This function calls:
		Nothing
 This function is called by:
		_Serial_interrupt
 This function uses a non-reentrant model



MODULE INFORMATION

Module		Function		Class		Link	Load	Size
UART_MAX.c
		_init_UART     		CODE           	39EE	0000	65
		_SetupClock    		CODE           	3BC0	0000	9

UART_MAX.c estimated size: 74

C:\Program Files (x86)\Microchip\xc8\v2.00\pic\sources\c99\common\sprcmul.c
		___flmul       		CODE           	20FC	0000	1135

C:\Program Files (x86)\Microchip\xc8\v2.00\pic\sources\c99\common\sprcmul.c estimated size: 1135

num_pad.c
		_init_num_pad  		CODE           	3BB2	0000	15
		_read_pad      		CODE           	1C46	0000	1207

num_pad.c estimated size: 1222

C:\Program Files (x86)\Microchip\xc8\v2.00\pic\sources\c99\common\sprcdiv.c
		___fldiv       		CODE           	256A	0000	1057

C:\Program Files (x86)\Microchip\xc8\v2.00\pic\sources\c99\common\sprcdiv.c estimated size: 1057

C:\Program Files (x86)\Microchip\xc8\v2.00\pic\sources\c99\common\xxtofl.c
		___xxtofl      		CODE           	2C2A	0000	477

C:\Program Files (x86)\Microchip\xc8\v2.00\pic\sources\c99\common\xxtofl.c estimated size: 477

LCD_SPI.c
		_readBusyFlag  		CODE           	3B36	0000	31
		_displayCtrl   		CODE           	37DA	0000	87
		_initialisation_SPI		CODE           	3AA2	0000	45
		_spi_Send_Read 		CODE           	3B54	0000	31
		_putStringLCD  		CODE           	3604	0000	139
		_putchLCD      		CODE           	396C	0000	67
		_fliplr        		CODE           	3830	0000	87
		_clearDisplay  		CODE           	3A6E	0000	53
		_putNumberLCD  		CODE           	2F98	0000	373
		_moveCursor    		CODE           	3706	0000	111
		_initialisation_LCD		CODE           	3B72	0000	29
		_initialisation_PORT		CODE           	39AE	0000	65

LCD_SPI.c estimated size: 1118

temperature.c
		_get_temp      		CODE           	298A	0000	673
		_chauffe_eau   		CODE           	3AF8	0000	33
		_Delay         		CODE           	3886	0000	83

temperature.c estimated size: 789

C:\Program Files (x86)\Microchip\xc8\v2.00\pic\sources\c99\common\sprcadd.c
		___fladd       		CODE           	16C2	0000	1413

C:\Program Files (x86)\Microchip\xc8\v2.00\pic\sources\c99\common\sprcadd.c estimated size: 1413

HC-SR04.c
		_Trigger_Pulse_10us		CODE           	38D8	0000	77
		_init_dist_sensor		CODE           	3BA0	0000	19
		_calc_distance_mm		CODE           	2E06	0000	403
		_init_timer_1  		CODE           	3B18	0000	31

HC-SR04.c estimated size: 530

C:\Program Files (x86)\Microchip\xc8\v2.00\pic\sources\c99\common\logf.c
		_logf          		CODE           	0ED0	0000	2035

C:\Program Files (x86)\Microchip\xc8\v2.00\pic\sources\c99\common\logf.c estimated size: 2035

C:\Program Files (x86)\Microchip\xc8\v2.00\pic\sources\c99\common\awdiv.c
		___awdiv       		CODE           	33AE	0000	237

C:\Program Files (x86)\Microchip\xc8\v2.00\pic\sources\c99\common\awdiv.c estimated size: 237

shared
		avertissement@avert1		SMALLCONST     	0EAE	0000	11
		_total_dist    		SMALLCONST     	0E29	0000	11
		_str_read_dist 		SMALLCONST     	0E8D	0000	21
		_Lg1           		SMALLCONST     	0E3F	0000	5
		_Lg2           		SMALLCONST     	0E3B	0000	5
		_Lg3           		SMALLCONST     	0E37	0000	5
		_Lg4           		SMALLCONST     	0E33	0000	5
		calc_distance_mm@dist		SMALLCONST     	0000	0000	0
		__initialization		CODE           	3924	0000	59
		avertissement@vert1_194		SMALLCONST     	0EA1	0000	14
		calc_distance_mm@cm		SMALLCONST     	0000	0000	0
		_ln2_lo        		SMALLCONST     	0E43	0000	5
		_str           		SMALLCONST     	0E01	0000	18
		menu1@menu1    		SMALLCONST     	0E79	0000	21
		menu1@menu2    		SMALLCONST     	0E4E	0000	23
		menu1@menu3    		SMALLCONST     	0E64	0000	22
		_ln2_hi        		SMALLCONST     	0E47	0000	5
		calc_distance_mm@OoR		SMALLCONST     	0000	0000	0

shared estimated size: 230

C:\Program Files (x86)\Microchip\xc8\v2.00\pic\sources\c99\common\fltol.c
		___fltol       		CODE           	310C	0000	339

C:\Program Files (x86)\Microchip\xc8\v2.00\pic\sources\c99\common\fltol.c estimated size: 339

C:\Program Files (x86)\Microchip\xc8\v2.00\pic\sources\c99\common\Umul16.c
		___wmul        		CODE           	3ACE	0000	43

C:\Program Files (x86)\Microchip\xc8\v2.00\pic\sources\c99\common\Umul16.c estimated size: 43

main.c
		_get_ready_for_coffee		CODE           	349A	0000	221
		_init_all      		CODE           	3B8E	0000	19
		_avertissement 		CODE           	368E	0000	121
		_main          		CODE           	325E	0000	337
		_Serial_interrupt		CODE           	0008	0000	41
		_check         		CODE           	3576	0000	143
		_menu1         		CODE           	3774	0000	103

main.c estimated size: 985

C:\Program Files (x86)\Microchip\xc8\v2.00\pic\sources\c99\common\flneg.c
		___flneg       		CODE           	3A2E	0000	65

C:\Program Files (x86)\Microchip\xc8\v2.00\pic\sources\c99\common\flneg.c estimated size: 65

