******************************************************************************
               TMS320C6x Linker PC v7.4.20                     
******************************************************************************
>> Linked Tue Feb 26 17:30:36 2019

OUTPUT FILE NAME:   <AutoCorr.out>
ENTRY POINT SYMBOL: "_c_int00"  address: 000018e0


MEMORY CONFIGURATION

         name            origin    length      used     unused   attr    fill
----------------------  --------  ---------  --------  --------  ----  --------
  IVECS                 00000000   00000220  00000000  00000220  RWIX
  IRAM                  00000220   0002fde0  00001870  0002e570  RWIX
  SDRAM                 80000000   01000000  00000000  01000000  RWIX
  FLASH                 90000000   00020000  00000000  00020000  RWIX


SECTION ALLOCATION MAP

 output                                  attributes/
section   page    origin      length       input sections
--------  ----  ----------  ----------   ----------------
.bss       0    00000220    00000000     UNINITIALIZED

.stack     0    00000220    00001000     UNINITIALIZED
                  00000220    00000008     rts6700.lib : boot.obj (.stack)
                  00000228    00000ff8     --HOLE--

.text      0    00001220    00000820     
                  00001220    00000240     rts6700.lib : memcpy62.obj (.text:_memcpy)
                  00001460    00000160     AutoCorr.obj (.text)
                  000015c0    00000100     rts6700.lib : autoinit.obj (.text:__auto_init)
                  000016c0    000000e0                 : exit.obj (.text:_exit)
                  000017a0    000000c0                 : cpy_tbl.obj (.text:_copy_in)
                  00001860    00000080                 : cpp_init.obj (.text:___TI_cpp_init)
                  000018e0    00000080                 : boot.obj (.text:_c_int00)
                  00001960    00000080     main.obj (.text)
                  000019e0    00000040     rts6700.lib : args_main.obj (.text:__args_main)
                  00001a20    00000020                 : exit.obj (.text:_abort)

.cinit     0    00001a40    00000034     
                  00001a40    0000002c     rts6700.lib : exit.obj (.cinit)
                  00001a6c    00000004     --HOLE-- [fill = 0]
                  00001a70    00000004     (.pad.cinit) [fill = 0]

.const     0    00001a74    00000010     
                  00001a74    00000010     main.obj (.const:_$P$T0$1)

.far       0    00001a84    0000000c     UNINITIALIZED
                  00001a84    0000000c     rts6700.lib : exit.obj (.far)


GLOBAL SYMBOLS: SORTED ALPHABETICALLY BY Name 

address    name
--------   ----
00000220   $bss
00000220   .bss
00001220   .text
00001a20   C$$EXIT
00001460   _AutoCorrelation
00001220   __STACK_END
00001000   __STACK_SIZE
00000001   __TI_args_main
00001860   ___TI_cpp_init
00001a8c   ___TI_enable_exit_profile_output
ffffffff   ___TI_pprof_out_hndl
ffffffff   ___TI_prof_data_size
ffffffff   ___TI_prof_data_start
ffffffff   ___binit__
00000220   ___bss__
ffffffff   ___c_args__
00001a40   ___cinit__
00000220   ___end__
00001a40   ___etext__
ffffffff   ___pinit__
00001220   ___text__
000019e0   __args_main
000015c0   __auto_init
00001a84   __cleanup_ptr
00001a88   __dtors_ptr
00000220   __stack
00001a20   _abort
000018e0   _c_int00
000017a0   _copy_in
000016c0   _exit
00001960   _main
00001220   _memcpy
ffffffff   binit
00001a40   cinit
00000220   end
00001a40   etext
ffffffff   pinit


GLOBAL SYMBOLS: SORTED BY Symbol Address 

address    name
--------   ----
00000001   __TI_args_main
00000220   $bss
00000220   .bss
00000220   ___bss__
00000220   ___end__
00000220   __stack
00000220   end
00001000   __STACK_SIZE
00001220   .text
00001220   __STACK_END
00001220   ___text__
00001220   _memcpy
00001460   _AutoCorrelation
000015c0   __auto_init
000016c0   _exit
000017a0   _copy_in
00001860   ___TI_cpp_init
000018e0   _c_int00
00001960   _main
000019e0   __args_main
00001a20   C$$EXIT
00001a20   _abort
00001a40   ___cinit__
00001a40   ___etext__
00001a40   cinit
00001a40   etext
00001a84   __cleanup_ptr
00001a88   __dtors_ptr
00001a8c   ___TI_enable_exit_profile_output
ffffffff   ___TI_pprof_out_hndl
ffffffff   ___TI_prof_data_size
ffffffff   ___TI_prof_data_start
ffffffff   ___binit__
ffffffff   ___c_args__
ffffffff   ___pinit__
ffffffff   binit
ffffffff   pinit

[37 symbols]
