******************************************************************************
               TMS320C6x Linker PC v7.4.20                     
******************************************************************************
>> Linked Tue Feb 05 13:38:57 2019

OUTPUT FILE NAME:   <APP3.out>
ENTRY POINT SYMBOL: "_c_int00"  address: 000030e0


MEMORY CONFIGURATION

         name            origin    length      used     unused   attr    fill
----------------------  --------  ---------  --------  --------  ----  --------
  IVECS                 00000000   00000220  00000200  00000020  RWIX
  IRAM                  00000220   0002fde0  00004774  0002b66c  RWIX
  SDRAM                 80000000   01000000  0004e200  00fb1e00  RWIX
  FLASH                 90000000   00020000  00000000  00020000  RWIX


SECTION ALLOCATION MAP

 output                                  attributes/
section   page    origin      length       input sections
--------  ----  ----------  ----------   ----------------
.vectors   0    00000000    00000200     
                  00000000    00000200     Vectors_intr.obj (.vectors)

.bss       0    00000220    00000000     UNINITIALIZED

.text      0    00000220    000031e0     
                  00000220    00000920     main.obj (.text)
                  00000b40    000007e0     C6713Helper_UdeS.obj (.text)
                  00001320    00000480     dsk6713bsl.lib : dsk6713.obj (.text)
                  000017a0    00000460     main.obj (.text:retain)
                  00001c00    00000320     dsk6713bsl.lib : dsk6713_aic23_opencodec.obj (.text)
                  00001f20    00000240     rts6700.lib : memcpy62.obj (.text:_memcpy)
                  00002160    000001c0     csl6713.lib : csl_irq.obj (.text:_IRQ_map)
                  00002320    000001a0                 : csl_mcbsp.obj (.text:_MCBSP_reset)
                  000024c0    00000160     dsk6713bsl.lib : dsk6713_aic23_registers.obj (.text)
                  00002620    00000100     csl6713.lib : csl_mcbsp.obj (.text:_MCBSP_open)
                  00002720    00000100                 : csl_mcbsp.obj (.text:_MCBSP_start)
                  00002820    00000100     rts6700.lib : autoinit.obj (.text:__auto_init)
                  00002920    00000100     assembleur.obj (.text)
                  00002a20    000000e0     rts6700.lib : strasg.obj (.text:__strasg)
                  00002b00    000000e0                 : exit.obj (.text:_exit)
                  00002be0    000000c0                 : cpy_tbl.obj (.text:_copy_in)
                  00002ca0    000000c0     dsk6713bsl.lib : dsk6713_aic23_setfreq.obj (.text)
                  00002d60    000000a0     csl6713.lib : csl_mcbsp.obj (.text:_MCBSP_close)
                  00002e00    000000a0                 : csl_mcbsp.obj (.text:_MCBSP_config)
                  00002ea0    000000a0     rts6700.lib : fixdli.obj (.text:__fixdli)
                  00002f40    000000a0     csl6713.lib : csl_irq.obj (.text:_setMux)
                  00002fe0    00000080     rts6700.lib : cpp_init.obj (.text:___TI_cpp_init)
                  00003060    00000080                 : fltlid.obj (.text:__fltlid)
                  000030e0    00000080                 : boot.obj (.text:_c_int00)
                  00003160    00000080     dsk6713bsl.lib : dsk6713_aic23_closecodec.obj (.text)
                  000031e0    00000040     csl6713.lib : csl_irq.obj (.text:_IRQ_enable)
                  00003220    00000040                 : csl_irq.obj (.text:_IRQ_reset)
                  00003260    00000040     rts6700.lib : args_main.obj (.text:__args_main)
                  000032a0    00000020     Vectors_intr.obj (.text)
                  000032c0    00000020     csl6713.lib : csl_irq.obj (.text:_IRQ_globalDisable)
                  000032e0    00000020                 : csl_irq.obj (.text:_IRQ_globalEnable)
                  00003300    00000020                 : csl_irq.obj (.text:_IRQ_nmiEnable)
                  00003320    00000020                 : csl_mcbsp.obj (.text:_MCBSP_getXmtEventId)
                  00003340    00000020                 : csl_mcbsp.obj (.text:_MCBSP_read)
                  00003360    00000020                 : csl_mcbsp.obj (.text:_MCBSP_rrdy)
                  00003380    00000020                 : csl_mcbsp.obj (.text:_MCBSP_write)
                  000033a0    00000020                 : csl_mcbsp.obj (.text:_MCBSP_xrdy)
                  000033c0    00000020     rts6700.lib : exit.obj (.text:_abort)
                  000033e0    00000020     csl6713.lib : csl_irq.obj (.text)

.stack     0    00003400    00001000     UNINITIALIZED
                  00003400    00000008     rts6700.lib : boot.obj (.stack)
                  00003408    00000ff8     --HOLE--

.cinit     0    00004400    0000030c     
                  00004400    0000012c     csl6713.lib : csl_irq.obj (.cinit)
                  0000452c    00000004     --HOLE-- [fill = 0]
                  00004530    0000009a     main.obj (.cinit)
                  000045ca    00000006     --HOLE-- [fill = 0]
                  000045d0    00000058     C6713Helper_UdeS.obj (.cinit)
                  00004628    00000054     csl6713.lib : csl_mcbsp.obj (.cinit)
                  0000467c    00000004     --HOLE-- [fill = 0]
                  00004680    00000030     dsk6713bsl.lib : dsk6713_aic23_registers.obj (.cinit)
                  000046b0    0000002c     rts6700.lib : exit.obj (.cinit)
                  000046dc    00000004     --HOLE-- [fill = 0]
                  000046e0    00000028     dsk6713bsl.lib : dsk6713_aic23_setfreq.obj (.cinit)
                  00004708    00000004     --HOLE-- [fill = 0]

.far       0    00004710    00000210     UNINITIALIZED
                  00004710    000000f4     csl6713.lib : csl_irq.obj (.far)
                  00004804    00000058     C6713Helper_UdeS.obj (.far)
                  0000485c    00000038     csl6713.lib : csl_mcbsp.obj (.far)
                  00004894    00000002     dsk6713bsl.lib : dsk6713.obj (.far)
                  00004896    00000002     --HOLE--
                  00004898    0000002a     main.obj (.far)
                  000048c2    00000002     --HOLE--
                  000048c4    00000028     dsk6713bsl.lib : dsk6713_aic23_registers.obj (.far)
                  000048ec    00000020                    : dsk6713_aic23_setfreq.obj (.far)
                  0000490c    0000000c     rts6700.lib : exit.obj (.far)
                  00004918    00000008     dsk6713bsl.lib : dsk6713_aic23_opencodec.obj (.far)

.const     0    00004920    00000060     
                  00004920    00000040     dsk6713bsl.lib : dsk6713_aic23_opencodec.obj (.const)
                  00004960    00000020                    : dsk6713.obj (.const)

.switch    0    00004980    00000018     
                  00004980    00000018     main.obj (.switch:_main)

.EXT_RAM   0    80000000    0004e200     UNINITIALIZED
                  80000000    0004e200     main.obj (.EXT_RAM)


GLOBAL SYMBOLS: SORTED ALPHABETICALLY BY Name 

address    name
--------   ----
00000220   $bss
00000220   .bss
00000220   .text
000033c0   C$$EXIT
00004838   _AIC23CfgData
0000480c   _AIC_data
00000b74   _CODEC_start
00000c40   _CODEC_stop
000048ac   _DIP0
000048ae   _DIP1
000048b0   _DIP2
000048b2   _DIP3
00003160   _DSK6713_AIC23_closeCodec
00004918   _DSK6713_AIC23_codeccontrolhandle
0000491c   _DSK6713_AIC23_codecdatahandle
00002580   _DSK6713_AIC23_config
00001c00   _DSK6713_AIC23_openCodec
0000255c   _DSK6713_AIC23_rget
000024c0   _DSK6713_AIC23_rset
00002ca0   _DSK6713_AIC23_setFreq
00001734   _DSK6713_getVersion
0000136c   _DSK6713_init
00001688   _DSK6713_rget
0000169c   _DSK6713_rset
00004894   _DSK6713_version
000016b0   _DSK6713_wait
00001708   _DSK6713_waitusec
000031e0   _IRQ_enable
000032c0   _IRQ_globalDisable
000032e0   _IRQ_globalEnable
00002160   _IRQ_map
00003300   _IRQ_nmiEnable
00003220   _IRQ_reset
00002d60   _MCBSP_close
00002e00   _MCBSP_config
00003320   _MCBSP_getXmtEventId
00002620   _MCBSP_open
00003340   _MCBSP_read
00002320   _MCBSP_reset
00003360   _MCBSP_rrdy
00002720   _MCBSP_start
00003380   _MCBSP_write
000033a0   _MCBSP_xrdy
00004898   _State
000047fc   __IRQ_dispatchTable
00004738   __IRQ_eventTable
000033e0   __IRQ_hookFetchPacket
000047bc   __IRQ_intTable
0000488c   __MCBSP_hDev0
00004890   __MCBSP_hDev1
00004400   __STACK_END
00001000   __STACK_SIZE
00000001   __TI_args_main
00002fe0   ___TI_cpp_init
00004914   ___TI_enable_exit_profile_output
ffffffff   ___TI_pprof_out_hndl
ffffffff   ___TI_prof_data_size
ffffffff   ___TI_prof_data_start
ffffffff   ___binit__
00000220   ___bss__
ffffffff   ___c_args__
00004400   ___cinit__
00000220   ___end__
00003400   ___etext__
ffffffff   ___pinit__
00000220   ___text__
00003260   __args_main
00002820   __auto_init
0000490c   __cleanup_ptr
00004910   __dtors_ptr
00002ea0   __fixdli
00003060   __fltlid
00003400   __stack
00002a20   __strasg
000033c0   _abort
000019d0   _audio
80000000   _buffer
000030e0   _c_int00
000011e0   _comm_intr
00000b40   _comm_poll
00004810   _config
000003d8   _configAndStartTimer0_16kHz
00000370   _configAndStartTimer1
0000043c   _configInterruptEXTInt4
00002be0   _copy_in
000029ac   _disableInterrupts_T0
000029c8   _disableInterrupts_T1
00002a00   _disableInterrupts_int11
000029e4   _disableInterrupts_int4
000017d8   _echantillonageADC
00002920   _enableInterrupts
0000293c   _enableInterrupts_T0
00002958   _enableInterrupts_T1
00002990   _enableInterrupts_int11
00002974   _enableInterrupts_int4
00002b00   _exit
000048bc   _fs
000048c0   _gain
00004858   _hAIC23_handle
000048a8   _i
000004a4   _init_enregistrement
00001050   _input_left_sample
00001118   _input_right_sample
00000f4c   _input_sample
000017a0   _interruptionLED
00001808   _lectureADC
000004d8   _main
00001f20   _memcpy
000048a0   _moyenne
00000d8c   _output_left_sample
00000e6c   _output_right_sample
00000c70   _output_sample
000048b4   _playback_en_cours
000048b8   _playback_timer
00000220   _readStatusDIP0
00000274   _readStatusDIP1
000002c8   _readStatusDIP2
0000031c   _readStatusDIP3
00000020   _vector1
00000140   _vector10
00000180   _vector12
000001a0   _vector13
00000040   _vector2
00000060   _vector3
000000a0   _vector5
000000c0   _vector6
000000e0   _vector7
00000100   _vector8
00000120   _vector9
00000000   _vectors
ffffffff   binit
00004400   cinit
00000220   end
00003400   etext
ffffffff   pinit


GLOBAL SYMBOLS: SORTED BY Symbol Address 

address    name
--------   ----
00000000   _vectors
00000001   __TI_args_main
00000020   _vector1
00000040   _vector2
00000060   _vector3
000000a0   _vector5
000000c0   _vector6
000000e0   _vector7
00000100   _vector8
00000120   _vector9
00000140   _vector10
00000180   _vector12
000001a0   _vector13
00000220   $bss
00000220   .bss
00000220   .text
00000220   ___bss__
00000220   ___end__
00000220   ___text__
00000220   _readStatusDIP0
00000220   end
00000274   _readStatusDIP1
000002c8   _readStatusDIP2
0000031c   _readStatusDIP3
00000370   _configAndStartTimer1
000003d8   _configAndStartTimer0_16kHz
0000043c   _configInterruptEXTInt4
000004a4   _init_enregistrement
000004d8   _main
00000b40   _comm_poll
00000b74   _CODEC_start
00000c40   _CODEC_stop
00000c70   _output_sample
00000d8c   _output_left_sample
00000e6c   _output_right_sample
00000f4c   _input_sample
00001000   __STACK_SIZE
00001050   _input_left_sample
00001118   _input_right_sample
000011e0   _comm_intr
0000136c   _DSK6713_init
00001688   _DSK6713_rget
0000169c   _DSK6713_rset
000016b0   _DSK6713_wait
00001708   _DSK6713_waitusec
00001734   _DSK6713_getVersion
000017a0   _interruptionLED
000017d8   _echantillonageADC
00001808   _lectureADC
000019d0   _audio
00001c00   _DSK6713_AIC23_openCodec
00001f20   _memcpy
00002160   _IRQ_map
00002320   _MCBSP_reset
000024c0   _DSK6713_AIC23_rset
0000255c   _DSK6713_AIC23_rget
00002580   _DSK6713_AIC23_config
00002620   _MCBSP_open
00002720   _MCBSP_start
00002820   __auto_init
00002920   _enableInterrupts
0000293c   _enableInterrupts_T0
00002958   _enableInterrupts_T1
00002974   _enableInterrupts_int4
00002990   _enableInterrupts_int11
000029ac   _disableInterrupts_T0
000029c8   _disableInterrupts_T1
000029e4   _disableInterrupts_int4
00002a00   _disableInterrupts_int11
00002a20   __strasg
00002b00   _exit
00002be0   _copy_in
00002ca0   _DSK6713_AIC23_setFreq
00002d60   _MCBSP_close
00002e00   _MCBSP_config
00002ea0   __fixdli
00002fe0   ___TI_cpp_init
00003060   __fltlid
000030e0   _c_int00
00003160   _DSK6713_AIC23_closeCodec
000031e0   _IRQ_enable
00003220   _IRQ_reset
00003260   __args_main
000032c0   _IRQ_globalDisable
000032e0   _IRQ_globalEnable
00003300   _IRQ_nmiEnable
00003320   _MCBSP_getXmtEventId
00003340   _MCBSP_read
00003360   _MCBSP_rrdy
00003380   _MCBSP_write
000033a0   _MCBSP_xrdy
000033c0   C$$EXIT
000033c0   _abort
000033e0   __IRQ_hookFetchPacket
00003400   ___etext__
00003400   __stack
00003400   etext
00004400   __STACK_END
00004400   ___cinit__
00004400   cinit
00004738   __IRQ_eventTable
000047bc   __IRQ_intTable
000047fc   __IRQ_dispatchTable
0000480c   _AIC_data
00004810   _config
00004838   _AIC23CfgData
00004858   _hAIC23_handle
0000488c   __MCBSP_hDev0
00004890   __MCBSP_hDev1
00004894   _DSK6713_version
00004898   _State
000048a0   _moyenne
000048a8   _i
000048ac   _DIP0
000048ae   _DIP1
000048b0   _DIP2
000048b2   _DIP3
000048b4   _playback_en_cours
000048b8   _playback_timer
000048bc   _fs
000048c0   _gain
0000490c   __cleanup_ptr
00004910   __dtors_ptr
00004914   ___TI_enable_exit_profile_output
00004918   _DSK6713_AIC23_codeccontrolhandle
0000491c   _DSK6713_AIC23_codecdatahandle
80000000   _buffer
ffffffff   ___TI_pprof_out_hndl
ffffffff   ___TI_prof_data_size
ffffffff   ___TI_prof_data_start
ffffffff   ___binit__
ffffffff   ___c_args__
ffffffff   ___pinit__
ffffffff   binit
ffffffff   pinit

[135 symbols]
