******************************************************************************
               TMS320C6x Linker PC v7.4.20                     
******************************************************************************
>> Linked Tue Jan 29 16:28:36 2019

OUTPUT FILE NAME:   <Lab1.out>
ENTRY POINT SYMBOL: "_c_int00"  address: 000019e0


MEMORY CONFIGURATION

         name            origin    length      used     unused   attr    fill
----------------------  --------  ---------  --------  --------  ----  --------
  IVECS                 00000000   00000220  00000200  00000020  RWIX
  IRAM                  00000220   0002fde0  00001980  0002e460  RWIX
  SDRAM                 80000000   01000000  00000000  01000000  RWIX
  FLASH                 90000000   00020000  00000000  00020000  RWIX


SECTION ALLOCATION MAP

 output                                  attributes/
section   page    origin      length       input sections
--------  ----  ----------  ----------   ----------------
.vectors   0    00000000    00000200     
                  00000000    00000200     Vectors_intr.obj (.vectors)

.bss       0    00000220    00000000     UNINITIALIZED

.stack     0    00000220    00001000     UNINITIALIZED
                  00000220    00000008     rts6700.lib : boot.obj (.stack)
                  00000228    00000ff8     --HOLE--

.text      0    00001220    00000940     
                  00001220    00000260     main.obj (.text)
                  00001480    00000240     rts6700.lib : memcpy62.obj (.text:_memcpy)
                  000016c0    00000100                 : autoinit.obj (.text:__auto_init)
                  000017c0    000000e0                 : exit.obj (.text:_exit)
                  000018a0    000000c0                 : cpy_tbl.obj (.text:_copy_in)
                  00001960    00000080                 : cpp_init.obj (.text:___TI_cpp_init)
                  000019e0    00000080                 : boot.obj (.text:_c_int00)
                  00001a60    00000040                 : args_main.obj (.text:__args_main)
                  00001aa0    00000040     assembleur.obj (.text)
                  00001ae0    00000040     main.obj (.text:retain)
                  00001b20    00000020     Vectors_intr.obj (.text)
                  00001b40    00000020     rts6700.lib : exit.obj (.text:_abort)

.cinit     0    00001b60    00000034     
                  00001b60    0000002c     rts6700.lib : exit.obj (.cinit)
                  00001b8c    00000004     --HOLE-- [fill = 0]
                  00001b90    00000004     (.pad.cinit) [fill = 0]

.far       0    00001b94    0000000c     UNINITIALIZED
                  00001b94    0000000c     rts6700.lib : exit.obj (.far)


GLOBAL SYMBOLS: SORTED ALPHABETICALLY BY Name 

address    name
--------   ----
00000220   $bss
00000220   .bss
00001220   .text
00001b40   C$$EXIT
00001220   __STACK_END
00001000   __STACK_SIZE
00000001   __TI_args_main
00001960   ___TI_cpp_init
00001b9c   ___TI_enable_exit_profile_output
ffffffff   ___TI_pprof_out_hndl
ffffffff   ___TI_prof_data_size
ffffffff   ___TI_prof_data_start
ffffffff   ___binit__
00000220   ___bss__
ffffffff   ___c_args__
00001b60   ___cinit__
00000220   ___end__
00001b60   ___etext__
ffffffff   ___pinit__
00001220   ___text__
00001a60   __args_main
000016c0   __auto_init
00001b94   __cleanup_ptr
00001b98   __dtors_ptr
00000220   __stack
00001b40   _abort
000019e0   _c_int00
000012e8   _configAndStartTimer1
0000134c   _configAndStartTimer1_2
000018a0   _copy_in
00001aa0   _enableInterrupts
000017c0   _exit
00001ae0   _interruptionLED
00001448   _main
00001480   _memcpy
00001220   _prob1
000013b4   _prob3
00000020   _vector1
00000140   _vector10
00000160   _vector11
00000180   _vector12
000001a0   _vector13
000001c0   _vector14
000001e0   _vector15
00000040   _vector2
00000060   _vector3
000000a0   _vector5
000000c0   _vector6
000000e0   _vector7
00000100   _vector8
00000120   _vector9
00000000   _vectors
ffffffff   binit
00001b60   cinit
00000220   end
00001b60   etext
ffffffff   pinit


GLOBAL SYMBOLS: SORTED BY Symbol Address 

address    name
--------   ----
00000000   _vectors
00000001   __TI_args_main
00000020   _vector1
00000040   _vector2
00000060   _vector3
000000a0   _vector5
000000c0   _vector6
000000e0   _vector7
00000100   _vector8
00000120   _vector9
00000140   _vector10
00000160   _vector11
00000180   _vector12
000001a0   _vector13
000001c0   _vector14
000001e0   _vector15
00000220   $bss
00000220   .bss
00000220   ___bss__
00000220   ___end__
00000220   __stack
00000220   end
00001000   __STACK_SIZE
00001220   .text
00001220   __STACK_END
00001220   ___text__
00001220   _prob1
000012e8   _configAndStartTimer1
0000134c   _configAndStartTimer1_2
000013b4   _prob3
00001448   _main
00001480   _memcpy
000016c0   __auto_init
000017c0   _exit
000018a0   _copy_in
00001960   ___TI_cpp_init
000019e0   _c_int00
00001a60   __args_main
00001aa0   _enableInterrupts
00001ae0   _interruptionLED
00001b40   C$$EXIT
00001b40   _abort
00001b60   ___cinit__
00001b60   ___etext__
00001b60   cinit
00001b60   etext
00001b94   __cleanup_ptr
00001b98   __dtors_ptr
00001b9c   ___TI_enable_exit_profile_output
ffffffff   ___TI_pprof_out_hndl
ffffffff   ___TI_prof_data_size
ffffffff   ___TI_prof_data_start
ffffffff   ___binit__
ffffffff   ___c_args__
ffffffff   ___pinit__
ffffffff   binit
ffffffff   pinit

[57 symbols]
