******************************************************************************
               TMS320C6x Linker PC v7.4.20                     
******************************************************************************
>> Linked Tue Feb 26 14:31:55 2019

OUTPUT FILE NAME:   <autocorrelation.out>
ENTRY POINT SYMBOL: "_c_int00"  address: 000025c0


MEMORY CONFIGURATION

         name            origin    length      used     unused   attr    fill
----------------------  --------  ---------  --------  --------  ----  --------
  IVECS                 00000000   00000220  00000000  00000220  RWIX
  IRAM                  00000220   0002fde0  00003afa  0002c2e6  RWIX
  SDRAM                 80000000   01000000  00000000  01000000  RWIX
  FLASH                 90000000   00020000  00000000  00020000  RWIX


SECTION ALLOCATION MAP

 output                                  attributes/
section   page    origin      length       input sections
--------  ----  ----------  ----------   ----------------
.bss       0    00000220    00000000     UNINITIALIZED

.text      0    00000220    000025c0     
                  00000220    00000720     rts6700.lib : divd.obj (.text:__divd)
                  00000940    00000480     dsk6713bsl.lib : dsk6713.obj (.text)
                  00000dc0    00000320                    : dsk6713_aic23_opencodec.obj (.text)
                  000010e0    000002e0     rts6700.lib : sin.obj (.text:_sin)
                  000013c0    00000240                 : memcpy62.obj (.text:_memcpy)
                  00001600    000001c0     main.obj (.text)
                  000017c0    000001a0     csl6713.lib : csl_mcbsp.obj (.text:_MCBSP_reset)
                  00001960    00000160     dsk6713bsl.lib : dsk6713_aic23_registers.obj (.text)
                  00001ac0    00000140     rts6700.lib : frcmpyd_div.obj (.text:__frcmpyd_div)
                  00001c00    00000100     csl6713.lib : csl_mcbsp.obj (.text:_MCBSP_open)
                  00001d00    00000100                 : csl_mcbsp.obj (.text:_MCBSP_start)
                  00001e00    00000100     rts6700.lib : autoinit.obj (.text:__auto_init)
                  00001f00    000000e0                 : round.obj (.text:__nround)
                  00001fe0    000000e0                 : strasg.obj (.text:__strasg)
                  000020c0    000000e0                 : exit.obj (.text:_exit)
                  000021a0    000000e0                 : modf.obj (.text:_modf)
                  00002280    000000c0                 : cpy_tbl.obj (.text:_copy_in)
                  00002340    000000c0     dsk6713bsl.lib : dsk6713_aic23_setfreq.obj (.text)
                  00002400    000000a0     csl6713.lib : csl_mcbsp.obj (.text:_MCBSP_close)
                  000024a0    000000a0     rts6700.lib : mpyll.obj (.text:__mpyll)
                  00002540    00000080                 : cpp_init.obj (.text:___TI_cpp_init)
                  000025c0    00000080                 : boot.obj (.text:_c_int00)
                  00002640    00000080     dsk6713bsl.lib : dsk6713_aic23_closecodec.obj (.text)
                  000026c0    00000060     rts6700.lib : llshift.obj (.text:__llshru)
                  00002720    00000040                 : args_main.obj (.text:__args_main)
                  00002760    00000040                 : trunc.obj (.text:__trunc)
                  000027a0    00000020                 : exit.obj (.text:_abort)
                  000027c0    00000020     csl6713.lib : csl_irq.obj (.text)

.stack     0    000027e0    00001000     UNINITIALIZED
                  000027e0    00000008     rts6700.lib : boot.obj (.stack)
                  000027e8    00000ff8     --HOLE--

.cinit     0    000037e0    000002b4     
                  000037e0    0000012c     csl6713.lib : csl_irq.obj (.cinit)
                  0000390c    00000004     --HOLE-- [fill = 0]
                  00003910    00000058     C6713Helper_UdeS.obj (.cinit)
                  00003968    00000054     csl6713.lib : csl_mcbsp.obj (.cinit)
                  000039bc    00000004     --HOLE-- [fill = 0]
                  000039c0    00000048     rts6700.lib : sin.obj (.cinit)
                  00003a08    00000030     dsk6713bsl.lib : dsk6713_aic23_registers.obj (.cinit)
                  00003a38    0000002c     rts6700.lib : exit.obj (.cinit)
                  00003a64    00000004     --HOLE-- [fill = 0]
                  00003a68    00000028     dsk6713bsl.lib : dsk6713_aic23_setfreq.obj (.cinit)
                  00003a90    00000004     --HOLE-- [fill = 0]

.far       0    00003a98    00000226     UNINITIALIZED
                  00003a98    000000f4     csl6713.lib : csl_irq.obj (.far)
                  00003b8c    00000058     C6713Helper_UdeS.obj (.far)
                  00003be4    00000004     main.obj (.far)
                  00003be8    00000040     rts6700.lib : sin.obj (.far)
                  00003c28    00000038     csl6713.lib : csl_mcbsp.obj (.far)
                  00003c60    00000028     dsk6713bsl.lib : dsk6713_aic23_registers.obj (.far)
                  00003c88    00000020                    : dsk6713_aic23_setfreq.obj (.far)
                  00003ca8    0000000c     rts6700.lib : exit.obj (.far)
                  00003cb4    00000008     dsk6713bsl.lib : dsk6713_aic23_opencodec.obj (.far)
                  00003cbc    00000002                    : dsk6713.obj (.far)

.const     0    00003cc0    00000060     
                  00003cc0    00000040     dsk6713bsl.lib : dsk6713_aic23_opencodec.obj (.const)
                  00003d00    00000020                    : dsk6713.obj (.const)


GLOBAL SYMBOLS: SORTED ALPHABETICALLY BY Name 

address    name
--------   ----
00000220   $bss
00000220   .bss
00000220   .text
000027a0   C$$EXIT
00003bc0   _AIC23CfgData
00003b94   _AIC_data
00002640   _DSK6713_AIC23_closeCodec
00003cb4   _DSK6713_AIC23_codeccontrolhandle
00003cb8   _DSK6713_AIC23_codecdatahandle
00001a20   _DSK6713_AIC23_config
00000dc0   _DSK6713_AIC23_openCodec
000019fc   _DSK6713_AIC23_rget
00001960   _DSK6713_AIC23_rset
00002340   _DSK6713_AIC23_setFreq
00000d54   _DSK6713_getVersion
0000098c   _DSK6713_init
00000ca8   _DSK6713_rget
00000cbc   _DSK6713_rset
00003cbc   _DSK6713_version
00000cd0   _DSK6713_wait
00000d28   _DSK6713_waitusec
00002400   _MCBSP_close
00001c00   _MCBSP_open
000017c0   _MCBSP_reset
00001d00   _MCBSP_start
00003be4   _State
00003b84   __IRQ_dispatchTable
00003ac0   __IRQ_eventTable
000027c0   __IRQ_hookFetchPacket
00003b44   __IRQ_intTable
00003c58   __MCBSP_hDev0
00003c5c   __MCBSP_hDev1
000037e0   __STACK_END
00001000   __STACK_SIZE
00000001   __TI_args_main
00002540   ___TI_cpp_init
00003cb0   ___TI_enable_exit_profile_output
ffffffff   ___TI_pprof_out_hndl
ffffffff   ___TI_prof_data_size
ffffffff   ___TI_prof_data_start
ffffffff   ___binit__
00000220   ___bss__
ffffffff   ___c_args__
000037e0   ___cinit__
00000220   ___end__
000027e0   ___etext__
ffffffff   ___pinit__
00000220   ___text__
00002720   __args_main
00001e00   __auto_init
00003ca8   __cleanup_ptr
00000220   __divd
00003cac   __dtors_ptr
00001ac0   __frcmpyd_div
000026c0   __llshru
000024a0   __mpyll
00001f00   __nround
000027e0   __stack
00001fe0   __strasg
00002760   __trunc
000027a0   _abort
000025c0   _c_int00
00003b98   _config
00002280   _copy_in
000020c0   _exit
00003be0   _hAIC23_handle
00001600   _length
00001620   _main
000013c0   _memcpy
000021a0   _modf
000010e0   _sin
ffffffff   binit
000037e0   cinit
00000220   end
000027e0   etext
ffffffff   pinit


GLOBAL SYMBOLS: SORTED BY Symbol Address 

address    name
--------   ----
00000001   __TI_args_main
00000220   $bss
00000220   .bss
00000220   .text
00000220   ___bss__
00000220   ___end__
00000220   ___text__
00000220   __divd
00000220   end
0000098c   _DSK6713_init
00000ca8   _DSK6713_rget
00000cbc   _DSK6713_rset
00000cd0   _DSK6713_wait
00000d28   _DSK6713_waitusec
00000d54   _DSK6713_getVersion
00000dc0   _DSK6713_AIC23_openCodec
00001000   __STACK_SIZE
000010e0   _sin
000013c0   _memcpy
00001600   _length
00001620   _main
000017c0   _MCBSP_reset
00001960   _DSK6713_AIC23_rset
000019fc   _DSK6713_AIC23_rget
00001a20   _DSK6713_AIC23_config
00001ac0   __frcmpyd_div
00001c00   _MCBSP_open
00001d00   _MCBSP_start
00001e00   __auto_init
00001f00   __nround
00001fe0   __strasg
000020c0   _exit
000021a0   _modf
00002280   _copy_in
00002340   _DSK6713_AIC23_setFreq
00002400   _MCBSP_close
000024a0   __mpyll
00002540   ___TI_cpp_init
000025c0   _c_int00
00002640   _DSK6713_AIC23_closeCodec
000026c0   __llshru
00002720   __args_main
00002760   __trunc
000027a0   C$$EXIT
000027a0   _abort
000027c0   __IRQ_hookFetchPacket
000027e0   ___etext__
000027e0   __stack
000027e0   etext
000037e0   __STACK_END
000037e0   ___cinit__
000037e0   cinit
00003ac0   __IRQ_eventTable
00003b44   __IRQ_intTable
00003b84   __IRQ_dispatchTable
00003b94   _AIC_data
00003b98   _config
00003bc0   _AIC23CfgData
00003be0   _hAIC23_handle
00003be4   _State
00003c58   __MCBSP_hDev0
00003c5c   __MCBSP_hDev1
00003ca8   __cleanup_ptr
00003cac   __dtors_ptr
00003cb0   ___TI_enable_exit_profile_output
00003cb4   _DSK6713_AIC23_codeccontrolhandle
00003cb8   _DSK6713_AIC23_codecdatahandle
00003cbc   _DSK6713_version
ffffffff   ___TI_pprof_out_hndl
ffffffff   ___TI_prof_data_size
ffffffff   ___TI_prof_data_start
ffffffff   ___binit__
ffffffff   ___c_args__
ffffffff   ___pinit__
ffffffff   binit
ffffffff   pinit

[76 symbols]
