******************************************************************************
               TMS320C6x Linker PC v7.4.20                     
******************************************************************************
>> Linked Mon Apr 01 09:51:28 2019

OUTPUT FILE NAME:   <S5eAPP5_Problematique.out>
ENTRY POINT SYMBOL: "_c_int00"  address: 0000d2c0


MEMORY CONFIGURATION

         name            origin    length      used     unused   attr    fill
----------------------  --------  ---------  --------  --------  ----  --------
  IVECS                 00000000   00000220  00000200  00000020  RWIX
  IRAM                  00000220   0002fde0  00020308  0000fad8  RWIX
  SDRAM                 80000000   01000000  00000000  01000000  RWIX
  FLASH                 90000000   00020000  00000000  00020000  RWIX


SECTION ALLOCATION MAP

 output                                  attributes/
section   page    origin      length       input sections
--------  ----  ----------  ----------   ----------------
.vectors   0    00000000    00000200     
                  00000000    00000200     Vectors_intr.obj (.vectors)

.bss       0    00000220    00000000     UNINITIALIZED

.text      0    00000220    0000d7c0     
                  00000220    00000900     rts6700.lib : pow.obj (.text:_pow)
                  00000b20    000007e0     C6713Helper_UdeS.obj (.text)
                  00001300    00000720     rts6700.lib : divd.obj (.text:__divd)
                  00001a20    000006c0                 : _printfi.obj (.text:__getarg_diouxp)
                  000020e0    00000660     main_accordeur.obj (.text)
                  00002740    00000640     rts6700.lib : _printfi.obj (.text:__setfield)
                  00002d80    00000600     genCosM2.obj (.text)
                  00003380    00000560     rts6700.lib : _printfi.obj (.text:__printfi)
                  000038e0    000004e0     dsp67x.lib : DSPF_sp_cfftr2_dit.obj (.text)
                  00003dc0    000004c0     rts6700.lib : fputs.obj (.text:_fputs)
                  00004280    00000480     dsk6713bsl.lib : dsk6713.obj (.text)
                  00004700    00000420     rts6700.lib : _printfi.obj (.text:_fcvt)
                  00004b20    00000400                 : _printfi.obj (.text:__pproc_fge)
                  00004f20    00000400                 : _printfi.obj (.text:_ecvt)
                  00005320    00000380                 : imath64.obj (.text:__divull)
                  000056a0    00000380                 : memory.obj (.text:_free)
                  00005a20    00000360                 : _printfi.obj (.text:__pconv_e)
                  00005d80    00000360                 : _printfi.obj (.text:__pproc_fwp)
                  000060e0    00000340                 : cos.obj (.text:_cos)
                  00006420    00000320     dsk6713bsl.lib : dsk6713_aic23_opencodec.obj (.text)
                  00006740    00000300     rts6700.lib : _printfi.obj (.text:__pproc_diouxp)
                  00006a40    00000300     getNewCommand.obj (.text)
                  00006d40    00000300     main_accordeur.obj (.text:retain)
                  00007040    000002c0     rts6700.lib : _printfi.obj (.text:__pproc_str)
                  00007300    000002c0                 : setvbuf.obj (.text:_setvbuf)
                  000075c0    000002a0                 : _printfi.obj (.text:__pconv_g)
                  00007860    000002a0                 : fputc.obj (.text:_fputc)
                  00007b00    00000280     IIR_2ndOrder_directII_ASM.obj (.text)
                  00007d80    00000260     rts6700.lib : imath40.obj (.text:__divul)
                  00007fe0    00000260     dsp67x.lib : DSPF_sp_bitrev_cplx.obj (.text)
                  00008240    00000240     rts6700.lib : _printfi.obj (.text:__mcpy)
                  00008480    00000240                 : fopen.obj (.text:__openfile)
                  000086c0    00000240                 : memory.obj (.text:_malloc)
                  00008900    00000240                 : memcpy62.obj (.text:_memcpy)
                  00008b40    00000220                 : trgdrv.obj (.text:_HOSTrename)
                  00008d60    00000220                 : lowlev.obj (.text:_open)
                  00008f80    000001e0                 : lowlev.obj (.text:_getdevice)
                  00009160    000001c0     csl6713.lib : csl_irq.obj (.text:_IRQ_map)
                  00009320    000001c0     rts6700.lib : fseek.obj (.text:_fseek)
                  000094e0    000001a0     csl6713.lib : csl_mcbsp.obj (.text:_MCBSP_reset)
                  00009680    000001a0     rts6700.lib : _printfi.obj (.text:__ltostr)
                  00009820    000001a0                 : _printfi.obj (.text:__pproc_fflags)
                  000099c0    000001a0                 : ldexp.obj (.text:_ldexp)
                  00009b60    000001a0     dsk6713bsl.lib : dsk6713_led.obj (.text)
                  00009d00    00000160     rts6700.lib : trgdrv.obj (.text:_HOSTlseek)
                  00009e60    00000160                 : fclose.obj (.text:__closefile)
                  00009fc0    00000160                 : fopen.obj (.text:__search_fp)
                  0000a120    00000160     dsk6713bsl.lib : dsk6713_aic23_registers.obj (.text)
                  0000a280    00000140     rts6700.lib : trgdrv.obj (.text:_HOSTread)
                  0000a3c0    00000140                 : frcmpyd_div.obj (.text:__frcmpyd_div)
                  0000a500    00000140                 : atoi.obj (.text:_atoi)
                  0000a640    00000140                 : ltoa.obj (.text:_ltoa)
                  0000a780    00000140                 : sqrt.obj (.text:_sqrt)
                  0000a8c0    00000120                 : trgdrv.obj (.text:_HOSTopen)
                  0000a9e0    00000120                 : trgdrv.obj (.text:_HOSTwrite)
                  0000ab00    00000120                 : _io_perm.obj (.text:__wrt_ok)
                  0000ac20    00000120                 : lowlev.obj (.text:_close)
                  0000ad40    00000120                 : fprintf.obj (.text:_fprintf)
                  0000ae60    00000120                 : frexp.obj (.text:_frexp)
                  0000af80    00000120                 : memset.obj (.text:_memset)
                  0000b0a0    00000120     genCos.obj (.text)
                  0000b1c0    00000100     rts6700.lib : trgdrv.obj (.text:_HOSTclose)
                  0000b2c0    00000100                 : trgdrv.obj (.text:_HOSTunlink)
                  0000b3c0    00000100     csl6713.lib : csl_mcbsp.obj (.text:_MCBSP_open)
                  0000b4c0    00000100                 : csl_mcbsp.obj (.text:_MCBSP_start)
                  0000b5c0    00000100     rts6700.lib : autoinit.obj (.text:__auto_init)
                  0000b6c0    00000100                 : _printfi.obj (.text:__div)
                  0000b7c0    00000100                 : imath40.obj (.text:__divli)
                  0000b8c0    00000100                 : _printfi.obj (.text:__pconv_f)
                  0000b9c0    00000100                 : remi.obj (.text:__remi)
                  0000bac0    00000100                 : lowlev.obj (.text:_lseek)
                  0000bbc0    00000100                 : printf.obj (.text:_printf)
                  0000bcc0    00000100                 : lowlev.obj (.text:_write)
                  0000bdc0    000000e0     FIR_ASM.obj (.text)
                  0000bea0    000000e0     rts6700.lib : fopen.obj (.text:__cleanup)
                  0000bf80    000000e0                 : fflush.obj (.text:__doflush)
                  0000c060    000000e0                 : _printfi.obj (.text:__ecpy)
                  0000c140    000000e0                 : _printfi.obj (.text:__fcpy)
                  0000c220    000000e0                 : round.obj (.text:__nround)
                  0000c300    000000e0                 : strasg.obj (.text:__strasg)
                  0000c3e0    000000e0                 : exit.obj (.text:_exit)
                  0000c4c0    000000e0                 : memory.obj (.text:_minsert)
                  0000c5a0    000000e0                 : modf.obj (.text:_modf)
                  0000c680    000000e0                 : memory.obj (.text:_mremove)
                  0000c760    000000c0                 : divu.obj (.text:__divu)
                  0000c820    000000c0                 : cpy_tbl.obj (.text:_copy_in)
                  0000c8e0    000000c0                 : lowlev.obj (.text:_finddevice)
                  0000c9a0    000000c0     dsk6713bsl.lib : dsk6713_aic23_setfreq.obj (.text)
                  0000ca60    000000a0     csl6713.lib : csl_mcbsp.obj (.text:_MCBSP_close)
                  0000cb00    000000a0                 : csl_mcbsp.obj (.text:_MCBSP_config)
                  0000cba0    000000a0     rts6700.lib : fixdli.obj (.text:__fixdli)
                  0000cc40    000000a0                 : mpyll.obj (.text:__mpyll)
                  0000cce0    000000a0                 : imath40.obj (.text:__remli)
                  0000cd80    000000a0                 : fopen.obj (.text:_fopen)
                  0000ce20    000000a0                 : trgmsg.obj (.text:_readmsg)
                  0000cec0    000000a0     csl6713.lib : csl_irq.obj (.text:_setMux)
                  0000cf60    000000a0     rts6700.lib : lowlev.obj (.text:_tabinit)
                  0000d000    000000a0                 : lowlev.obj (.text:_unlink)
                  0000d0a0    000000a0                 : trgmsg.obj (.text:_writemsg)
                  0000d140    00000080                 : cpp_init.obj (.text:___TI_cpp_init)
                  0000d1c0    00000080                 : fltlid.obj (.text:__fltlid)
                  0000d240    00000080                 : llshift.obj (.text:__llshl)
                  0000d2c0    00000080                 : boot.obj (.text:_c_int00)
                  0000d340    00000080                 : fclose.obj (.text:_fclose)
                  0000d3c0    00000080                 : memccpy.obj (.text:_memccpy)
                  0000d440    00000080     dsk6713bsl.lib : dsk6713_aic23_closecodec.obj (.text)
                  0000d4c0    00000080                    : dsk6713_dip.obj (.text)
                  0000d540    00000060     rts6700.lib : isinf.obj (.text:___isinf)
                  0000d5a0    00000060                 : llshift.obj (.text:__llshru)
                  0000d600    00000060                 : imath64.obj (.text:__subcull)
                  0000d660    00000040     csl6713.lib : csl_irq.obj (.text:_IRQ_enable)
                  0000d6a0    00000040                 : csl_irq.obj (.text:_IRQ_reset)
                  0000d6e0    00000040     rts6700.lib : _printfi.obj (.text:___isnan)
                  0000d720    00000040                 : args_main.obj (.text:__args_main)
                  0000d760    00000040                 : trunc.obj (.text:__trunc)
                  0000d7a0    00000020     Vectors_intr.obj (.text)
                  0000d7c0    00000020     csl6713.lib : csl_irq.obj (.text:_IRQ_globalDisable)
                  0000d7e0    00000020                 : csl_irq.obj (.text:_IRQ_globalEnable)
                  0000d800    00000020                 : csl_irq.obj (.text:_IRQ_nmiEnable)
                  0000d820    00000020                 : csl_mcbsp.obj (.text:_MCBSP_getXmtEventId)
                  0000d840    00000020                 : csl_mcbsp.obj (.text:_MCBSP_read)
                  0000d860    00000020                 : csl_mcbsp.obj (.text:_MCBSP_rrdy)
                  0000d880    00000020                 : csl_mcbsp.obj (.text:_MCBSP_write)
                  0000d8a0    00000020                 : csl_mcbsp.obj (.text:_MCBSP_xrdy)
                  0000d8c0    00000020     rts6700.lib : negll.obj (.text:__negll)
                  0000d8e0    00000020                 : _lock.obj (.text:__nop)
                  0000d900    00000020                 : fprintf.obj (.text:__outc)
                  0000d920    00000020                 : printf.obj (.text:__outc)
                  0000d940    00000020                 : fprintf.obj (.text:__outs)
                  0000d960    00000020                 : printf.obj (.text:__outs)
                  0000d980    00000020                 : exit.obj (.text:_abort)
                  0000d9a0    00000020                 : remove.obj (.text:_remove)
                  0000d9c0    00000020     csl6713.lib : csl_irq.obj (.text)

.stack     0    0000d9e0    00008000     UNINITIALIZED
                  0000d9e0    00000008     rts6700.lib : boot.obj (.stack)
                  0000d9e8    00007ff8     --HOLE--

.sysmem    0    000159e0    00008000     UNINITIALIZED
                  000159e0    00000008     rts6700.lib : memory.obj (.sysmem)
                  000159e8    00007ff8     --HOLE--

.switch    0    0001d9e0    00000010     
                  0001d9e0    00000010     main_accordeur.obj (.switch:_getCommandes)

.far       0    0001da00    000018a4     UNINITIALIZED
                  0001da00    0000082c     main_accordeur.obj (.far)
                  0001e22c    00000004     rts6700.lib : errno.obj (.far)
                  0001e230    00000804     fonction_traitement.obj (.far)
                  0001ea34    00000324     rts6700.lib : defs.obj (.far)
                  0001ed58    00000120                 : pow.obj (.far)
                  0001ee78    0000011c                 : lowlev.obj (.far)
                  0001ef94    000000f4     csl6713.lib : csl_irq.obj (.far)
                  0001f088    00000060     rts6700.lib : atan.obj (.far)
                  0001f0e8    00000058     C6713Helper_UdeS.obj (.far)
                  0001f140    0000004c     genCosM2.obj (.far)
                  0001f18c    00000004     rts6700.lib : fopen.obj (.far)
                  0001f190    00000040                 : cos.obj (.far)
                  0001f1d0    00000038     csl6713.lib : csl_mcbsp.obj (.far)
                  0001f208    00000028     dsk6713bsl.lib : dsk6713_aic23_registers.obj (.far)
                  0001f230    00000020                    : dsk6713_aic23_setfreq.obj (.far)
                  0001f250    00000018     filtrerCascadeIIR.obj (.far)
                  0001f268    0000000c     getNewCommand.obj (.far)
                  0001f274    0000000c     rts6700.lib : exit.obj (.far)
                  0001f280    00000008     dsk6713bsl.lib : dsk6713_aic23_opencodec.obj (.far)
                  0001f288    00000008     rts6700.lib : _lock.obj (.far)
                  0001f290    00000008                 : memory.obj (.far)
                  0001f298    00000008                 : trgdrv.obj (.far)
                  0001f2a0    00000002     dsk6713bsl.lib : dsk6713.obj (.far)
                  0001f2a2    00000002                    : dsk6713_led.obj (.far)

.cinit     0    0001f2a8    00000ebc     
                  0001f2a8    00000814     fonction_traitement.obj (.cinit)
                  0001fabc    00000004     --HOLE-- [fill = 0]
                  0001fac0    00000140     rts6700.lib : pow.obj (.cinit)
                  0001fc00    0000012c     csl6713.lib : csl_irq.obj (.cinit)
                  0001fd2c    00000004     --HOLE-- [fill = 0]
                  0001fd30    000000ac     main_accordeur.obj (.cinit)
                  0001fddc    00000004     --HOLE-- [fill = 0]
                  0001fde0    00000070     rts6700.lib : atan.obj (.cinit)
                  0001fe50    0000005c                 : defs.obj (.cinit)
                  0001feac    00000004     --HOLE-- [fill = 0]
                  0001feb0    0000005c                 : lowlev.obj (.cinit)
                  0001ff0c    00000004     --HOLE-- [fill = 0]
                  0001ff10    00000058     C6713Helper_UdeS.obj (.cinit)
                  0001ff68    00000054     csl6713.lib : csl_mcbsp.obj (.cinit)
                  0001ffbc    00000004     --HOLE-- [fill = 0]
                  0001ffc0    00000048     rts6700.lib : cos.obj (.cinit)
                  00020008    00000030     dsk6713bsl.lib : dsk6713_aic23_registers.obj (.cinit)
                  00020038    0000002c     getNewCommand.obj (.cinit)
                  00020064    00000004     --HOLE-- [fill = 0]
                  00020068    0000002c     rts6700.lib : exit.obj (.cinit)
                  00020094    00000004     --HOLE-- [fill = 0]
                  00020098    0000002c                 : memory.obj (.cinit)
                  000200c4    00000004     --HOLE-- [fill = 0]
                  000200c8    00000028     dsk6713bsl.lib : dsk6713_aic23_setfreq.obj (.cinit)
                  000200f0    00000020     genCosM2.obj (.cinit)
                  00020110    0000001c     rts6700.lib : _lock.obj (.cinit)
                  0002012c    00000004     --HOLE-- [fill = 0]
                  00020130    0000000c     filtrerCascadeIIR.obj (.cinit)
                  0002013c    00000004     --HOLE-- [fill = 0]
                  00020140    0000000c     rts6700.lib : errno.obj (.cinit)
                  0002014c    00000004     --HOLE-- [fill = 0]
                  00020150    0000000c                 : fopen.obj (.cinit)
                  0002015c    00000004     --HOLE-- [fill = 0]
                  00020160    00000004     (.pad.cinit) [fill = 0]

.const     0    00020164    000002b8     
                  00020164    00000101     rts6700.lib : ctype.obj (.const:.string:__ctypes_)
                  00020265    00000002                 : fputs.obj (.const:.string)
                  00020267    00000001     --HOLE-- [fill = 0]
                  00020268    000000c8     main_accordeur.obj (.const:.string)
                  00020330    00000048     genCosM2.obj (.const:.string)
                  00020378    00000040     dsk6713bsl.lib : dsk6713_aic23_opencodec.obj (.const)
                  000203b8    00000023     rts6700.lib : _printfi.obj (.const:.string)
                  000203db    00000001     --HOLE-- [fill = 0]
                  000203dc    00000020     dsk6713bsl.lib : dsk6713.obj (.const)
                  000203fc    00000014     main_accordeur.obj (.const:_$P$T0$2)
                  00020410    00000008     main_accordeur.obj (.const)
                  00020418    00000004     getNewCommand.obj (.const)

.cio       0    0002041c    00000120     UNINITIALIZED
                  0002041c    00000120     rts6700.lib : trgmsg.obj (.cio)


GLOBAL SYMBOLS: SORTED ALPHABETICALLY BY Name 

address    name
--------   ----
00000220   $bss
00000220   .bss
00000220   .text
0000d980   C$$EXIT
0000d118   C$$IO$$
0001f11c   _AIC23CfgData
0001e20c   _AIC23_data
0001f0f0   _AIC_data
00000b54   _CODEC_start
00000c20   _CODEC_stop
0001f140   _C_delta
0001da18   _Commandes
0000d440   _DSK6713_AIC23_closeCodec
0001f280   _DSK6713_AIC23_codeccontrolhandle
0001f284   _DSK6713_AIC23_codecdatahandle
0000a1e0   _DSK6713_AIC23_config
00006420   _DSK6713_AIC23_openCodec
0000a1bc   _DSK6713_AIC23_rget
0000a120   _DSK6713_AIC23_rset
0000c9a0   _DSK6713_AIC23_setFreq
0000d4c8   _DSK6713_DIP_get
0000d4c0   _DSK6713_DIP_init
00009b60   _DSK6713_LED_init
00009b88   _DSK6713_LED_off
00009be4   _DSK6713_LED_on
00009c40   _DSK6713_LED_toggle
00004694   _DSK6713_getVersion
000042cc   _DSK6713_init
000045e8   _DSK6713_rget
000045fc   _DSK6713_rset
0001f2a0   _DSK6713_version
00004610   _DSK6713_wait
00004668   _DSK6713_waitusec
00007fe0   _DSPF_sp_bitrev_cplx
000038e0   _DSPF_sp_cfftr2_dit
0001da00   _DeltaAngle
0000bdc0   _FIR_ASM
0000b1c0   _HOSTclose
00009d00   _HOSTlseek
0000a8c0   _HOSTopen
0000a280   _HOSTread
00008b40   _HOSTrename
0000b2c0   _HOSTunlink
0000a9e0   _HOSTwrite
00007b00   _IIR_2ndOrder_directII_ASM
0001f250   _IIR_W
00007d04   _IIR_sat_25bits_ASM
0000d660   _IRQ_enable
0000d7c0   _IRQ_globalDisable
0000d7e0   _IRQ_globalEnable
00009160   _IRQ_map
0000d800   _IRQ_nmiEnable
0000d6a0   _IRQ_reset
00020418   _L_ATTENTE
0000ca60   _MCBSP_close
0000cb00   _MCBSP_config
0000d820   _MCBSP_getXmtEventId
0000b3c0   _MCBSP_open
0000d840   _MCBSP_read
000094e0   _MCBSP_reset
0000d860   _MCBSP_rrdy
0000b4c0   _MCBSP_start
0000d880   _MCBSP_write
0000d8a0   _MCBSP_xrdy
00020414   _PI
0002041c   __CIOBUF_
0001f080   __IRQ_dispatchTable
0001efbc   __IRQ_eventTable
0000d9c0   __IRQ_hookFetchPacket
0001f040   __IRQ_intTable
0001f200   __MCBSP_hDev0
0001f204   __MCBSP_hDev1
000159e0   __STACK_END
00008000   __STACK_SIZE
00008000   __SYSMEM_SIZE
00000001   __TI_args_main
0000d140   ___TI_cpp_init
0001f27c   ___TI_enable_exit_profile_output
ffffffff   ___TI_pprof_out_hndl
ffffffff   ___TI_prof_data_size
ffffffff   ___TI_prof_data_start
ffffffff   ___binit__
00000220   ___bss__
ffffffff   ___c_args__
0001f2a8   ___cinit__
00000220   ___end__
0000d9e0   ___etext__
0000d540   ___isinf
ffffffff   ___pinit__
00000220   ___text__
0000d720   __args_main
0000b5c0   __auto_init
0000c760   __c6xabi_divu
0000b9c0   __c6xabi_remi
0000bea0   __cleanup
0001f274   __cleanup_ptr
00009e60   __closefile
00020164   __ctypes_
00001300   __divd
0000b7c0   __divli
0000c760   __divu
00007d80   __divul
00005320   __divull
0000bf80   __doflush
0001f278   __dtors_ptr
0000cba0   __fixdli
0000d1c0   __fltlid
0000a3c0   __frcmpyd_div
0001ed54   __ft_end
0001ea34   __ftable
0000d240   __llshl
0000d5a0   __llshru
0001f288   __lock
0000cc40   __mpyll
0000d8c0   __negll
0000d8e0   __nop
0000c220   __nround
00003380   __printfi
0000b9c0   __remi
0000cce0   __remli
0000d9e0   __stack
0000c300   __strasg
0000d600   __subcull
000159e0   __sys_memory
0001ec14   __tmpnams
0000d760   __trunc
0001f28c   __unlock
0000ab00   __wrt_ok
0000d980   _abort
00002230   _afficherMenu
000022d4   _ajusterLED
0000a500   _atoi
00002164   _attendre
0000d2c0   _c_int00
00006d40   _c_int11
0000ac20   _close
000011c0   _comm_intr
00000b20   _comm_poll
0001f0f4   _config
0000c820   _copy_in
000060e0   _cos
0001de24   _errAccordement
0001e22c   _errno
0000c3e0   _exit
0000d340   _fclose
00020410   _fe
0001f188   _file
0000b0a0   _fixAngle
00007d54   _fonction_mtlp
00007d74   _fonction_shift_int
0000cd80   _fopen
0000ad40   _fprintf
00007860   _fputc
00003dc0   _fputs
000056a0   _free
0000ae60   _frexp
0001e204   _fs
00009320   _fseek
0000b11c   _genCos
0000321c   _genCosM2
0000252c   _genFrqCos
000025d8   _genFrq_methode2
000023a0   _getCommandes
00006ca0   _getDipAppuyee
00006a40   _getNewCommand
0001f13c   _hAIC23_handle
0001ea30   _i
000021d0   _initAccordeur
00002d80   _initGenM2
00001030   _input_left_sample
000010f8   _input_right_sample
00000f2c   _input_sample
0001e208   _inputsource
000099c0   _ldexp
0000bac0   _lseek
0000a640   _ltoa
000020e0   _main
000086c0   _malloc
00002504   _max
0000d3c0   _memccpy
00008900   _memcpy
0000af80   _memset
000024dc   _min
0000c5a0   _modf
0001f170   _nb
0001de20   _noEchFilt
00008d60   _open
00000d6c   _output_left_sample
00000e4c   _output_right_sample
00000c50   _output_sample
0001e200   _pTampon
00000220   _pow
0000bbc0   _printf
00007860   _putc
0000ce20   _readmsg
0000d9a0   _remove
00007300   _setvbuf
0000a780   _sqrt
0001e000   _tampon
0001da20   _tamponEchFilt
0000d000   _unlink
00000020   _vector1
00000140   _vector10
00000180   _vector12
000001a0   _vector13
000001c0   _vector14
000001e0   _vector15
00000040   _vector2
00000060   _vector3
00000080   _vector4
000000a0   _vector5
000000c0   _vector6
000000e0   _vector7
00000100   _vector8
00000120   _vector9
00000000   _vectors
0001e230   _w
0000bcc0   _write
0000d0a0   _writemsg
ffffffff   binit
0001f2a8   cinit
00000220   end
0000d9e0   etext
ffffffff   pinit


GLOBAL SYMBOLS: SORTED BY Symbol Address 

address    name
--------   ----
00000000   _vectors
00000001   __TI_args_main
00000020   _vector1
00000040   _vector2
00000060   _vector3
00000080   _vector4
000000a0   _vector5
000000c0   _vector6
000000e0   _vector7
00000100   _vector8
00000120   _vector9
00000140   _vector10
00000180   _vector12
000001a0   _vector13
000001c0   _vector14
000001e0   _vector15
00000220   $bss
00000220   .bss
00000220   .text
00000220   ___bss__
00000220   ___end__
00000220   ___text__
00000220   _pow
00000220   end
00000b20   _comm_poll
00000b54   _CODEC_start
00000c20   _CODEC_stop
00000c50   _output_sample
00000d6c   _output_left_sample
00000e4c   _output_right_sample
00000f2c   _input_sample
00001030   _input_left_sample
000010f8   _input_right_sample
000011c0   _comm_intr
00001300   __divd
000020e0   _main
00002164   _attendre
000021d0   _initAccordeur
00002230   _afficherMenu
000022d4   _ajusterLED
000023a0   _getCommandes
000024dc   _min
00002504   _max
0000252c   _genFrqCos
000025d8   _genFrq_methode2
00002d80   _initGenM2
0000321c   _genCosM2
00003380   __printfi
000038e0   _DSPF_sp_cfftr2_dit
00003dc0   _fputs
000042cc   _DSK6713_init
000045e8   _DSK6713_rget
000045fc   _DSK6713_rset
00004610   _DSK6713_wait
00004668   _DSK6713_waitusec
00004694   _DSK6713_getVersion
00005320   __divull
000056a0   _free
000060e0   _cos
00006420   _DSK6713_AIC23_openCodec
00006a40   _getNewCommand
00006ca0   _getDipAppuyee
00006d40   _c_int11
00007300   _setvbuf
00007860   _fputc
00007860   _putc
00007b00   _IIR_2ndOrder_directII_ASM
00007d04   _IIR_sat_25bits_ASM
00007d54   _fonction_mtlp
00007d74   _fonction_shift_int
00007d80   __divul
00007fe0   _DSPF_sp_bitrev_cplx
00008000   __STACK_SIZE
00008000   __SYSMEM_SIZE
000086c0   _malloc
00008900   _memcpy
00008b40   _HOSTrename
00008d60   _open
00009160   _IRQ_map
00009320   _fseek
000094e0   _MCBSP_reset
000099c0   _ldexp
00009b60   _DSK6713_LED_init
00009b88   _DSK6713_LED_off
00009be4   _DSK6713_LED_on
00009c40   _DSK6713_LED_toggle
00009d00   _HOSTlseek
00009e60   __closefile
0000a120   _DSK6713_AIC23_rset
0000a1bc   _DSK6713_AIC23_rget
0000a1e0   _DSK6713_AIC23_config
0000a280   _HOSTread
0000a3c0   __frcmpyd_div
0000a500   _atoi
0000a640   _ltoa
0000a780   _sqrt
0000a8c0   _HOSTopen
0000a9e0   _HOSTwrite
0000ab00   __wrt_ok
0000ac20   _close
0000ad40   _fprintf
0000ae60   _frexp
0000af80   _memset
0000b0a0   _fixAngle
0000b11c   _genCos
0000b1c0   _HOSTclose
0000b2c0   _HOSTunlink
0000b3c0   _MCBSP_open
0000b4c0   _MCBSP_start
0000b5c0   __auto_init
0000b7c0   __divli
0000b9c0   __c6xabi_remi
0000b9c0   __remi
0000bac0   _lseek
0000bbc0   _printf
0000bcc0   _write
0000bdc0   _FIR_ASM
0000bea0   __cleanup
0000bf80   __doflush
0000c220   __nround
0000c300   __strasg
0000c3e0   _exit
0000c5a0   _modf
0000c760   __c6xabi_divu
0000c760   __divu
0000c820   _copy_in
0000c9a0   _DSK6713_AIC23_setFreq
0000ca60   _MCBSP_close
0000cb00   _MCBSP_config
0000cba0   __fixdli
0000cc40   __mpyll
0000cce0   __remli
0000cd80   _fopen
0000ce20   _readmsg
0000d000   _unlink
0000d0a0   _writemsg
0000d118   C$$IO$$
0000d140   ___TI_cpp_init
0000d1c0   __fltlid
0000d240   __llshl
0000d2c0   _c_int00
0000d340   _fclose
0000d3c0   _memccpy
0000d440   _DSK6713_AIC23_closeCodec
0000d4c0   _DSK6713_DIP_init
0000d4c8   _DSK6713_DIP_get
0000d540   ___isinf
0000d5a0   __llshru
0000d600   __subcull
0000d660   _IRQ_enable
0000d6a0   _IRQ_reset
0000d720   __args_main
0000d760   __trunc
0000d7c0   _IRQ_globalDisable
0000d7e0   _IRQ_globalEnable
0000d800   _IRQ_nmiEnable
0000d820   _MCBSP_getXmtEventId
0000d840   _MCBSP_read
0000d860   _MCBSP_rrdy
0000d880   _MCBSP_write
0000d8a0   _MCBSP_xrdy
0000d8c0   __negll
0000d8e0   __nop
0000d980   C$$EXIT
0000d980   _abort
0000d9a0   _remove
0000d9c0   __IRQ_hookFetchPacket
0000d9e0   ___etext__
0000d9e0   __stack
0000d9e0   etext
000159e0   __STACK_END
000159e0   __sys_memory
0001da00   _DeltaAngle
0001da18   _Commandes
0001da20   _tamponEchFilt
0001de20   _noEchFilt
0001de24   _errAccordement
0001e000   _tampon
0001e200   _pTampon
0001e204   _fs
0001e208   _inputsource
0001e20c   _AIC23_data
0001e22c   _errno
0001e230   _w
0001ea30   _i
0001ea34   __ftable
0001ec14   __tmpnams
0001ed54   __ft_end
0001efbc   __IRQ_eventTable
0001f040   __IRQ_intTable
0001f080   __IRQ_dispatchTable
0001f0f0   _AIC_data
0001f0f4   _config
0001f11c   _AIC23CfgData
0001f13c   _hAIC23_handle
0001f140   _C_delta
0001f170   _nb
0001f188   _file
0001f200   __MCBSP_hDev0
0001f204   __MCBSP_hDev1
0001f250   _IIR_W
0001f274   __cleanup_ptr
0001f278   __dtors_ptr
0001f27c   ___TI_enable_exit_profile_output
0001f280   _DSK6713_AIC23_codeccontrolhandle
0001f284   _DSK6713_AIC23_codecdatahandle
0001f288   __lock
0001f28c   __unlock
0001f2a0   _DSK6713_version
0001f2a8   ___cinit__
0001f2a8   cinit
00020164   __ctypes_
00020410   _fe
00020414   _PI
00020418   _L_ATTENTE
0002041c   __CIOBUF_
ffffffff   ___TI_pprof_out_hndl
ffffffff   ___TI_prof_data_size
ffffffff   ___TI_prof_data_start
ffffffff   ___binit__
ffffffff   ___c_args__
ffffffff   ___pinit__
ffffffff   binit
ffffffff   pinit

[224 symbols]
