******************************************************************************
               TMS320C6x Linker PC v7.4.20                     
******************************************************************************
>> Linked Mon Apr 01 16:02:21 2019

OUTPUT FILE NAME:   <S5eAPP5_Problematique.out>
ENTRY POINT SYMBOL: "_c_int00"  address: 00029200


MEMORY CONFIGURATION

         name            origin    length      used     unused   attr    fill
----------------------  --------  ---------  --------  --------  ----  --------
  IVECS                 00000000   00000220  00000200  00000020  RWIX
  IRAM                  00000220   0002fde0  00029f84  00005e5c  RWIX
  SDRAM                 80000000   01000000  00000000  01000000  RWIX
  FLASH                 90000000   00020000  00000000  00020000  RWIX


SECTION ALLOCATION MAP

 output                                  attributes/
section   page    origin      length       input sections
--------  ----  ----------  ----------   ----------------
.vectors   0    00000000    00000200     
                  00000000    00000200     Vectors_intr.obj (.vectors)

.bss       0    00000220    00000000     UNINITIALIZED

.const     0    00000220    0000007c     
                  00000220    00000040     dsk6713bsl.lib : dsk6713_aic23_opencodec.obj (.const)
                  00000260    00000020                    : dsk6713.obj (.const)
                  00000280    00000014     main_accordeur.obj (.const:_$P$T0$2)
                  00000294    00000008     main_accordeur.obj (.const)

.far       0    00000400    000193bc     UNINITIALIZED
                  00000400    00018800     analyse_son.obj (.far)
                  00018c00    00000814     main_accordeur.obj (.far)
                  00019414    00000004     rts6700.lib : errno.obj (.far)
                  00019418    00000120                 : pow.obj (.far)
                  00019538    000000f4     csl6713.lib : csl_irq.obj (.far)
                  0001962c    00000002     dsk6713bsl.lib : dsk6713.obj (.far)
                  0001962e    00000002                    : dsk6713_led.obj (.far)
                  00019630    00000060     rts6700.lib : atan.obj (.far)
                  00019690    00000058     C6713Helper_UdeS.obj (.far)
                  000196e8    00000040     rts6700.lib : cos.obj (.far)
                  00019728    00000038     csl6713.lib : csl_mcbsp.obj (.far)
                  00019760    00000028     dsk6713bsl.lib : dsk6713_aic23_registers.obj (.far)
                  00019788    00000020                    : dsk6713_aic23_setfreq.obj (.far)
                  000197a8    0000000c     rts6700.lib : exit.obj (.far)
                  000197b4    00000008     dsk6713bsl.lib : dsk6713_aic23_opencodec.obj (.far)

.stack     0    000197c0    00008000     UNINITIALIZED
                  000197c0    00000008     rts6700.lib : boot.obj (.stack)
                  000197c8    00007ff8     --HOLE--

.text      0    000217c0    00007e80     
                  000217c0    00002880     analyse_son.obj (.text)
                  00024040    00000900     rts6700.lib : pow.obj (.text:_pow)
                  00024940    000007e0     C6713Helper_UdeS.obj (.text)
                  00025120    00000720     rts6700.lib : divd.obj (.text:__divd)
                  00025840    000004e0     dsp67x.lib : DSPF_sp_cfftr2_dit.obj (.text)
                  00025d20    00000480     dsk6713bsl.lib : dsk6713.obj (.text)
                  000261a0    00000340     rts6700.lib : cos.obj (.text:_cos)
                  000264e0    00000320     dsk6713bsl.lib : dsk6713_aic23_opencodec.obj (.text)
                  00026800    00000300     rts6700.lib : divf.obj (.text:__divf)
                  00026b00    00000260     dsp67x.lib : DSPF_sp_bitrev_cplx.obj (.text)
                  00026d60    00000240     rts6700.lib : atan.obj (.text:_atan)
                  00026fa0    00000240                 : memcpy62.obj (.text:_memcpy)
                  000271e0    00000240     bitrev_index.obj (.text)
                  00027420    00000240     main_accordeur.obj (.text)
                  00027660    000001c0     csl6713.lib : csl_irq.obj (.text:_IRQ_map)
                  00027820    000001a0                 : csl_mcbsp.obj (.text:_MCBSP_reset)
                  000279c0    000001a0     rts6700.lib : atan2.obj (.text:_atan2)
                  00027b60    000001a0                 : ldexp.obj (.text:_ldexp)
                  00027d00    000001a0     dsk6713bsl.lib : dsk6713_led.obj (.text)
                  00027ea0    00000160                    : dsk6713_aic23_registers.obj (.text)
                  00028000    00000160     main_accordeur.obj (.text:retain)
                  00028160    00000140     rts6700.lib : frcmpyd_div.obj (.text:__frcmpyd_div)
                  000282a0    00000140                 : sqrt.obj (.text:_sqrt)
                  000283e0    00000120                 : divi.obj (.text:__divi)
                  00028500    00000120                 : frexp.obj (.text:_frexp)
                  00028620    00000100     csl6713.lib : csl_mcbsp.obj (.text:_MCBSP_open)
                  00028720    00000100                 : csl_mcbsp.obj (.text:_MCBSP_start)
                  00028820    00000100     rts6700.lib : autoinit.obj (.text:__auto_init)
                  00028920    000000e0     AutoCorr.obj (.text)
                  00028a00    000000e0     rts6700.lib : round.obj (.text:__nround)
                  00028ae0    000000e0                 : strasg.obj (.text:__strasg)
                  00028bc0    000000e0                 : exit.obj (.text:_exit)
                  00028ca0    000000e0                 : modf.obj (.text:_modf)
                  00028d80    000000c0                 : cpy_tbl.obj (.text:_copy_in)
                  00028e40    000000c0     dsk6713bsl.lib : dsk6713_aic23_setfreq.obj (.text)
                  00028f00    000000a0     csl6713.lib : csl_mcbsp.obj (.text:_MCBSP_close)
                  00028fa0    000000a0                 : csl_mcbsp.obj (.text:_MCBSP_config)
                  00029040    000000a0     rts6700.lib : mpyll.obj (.text:__mpyll)
                  000290e0    000000a0     csl6713.lib : csl_irq.obj (.text:_setMux)
                  00029180    00000080     rts6700.lib : cpp_init.obj (.text:___TI_cpp_init)
                  00029200    00000080                 : boot.obj (.text:_c_int00)
                  00029280    00000080     dsk6713bsl.lib : dsk6713_aic23_closecodec.obj (.text)
                  00029300    00000080                    : dsk6713_dip.obj (.text)
                  00029380    00000060     rts6700.lib : llshift.obj (.text:__llshru)
                  000293e0    00000040     csl6713.lib : csl_irq.obj (.text:_IRQ_enable)
                  00029420    00000040                 : csl_irq.obj (.text:_IRQ_reset)
                  00029460    00000040     rts6700.lib : args_main.obj (.text:__args_main)
                  000294a0    00000040                 : trunc.obj (.text:__trunc)
                  000294e0    00000020     Vectors_intr.obj (.text)
                  00029500    00000020     csl6713.lib : csl_irq.obj (.text:_IRQ_globalDisable)
                  00029520    00000020                 : csl_irq.obj (.text:_IRQ_globalEnable)
                  00029540    00000020                 : csl_irq.obj (.text:_IRQ_nmiEnable)
                  00029560    00000020                 : csl_mcbsp.obj (.text:_MCBSP_getXmtEventId)
                  00029580    00000020                 : csl_mcbsp.obj (.text:_MCBSP_read)
                  000295a0    00000020                 : csl_mcbsp.obj (.text:_MCBSP_rrdy)
                  000295c0    00000020                 : csl_mcbsp.obj (.text:_MCBSP_write)
                  000295e0    00000020                 : csl_mcbsp.obj (.text:_MCBSP_xrdy)
                  00029600    00000020     rts6700.lib : exit.obj (.text:_abort)
                  00029620    00000020     csl6713.lib : csl_irq.obj (.text)

.cinit     0    00029640    00000ccc     
                  00029640    00000808     analyse_son.obj (.cinit)
                  00029e48    00000140     rts6700.lib : pow.obj (.cinit)
                  00029f88    0000012c     csl6713.lib : csl_irq.obj (.cinit)
                  0002a0b4    00000004     --HOLE-- [fill = 0]
                  0002a0b8    00000070     rts6700.lib : atan.obj (.cinit)
                  0002a128    00000058     C6713Helper_UdeS.obj (.cinit)
                  0002a180    00000054     csl6713.lib : csl_mcbsp.obj (.cinit)
                  0002a1d4    00000004     --HOLE-- [fill = 0]
                  0002a1d8    0000004a     main_accordeur.obj (.cinit)
                  0002a222    00000006     --HOLE-- [fill = 0]
                  0002a228    00000048     rts6700.lib : cos.obj (.cinit)
                  0002a270    00000030     dsk6713bsl.lib : dsk6713_aic23_registers.obj (.cinit)
                  0002a2a0    0000002c     rts6700.lib : exit.obj (.cinit)
                  0002a2cc    00000004     --HOLE-- [fill = 0]
                  0002a2d0    00000028     dsk6713bsl.lib : dsk6713_aic23_setfreq.obj (.cinit)
                  0002a2f8    0000000c     rts6700.lib : errno.obj (.cinit)
                  0002a304    00000004     --HOLE-- [fill = 0]
                  0002a308    00000004     (.pad.cinit) [fill = 0]


GLOBAL SYMBOLS: SORTED ALPHABETICALLY BY Name 

address    name
--------   ----
00000220   $bss
00000220   .bss
000217c0   .text
00029600   C$$EXIT
000196c4   _AIC23CfgData
0001940c   _AIC23_data
00019698   _AIC_data
00028920   _AutoCorrelation
00024974   _CODEC_start
00024a40   _CODEC_stop
00029280   _DSK6713_AIC23_closeCodec
000197b4   _DSK6713_AIC23_codeccontrolhandle
000197b8   _DSK6713_AIC23_codecdatahandle
00027f60   _DSK6713_AIC23_config
000264e0   _DSK6713_AIC23_openCodec
00027f3c   _DSK6713_AIC23_rget
00027ea0   _DSK6713_AIC23_rset
00028e40   _DSK6713_AIC23_setFreq
00029308   _DSK6713_DIP_get
00029300   _DSK6713_DIP_init
00027d00   _DSK6713_LED_init
00027d28   _DSK6713_LED_off
00027d84   _DSK6713_LED_on
00027de0   _DSK6713_LED_toggle
00026134   _DSK6713_getVersion
00025d6c   _DSK6713_init
00026088   _DSK6713_rget
0002609c   _DSK6713_rset
0001962c   _DSK6713_version
000260b0   _DSK6713_wait
00026108   _DSK6713_waitusec
00026b00   _DSPF_sp_bitrev_cplx
00025840   _DSPF_sp_cfftr2_dit
00023d20   _FFT
00023eb4   _IFFT
000293e0   _IRQ_enable
00029500   _IRQ_globalDisable
00029520   _IRQ_globalEnable
00027660   _IRQ_map
00029540   _IRQ_nmiEnable
00029420   _IRQ_reset
00028f00   _MCBSP_close
00028fa0   _MCBSP_config
00029560   _MCBSP_getXmtEventId
00028620   _MCBSP_open
00029580   _MCBSP_read
00027820   _MCBSP_reset
000295a0   _MCBSP_rrdy
00028720   _MCBSP_start
000295c0   _MCBSP_write
000295e0   _MCBSP_xrdy
00000298   _PI
00019624   __IRQ_dispatchTable
00019560   __IRQ_eventTable
00029620   __IRQ_hookFetchPacket
000195e4   __IRQ_intTable
00019758   __MCBSP_hDev0
0001975c   __MCBSP_hDev1
000217c0   __STACK_END
00008000   __STACK_SIZE
00000001   __TI_args_main
00029180   ___TI_cpp_init
000197b0   ___TI_enable_exit_profile_output
ffffffff   ___TI_pprof_out_hndl
ffffffff   ___TI_prof_data_size
ffffffff   ___TI_prof_data_start
ffffffff   ___binit__
00000220   ___bss__
ffffffff   ___c_args__
00029640   ___cinit__
00000220   ___end__
00029640   ___etext__
ffffffff   ___pinit__
000217c0   ___text__
00029460   __args_main
00028820   __auto_init
000283e0   __c6xabi_divi
000197a8   __cleanup_ptr
00025120   __divd
00026800   __divf
000283e0   __divi
000197ac   __dtors_ptr
00028160   __frcmpyd_div
00029380   __llshru
00029040   __mpyll
00028a00   __nround
000197c0   __stack
00028ae0   __strasg
000294a0   __trunc
00029600   _abort
00021878   _absolute
000222dc   _analyse_son
00026d60   _atan
000279c0   _atan2
0002759c   _attendre
000271e0   _bitrev_index
00029200   _c_int00
00028000   _c_int11
00024fe0   _comm_intr
00024940   _comm_poll
0001969c   _config
00028d80   _copy_in
00021b44   _correlation
000261a0   _cos
00019004   _errAccordement
00019414   _errno
00028bc0   _exit
00000294   _fe
00008c00   _fen_hamming
00000c00   _fen_triang
00023918   _fenetre_hamming
00023a1c   _fenetre_triangle
00028500   _frexp
00019404   _fs
000196e4   _hAIC23_handle
00027608   _initAccordeur
00024e50   _input_left_sample
00024f18   _input_right_sample
00024d4c   _input_sample
00019408   _inputsource
00027b60   _ldexp
00023774   _magnitude_complex
00027420   _main
000217c0   _max
00023548   _maxi
000235e4   _maxi_abs
0002369c   _mean
00026fa0   _memcpy
00028ca0   _modf
00019000   _noEchFilt
00021934   _norm
00024b8c   _output_left_sample
00024c6c   _output_right_sample
00024a70   _output_sample
00019400   _pTampon
0002385c   _phase_complex
00024040   _pow
00022844   _pre_traitement
000282a0   _sqrt
00019200   _tampon
00018c00   _tamponEchFilt
00023734   _val_absolut
00000020   _vector1
00000140   _vector10
00000180   _vector12
000001a0   _vector13
000001c0   _vector14
000001e0   _vector15
00000040   _vector2
00000060   _vector3
00000080   _vector4
000000a0   _vector5
000000c0   _vector6
000000e0   _vector7
00000100   _vector8
00000120   _vector9
00000000   _vectors
00000400   _w
ffffffff   binit
00029640   cinit
00000220   end
00029640   etext
ffffffff   pinit


GLOBAL SYMBOLS: SORTED BY Symbol Address 

address    name
--------   ----
00000000   _vectors
00000001   __TI_args_main
00000020   _vector1
00000040   _vector2
00000060   _vector3
00000080   _vector4
000000a0   _vector5
000000c0   _vector6
000000e0   _vector7
00000100   _vector8
00000120   _vector9
00000140   _vector10
00000180   _vector12
000001a0   _vector13
000001c0   _vector14
000001e0   _vector15
00000220   $bss
00000220   .bss
00000220   ___bss__
00000220   ___end__
00000220   end
00000294   _fe
00000298   _PI
00000400   _w
00000c00   _fen_triang
00008000   __STACK_SIZE
00008c00   _fen_hamming
00018c00   _tamponEchFilt
00019000   _noEchFilt
00019004   _errAccordement
00019200   _tampon
00019400   _pTampon
00019404   _fs
00019408   _inputsource
0001940c   _AIC23_data
00019414   _errno
00019560   __IRQ_eventTable
000195e4   __IRQ_intTable
00019624   __IRQ_dispatchTable
0001962c   _DSK6713_version
00019698   _AIC_data
0001969c   _config
000196c4   _AIC23CfgData
000196e4   _hAIC23_handle
00019758   __MCBSP_hDev0
0001975c   __MCBSP_hDev1
000197a8   __cleanup_ptr
000197ac   __dtors_ptr
000197b0   ___TI_enable_exit_profile_output
000197b4   _DSK6713_AIC23_codeccontrolhandle
000197b8   _DSK6713_AIC23_codecdatahandle
000197c0   __stack
000217c0   .text
000217c0   __STACK_END
000217c0   ___text__
000217c0   _max
00021878   _absolute
00021934   _norm
00021b44   _correlation
000222dc   _analyse_son
00022844   _pre_traitement
00023548   _maxi
000235e4   _maxi_abs
0002369c   _mean
00023734   _val_absolut
00023774   _magnitude_complex
0002385c   _phase_complex
00023918   _fenetre_hamming
00023a1c   _fenetre_triangle
00023d20   _FFT
00023eb4   _IFFT
00024040   _pow
00024940   _comm_poll
00024974   _CODEC_start
00024a40   _CODEC_stop
00024a70   _output_sample
00024b8c   _output_left_sample
00024c6c   _output_right_sample
00024d4c   _input_sample
00024e50   _input_left_sample
00024f18   _input_right_sample
00024fe0   _comm_intr
00025120   __divd
00025840   _DSPF_sp_cfftr2_dit
00025d6c   _DSK6713_init
00026088   _DSK6713_rget
0002609c   _DSK6713_rset
000260b0   _DSK6713_wait
00026108   _DSK6713_waitusec
00026134   _DSK6713_getVersion
000261a0   _cos
000264e0   _DSK6713_AIC23_openCodec
00026800   __divf
00026b00   _DSPF_sp_bitrev_cplx
00026d60   _atan
00026fa0   _memcpy
000271e0   _bitrev_index
00027420   _main
0002759c   _attendre
00027608   _initAccordeur
00027660   _IRQ_map
00027820   _MCBSP_reset
000279c0   _atan2
00027b60   _ldexp
00027d00   _DSK6713_LED_init
00027d28   _DSK6713_LED_off
00027d84   _DSK6713_LED_on
00027de0   _DSK6713_LED_toggle
00027ea0   _DSK6713_AIC23_rset
00027f3c   _DSK6713_AIC23_rget
00027f60   _DSK6713_AIC23_config
00028000   _c_int11
00028160   __frcmpyd_div
000282a0   _sqrt
000283e0   __c6xabi_divi
000283e0   __divi
00028500   _frexp
00028620   _MCBSP_open
00028720   _MCBSP_start
00028820   __auto_init
00028920   _AutoCorrelation
00028a00   __nround
00028ae0   __strasg
00028bc0   _exit
00028ca0   _modf
00028d80   _copy_in
00028e40   _DSK6713_AIC23_setFreq
00028f00   _MCBSP_close
00028fa0   _MCBSP_config
00029040   __mpyll
00029180   ___TI_cpp_init
00029200   _c_int00
00029280   _DSK6713_AIC23_closeCodec
00029300   _DSK6713_DIP_init
00029308   _DSK6713_DIP_get
00029380   __llshru
000293e0   _IRQ_enable
00029420   _IRQ_reset
00029460   __args_main
000294a0   __trunc
00029500   _IRQ_globalDisable
00029520   _IRQ_globalEnable
00029540   _IRQ_nmiEnable
00029560   _MCBSP_getXmtEventId
00029580   _MCBSP_read
000295a0   _MCBSP_rrdy
000295c0   _MCBSP_write
000295e0   _MCBSP_xrdy
00029600   C$$EXIT
00029600   _abort
00029620   __IRQ_hookFetchPacket
00029640   ___cinit__
00029640   ___etext__
00029640   cinit
00029640   etext
ffffffff   ___TI_pprof_out_hndl
ffffffff   ___TI_prof_data_size
ffffffff   ___TI_prof_data_start
ffffffff   ___binit__
ffffffff   ___c_args__
ffffffff   ___pinit__
ffffffff   binit
ffffffff   pinit

[163 symbols]
