******************************************************************************
               TMS320C6x Linker PC v7.4.20                     
******************************************************************************
>> Linked Sat Apr 13 11:54:07 2019

OUTPUT FILE NAME:   <ProjetS5e_P1_CCS.out>
ENTRY POINT SYMBOL: "_c_int00"  address: 0000f820


MEMORY CONFIGURATION

         name            origin    length      used     unused   attr    fill
----------------------  --------  ---------  --------  --------  ----  --------
  IVECS                 00000000   00000220  00000200  00000020  RWIX
  IRAM                  00000220   0002fde0  0002548c  0000a954  RWIX
  SDRAM                 80000000   01000000  00072010  00f8dff0  RWIX
  FLASH                 90000000   00020000  00000000  00020000  RWIX


SECTION ALLOCATION MAP

 output                                  attributes/
section   page    origin      length       input sections
--------  ----  ----------  ----------   ----------------
.vectors   0    00000000    00000200     
                  00000000    00000200     Vectors_intr.obj (.vectors)

.bss       0    00000220    00000000     UNINITIALIZED

.text      0    00000220    0000fc60     
                  00000220    00002bc0     functionHelperProjetS5.obj (.text)
                  00002de0    00000900     rts6700.lib : pow.obj (.text:_pow)
                  000036e0    000007e0     C6713Helper_UdeS.obj (.text)
                  00003ec0    00000720     rts6700.lib : divd.obj (.text:__divd)
                  000045e0    000006e0     main.obj (.text)
                  00004cc0    000006c0     rts6700.lib : _printfi.obj (.text:__getarg_diouxp)
                  00005380    00000640                 : _printfi.obj (.text:__setfield)
                  000059c0    00000560                 : _printfi.obj (.text:__printfi)
                  00005f20    000004e0     dsp67x.lib : DSPF_sp_cfftr2_dit.obj (.text)
                  00006400    000004c0     rts6700.lib : fputs.obj (.text:_fputs)
                  000068c0    00000480     dsk6713bsl.lib : dsk6713.obj (.text)
                  00006d40    00000420     rts6700.lib : _printfi.obj (.text:_fcvt)
                  00007160    00000400                 : _printfi.obj (.text:__pproc_fge)
                  00007560    00000400                 : _printfi.obj (.text:_ecvt)
                  00007960    000003a0     main.obj (.text:retain)
                  00007d00    00000380     rts6700.lib : imath64.obj (.text:__divull)
                  00008080    00000380                 : memory.obj (.text:_free)
                  00008400    00000360                 : _printfi.obj (.text:__pconv_e)
                  00008760    00000360                 : _printfi.obj (.text:__pproc_fwp)
                  00008ac0    00000340                 : cos.obj (.text:_cos)
                  00008e00    00000320     SPI_driver.obj (.text)
                  00009120    00000320     dsk6713bsl.lib : dsk6713_aic23_opencodec.obj (.text)
                  00009440    00000300     rts6700.lib : divf.obj (.text:__divf)
                  00009740    00000300                 : _printfi.obj (.text:__pproc_diouxp)
                  00009a40    000002c0                 : _printfi.obj (.text:__pproc_str)
                  00009d00    000002c0                 : setvbuf.obj (.text:_setvbuf)
                  00009fc0    000002a0                 : _printfi.obj (.text:__pconv_g)
                  0000a260    000002a0                 : fputc.obj (.text:_fputc)
                  0000a500    00000260                 : imath40.obj (.text:__divul)
                  0000a760    00000260     dsp67x.lib : DSPF_sp_bitrev_cplx.obj (.text)
                  0000a9c0    00000240     rts6700.lib : _printfi.obj (.text:__mcpy)
                  0000ac00    00000240                 : atan.obj (.text:_atan)
                  0000ae40    00000240                 : memory.obj (.text:_malloc)
                  0000b080    00000240                 : memcpy62.obj (.text:_memcpy)
                  0000b2c0    00000240     bitrev_index.obj (.text)
                  0000b500    00000220     rts6700.lib : trgdrv.obj (.text:_HOSTrename)
                  0000b720    000001e0                 : lowlev.obj (.text:_getdevice)
                  0000b900    000001c0     csl6713.lib : csl_irq.obj (.text:_IRQ_map)
                  0000bac0    000001c0     rts6700.lib : fseek.obj (.text:_fseek)
                  0000bc80    000001a0     csl6713.lib : csl_mcbsp.obj (.text:_MCBSP_reset)
                  0000be20    000001a0     rts6700.lib : _printfi.obj (.text:__ltostr)
                  0000bfc0    000001a0                 : _printfi.obj (.text:__pproc_fflags)
                  0000c160    000001a0                 : atan2.obj (.text:_atan2)
                  0000c300    000001a0                 : ldexp.obj (.text:_ldexp)
                  0000c4a0    000001a0     dsk6713bsl.lib : dsk6713_led.obj (.text)
                  0000c640    00000160     rts6700.lib : trgdrv.obj (.text:_HOSTlseek)
                  0000c7a0    00000160                 : fclose.obj (.text:__closefile)
                  0000c900    00000160     dsk6713bsl.lib : dsk6713_aic23_registers.obj (.text)
                  0000ca60    00000140     rts6700.lib : trgdrv.obj (.text:_HOSTread)
                  0000cba0    00000140                 : frcmpyd_div.obj (.text:__frcmpyd_div)
                  0000cce0    00000140                 : atoi.obj (.text:_atoi)
                  0000ce20    00000140                 : ltoa.obj (.text:_ltoa)
                  0000cf60    00000140                 : sqrt.obj (.text:_sqrt)
                  0000d0a0    00000120                 : trgdrv.obj (.text:_HOSTopen)
                  0000d1c0    00000120                 : trgdrv.obj (.text:_HOSTwrite)
                  0000d2e0    00000120                 : divi.obj (.text:__divi)
                  0000d400    00000120                 : _io_perm.obj (.text:__wrt_ok)
                  0000d520    00000120                 : lowlev.obj (.text:_close)
                  0000d640    00000120                 : frexp.obj (.text:_frexp)
                  0000d760    00000120                 : memset.obj (.text:_memset)
                  0000d880    00000100                 : trgdrv.obj (.text:_HOSTclose)
                  0000d980    00000100                 : trgdrv.obj (.text:_HOSTunlink)
                  0000da80    00000100     csl6713.lib : csl_mcbsp.obj (.text:_MCBSP_open)
                  0000db80    00000100                 : csl_mcbsp.obj (.text:_MCBSP_start)
                  0000dc80    00000100     rts6700.lib : autoinit.obj (.text:__auto_init)
                  0000dd80    00000100                 : _printfi.obj (.text:__div)
                  0000de80    00000100                 : imath40.obj (.text:__divli)
                  0000df80    00000100                 : _printfi.obj (.text:__pconv_f)
                  0000e080    00000100                 : lowlev.obj (.text:_lseek)
                  0000e180    00000100                 : printf.obj (.text:_printf)
                  0000e280    00000100                 : lowlev.obj (.text:_write)
                  0000e380    000000e0     AutoCorr.obj (.text)
                  0000e460    000000e0     FIR_ASM.obj (.text)
                  0000e540    000000e0     rts6700.lib : fopen.obj (.text:__cleanup)
                  0000e620    000000e0                 : fflush.obj (.text:__doflush)
                  0000e700    000000e0                 : _printfi.obj (.text:__ecpy)
                  0000e7e0    000000e0                 : _printfi.obj (.text:__fcpy)
                  0000e8c0    000000e0                 : round.obj (.text:__nround)
                  0000e9a0    000000e0                 : strasg.obj (.text:__strasg)
                  0000ea80    000000e0                 : exit.obj (.text:_exit)
                  0000eb60    000000e0                 : memory.obj (.text:_minsert)
                  0000ec40    000000e0                 : modf.obj (.text:_modf)
                  0000ed20    000000e0                 : memory.obj (.text:_mremove)
                  0000ee00    000000c0                 : divu.obj (.text:__divu)
                  0000eec0    000000c0                 : cpy_tbl.obj (.text:_copy_in)
                  0000ef80    000000c0                 : lowlev.obj (.text:_finddevice)
                  0000f040    000000c0     dsk6713bsl.lib : dsk6713_aic23_setfreq.obj (.text)
                  0000f100    000000a0     csl6713.lib : csl_mcbsp.obj (.text:_MCBSP_close)
                  0000f1a0    000000a0                 : csl_mcbsp.obj (.text:_MCBSP_config)
                  0000f240    000000a0     rts6700.lib : fixdli.obj (.text:__fixdli)
                  0000f2e0    000000a0                 : mpyll.obj (.text:__mpyll)
                  0000f380    000000a0                 : imath40.obj (.text:__remli)
                  0000f420    000000a0                 : trgmsg.obj (.text:_readmsg)
                  0000f4c0    000000a0     csl6713.lib : csl_irq.obj (.text:_setMux)
                  0000f560    000000a0     rts6700.lib : lowlev.obj (.text:_unlink)
                  0000f600    000000a0                 : trgmsg.obj (.text:_writemsg)
                  0000f6a0    00000080                 : cpp_init.obj (.text:___TI_cpp_init)
                  0000f720    00000080                 : fltlid.obj (.text:__fltlid)
                  0000f7a0    00000080                 : llshift.obj (.text:__llshl)
                  0000f820    00000080                 : boot.obj (.text:_c_int00)
                  0000f8a0    00000080                 : memccpy.obj (.text:_memccpy)
                  0000f920    00000080     dsk6713bsl.lib : dsk6713_aic23_closecodec.obj (.text)
                  0000f9a0    00000080                    : dsk6713_dip.obj (.text)
                  0000fa20    00000060     rts6700.lib : isinf.obj (.text:___isinf)
                  0000fa80    00000060                 : llshift.obj (.text:__llshru)
                  0000fae0    00000060                 : imath64.obj (.text:__subcull)
                  0000fb40    00000040     csl6713.lib : csl_irq.obj (.text:_IRQ_enable)
                  0000fb80    00000040                 : csl_irq.obj (.text:_IRQ_reset)
                  0000fbc0    00000040     rts6700.lib : _printfi.obj (.text:___isnan)
                  0000fc00    00000040                 : args_main.obj (.text:__args_main)
                  0000fc40    00000040                 : trunc.obj (.text:__trunc)
                  0000fc80    00000020     Vectors_intr.obj (.text)
                  0000fca0    00000020     csl6713.lib : csl_irq.obj (.text:_IRQ_globalDisable)
                  0000fcc0    00000020                 : csl_irq.obj (.text:_IRQ_globalEnable)
                  0000fce0    00000020                 : csl_irq.obj (.text:_IRQ_nmiEnable)
                  0000fd00    00000020                 : csl_mcbsp.obj (.text:_MCBSP_getXmtEventId)
                  0000fd20    00000020                 : csl_mcbsp.obj (.text:_MCBSP_read)
                  0000fd40    00000020                 : csl_mcbsp.obj (.text:_MCBSP_rrdy)
                  0000fd60    00000020                 : csl_mcbsp.obj (.text:_MCBSP_write)
                  0000fd80    00000020                 : csl_mcbsp.obj (.text:_MCBSP_xrdy)
                  0000fda0    00000020     rts6700.lib : negll.obj (.text:__negll)
                  0000fdc0    00000020                 : _lock.obj (.text:__nop)
                  0000fde0    00000020                 : printf.obj (.text:__outc)
                  0000fe00    00000020                 : printf.obj (.text:__outs)
                  0000fe20    00000020                 : exit.obj (.text:_abort)
                  0000fe40    00000020                 : remove.obj (.text:_remove)
                  0000fe60    00000020     csl6713.lib : csl_irq.obj (.text)

.stack     0    0000fe80    00008000     UNINITIALIZED
                  0000fe80    00000008     rts6700.lib : boot.obj (.stack)
                  0000fe88    00007ff8     --HOLE--

.sysmem    0    00017e80    00008000     UNINITIALIZED
                  00017e80    00000008     rts6700.lib : memory.obj (.sysmem)
                  00017e88    00007ff8     --HOLE--

.cinit     0    0001fe80    000046ac     
                  0001fe80    00004054     functionHelperProjetS5.obj (.cinit)
                  00023ed4    00000004     --HOLE-- [fill = 0]
                  00023ed8    00000140     rts6700.lib : pow.obj (.cinit)
                  00024018    0000012c     csl6713.lib : csl_irq.obj (.cinit)
                  00024144    00000004     --HOLE-- [fill = 0]
                  00024148    00000094     main.obj (.cinit)
                  000241dc    00000004     --HOLE-- [fill = 0]
                  000241e0    00000070     rts6700.lib : atan.obj (.cinit)
                  00024250    0000005c                 : defs.obj (.cinit)
                  000242ac    00000004     --HOLE-- [fill = 0]
                  000242b0    0000005c                 : lowlev.obj (.cinit)
                  0002430c    00000004     --HOLE-- [fill = 0]
                  00024310    00000058     C6713Helper_UdeS.obj (.cinit)
                  00024368    00000054     csl6713.lib : csl_mcbsp.obj (.cinit)
                  000243bc    00000004     --HOLE-- [fill = 0]
                  000243c0    00000048     rts6700.lib : cos.obj (.cinit)
                  00024408    00000030     dsk6713bsl.lib : dsk6713_aic23_registers.obj (.cinit)
                  00024438    0000002c     rts6700.lib : exit.obj (.cinit)
                  00024464    00000004     --HOLE-- [fill = 0]
                  00024468    0000002c                 : memory.obj (.cinit)
                  00024494    00000004     --HOLE-- [fill = 0]
                  00024498    00000028     SPI_driver.obj (.cinit)
                  000244c0    00000028     dsk6713bsl.lib : dsk6713_aic23_setfreq.obj (.cinit)
                  000244e8    0000001c     rts6700.lib : _lock.obj (.cinit)
                  00024504    00000004     --HOLE-- [fill = 0]
                  00024508    0000000c                 : errno.obj (.cinit)
                  00024514    00000004     --HOLE-- [fill = 0]
                  00024518    0000000c                 : fopen.obj (.cinit)
                  00024524    00000004     --HOLE-- [fill = 0]
                  00024528    00000004     (.pad.cinit) [fill = 0]

.far       0    00024600    00000cc0     UNINITIALIZED
                  00024600    00000494     main.obj (.far)
                  00024a94    00000324     rts6700.lib : defs.obj (.far)
                  00024db8    00000120                 : pow.obj (.far)
                  00024ed8    0000011c                 : lowlev.obj (.far)
                  00024ff4    000000f4     csl6713.lib : csl_irq.obj (.far)
                  000250e8    00000060     rts6700.lib : atan.obj (.far)
                  00025148    00000058     C6713Helper_UdeS.obj (.far)
                  000251a0    00000040     rts6700.lib : cos.obj (.far)
                  000251e0    00000038     csl6713.lib : csl_mcbsp.obj (.far)
                  00025218    00000028     dsk6713bsl.lib : dsk6713_aic23_registers.obj (.far)
                  00025240    00000020     SPI_driver.obj (.far)
                  00025260    00000020     dsk6713bsl.lib : dsk6713_aic23_setfreq.obj (.far)
                  00025280    0000000c     rts6700.lib : exit.obj (.far)
                  0002528c    00000008     dsk6713bsl.lib : dsk6713_aic23_opencodec.obj (.far)
                  00025294    00000008     functionHelperProjetS5.obj (.far)
                  0002529c    00000008     rts6700.lib : _lock.obj (.far)
                  000252a4    00000008                 : memory.obj (.far)
                  000252ac    00000008                 : trgdrv.obj (.far)
                  000252b4    00000004                 : errno.obj (.far)
                  000252b8    00000004                 : fopen.obj (.far)
                  000252bc    00000002     dsk6713bsl.lib : dsk6713.obj (.far)
                  000252be    00000002                    : dsk6713_led.obj (.far)

.const     0    000252c0    000003a0     
                  000252c0    000001fe     main.obj (.const:_coefPBd)
                  000254be    00000002     rts6700.lib : fputs.obj (.const:.string)
                  000254c0    00000101                 : ctype.obj (.const:.string:__ctypes_)
                  000255c1    00000003     --HOLE-- [fill = 0]
                  000255c4    00000040     dsk6713bsl.lib : dsk6713_aic23_opencodec.obj (.const)
                  00025604    00000023     rts6700.lib : _printfi.obj (.const:.string)
                  00025627    00000001     --HOLE-- [fill = 0]
                  00025628    00000020     dsk6713bsl.lib : dsk6713.obj (.const)
                  00025648    00000010     main.obj (.const:.string)
                  00025658    00000008     main.obj (.const)

.cio       0    00025660    00000120     UNINITIALIZED
                  00025660    00000120     rts6700.lib : trgmsg.obj (.cio)

.EXT_RAM   0    80000000    00072010     UNINITIALIZED
                  80000000    0004fff8     main.obj (.EXT_RAM)
                  8004fff8    00022018     functionHelperProjetS5.obj (.EXT_RAM)


GLOBAL SYMBOLS: SORTED ALPHABETICALLY BY Name 

address    name
--------   ----
00000220   $bss
00000220   .bss
00000220   .text
0000fe20   C$$EXIT
0000f678   C$$IO$$
0002517c   _AIC23CfgData
00024a0c   _AIC23_data
00025150   _AIC_data
0000e380   _AutoCorrelation
00003714   _CODEC_start
000037e0   _CODEC_stop
0000f920   _DSK6713_AIC23_closeCodec
0002528c   _DSK6713_AIC23_codeccontrolhandle
00025290   _DSK6713_AIC23_codecdatahandle
0000c9c0   _DSK6713_AIC23_config
00009120   _DSK6713_AIC23_openCodec
0000c99c   _DSK6713_AIC23_rget
0000c900   _DSK6713_AIC23_rset
0000f040   _DSK6713_AIC23_setFreq
0000f9a8   _DSK6713_DIP_get
0000f9a0   _DSK6713_DIP_init
0000c4a0   _DSK6713_LED_init
0000c4c8   _DSK6713_LED_off
0000c524   _DSK6713_LED_on
0000c580   _DSK6713_LED_toggle
00006cd4   _DSK6713_getVersion
0000690c   _DSK6713_init
00006c28   _DSK6713_rget
00006c3c   _DSK6713_rset
000252bc   _DSK6713_version
00006c50   _DSK6713_wait
00006ca8   _DSK6713_waitusec
0000a760   _DSPF_sp_bitrev_cplx
00005f20   _DSPF_sp_cfftr2_dit
80000000   _Ech
000023d0   _FFT
0000e460   _FIR_ASM
0000d880   _HOSTclose
0000c640   _HOSTlseek
0000d0a0   _HOSTopen
0000ca60   _HOSTread
0000b500   _HOSTrename
0000d980   _HOSTunlink
0000d1c0   _HOSTwrite
000025f4   _IFFT
0000fb40   _IRQ_enable
0000fca0   _IRQ_globalDisable
0000fcc0   _IRQ_globalEnable
0000b900   _IRQ_map
0000fce0   _IRQ_nmiEnable
0000fb80   _IRQ_reset
00025240   _MCBSP0_SPI_Cfg
0000f100   _MCBSP_close
0000f1a0   _MCBSP_config
00008fac   _MCBSP_ecrire
0000fd00   _MCBSP_getXmtEventId
00009050   _MCBSP_lire
0000da80   _MCBSP_open
0000fd20   _MCBSP_read
0000bc80   _MCBSP_reset
0000fd40   _MCBSP_rrdy
0000db80   _MCBSP_start
0000fd60   _MCBSP_write
0000fd80   _MCBSP_xrdy
0002565c   _PI
00008e00   _SPI_init
8003fff8   _Sig_Ref
80059ff8   _X_Z
00025660   __CIOBUF_
000250e0   __IRQ_dispatchTable
0002501c   __IRQ_eventTable
0000fe60   __IRQ_hookFetchPacket
000250a0   __IRQ_intTable
00025210   __MCBSP_hDev0
00025214   __MCBSP_hDev1
00017e80   __STACK_END
00008000   __STACK_SIZE
00008000   __SYSMEM_SIZE
00000001   __TI_args_main
0000f6a0   ___TI_cpp_init
00025288   ___TI_enable_exit_profile_output
ffffffff   ___TI_pprof_out_hndl
ffffffff   ___TI_prof_data_size
ffffffff   ___TI_prof_data_start
ffffffff   ___binit__
00000220   ___bss__
ffffffff   ___c_args__
0001fe80   ___cinit__
00000220   ___end__
0000fe80   ___etext__
0000fa20   ___isinf
ffffffff   ___pinit__
00000220   ___text__
0000fc00   __args_main
0000dc80   __auto_init
0000d2e0   __c6xabi_divi
0000ee00   __c6xabi_divu
0000e540   __cleanup
00025280   __cleanup_ptr
0000c7a0   __closefile
000254c0   __ctypes_
00003ec0   __divd
00009440   __divf
0000d2e0   __divi
0000de80   __divli
0000ee00   __divu
0000a500   __divul
00007d00   __divull
0000e620   __doflush
00025284   __dtors_ptr
0000f240   __fixdli
0000f720   __fltlid
0000cba0   __frcmpyd_div
00024db4   __ft_end
00024a94   __ftable
0000f7a0   __llshl
0000fa80   __llshru
0002529c   __lock
0000f2e0   __mpyll
0000fda0   __negll
0000fdc0   __nop
0000e8c0   __nround
000059c0   __printfi
0000f380   __remli
0000fe80   __stack
0000e9a0   __strasg
0000fae0   __subcull
00017e80   __sys_memory
00024c74   __tmpnams
0000fc40   __trunc
000252a0   __unlock
0000d400   __wrt_ok
0000fe20   _abort
000002d8   _absolute
000005a4   _analyse_son
0000ac00   _atan
0000c160   _atan2
0000cce0   _atoi
00004c20   _attendre
0000b2c0   _bitrev_index
0000f820   _c_int00
00007960   _c_int11
0000d520   _close
000252c0   _coefPBd
00003d80   _comm_intr
000036e0   _comm_poll
00025154   _config
0000eec0   _copy_in
000027bc   _correlation
00008ac0   _cos
8006e008   _diff_corr
000252b4   _errno
0000ea80   _exit
00025658   _fe
80055ff8   _fen_hamming
80053ff8   _fen_triang
00001ff8   _fenetre_hamming
000020fc   _fenetre_triangle
0000a260   _fputc
00006400   _fputs
00008080   _free
0000d640   _frexp
00024a04   _fs
0000bac0   _fseek
0002519c   _hAIC23_handle
00025294   _i
00024a10   _identite
00024a90   _incrementUser
80061ff8   _index
00004c8c   _initDSK
00003bf0   _input_left_sample
00003cb8   _input_right_sample
00003aec   _input_sample
00024a08   _inputsource
00024a8c   _interruption_full
00025298   _j
0000c300   _ldexp
0000e080   _lseek
0000ce20   _ltoa
00001e58   _magnitude_complex
000045e0   _main
0000ae40   _malloc
00000220   _max
000019e8   _maxi
00001ab0   _maxi_abs
00001ba0   _maxi_abs_short
00001c90   _mean
00001d54   _mean_short
0000f8a0   _memccpy
0000b080   _memcpy
0000d760   _memset
0000ec40   _modf
00024a88   _noDIP
0002460c   _noEchFilt
00000394   _norm
0000392c   _output_left_sample
00003a0c   _output_right_sample
00003810   _output_sample
00024a00   _pTampon
00001f3c   _phase_complex
00002de0   _pow
00000ae4   _pre_traitement
0000e180   _printf
0000a260   _putc
0000f420   _readmsg
0000fe40   _remove
80072004   _score
00009d00   _setvbuf
0000cf60   _sqrt
00024600   _tabId
8003bff8   _tableau_in_temporaire
00024800   _tampon
80062018   _tempx
80068010   _tempy
0000f560   _unlink
00001e18   _val_absolut
00000020   _vector1
00000140   _vector10
00000180   _vector12
000001a0   _vector13
000001c0   _vector14
000001e0   _vector15
00000040   _vector2
00000060   _vector3
00000080   _vector4
000000a0   _vector5
000000c0   _vector6
000000e0   _vector7
00000100   _vector8
00000120   _vector9
00000000   _vectors
8004fff8   _w
0000e280   _write
0000f600   _writemsg
80027ff8   _x2
ffffffff   binit
0001fe80   cinit
00000220   end
0000fe80   etext
ffffffff   pinit


GLOBAL SYMBOLS: SORTED BY Symbol Address 

address    name
--------   ----
00000000   _vectors
00000001   __TI_args_main
00000020   _vector1
00000040   _vector2
00000060   _vector3
00000080   _vector4
000000a0   _vector5
000000c0   _vector6
000000e0   _vector7
00000100   _vector8
00000120   _vector9
00000140   _vector10
00000180   _vector12
000001a0   _vector13
000001c0   _vector14
000001e0   _vector15
00000220   $bss
00000220   .bss
00000220   .text
00000220   ___bss__
00000220   ___end__
00000220   ___text__
00000220   _max
00000220   end
000002d8   _absolute
00000394   _norm
000005a4   _analyse_son
00000ae4   _pre_traitement
000019e8   _maxi
00001ab0   _maxi_abs
00001ba0   _maxi_abs_short
00001c90   _mean
00001d54   _mean_short
00001e18   _val_absolut
00001e58   _magnitude_complex
00001f3c   _phase_complex
00001ff8   _fenetre_hamming
000020fc   _fenetre_triangle
000023d0   _FFT
000025f4   _IFFT
000027bc   _correlation
00002de0   _pow
000036e0   _comm_poll
00003714   _CODEC_start
000037e0   _CODEC_stop
00003810   _output_sample
0000392c   _output_left_sample
00003a0c   _output_right_sample
00003aec   _input_sample
00003bf0   _input_left_sample
00003cb8   _input_right_sample
00003d80   _comm_intr
00003ec0   __divd
000045e0   _main
00004c20   _attendre
00004c8c   _initDSK
000059c0   __printfi
00005f20   _DSPF_sp_cfftr2_dit
00006400   _fputs
0000690c   _DSK6713_init
00006c28   _DSK6713_rget
00006c3c   _DSK6713_rset
00006c50   _DSK6713_wait
00006ca8   _DSK6713_waitusec
00006cd4   _DSK6713_getVersion
00007960   _c_int11
00007d00   __divull
00008000   __STACK_SIZE
00008000   __SYSMEM_SIZE
00008080   _free
00008ac0   _cos
00008e00   _SPI_init
00008fac   _MCBSP_ecrire
00009050   _MCBSP_lire
00009120   _DSK6713_AIC23_openCodec
00009440   __divf
00009d00   _setvbuf
0000a260   _fputc
0000a260   _putc
0000a500   __divul
0000a760   _DSPF_sp_bitrev_cplx
0000ac00   _atan
0000ae40   _malloc
0000b080   _memcpy
0000b2c0   _bitrev_index
0000b500   _HOSTrename
0000b900   _IRQ_map
0000bac0   _fseek
0000bc80   _MCBSP_reset
0000c160   _atan2
0000c300   _ldexp
0000c4a0   _DSK6713_LED_init
0000c4c8   _DSK6713_LED_off
0000c524   _DSK6713_LED_on
0000c580   _DSK6713_LED_toggle
0000c640   _HOSTlseek
0000c7a0   __closefile
0000c900   _DSK6713_AIC23_rset
0000c99c   _DSK6713_AIC23_rget
0000c9c0   _DSK6713_AIC23_config
0000ca60   _HOSTread
0000cba0   __frcmpyd_div
0000cce0   _atoi
0000ce20   _ltoa
0000cf60   _sqrt
0000d0a0   _HOSTopen
0000d1c0   _HOSTwrite
0000d2e0   __c6xabi_divi
0000d2e0   __divi
0000d400   __wrt_ok
0000d520   _close
0000d640   _frexp
0000d760   _memset
0000d880   _HOSTclose
0000d980   _HOSTunlink
0000da80   _MCBSP_open
0000db80   _MCBSP_start
0000dc80   __auto_init
0000de80   __divli
0000e080   _lseek
0000e180   _printf
0000e280   _write
0000e380   _AutoCorrelation
0000e460   _FIR_ASM
0000e540   __cleanup
0000e620   __doflush
0000e8c0   __nround
0000e9a0   __strasg
0000ea80   _exit
0000ec40   _modf
0000ee00   __c6xabi_divu
0000ee00   __divu
0000eec0   _copy_in
0000f040   _DSK6713_AIC23_setFreq
0000f100   _MCBSP_close
0000f1a0   _MCBSP_config
0000f240   __fixdli
0000f2e0   __mpyll
0000f380   __remli
0000f420   _readmsg
0000f560   _unlink
0000f600   _writemsg
0000f678   C$$IO$$
0000f6a0   ___TI_cpp_init
0000f720   __fltlid
0000f7a0   __llshl
0000f820   _c_int00
0000f8a0   _memccpy
0000f920   _DSK6713_AIC23_closeCodec
0000f9a0   _DSK6713_DIP_init
0000f9a8   _DSK6713_DIP_get
0000fa20   ___isinf
0000fa80   __llshru
0000fae0   __subcull
0000fb40   _IRQ_enable
0000fb80   _IRQ_reset
0000fc00   __args_main
0000fc40   __trunc
0000fca0   _IRQ_globalDisable
0000fcc0   _IRQ_globalEnable
0000fce0   _IRQ_nmiEnable
0000fd00   _MCBSP_getXmtEventId
0000fd20   _MCBSP_read
0000fd40   _MCBSP_rrdy
0000fd60   _MCBSP_write
0000fd80   _MCBSP_xrdy
0000fda0   __negll
0000fdc0   __nop
0000fe20   C$$EXIT
0000fe20   _abort
0000fe40   _remove
0000fe60   __IRQ_hookFetchPacket
0000fe80   ___etext__
0000fe80   __stack
0000fe80   etext
00017e80   __STACK_END
00017e80   __sys_memory
0001fe80   ___cinit__
0001fe80   cinit
00024600   _tabId
0002460c   _noEchFilt
00024800   _tampon
00024a00   _pTampon
00024a04   _fs
00024a08   _inputsource
00024a0c   _AIC23_data
00024a10   _identite
00024a88   _noDIP
00024a8c   _interruption_full
00024a90   _incrementUser
00024a94   __ftable
00024c74   __tmpnams
00024db4   __ft_end
0002501c   __IRQ_eventTable
000250a0   __IRQ_intTable
000250e0   __IRQ_dispatchTable
00025150   _AIC_data
00025154   _config
0002517c   _AIC23CfgData
0002519c   _hAIC23_handle
00025210   __MCBSP_hDev0
00025214   __MCBSP_hDev1
00025240   _MCBSP0_SPI_Cfg
00025280   __cleanup_ptr
00025284   __dtors_ptr
00025288   ___TI_enable_exit_profile_output
0002528c   _DSK6713_AIC23_codeccontrolhandle
00025290   _DSK6713_AIC23_codecdatahandle
00025294   _i
00025298   _j
0002529c   __lock
000252a0   __unlock
000252b4   _errno
000252bc   _DSK6713_version
000252c0   _coefPBd
000254c0   __ctypes_
00025658   _fe
0002565c   _PI
00025660   __CIOBUF_
80000000   _Ech
80027ff8   _x2
8003bff8   _tableau_in_temporaire
8003fff8   _Sig_Ref
8004fff8   _w
80053ff8   _fen_triang
80055ff8   _fen_hamming
80059ff8   _X_Z
80061ff8   _index
80062018   _tempx
80068010   _tempy
8006e008   _diff_corr
80072004   _score
ffffffff   ___TI_pprof_out_hndl
ffffffff   ___TI_prof_data_size
ffffffff   ___TI_prof_data_start
ffffffff   ___binit__
ffffffff   ___c_args__
ffffffff   ___pinit__
ffffffff   binit
ffffffff   pinit

[240 symbols]
