******************************************************************************
               TMS320C6x Linker PC v7.4.20                     
******************************************************************************
>> Linked Mon Apr 15 17:58:26 2019

OUTPUT FILE NAME:   <ProjetS5e_P1_CCS.out>
ENTRY POINT SYMBOL: "_c_int00"  address: 00010200


MEMORY CONFIGURATION

         name            origin    length      used     unused   attr    fill
----------------------  --------  ---------  --------  --------  ----  --------
  IVECS                 00000000   00000220  00000200  00000020  RWIX
  IRAM                  00000220   0002fde0  00026088  00009d58  RWIX
  SDRAM                 80000000   01000000  0009a038  00f65fc8  RWIX
  FLASH                 90000000   00020000  00000000  00020000  RWIX


SECTION ALLOCATION MAP

 output                                  attributes/
section   page    origin      length       input sections
--------  ----  ----------  ----------   ----------------
.vectors   0    00000000    00000200     
                  00000000    00000200     Vectors_intr.obj (.vectors)

.bss       0    00000220    00000000     UNINITIALIZED

.text      0    00000220    00010700     
                  00000220    00002ba0     functionHelperProjetS5.obj (.text)
                  00002dc0    00000c80     main.obj (.text)
                  00003a40    00000900     rts6700.lib : pow.obj (.text:_pow)
                  00004340    00000800     C6713Helper_UdeS.obj (.text)
                  00004b40    00000720     rts6700.lib : divd.obj (.text:__divd)
                  00005260    000006c0                 : _printfi.obj (.text:__getarg_diouxp)
                  00005920    00000640                 : _printfi.obj (.text:__setfield)
                  00005f60    00000560                 : _printfi.obj (.text:__printfi)
                  000064c0    000004e0     dsp67x.lib : DSPF_sp_cfftr2_dit.obj (.text)
                  000069a0    000004c0     SPI_driver.obj (.text)
                  00006e60    000004c0     rts6700.lib : fputs.obj (.text:_fputs)
                  00007320    00000480     dsk6713bsl.lib : dsk6713.obj (.text)
                  000077a0    00000420     rts6700.lib : _printfi.obj (.text:_fcvt)
                  00007bc0    00000420     main.obj (.text:retain)
                  00007fe0    00000400     rts6700.lib : _printfi.obj (.text:__pproc_fge)
                  000083e0    00000400                 : _printfi.obj (.text:_ecvt)
                  000087e0    00000380                 : imath64.obj (.text:__divull)
                  00008b60    00000380                 : memory.obj (.text:_free)
                  00008ee0    00000360                 : _printfi.obj (.text:__pconv_e)
                  00009240    00000360                 : _printfi.obj (.text:__pproc_fwp)
                  000095a0    00000340                 : cos.obj (.text:_cos)
                  000098e0    00000320     dsk6713bsl.lib : dsk6713_aic23_opencodec.obj (.text)
                  00009c00    00000300     rts6700.lib : divf.obj (.text:__divf)
                  00009f00    00000300                 : _printfi.obj (.text:__pproc_diouxp)
                  0000a200    000002c0                 : _printfi.obj (.text:__pproc_str)
                  0000a4c0    000002c0                 : setvbuf.obj (.text:_setvbuf)
                  0000a780    000002a0                 : _printfi.obj (.text:__pconv_g)
                  0000aa20    000002a0                 : fputc.obj (.text:_fputc)
                  0000acc0    00000260                 : imath40.obj (.text:__divul)
                  0000af20    00000260     dsp67x.lib : DSPF_sp_bitrev_cplx.obj (.text)
                  0000b180    00000240     rts6700.lib : _printfi.obj (.text:__mcpy)
                  0000b3c0    00000240                 : atan.obj (.text:_atan)
                  0000b600    00000240                 : memory.obj (.text:_malloc)
                  0000b840    00000240                 : memcpy62.obj (.text:_memcpy)
                  0000ba80    00000240     bitrev_index.obj (.text)
                  0000bcc0    00000220     rts6700.lib : trgdrv.obj (.text:_HOSTrename)
                  0000bee0    000001e0                 : lowlev.obj (.text:_getdevice)
                  0000c0c0    000001c0     csl6713.lib : csl_irq.obj (.text:_IRQ_map)
                  0000c280    000001c0     rts6700.lib : fseek.obj (.text:_fseek)
                  0000c440    000001a0     csl6713.lib : csl_mcbsp.obj (.text:_MCBSP_reset)
                  0000c5e0    000001a0     rts6700.lib : _printfi.obj (.text:__ltostr)
                  0000c780    000001a0                 : _printfi.obj (.text:__pproc_fflags)
                  0000c920    000001a0                 : atan2.obj (.text:_atan2)
                  0000cac0    000001a0                 : ldexp.obj (.text:_ldexp)
                  0000cc60    000001a0     dsk6713bsl.lib : dsk6713_led.obj (.text)
                  0000ce00    00000160     rts6700.lib : trgdrv.obj (.text:_HOSTlseek)
                  0000cf60    00000160                 : fclose.obj (.text:__closefile)
                  0000d0c0    00000160     dsk6713bsl.lib : dsk6713_aic23_registers.obj (.text)
                  0000d220    00000140     rts6700.lib : trgdrv.obj (.text:_HOSTread)
                  0000d360    00000140                 : frcmpyd_div.obj (.text:__frcmpyd_div)
                  0000d4a0    00000140                 : atoi.obj (.text:_atoi)
                  0000d5e0    00000140                 : ltoa.obj (.text:_ltoa)
                  0000d720    00000140                 : sqrt.obj (.text:_sqrt)
                  0000d860    00000120                 : trgdrv.obj (.text:_HOSTopen)
                  0000d980    00000120                 : trgdrv.obj (.text:_HOSTwrite)
                  0000daa0    00000120                 : divi.obj (.text:__divi)
                  0000dbc0    00000120                 : _io_perm.obj (.text:__wrt_ok)
                  0000dce0    00000120                 : lowlev.obj (.text:_close)
                  0000de00    00000120                 : frexp.obj (.text:_frexp)
                  0000df20    00000120                 : memset.obj (.text:_memset)
                  0000e040    00000100                 : trgdrv.obj (.text:_HOSTclose)
                  0000e140    00000100                 : trgdrv.obj (.text:_HOSTunlink)
                  0000e240    00000100     csl6713.lib : csl_mcbsp.obj (.text:_MCBSP_open)
                  0000e340    00000100                 : csl_mcbsp.obj (.text:_MCBSP_start)
                  0000e440    00000100     rts6700.lib : autoinit.obj (.text:__auto_init)
                  0000e540    00000100                 : _printfi.obj (.text:__div)
                  0000e640    00000100                 : imath40.obj (.text:__divli)
                  0000e740    00000100                 : _printfi.obj (.text:__pconv_f)
                  0000e840    00000100                 : lowlev.obj (.text:_lseek)
                  0000e940    00000100                 : printf.obj (.text:_printf)
                  0000ea40    00000100                 : lowlev.obj (.text:_write)
                  0000eb40    000000e0     AutoCorr.obj (.text)
                  0000ec20    000000e0     FIR_ASM.obj (.text)
                  0000ed00    000000e0     rts6700.lib : fopen.obj (.text:__cleanup)
                  0000ede0    000000e0                 : fflush.obj (.text:__doflush)
                  0000eec0    000000e0                 : _printfi.obj (.text:__ecpy)
                  0000efa0    000000e0                 : _printfi.obj (.text:__fcpy)
                  0000f080    000000e0                 : round.obj (.text:__nround)
                  0000f160    000000e0                 : strasg.obj (.text:__strasg)
                  0000f240    000000e0                 : exit.obj (.text:_exit)
                  0000f320    000000e0                 : memory.obj (.text:_minsert)
                  0000f400    000000e0                 : modf.obj (.text:_modf)
                  0000f4e0    000000e0                 : memory.obj (.text:_mremove)
                  0000f5c0    000000c0     csl6713.lib : csl_gpio.obj (.text:_GPIO_open)
                  0000f680    000000c0                 : csl_gpio.obj (.text:_GPIO_reset)
                  0000f740    000000c0     rts6700.lib : divu.obj (.text:__divu)
                  0000f800    000000c0                 : cpy_tbl.obj (.text:_copy_in)
                  0000f8c0    000000c0                 : lowlev.obj (.text:_finddevice)
                  0000f980    000000c0     dsk6713bsl.lib : dsk6713_aic23_setfreq.obj (.text)
                  0000fa40    000000a0     csl6713.lib : csl_gpio.obj (.text:_GPIO_intPolarity)
                  0000fae0    000000a0                 : csl_mcbsp.obj (.text:_MCBSP_close)
                  0000fb80    000000a0                 : csl_mcbsp.obj (.text:_MCBSP_config)
                  0000fc20    000000a0     rts6700.lib : fixdli.obj (.text:__fixdli)
                  0000fcc0    000000a0                 : mpyll.obj (.text:__mpyll)
                  0000fd60    000000a0                 : imath40.obj (.text:__remli)
                  0000fe00    000000a0                 : trgmsg.obj (.text:_readmsg)
                  0000fea0    000000a0     csl6713.lib : csl_irq.obj (.text:_setMux)
                  0000ff40    000000a0     rts6700.lib : lowlev.obj (.text:_unlink)
                  0000ffe0    000000a0                 : trgmsg.obj (.text:_writemsg)
                  00010080    00000080                 : cpp_init.obj (.text:___TI_cpp_init)
                  00010100    00000080                 : fltlid.obj (.text:__fltlid)
                  00010180    00000080                 : llshift.obj (.text:__llshl)
                  00010200    00000080                 : boot.obj (.text:_c_int00)
                  00010280    00000080                 : memccpy.obj (.text:_memccpy)
                  00010300    00000080     dsk6713bsl.lib : dsk6713_aic23_closecodec.obj (.text)
                  00010380    00000080                    : dsk6713_dip.obj (.text)
                  00010400    00000060     csl6713.lib : csl_gpio.obj (.text:_GPIO_pinDirection)
                  00010460    00000060     rts6700.lib : isinf.obj (.text:___isinf)
                  000104c0    00000060                 : llshift.obj (.text:__llshru)
                  00010520    00000060                 : imath64.obj (.text:__subcull)
                  00010580    00000040     csl6713.lib : csl_gpio.obj (.text:_GPIO_pinEnable)
                  000105c0    00000040                 : csl_irq.obj (.text:_IRQ_enable)
                  00010600    00000040                 : csl_irq.obj (.text:_IRQ_reset)
                  00010640    00000040     rts6700.lib : _printfi.obj (.text:___isnan)
                  00010680    00000040                 : args_main.obj (.text:__args_main)
                  000106c0    00000040                 : trunc.obj (.text:__trunc)
                  00010700    00000020     Vectors_intr.obj (.text)
                  00010720    00000020     csl6713.lib : csl_irq.obj (.text:_IRQ_globalDisable)
                  00010740    00000020                 : csl_irq.obj (.text:_IRQ_globalEnable)
                  00010760    00000020                 : csl_irq.obj (.text:_IRQ_nmiEnable)
                  00010780    00000020                 : csl_irq.obj (.text:_IRQ_setVecs)
                  000107a0    00000020                 : csl_mcbsp.obj (.text:_MCBSP_getXmtEventId)
                  000107c0    00000020                 : csl_mcbsp.obj (.text:_MCBSP_read)
                  000107e0    00000020                 : csl_mcbsp.obj (.text:_MCBSP_rrdy)
                  00010800    00000020                 : csl_mcbsp.obj (.text:_MCBSP_write)
                  00010820    00000020                 : csl_mcbsp.obj (.text:_MCBSP_xrdy)
                  00010840    00000020     rts6700.lib : negll.obj (.text:__negll)
                  00010860    00000020                 : _lock.obj (.text:__nop)
                  00010880    00000020                 : printf.obj (.text:__outc)
                  000108a0    00000020                 : printf.obj (.text:__outs)
                  000108c0    00000020                 : exit.obj (.text:_abort)
                  000108e0    00000020                 : remove.obj (.text:_remove)
                  00010900    00000020     csl6713.lib : csl_irq.obj (.text)

.stack     0    00010920    00008000     UNINITIALIZED
                  00010920    00000008     rts6700.lib : boot.obj (.stack)
                  00010928    00007ff8     --HOLE--

.sysmem    0    00018920    00008000     UNINITIALIZED
                  00018920    00000008     rts6700.lib : memory.obj (.sysmem)
                  00018928    00007ff8     --HOLE--

.cinit     0    00020920    000047f4     
                  00020920    00004054     functionHelperProjetS5.obj (.cinit)
                  00024974    00000004     --HOLE-- [fill = 0]
                  00024978    00000140     rts6700.lib : pow.obj (.cinit)
                  00024ab8    0000012c     csl6713.lib : csl_irq.obj (.cinit)
                  00024be4    00000004     --HOLE-- [fill = 0]
                  00024be8    00000124     main.obj (.cinit)
                  00024d0c    00000004     --HOLE-- [fill = 0]
                  00024d10    00000092     SPI_driver.obj (.cinit)
                  00024da2    00000006     --HOLE-- [fill = 0]
                  00024da8    00000070     rts6700.lib : atan.obj (.cinit)
                  00024e18    0000005c                 : defs.obj (.cinit)
                  00024e74    00000004     --HOLE-- [fill = 0]
                  00024e78    0000005c                 : lowlev.obj (.cinit)
                  00024ed4    00000004     --HOLE-- [fill = 0]
                  00024ed8    00000058     C6713Helper_UdeS.obj (.cinit)
                  00024f30    00000054     csl6713.lib : csl_mcbsp.obj (.cinit)
                  00024f84    00000004     --HOLE-- [fill = 0]
                  00024f88    00000048     rts6700.lib : cos.obj (.cinit)
                  00024fd0    00000044     csl6713.lib : csl_gpio.obj (.cinit)
                  00025014    00000004     --HOLE-- [fill = 0]
                  00025018    00000030     dsk6713bsl.lib : dsk6713_aic23_registers.obj (.cinit)
                  00025048    0000002c     rts6700.lib : exit.obj (.cinit)
                  00025074    00000004     --HOLE-- [fill = 0]
                  00025078    0000002c                 : memory.obj (.cinit)
                  000250a4    00000004     --HOLE-- [fill = 0]
                  000250a8    00000028     dsk6713bsl.lib : dsk6713_aic23_setfreq.obj (.cinit)
                  000250d0    0000001c     rts6700.lib : _lock.obj (.cinit)
                  000250ec    00000004     --HOLE-- [fill = 0]
                  000250f0    0000000c                 : errno.obj (.cinit)
                  000250fc    00000004     --HOLE-- [fill = 0]
                  00025100    0000000c                 : fopen.obj (.cinit)
                  0002510c    00000004     --HOLE-- [fill = 0]
                  00025110    00000004     (.pad.cinit) [fill = 0]

.far       0    00025200    00000cd4     UNINITIALIZED
                  00025200    0000043d     main.obj (.far)
                  0002563d    00000001     --HOLE--
                  0002563e    00000002     dsk6713bsl.lib : dsk6713.obj (.far)
                  00025640    00000324     rts6700.lib : defs.obj (.far)
                  00025964    00000004                 : errno.obj (.far)
                  00025968    00000120                 : pow.obj (.far)
                  00025a88    0000011c                 : lowlev.obj (.far)
                  00025ba4    000000f4     csl6713.lib : csl_irq.obj (.far)
                  00025c98    00000066     SPI_driver.obj (.far)
                  00025cfe    00000002     dsk6713bsl.lib : dsk6713_led.obj (.far)
                  00025d00    00000060     rts6700.lib : atan.obj (.far)
                  00025d60    00000058     C6713Helper_UdeS.obj (.far)
                  00025db8    00000040     rts6700.lib : cos.obj (.far)
                  00025df8    00000038     csl6713.lib : csl_mcbsp.obj (.far)
                  00025e30    00000028     dsk6713bsl.lib : dsk6713_aic23_registers.obj (.far)
                  00025e58    00000024     csl6713.lib : csl_gpio.obj (.far)
                  00025e7c    00000020     dsk6713bsl.lib : dsk6713_aic23_setfreq.obj (.far)
                  00025e9c    0000000c     rts6700.lib : exit.obj (.far)
                  00025ea8    00000008     dsk6713bsl.lib : dsk6713_aic23_opencodec.obj (.far)
                  00025eb0    00000008     functionHelperProjetS5.obj (.far)
                  00025eb8    00000008     rts6700.lib : _lock.obj (.far)
                  00025ec0    00000008                 : memory.obj (.far)
                  00025ec8    00000008                 : trgdrv.obj (.far)
                  00025ed0    00000004                 : fopen.obj (.far)

.const     0    00025ed4    000003a0     
                  00025ed4    000001fe     main.obj (.const:_coefPBd)
                  000260d2    00000002     rts6700.lib : fputs.obj (.const:.string)
                  000260d4    00000101                 : ctype.obj (.const:.string:__ctypes_)
                  000261d5    00000003     --HOLE-- [fill = 0]
                  000261d8    00000040     dsk6713bsl.lib : dsk6713_aic23_opencodec.obj (.const)
                  00026218    00000023     rts6700.lib : _printfi.obj (.const:.string)
                  0002623b    00000001     --HOLE-- [fill = 0]
                  0002623c    00000020     dsk6713bsl.lib : dsk6713.obj (.const)
                  0002625c    00000010     main.obj (.const:.string)
                  0002626c    00000008     main.obj (.const)

.cio       0    00026274    00000120     UNINITIALIZED
                  00026274    00000120     rts6700.lib : trgmsg.obj (.cio)

.EXT_RAM   0    80000000    0009a038     UNINITIALIZED
                  80000000    00078020     main.obj (.EXT_RAM)
                  80078020    00022018     functionHelperProjetS5.obj (.EXT_RAM)


GLOBAL SYMBOLS: SORTED ALPHABETICALLY BY Name 

address    name
--------   ----
00000220   $bss
00000220   .bss
00000220   .text
000108c0   C$$EXIT
00010058   C$$IO$$
00025d94   _AIC23CfgData
0002560c   _AIC23_data
00025d68   _AIC_data
0000eb40   _AutoCorrelation
00004374   _CODEC_start
00004458   _CODEC_stop
00010300   _DSK6713_AIC23_closeCodec
00025ea8   _DSK6713_AIC23_codeccontrolhandle
00025eac   _DSK6713_AIC23_codecdatahandle
0000d180   _DSK6713_AIC23_config
000098e0   _DSK6713_AIC23_openCodec
0000d15c   _DSK6713_AIC23_rget
0000d0c0   _DSK6713_AIC23_rset
0000f980   _DSK6713_AIC23_setFreq
00010388   _DSK6713_DIP_get
00010380   _DSK6713_DIP_init
0000cc60   _DSK6713_LED_init
0000cc88   _DSK6713_LED_off
0000cce4   _DSK6713_LED_on
0000cd40   _DSK6713_LED_toggle
00007734   _DSK6713_getVersion
0000736c   _DSK6713_init
00007688   _DSK6713_rget
0000769c   _DSK6713_rset
0002563e   _DSK6713_version
000076b0   _DSK6713_wait
00007708   _DSK6713_waitusec
0000af20   _DSPF_sp_bitrev_cplx
000064c0   _DSPF_sp_cfftr2_dit
80000000   _Ech
000023b0   _FFT
0000ec20   _FIR_ASM
0000fa40   _GPIO_intPolarity
0000f5c0   _GPIO_open
00010400   _GPIO_pinDirection
00010580   _GPIO_pinEnable
0000f680   _GPIO_reset
0000e040   _HOSTclose
0000ce00   _HOSTlseek
0000d860   _HOSTopen
0000d220   _HOSTread
0000bcc0   _HOSTrename
0000e140   _HOSTunlink
0000d980   _HOSTwrite
0002563c   _ID
000025d4   _IFFT
000105c0   _IRQ_enable
00010720   _IRQ_globalDisable
00010740   _IRQ_globalEnable
0000c0c0   _IRQ_map
00010760   _IRQ_nmiEnable
00010600   _IRQ_reset
00010780   _IRQ_setVecs
00025cd8   _MCBSP0_SPI_Cfg
00025c98   _MCBSP0_SPI_Cfg_Init
00025cb8   _MCBSP0_SPI_Cfg_Master
0000fae0   _MCBSP_close
0000fb80   _MCBSP_config
000107a0   _MCBSP_getXmtEventId
0000e240   _MCBSP_open
000107c0   _MCBSP_read
0000c440   _MCBSP_reset
000107e0   _MCBSP_rrdy
0000e340   _MCBSP_start
00010800   _MCBSP_write
00010820   _MCBSP_xrdy
00026270   _PI
00006b38   _SPI_Read
000069a0   _SPI_Write
00006ca8   _SPI_init
00006dd4   _SPI_run
80068020   _Sig_Ref
80082020   _X_Z
00026274   __CIOBUF_
00025e64   __GPIO_intTable
00025c90   __IRQ_dispatchTable
00025bcc   __IRQ_eventTable
00010900   __IRQ_hookFetchPacket
00025c50   __IRQ_intTable
00025e28   __MCBSP_hDev0
00025e2c   __MCBSP_hDev1
00018920   __STACK_END
00008000   __STACK_SIZE
00008000   __SYSMEM_SIZE
00000001   __TI_args_main
00010080   ___TI_cpp_init
00025ea4   ___TI_enable_exit_profile_output
ffffffff   ___TI_pprof_out_hndl
ffffffff   ___TI_prof_data_size
ffffffff   ___TI_prof_data_start
ffffffff   ___binit__
00000220   ___bss__
ffffffff   ___c_args__
00020920   ___cinit__
00000220   ___end__
00010920   ___etext__
00010460   ___isinf
ffffffff   ___pinit__
00000220   ___text__
00010680   __args_main
0000e440   __auto_init
0000daa0   __c6xabi_divi
0000f740   __c6xabi_divu
0000ed00   __cleanup
00025e9c   __cleanup_ptr
0000cf60   __closefile
000260d4   __ctypes_
00004b40   __divd
00009c00   __divf
0000daa0   __divi
0000e640   __divli
0000f740   __divu
0000acc0   __divul
000087e0   __divull
0000ede0   __doflush
00025ea0   __dtors_ptr
0000fc20   __fixdli
00010100   __fltlid
0000d360   __frcmpyd_div
00025960   __ft_end
00025640   __ftable
00025e78   __hGpioDev0
00010180   __llshl
000104c0   __llshru
00025eb8   __lock
0000fcc0   __mpyll
00010840   __negll
00010860   __nop
0000f080   __nround
00005f60   __printfi
0000fd60   __remli
00010920   __stack
0000f160   __strasg
00010520   __subcull
00018920   __sys_memory
00025820   __tmpnams
000106c0   __trunc
00025ebc   __unlock
0000dbc0   __wrt_ok
000108c0   _abort
000002d8   _absolute
000005a4   _analyse_son
0000b3c0   _atan
0000c920   _atan2
0000d4a0   _atoi
00003628   _attendre
0002562c   _betterScore
00025630   _betterScoreTemp
0000ba80   _bitrev_index
00010200   _c_int00
00007bc0   _c_int04
00007bf0   _c_int11
0000dce0   _close
00025ed4   _coefPBd
000049f0   _comm_intr
00004340   _comm_poll
00025d6c   _config
0000f800   _copy_in
0000279c   _correlation
000095a0   _cos
00025624   _debug
80096030   _diff_corr
00025964   _errno
0000f240   _exit
0002626c   _fe
8007e020   _fen_hamming
8007c020   _fen_triang
00001fd0   _fenetre_hamming
000020d4   _fenetre_triangle
0000aa20   _fputc
00006e60   _fputs
00008b60   _free
0000de00   _frexp
00025604   _fs
0000c280   _fseek
00025cf8   _fsss
00025db4   _hAIC23_handle
00025eb0   _i
8003bff8   _identite
0002561c   _incrementUser
8008a020   _index
00003694   _initDSK
000039b4   _initUSER
00003724   _init_ext_intr
00004860   _input_left_sample
00004928   _input_right_sample
0000475c   _input_sample
00025608   _inputsource
00025cfc   _inputsourcesss
00025618   _interruption_full
00025eb4   _j
00025628   _kk
0000cac0   _ldexp
0000e840   _lseek
0000d5e0   _ltoa
00001e58   _magnitude_complex
00002dc0   _main
0000b600   _malloc
00000220   _max
000019e8   _maxi
00001ab0   _maxi_abs
00001ba0   _maxi_abs_short
00001c90   _mean
00001d54   _mean_short
00010280   _memccpy
0000b840   _memcpy
0000df20   _memset
0000f400   _modf
00025634   _nbUser
00025610   _noDIP
00025614   _noDIP1
00025210   _noEchFilt
00000394   _norm
0000459c   _output_left_sample
0000467c   _output_right_sample
00004488   _output_sample
00025600   _pTampon
00001f10   _phase_complex
00003a40   _pow
00000ae4   _pre_traitement
0000e940   _printf
0000aa20   _putc
0000fe00   _readmsg
00025218   _rec
00025214   _reception_SPI
000108e0   _remove
8009a02c   _score
0000a4c0   _setvbuf
00025620   _short_temp
0000d720   _sqrt
00025200   _tabId
80064020   _tableau_in_temporaire
00025400   _tampon
8008a040   _tempx
80090038   _tempy
0000ff40   _unlink
00025638   _user
00003888   _userID
00001e18   _val_absolut
00000020   _vector1
00000140   _vector10
00000180   _vector12
000001a0   _vector13
000001c0   _vector14
000001e0   _vector15
00000040   _vector2
00000060   _vector3
000000a0   _vector5
000000c0   _vector6
000000e0   _vector7
00000100   _vector8
00000120   _vector9
00000000   _vectors
80078020   _w
0000ea40   _write
0000ffe0   _writemsg
80027ff8   _x2
ffffffff   binit
00020920   cinit
00000220   end
00010920   etext
ffffffff   pinit


GLOBAL SYMBOLS: SORTED BY Symbol Address 

address    name
--------   ----
00000000   _vectors
00000001   __TI_args_main
00000020   _vector1
00000040   _vector2
00000060   _vector3
000000a0   _vector5
000000c0   _vector6
000000e0   _vector7
00000100   _vector8
00000120   _vector9
00000140   _vector10
00000180   _vector12
000001a0   _vector13
000001c0   _vector14
000001e0   _vector15
00000220   $bss
00000220   .bss
00000220   .text
00000220   ___bss__
00000220   ___end__
00000220   ___text__
00000220   _max
00000220   end
000002d8   _absolute
00000394   _norm
000005a4   _analyse_son
00000ae4   _pre_traitement
000019e8   _maxi
00001ab0   _maxi_abs
00001ba0   _maxi_abs_short
00001c90   _mean
00001d54   _mean_short
00001e18   _val_absolut
00001e58   _magnitude_complex
00001f10   _phase_complex
00001fd0   _fenetre_hamming
000020d4   _fenetre_triangle
000023b0   _FFT
000025d4   _IFFT
0000279c   _correlation
00002dc0   _main
00003628   _attendre
00003694   _initDSK
00003724   _init_ext_intr
00003888   _userID
000039b4   _initUSER
00003a40   _pow
00004340   _comm_poll
00004374   _CODEC_start
00004458   _CODEC_stop
00004488   _output_sample
0000459c   _output_left_sample
0000467c   _output_right_sample
0000475c   _input_sample
00004860   _input_left_sample
00004928   _input_right_sample
000049f0   _comm_intr
00004b40   __divd
00005f60   __printfi
000064c0   _DSPF_sp_cfftr2_dit
000069a0   _SPI_Write
00006b38   _SPI_Read
00006ca8   _SPI_init
00006dd4   _SPI_run
00006e60   _fputs
0000736c   _DSK6713_init
00007688   _DSK6713_rget
0000769c   _DSK6713_rset
000076b0   _DSK6713_wait
00007708   _DSK6713_waitusec
00007734   _DSK6713_getVersion
00007bc0   _c_int04
00007bf0   _c_int11
00008000   __STACK_SIZE
00008000   __SYSMEM_SIZE
000087e0   __divull
00008b60   _free
000095a0   _cos
000098e0   _DSK6713_AIC23_openCodec
00009c00   __divf
0000a4c0   _setvbuf
0000aa20   _fputc
0000aa20   _putc
0000acc0   __divul
0000af20   _DSPF_sp_bitrev_cplx
0000b3c0   _atan
0000b600   _malloc
0000b840   _memcpy
0000ba80   _bitrev_index
0000bcc0   _HOSTrename
0000c0c0   _IRQ_map
0000c280   _fseek
0000c440   _MCBSP_reset
0000c920   _atan2
0000cac0   _ldexp
0000cc60   _DSK6713_LED_init
0000cc88   _DSK6713_LED_off
0000cce4   _DSK6713_LED_on
0000cd40   _DSK6713_LED_toggle
0000ce00   _HOSTlseek
0000cf60   __closefile
0000d0c0   _DSK6713_AIC23_rset
0000d15c   _DSK6713_AIC23_rget
0000d180   _DSK6713_AIC23_config
0000d220   _HOSTread
0000d360   __frcmpyd_div
0000d4a0   _atoi
0000d5e0   _ltoa
0000d720   _sqrt
0000d860   _HOSTopen
0000d980   _HOSTwrite
0000daa0   __c6xabi_divi
0000daa0   __divi
0000dbc0   __wrt_ok
0000dce0   _close
0000de00   _frexp
0000df20   _memset
0000e040   _HOSTclose
0000e140   _HOSTunlink
0000e240   _MCBSP_open
0000e340   _MCBSP_start
0000e440   __auto_init
0000e640   __divli
0000e840   _lseek
0000e940   _printf
0000ea40   _write
0000eb40   _AutoCorrelation
0000ec20   _FIR_ASM
0000ed00   __cleanup
0000ede0   __doflush
0000f080   __nround
0000f160   __strasg
0000f240   _exit
0000f400   _modf
0000f5c0   _GPIO_open
0000f680   _GPIO_reset
0000f740   __c6xabi_divu
0000f740   __divu
0000f800   _copy_in
0000f980   _DSK6713_AIC23_setFreq
0000fa40   _GPIO_intPolarity
0000fae0   _MCBSP_close
0000fb80   _MCBSP_config
0000fc20   __fixdli
0000fcc0   __mpyll
0000fd60   __remli
0000fe00   _readmsg
0000ff40   _unlink
0000ffe0   _writemsg
00010058   C$$IO$$
00010080   ___TI_cpp_init
00010100   __fltlid
00010180   __llshl
00010200   _c_int00
00010280   _memccpy
00010300   _DSK6713_AIC23_closeCodec
00010380   _DSK6713_DIP_init
00010388   _DSK6713_DIP_get
00010400   _GPIO_pinDirection
00010460   ___isinf
000104c0   __llshru
00010520   __subcull
00010580   _GPIO_pinEnable
000105c0   _IRQ_enable
00010600   _IRQ_reset
00010680   __args_main
000106c0   __trunc
00010720   _IRQ_globalDisable
00010740   _IRQ_globalEnable
00010760   _IRQ_nmiEnable
00010780   _IRQ_setVecs
000107a0   _MCBSP_getXmtEventId
000107c0   _MCBSP_read
000107e0   _MCBSP_rrdy
00010800   _MCBSP_write
00010820   _MCBSP_xrdy
00010840   __negll
00010860   __nop
000108c0   C$$EXIT
000108c0   _abort
000108e0   _remove
00010900   __IRQ_hookFetchPacket
00010920   ___etext__
00010920   __stack
00010920   etext
00018920   __STACK_END
00018920   __sys_memory
00020920   ___cinit__
00020920   cinit
00025200   _tabId
00025210   _noEchFilt
00025214   _reception_SPI
00025218   _rec
00025400   _tampon
00025600   _pTampon
00025604   _fs
00025608   _inputsource
0002560c   _AIC23_data
00025610   _noDIP
00025614   _noDIP1
00025618   _interruption_full
0002561c   _incrementUser
00025620   _short_temp
00025624   _debug
00025628   _kk
0002562c   _betterScore
00025630   _betterScoreTemp
00025634   _nbUser
00025638   _user
0002563c   _ID
0002563e   _DSK6713_version
00025640   __ftable
00025820   __tmpnams
00025960   __ft_end
00025964   _errno
00025bcc   __IRQ_eventTable
00025c50   __IRQ_intTable
00025c90   __IRQ_dispatchTable
00025c98   _MCBSP0_SPI_Cfg_Init
00025cb8   _MCBSP0_SPI_Cfg_Master
00025cd8   _MCBSP0_SPI_Cfg
00025cf8   _fsss
00025cfc   _inputsourcesss
00025d68   _AIC_data
00025d6c   _config
00025d94   _AIC23CfgData
00025db4   _hAIC23_handle
00025e28   __MCBSP_hDev0
00025e2c   __MCBSP_hDev1
00025e64   __GPIO_intTable
00025e78   __hGpioDev0
00025e9c   __cleanup_ptr
00025ea0   __dtors_ptr
00025ea4   ___TI_enable_exit_profile_output
00025ea8   _DSK6713_AIC23_codeccontrolhandle
00025eac   _DSK6713_AIC23_codecdatahandle
00025eb0   _i
00025eb4   _j
00025eb8   __lock
00025ebc   __unlock
00025ed4   _coefPBd
000260d4   __ctypes_
0002626c   _fe
00026270   _PI
00026274   __CIOBUF_
80000000   _Ech
80027ff8   _x2
8003bff8   _identite
80064020   _tableau_in_temporaire
80068020   _Sig_Ref
80078020   _w
8007c020   _fen_triang
8007e020   _fen_hamming
80082020   _X_Z
8008a020   _index
8008a040   _tempx
80090038   _tempy
80096030   _diff_corr
8009a02c   _score
ffffffff   ___TI_pprof_out_hndl
ffffffff   ___TI_prof_data_size
ffffffff   ___TI_prof_data_start
ffffffff   ___binit__
ffffffff   ___c_args__
ffffffff   ___pinit__
ffffffff   binit
ffffffff   pinit

[267 symbols]
