<?xml version="1.0"?>
<link_info>
   <banner>TMS320C6x Linker PC v7.4.20</banner>
   <copyright>Copyright (c) 1996-2015 Texas Instruments Incorporated</copyright>
   <link_time>0x5cb4fe82</link_time>
   <output_file>ProjetS5e_P1_CCS.out</output_file>
   <entry_point>
      <name>_c_int00</name>
      <address>0x10200</address>
   </entry_point>
   <input_file_list>
      <input_file id="fl-2">
         <path>.\source\C\</path>
         <kind>object</kind>
         <file>C6713Helper_UdeS.obj</file>
         <name>C6713Helper_UdeS.obj</name>
      </input_file>
      <input_file id="fl-3">
         <path>.\source\C\</path>
         <kind>object</kind>
         <file>SPI_driver.obj</file>
         <name>SPI_driver.obj</name>
      </input_file>
      <input_file id="fl-4">
         <path>.\source\C\</path>
         <kind>object</kind>
         <file>bitrev_index.obj</file>
         <name>bitrev_index.obj</name>
      </input_file>
      <input_file id="fl-5">
         <path>.\source\C\</path>
         <kind>object</kind>
         <file>functionHelperProjetS5.obj</file>
         <name>functionHelperProjetS5.obj</name>
      </input_file>
      <input_file id="fl-6">
         <path>.\source\C\</path>
         <kind>object</kind>
         <file>main.obj</file>
         <name>main.obj</name>
      </input_file>
      <input_file id="fl-7">
         <path>.\source\asm\</path>
         <kind>object</kind>
         <file>AutoCorr.obj</file>
         <name>AutoCorr.obj</name>
      </input_file>
      <input_file id="fl-8">
         <path>.\source\asm\</path>
         <kind>object</kind>
         <file>FIR_ASM.obj</file>
         <name>FIR_ASM.obj</name>
      </input_file>
      <input_file id="fl-9">
         <path>.\source\asm\</path>
         <kind>object</kind>
         <file>Vectors_intr.obj</file>
         <name>Vectors_intr.obj</name>
      </input_file>
      <input_file id="fl-10">
         <path>C:\ti\ccsv7\tools\compiler\c6000_7.4.20\lib\</path>
         <kind>archive</kind>
         <file>rts6700.lib</file>
         <name>atan2.obj</name>
      </input_file>
      <input_file id="fl-11">
         <path>C:\ti\ccsv7\tools\compiler\c6000_7.4.20\lib\</path>
         <kind>archive</kind>
         <file>rts6700.lib</file>
         <name>boot.obj</name>
      </input_file>
      <input_file id="fl-12">
         <path>C:\ti\ccsv7\tools\compiler\c6000_7.4.20\lib\</path>
         <kind>archive</kind>
         <file>rts6700.lib</file>
         <name>cos.obj</name>
      </input_file>
      <input_file id="fl-13">
         <path>C:\ti\ccsv7\tools\compiler\c6000_7.4.20\lib\</path>
         <kind>archive</kind>
         <file>rts6700.lib</file>
         <name>divd.obj</name>
      </input_file>
      <input_file id="fl-14">
         <path>C:\ti\ccsv7\tools\compiler\c6000_7.4.20\lib\</path>
         <kind>archive</kind>
         <file>rts6700.lib</file>
         <name>divf.obj</name>
      </input_file>
      <input_file id="fl-15">
         <path>C:\ti\ccsv7\tools\compiler\c6000_7.4.20\lib\</path>
         <kind>archive</kind>
         <file>rts6700.lib</file>
         <name>divi.obj</name>
      </input_file>
      <input_file id="fl-16">
         <path>C:\ti\ccsv7\tools\compiler\c6000_7.4.20\lib\</path>
         <kind>archive</kind>
         <file>rts6700.lib</file>
         <name>errno.obj</name>
      </input_file>
      <input_file id="fl-17">
         <path>C:\ti\ccsv7\tools\compiler\c6000_7.4.20\lib\</path>
         <kind>archive</kind>
         <file>rts6700.lib</file>
         <name>exit.obj</name>
      </input_file>
      <input_file id="fl-18">
         <path>C:\ti\ccsv7\tools\compiler\c6000_7.4.20\lib\</path>
         <kind>archive</kind>
         <file>rts6700.lib</file>
         <name>frcmpyd_div.obj</name>
      </input_file>
      <input_file id="fl-19">
         <path>C:\ti\ccsv7\tools\compiler\c6000_7.4.20\lib\</path>
         <kind>archive</kind>
         <file>rts6700.lib</file>
         <name>frexp.obj</name>
      </input_file>
      <input_file id="fl-1a">
         <path>C:\ti\ccsv7\tools\compiler\c6000_7.4.20\lib\</path>
         <kind>archive</kind>
         <file>rts6700.lib</file>
         <name>llshift.obj</name>
      </input_file>
      <input_file id="fl-1b">
         <path>C:\ti\ccsv7\tools\compiler\c6000_7.4.20\lib\</path>
         <kind>archive</kind>
         <file>rts6700.lib</file>
         <name>modf.obj</name>
      </input_file>
      <input_file id="fl-1c">
         <path>C:\ti\ccsv7\tools\compiler\c6000_7.4.20\lib\</path>
         <kind>archive</kind>
         <file>rts6700.lib</file>
         <name>mpyll.obj</name>
      </input_file>
      <input_file id="fl-1d">
         <path>C:\ti\ccsv7\tools\compiler\c6000_7.4.20\lib\</path>
         <kind>archive</kind>
         <file>rts6700.lib</file>
         <name>pow.obj</name>
      </input_file>
      <input_file id="fl-1e">
         <path>C:\ti\ccsv7\tools\compiler\c6000_7.4.20\lib\</path>
         <kind>archive</kind>
         <file>rts6700.lib</file>
         <name>printf.obj</name>
      </input_file>
      <input_file id="fl-1f">
         <path>C:\ti\ccsv7\tools\compiler\c6000_7.4.20\lib\</path>
         <kind>archive</kind>
         <file>rts6700.lib</file>
         <name>round.obj</name>
      </input_file>
      <input_file id="fl-20">
         <path>C:\ti\ccsv7\tools\compiler\c6000_7.4.20\lib\</path>
         <kind>archive</kind>
         <file>rts6700.lib</file>
         <name>sqrt.obj</name>
      </input_file>
      <input_file id="fl-21">
         <path>C:\ti\ccsv7\tools\compiler\c6000_7.4.20\lib\</path>
         <kind>archive</kind>
         <file>rts6700.lib</file>
         <name>trunc.obj</name>
      </input_file>
      <input_file id="fl-22">
         <path>C:\ti\ccsv7\tools\compiler\c6000_7.4.20\lib\</path>
         <kind>archive</kind>
         <file>rts6700.lib</file>
         <name>_lock.obj</name>
      </input_file>
      <input_file id="fl-23">
         <path>C:\ti\ccsv7\tools\compiler\c6000_7.4.20\lib\</path>
         <kind>archive</kind>
         <file>rts6700.lib</file>
         <name>_printfi.obj</name>
      </input_file>
      <input_file id="fl-24">
         <path>C:\ti\ccsv7\tools\compiler\c6000_7.4.20\lib\</path>
         <kind>archive</kind>
         <file>rts6700.lib</file>
         <name>args_main.obj</name>
      </input_file>
      <input_file id="fl-25">
         <path>C:\ti\ccsv7\tools\compiler\c6000_7.4.20\lib\</path>
         <kind>archive</kind>
         <file>rts6700.lib</file>
         <name>atan.obj</name>
      </input_file>
      <input_file id="fl-26">
         <path>C:\ti\ccsv7\tools\compiler\c6000_7.4.20\lib\</path>
         <kind>archive</kind>
         <file>rts6700.lib</file>
         <name>atoi.obj</name>
      </input_file>
      <input_file id="fl-27">
         <path>C:\ti\ccsv7\tools\compiler\c6000_7.4.20\lib\</path>
         <kind>archive</kind>
         <file>rts6700.lib</file>
         <name>autoinit.obj</name>
      </input_file>
      <input_file id="fl-28">
         <path>C:\ti\ccsv7\tools\compiler\c6000_7.4.20\lib\</path>
         <kind>archive</kind>
         <file>rts6700.lib</file>
         <name>cpp_init.obj</name>
      </input_file>
      <input_file id="fl-29">
         <path>C:\ti\ccsv7\tools\compiler\c6000_7.4.20\lib\</path>
         <kind>archive</kind>
         <file>rts6700.lib</file>
         <name>cpy_tbl.obj</name>
      </input_file>
      <input_file id="fl-2a">
         <path>C:\ti\ccsv7\tools\compiler\c6000_7.4.20\lib\</path>
         <kind>archive</kind>
         <file>rts6700.lib</file>
         <name>ctype.obj</name>
      </input_file>
      <input_file id="fl-2b">
         <path>C:\ti\ccsv7\tools\compiler\c6000_7.4.20\lib\</path>
         <kind>archive</kind>
         <file>rts6700.lib</file>
         <name>defs.obj</name>
      </input_file>
      <input_file id="fl-2c">
         <path>C:\ti\ccsv7\tools\compiler\c6000_7.4.20\lib\</path>
         <kind>archive</kind>
         <file>rts6700.lib</file>
         <name>divu.obj</name>
      </input_file>
      <input_file id="fl-2d">
         <path>C:\ti\ccsv7\tools\compiler\c6000_7.4.20\lib\</path>
         <kind>archive</kind>
         <file>rts6700.lib</file>
         <name>fixdli.obj</name>
      </input_file>
      <input_file id="fl-2e">
         <path>C:\ti\ccsv7\tools\compiler\c6000_7.4.20\lib\</path>
         <kind>archive</kind>
         <file>rts6700.lib</file>
         <name>fltlid.obj</name>
      </input_file>
      <input_file id="fl-2f">
         <path>C:\ti\ccsv7\tools\compiler\c6000_7.4.20\lib\</path>
         <kind>archive</kind>
         <file>rts6700.lib</file>
         <name>fputc.obj</name>
      </input_file>
      <input_file id="fl-30">
         <path>C:\ti\ccsv7\tools\compiler\c6000_7.4.20\lib\</path>
         <kind>archive</kind>
         <file>rts6700.lib</file>
         <name>fputs.obj</name>
      </input_file>
      <input_file id="fl-31">
         <path>C:\ti\ccsv7\tools\compiler\c6000_7.4.20\lib\</path>
         <kind>archive</kind>
         <file>rts6700.lib</file>
         <name>imath40.obj</name>
      </input_file>
      <input_file id="fl-32">
         <path>C:\ti\ccsv7\tools\compiler\c6000_7.4.20\lib\</path>
         <kind>archive</kind>
         <file>rts6700.lib</file>
         <name>imath64.obj</name>
      </input_file>
      <input_file id="fl-33">
         <path>C:\ti\ccsv7\tools\compiler\c6000_7.4.20\lib\</path>
         <kind>archive</kind>
         <file>rts6700.lib</file>
         <name>isinf.obj</name>
      </input_file>
      <input_file id="fl-34">
         <path>C:\ti\ccsv7\tools\compiler\c6000_7.4.20\lib\</path>
         <kind>archive</kind>
         <file>rts6700.lib</file>
         <name>ldexp.obj</name>
      </input_file>
      <input_file id="fl-35">
         <path>C:\ti\ccsv7\tools\compiler\c6000_7.4.20\lib\</path>
         <kind>archive</kind>
         <file>rts6700.lib</file>
         <name>lowlev.obj</name>
      </input_file>
      <input_file id="fl-36">
         <path>C:\ti\ccsv7\tools\compiler\c6000_7.4.20\lib\</path>
         <kind>archive</kind>
         <file>rts6700.lib</file>
         <name>ltoa.obj</name>
      </input_file>
      <input_file id="fl-37">
         <path>C:\ti\ccsv7\tools\compiler\c6000_7.4.20\lib\</path>
         <kind>archive</kind>
         <file>rts6700.lib</file>
         <name>memccpy.obj</name>
      </input_file>
      <input_file id="fl-38">
         <path>C:\ti\ccsv7\tools\compiler\c6000_7.4.20\lib\</path>
         <kind>archive</kind>
         <file>rts6700.lib</file>
         <name>memcpy62.obj</name>
      </input_file>
      <input_file id="fl-39">
         <path>C:\ti\ccsv7\tools\compiler\c6000_7.4.20\lib\</path>
         <kind>archive</kind>
         <file>rts6700.lib</file>
         <name>memset.obj</name>
      </input_file>
      <input_file id="fl-3a">
         <path>C:\ti\ccsv7\tools\compiler\c6000_7.4.20\lib\</path>
         <kind>archive</kind>
         <file>rts6700.lib</file>
         <name>negll.obj</name>
      </input_file>
      <input_file id="fl-3b">
         <path>C:\ti\ccsv7\tools\compiler\c6000_7.4.20\lib\</path>
         <kind>archive</kind>
         <file>rts6700.lib</file>
         <name>trgdrv.obj</name>
      </input_file>
      <input_file id="fl-3c">
         <path>C:\ti\ccsv7\tools\compiler\c6000_7.4.20\lib\</path>
         <kind>archive</kind>
         <file>rts6700.lib</file>
         <name>trgmsg.obj</name>
      </input_file>
      <input_file id="fl-3d">
         <path>C:\ti\ccsv7\tools\compiler\c6000_7.4.20\lib\</path>
         <kind>archive</kind>
         <file>rts6700.lib</file>
         <name>_io_perm.obj</name>
      </input_file>
      <input_file id="fl-3e">
         <path>C:\ti\ccsv7\tools\compiler\c6000_7.4.20\lib\</path>
         <kind>archive</kind>
         <file>rts6700.lib</file>
         <name>abs.obj</name>
      </input_file>
      <input_file id="fl-3f">
         <path>C:\ti\ccsv7\tools\compiler\c6000_7.4.20\lib\</path>
         <kind>archive</kind>
         <file>rts6700.lib</file>
         <name>fflush.obj</name>
      </input_file>
      <input_file id="fl-40">
         <path>C:\ti\ccsv7\tools\compiler\c6000_7.4.20\lib\</path>
         <kind>archive</kind>
         <file>rts6700.lib</file>
         <name>fseek.obj</name>
      </input_file>
      <input_file id="fl-41">
         <path>C:\ti\ccsv7\tools\compiler\c6000_7.4.20\lib\</path>
         <kind>archive</kind>
         <file>rts6700.lib</file>
         <name>setvbuf.obj</name>
      </input_file>
      <input_file id="fl-42">
         <path>C:\ti\ccsv7\tools\compiler\c6000_7.4.20\lib\</path>
         <kind>archive</kind>
         <file>rts6700.lib</file>
         <name>fopen.obj</name>
      </input_file>
      <input_file id="fl-43">
         <path>C:\ti\ccsv7\tools\compiler\c6000_7.4.20\lib\</path>
         <kind>archive</kind>
         <file>rts6700.lib</file>
         <name>memory.obj</name>
      </input_file>
      <input_file id="fl-44">
         <path>C:\ti\ccsv7\tools\compiler\c6000_7.4.20\lib\</path>
         <kind>archive</kind>
         <file>rts6700.lib</file>
         <name>fclose.obj</name>
      </input_file>
      <input_file id="fl-45">
         <path>C:\ti\ccsv7\tools\compiler\c6000_7.4.20\lib\</path>
         <kind>archive</kind>
         <file>rts6700.lib</file>
         <name>remove.obj</name>
      </input_file>
      <input_file id="fl-46">
         <path>C:\ti\ccsv7\ccs_base\C6700\dsplib\lib\</path>
         <kind>archive</kind>
         <file>dsp67x.lib</file>
         <name>DSPF_sp_bitrev_cplx.obj</name>
      </input_file>
      <input_file id="fl-47">
         <path>C:\ti\ccsv7\ccs_base\C6700\dsplib\lib\</path>
         <kind>archive</kind>
         <file>dsp67x.lib</file>
         <name>DSPF_sp_cfftr2_dit.obj</name>
      </input_file>
      <input_file id="fl-48">
         <path>C:\ti\ccsv7\ccs_base\C6xCSL\lib_3x\</path>
         <kind>archive</kind>
         <file>csl6713.lib</file>
         <name>csl_gpio.obj</name>
      </input_file>
      <input_file id="fl-49">
         <path>C:\ti\ccsv7\ccs_base\C6xCSL\lib_3x\</path>
         <kind>archive</kind>
         <file>csl6713.lib</file>
         <name>csl_irq.obj</name>
      </input_file>
      <input_file id="fl-4a">
         <path>C:\ti\ccsv7\ccs_base\C6xCSL\lib_3x\</path>
         <kind>archive</kind>
         <file>csl6713.lib</file>
         <name>csl_mcbsp.obj</name>
      </input_file>
      <input_file id="fl-4b">
         <path>C:\ti\dsk6713\lib\</path>
         <kind>archive</kind>
         <file>dsk6713bsl.lib</file>
         <name>dsk6713.obj</name>
      </input_file>
      <input_file id="fl-4c">
         <path>C:\ti\dsk6713\lib\</path>
         <kind>archive</kind>
         <file>dsk6713bsl.lib</file>
         <name>dsk6713_aic23_closecodec.obj</name>
      </input_file>
      <input_file id="fl-4d">
         <path>C:\ti\dsk6713\lib\</path>
         <kind>archive</kind>
         <file>dsk6713bsl.lib</file>
         <name>dsk6713_aic23_opencodec.obj</name>
      </input_file>
      <input_file id="fl-4e">
         <path>C:\ti\dsk6713\lib\</path>
         <kind>archive</kind>
         <file>dsk6713bsl.lib</file>
         <name>dsk6713_aic23_registers.obj</name>
      </input_file>
      <input_file id="fl-4f">
         <path>C:\ti\dsk6713\lib\</path>
         <kind>archive</kind>
         <file>dsk6713bsl.lib</file>
         <name>dsk6713_aic23_setfreq.obj</name>
      </input_file>
      <input_file id="fl-50">
         <path>C:\ti\dsk6713\lib\</path>
         <kind>archive</kind>
         <file>dsk6713bsl.lib</file>
         <name>dsk6713_dip.obj</name>
      </input_file>
      <input_file id="fl-51">
         <path>C:\ti\dsk6713\lib\</path>
         <kind>archive</kind>
         <file>dsk6713bsl.lib</file>
         <name>dsk6713_led.obj</name>
      </input_file>
      <input_file id="fl-52">
         <path>C:\ti\ccsv7\tools\compiler\c6000_7.4.20\lib\</path>
         <kind>archive</kind>
         <file>rts6700.lib</file>
         <name>strasg.obj</name>
      </input_file>
   </input_file_list>
   <object_component_list>
      <object_component id="oc-21">
         <name>.EXT_RAM</name>
         <uninitialized>true</uninitialized>
         <run_address>0x80078020</run_address>
         <size>0x22018</size>
         <input_file_ref idref="fl-5"/>
      </object_component>
      <object_component id="oc-2a">
         <name>.EXT_RAM</name>
         <uninitialized>true</uninitialized>
         <run_address>0x80000000</run_address>
         <size>0x78020</size>
         <input_file_ref idref="fl-6"/>
      </object_component>
      <object_component id="oc-39">
         <name>.vectors</name>
         <load_address>0x0</load_address>
         <run_address>0x0</run_address>
         <size>0x200</size>
         <input_file_ref idref="fl-9"/>
      </object_component>
      <object_component id="oc-15c">
         <name>.text</name>
         <load_address>0x220</load_address>
         <run_address>0x220</run_address>
         <size>0x2ba0</size>
         <input_file_ref idref="fl-5"/>
      </object_component>
      <object_component id="oc-14a">
         <name>.text</name>
         <load_address>0x2dc0</load_address>
         <run_address>0x2dc0</run_address>
         <size>0xc80</size>
         <input_file_ref idref="fl-6"/>
      </object_component>
      <object_component id="oc-166">
         <name>.text:_pow</name>
         <load_address>0x3a40</load_address>
         <run_address>0x3a40</run_address>
         <size>0x900</size>
         <input_file_ref idref="fl-1d"/>
      </object_component>
      <object_component id="oc-139">
         <name>.text</name>
         <load_address>0x4340</load_address>
         <run_address>0x4340</run_address>
         <size>0x800</size>
         <input_file_ref idref="fl-2"/>
      </object_component>
      <object_component id="oc-164">
         <name>.text:__divd</name>
         <load_address>0x4b40</load_address>
         <run_address>0x4b40</run_address>
         <size>0x720</size>
         <input_file_ref idref="fl-13"/>
      </object_component>
      <object_component id="oc-18f">
         <name>.text:__getarg_diouxp</name>
         <load_address>0x5260</load_address>
         <run_address>0x5260</run_address>
         <size>0x6c0</size>
         <input_file_ref idref="fl-23"/>
      </object_component>
      <object_component id="oc-17c">
         <name>.text:__setfield</name>
         <load_address>0x5920</load_address>
         <run_address>0x5920</run_address>
         <size>0x640</size>
         <input_file_ref idref="fl-23"/>
      </object_component>
      <object_component id="oc-16e">
         <name>.text:__printfi</name>
         <load_address>0x5f60</load_address>
         <run_address>0x5f60</run_address>
         <size>0x560</size>
         <input_file_ref idref="fl-23"/>
      </object_component>
      <object_component id="oc-fa">
         <name>.text</name>
         <load_address>0x64c0</load_address>
         <run_address>0x64c0</run_address>
         <size>0x4e0</size>
         <input_file_ref idref="fl-47"/>
      </object_component>
      <object_component id="oc-15b">
         <name>.text</name>
         <load_address>0x69a0</load_address>
         <run_address>0x69a0</run_address>
         <size>0x4c0</size>
         <input_file_ref idref="fl-3"/>
      </object_component>
      <object_component id="oc-178">
         <name>.text:_fputs</name>
         <load_address>0x6e60</load_address>
         <run_address>0x6e60</run_address>
         <size>0x4c0</size>
         <input_file_ref idref="fl-30"/>
      </object_component>
      <object_component id="oc-10e">
         <name>.text</name>
         <load_address>0x7320</load_address>
         <run_address>0x7320</run_address>
         <size>0x480</size>
         <input_file_ref idref="fl-4b"/>
      </object_component>
      <object_component id="oc-199">
         <name>.text:_fcvt</name>
         <load_address>0x77a0</load_address>
         <run_address>0x77a0</run_address>
         <size>0x420</size>
         <input_file_ref idref="fl-23"/>
      </object_component>
      <object_component id="oc-2b">
         <name>.text:retain</name>
         <load_address>0x7bc0</load_address>
         <run_address>0x7bc0</run_address>
         <size>0x420</size>
         <input_file_ref idref="fl-6"/>
      </object_component>
      <object_component id="oc-184">
         <name>.text:__pproc_fge</name>
         <load_address>0x7fe0</load_address>
         <run_address>0x7fe0</run_address>
         <size>0x400</size>
         <input_file_ref idref="fl-23"/>
      </object_component>
      <object_component id="oc-196">
         <name>.text:_ecvt</name>
         <load_address>0x83e0</load_address>
         <run_address>0x83e0</run_address>
         <size>0x400</size>
         <input_file_ref idref="fl-23"/>
      </object_component>
      <object_component id="oc-1a4">
         <name>.text:__divull</name>
         <load_address>0x87e0</load_address>
         <run_address>0x87e0</run_address>
         <size>0x380</size>
         <input_file_ref idref="fl-32"/>
      </object_component>
      <object_component id="oc-193">
         <name>.text:_free</name>
         <load_address>0x8b60</load_address>
         <run_address>0x8b60</run_address>
         <size>0x380</size>
         <input_file_ref idref="fl-43"/>
      </object_component>
      <object_component id="oc-18e">
         <name>.text:__pconv_e</name>
         <load_address>0x8ee0</load_address>
         <run_address>0x8ee0</run_address>
         <size>0x360</size>
         <input_file_ref idref="fl-23"/>
      </object_component>
      <object_component id="oc-17b">
         <name>.text:__pproc_fwp</name>
         <load_address>0x9240</load_address>
         <run_address>0x9240</run_address>
         <size>0x360</size>
         <input_file_ref idref="fl-23"/>
      </object_component>
      <object_component id="oc-169">
         <name>.text:_cos</name>
         <load_address>0x95a0</load_address>
         <run_address>0x95a0</run_address>
         <size>0x340</size>
         <input_file_ref idref="fl-12"/>
      </object_component>
      <object_component id="oc-118">
         <name>.text</name>
         <load_address>0x98e0</load_address>
         <run_address>0x98e0</run_address>
         <size>0x320</size>
         <input_file_ref idref="fl-4d"/>
      </object_component>
      <object_component id="oc-165">
         <name>.text:__divf</name>
         <load_address>0x9c00</load_address>
         <run_address>0x9c00</run_address>
         <size>0x300</size>
         <input_file_ref idref="fl-14"/>
      </object_component>
      <object_component id="oc-185">
         <name>.text:__pproc_diouxp</name>
         <load_address>0x9f00</load_address>
         <run_address>0x9f00</run_address>
         <size>0x300</size>
         <input_file_ref idref="fl-23"/>
      </object_component>
      <object_component id="oc-17d">
         <name>.text:__pproc_str</name>
         <load_address>0xa200</load_address>
         <run_address>0xa200</run_address>
         <size>0x2c0</size>
         <input_file_ref idref="fl-23"/>
      </object_component>
      <object_component id="oc-188">
         <name>.text:_setvbuf</name>
         <load_address>0xa4c0</load_address>
         <run_address>0xa4c0</run_address>
         <size>0x2c0</size>
         <input_file_ref idref="fl-41"/>
      </object_component>
      <object_component id="oc-18c">
         <name>.text:__pconv_g</name>
         <load_address>0xa780</load_address>
         <run_address>0xa780</run_address>
         <size>0x2a0</size>
         <input_file_ref idref="fl-23"/>
      </object_component>
      <object_component id="oc-179">
         <name>.text:_fputc</name>
         <load_address>0xaa20</load_address>
         <run_address>0xaa20</run_address>
         <size>0x2a0</size>
         <input_file_ref idref="fl-2f"/>
      </object_component>
      <object_component id="oc-1a3">
         <name>.text:__divul</name>
         <load_address>0xacc0</load_address>
         <run_address>0xacc0</run_address>
         <size>0x260</size>
         <input_file_ref idref="fl-31"/>
      </object_component>
      <object_component id="oc-f6">
         <name>.text</name>
         <load_address>0xaf20</load_address>
         <run_address>0xaf20</run_address>
         <size>0x260</size>
         <input_file_ref idref="fl-46"/>
      </object_component>
      <object_component id="oc-198">
         <name>.text:__mcpy</name>
         <load_address>0xb180</load_address>
         <run_address>0xb180</run_address>
         <size>0x240</size>
         <input_file_ref idref="fl-23"/>
      </object_component>
      <object_component id="oc-177">
         <name>.text:_atan</name>
         <load_address>0xb3c0</load_address>
         <run_address>0xb3c0</run_address>
         <size>0x240</size>
         <input_file_ref idref="fl-25"/>
      </object_component>
      <object_component id="oc-194">
         <name>.text:_malloc</name>
         <load_address>0xb600</load_address>
         <run_address>0xb600</run_address>
         <size>0x240</size>
         <input_file_ref idref="fl-43"/>
      </object_component>
      <object_component id="oc-148">
         <name>.text:_memcpy</name>
         <load_address>0xb840</load_address>
         <run_address>0xb840</run_address>
         <size>0x240</size>
         <input_file_ref idref="fl-38"/>
      </object_component>
      <object_component id="oc-16a">
         <name>.text</name>
         <load_address>0xba80</load_address>
         <run_address>0xba80</run_address>
         <size>0x240</size>
         <input_file_ref idref="fl-4"/>
      </object_component>
      <object_component id="oc-142">
         <name>.text:_HOSTrename</name>
         <load_address>0xbcc0</load_address>
         <run_address>0xbcc0</run_address>
         <size>0x220</size>
         <input_file_ref idref="fl-3b"/>
      </object_component>
      <object_component id="oc-1ac">
         <name>.text:_getdevice</name>
         <load_address>0xbee0</load_address>
         <run_address>0xbee0</run_address>
         <size>0x1e0</size>
         <input_file_ref idref="fl-35"/>
      </object_component>
      <object_component id="oc-153">
         <name>.text:_IRQ_map</name>
         <load_address>0xc0c0</load_address>
         <run_address>0xc0c0</run_address>
         <size>0x1c0</size>
         <input_file_ref idref="fl-49"/>
      </object_component>
      <object_component id="oc-187">
         <name>.text:_fseek</name>
         <load_address>0xc280</load_address>
         <run_address>0xc280</run_address>
         <size>0x1c0</size>
         <input_file_ref idref="fl-40"/>
      </object_component>
      <object_component id="oc-15a">
         <name>.text:_MCBSP_reset</name>
         <load_address>0xc440</load_address>
         <run_address>0xc440</run_address>
         <size>0x1a0</size>
         <input_file_ref idref="fl-4a"/>
      </object_component>
      <object_component id="oc-191">
         <name>.text:__ltostr</name>
         <load_address>0xc5e0</load_address>
         <run_address>0xc5e0</run_address>
         <size>0x1a0</size>
         <input_file_ref idref="fl-23"/>
      </object_component>
      <object_component id="oc-17a">
         <name>.text:__pproc_fflags</name>
         <load_address>0xc780</load_address>
         <run_address>0xc780</run_address>
         <size>0x1a0</size>
         <input_file_ref idref="fl-23"/>
      </object_component>
      <object_component id="oc-168">
         <name>.text:_atan2</name>
         <load_address>0xc920</load_address>
         <run_address>0xc920</run_address>
         <size>0x1a0</size>
         <input_file_ref idref="fl-10"/>
      </object_component>
      <object_component id="oc-173">
         <name>.text:_ldexp</name>
         <load_address>0xcac0</load_address>
         <run_address>0xcac0</run_address>
         <size>0x1a0</size>
         <input_file_ref idref="fl-34"/>
      </object_component>
      <object_component id="oc-12e">
         <name>.text</name>
         <load_address>0xcc60</load_address>
         <run_address>0xcc60</run_address>
         <size>0x1a0</size>
         <input_file_ref idref="fl-51"/>
      </object_component>
      <object_component id="oc-140">
         <name>.text:_HOSTlseek</name>
         <load_address>0xce00</load_address>
         <run_address>0xce00</run_address>
         <size>0x160</size>
         <input_file_ref idref="fl-3b"/>
      </object_component>
      <object_component id="oc-19e">
         <name>.text:__closefile</name>
         <load_address>0xcf60</load_address>
         <run_address>0xcf60</run_address>
         <size>0x160</size>
         <input_file_ref idref="fl-44"/>
      </object_component>
      <object_component id="oc-11e">
         <name>.text</name>
         <load_address>0xd0c0</load_address>
         <run_address>0xd0c0</run_address>
         <size>0x160</size>
         <input_file_ref idref="fl-4e"/>
      </object_component>
      <object_component id="oc-13e">
         <name>.text:_HOSTread</name>
         <load_address>0xd220</load_address>
         <run_address>0xd220</run_address>
         <size>0x140</size>
         <input_file_ref idref="fl-3b"/>
      </object_component>
      <object_component id="oc-171">
         <name>.text:__frcmpyd_div</name>
         <load_address>0xd360</load_address>
         <run_address>0xd360</run_address>
         <size>0x140</size>
         <input_file_ref idref="fl-18"/>
      </object_component>
      <object_component id="oc-183">
         <name>.text:_atoi</name>
         <load_address>0xd4a0</load_address>
         <run_address>0xd4a0</run_address>
         <size>0x140</size>
         <input_file_ref idref="fl-26"/>
      </object_component>
      <object_component id="oc-1a0">
         <name>.text:_ltoa</name>
         <load_address>0xd5e0</load_address>
         <run_address>0xd5e0</run_address>
         <size>0x140</size>
         <input_file_ref idref="fl-36"/>
      </object_component>
      <object_component id="oc-16b">
         <name>.text:_sqrt</name>
         <load_address>0xd720</load_address>
         <run_address>0xd720</run_address>
         <size>0x140</size>
         <input_file_ref idref="fl-20"/>
      </object_component>
      <object_component id="oc-13c">
         <name>.text:_HOSTopen</name>
         <load_address>0xd860</load_address>
         <run_address>0xd860</run_address>
         <size>0x120</size>
         <input_file_ref idref="fl-3b"/>
      </object_component>
      <object_component id="oc-13f">
         <name>.text:_HOSTwrite</name>
         <load_address>0xd980</load_address>
         <run_address>0xd980</run_address>
         <size>0x120</size>
         <input_file_ref idref="fl-3b"/>
      </object_component>
      <object_component id="oc-167">
         <name>.text:__divi</name>
         <load_address>0xdaa0</load_address>
         <run_address>0xdaa0</run_address>
         <size>0x120</size>
         <input_file_ref idref="fl-15"/>
      </object_component>
      <object_component id="oc-17f">
         <name>.text:__wrt_ok</name>
         <load_address>0xdbc0</load_address>
         <run_address>0xdbc0</run_address>
         <size>0x120</size>
         <input_file_ref idref="fl-3d"/>
      </object_component>
      <object_component id="oc-1a5">
         <name>.text:_close</name>
         <load_address>0xdce0</load_address>
         <run_address>0xdce0</run_address>
         <size>0x120</size>
         <input_file_ref idref="fl-35"/>
      </object_component>
      <object_component id="oc-172">
         <name>.text:_frexp</name>
         <load_address>0xde00</load_address>
         <run_address>0xde00</run_address>
         <size>0x120</size>
         <input_file_ref idref="fl-19"/>
      </object_component>
      <object_component id="oc-182">
         <name>.text:_memset</name>
         <load_address>0xdf20</load_address>
         <run_address>0xdf20</run_address>
         <size>0x120</size>
         <input_file_ref idref="fl-39"/>
      </object_component>
      <object_component id="oc-13d">
         <name>.text:_HOSTclose</name>
         <load_address>0xe040</load_address>
         <run_address>0xe040</run_address>
         <size>0x100</size>
         <input_file_ref idref="fl-3b"/>
      </object_component>
      <object_component id="oc-141">
         <name>.text:_HOSTunlink</name>
         <load_address>0xe140</load_address>
         <run_address>0xe140</run_address>
         <size>0x100</size>
         <input_file_ref idref="fl-3b"/>
      </object_component>
      <object_component id="oc-145">
         <name>.text:_MCBSP_open</name>
         <load_address>0xe240</load_address>
         <run_address>0xe240</run_address>
         <size>0x100</size>
         <input_file_ref idref="fl-4a"/>
      </object_component>
      <object_component id="oc-146">
         <name>.text:_MCBSP_start</name>
         <load_address>0xe340</load_address>
         <run_address>0xe340</run_address>
         <size>0x100</size>
         <input_file_ref idref="fl-4a"/>
      </object_component>
      <object_component id="oc-136">
         <name>.text:__auto_init</name>
         <load_address>0xe440</load_address>
         <run_address>0xe440</run_address>
         <size>0x100</size>
         <input_file_ref idref="fl-27"/>
      </object_component>
      <object_component id="oc-19b">
         <name>.text:__div</name>
         <load_address>0xe540</load_address>
         <run_address>0xe540</run_address>
         <size>0x100</size>
         <input_file_ref idref="fl-23"/>
      </object_component>
      <object_component id="oc-1a8">
         <name>.text:__divli</name>
         <load_address>0xe640</load_address>
         <run_address>0xe640</run_address>
         <size>0x100</size>
         <input_file_ref idref="fl-31"/>
      </object_component>
      <object_component id="oc-18d">
         <name>.text:__pconv_f</name>
         <load_address>0xe740</load_address>
         <run_address>0xe740</run_address>
         <size>0x100</size>
         <input_file_ref idref="fl-23"/>
      </object_component>
      <object_component id="oc-192">
         <name>.text:_lseek</name>
         <load_address>0xe840</load_address>
         <run_address>0xe840</run_address>
         <size>0x100</size>
         <input_file_ref idref="fl-35"/>
      </object_component>
      <object_component id="oc-15d">
         <name>.text:_printf</name>
         <load_address>0xe940</load_address>
         <run_address>0xe940</run_address>
         <size>0x100</size>
         <input_file_ref idref="fl-1e"/>
      </object_component>
      <object_component id="oc-181">
         <name>.text:_write</name>
         <load_address>0xea40</load_address>
         <run_address>0xea40</run_address>
         <size>0x100</size>
         <input_file_ref idref="fl-35"/>
      </object_component>
      <object_component id="oc-30">
         <name>.text</name>
         <load_address>0xeb40</load_address>
         <run_address>0xeb40</run_address>
         <size>0xe0</size>
         <input_file_ref idref="fl-7"/>
      </object_component>
      <object_component id="oc-34">
         <name>.text</name>
         <load_address>0xec20</load_address>
         <run_address>0xec20</run_address>
         <size>0xe0</size>
         <input_file_ref idref="fl-8"/>
      </object_component>
      <object_component id="oc-195">
         <name>.text:__cleanup</name>
         <load_address>0xed00</load_address>
         <run_address>0xed00</run_address>
         <size>0xe0</size>
         <input_file_ref idref="fl-42"/>
      </object_component>
      <object_component id="oc-180">
         <name>.text:__doflush</name>
         <load_address>0xede0</load_address>
         <run_address>0xede0</run_address>
         <size>0xe0</size>
         <input_file_ref idref="fl-3f"/>
      </object_component>
      <object_component id="oc-197">
         <name>.text:__ecpy</name>
         <load_address>0xeec0</load_address>
         <run_address>0xeec0</run_address>
         <size>0xe0</size>
         <input_file_ref idref="fl-23"/>
      </object_component>
      <object_component id="oc-19a">
         <name>.text:__fcpy</name>
         <load_address>0xefa0</load_address>
         <run_address>0xefa0</run_address>
         <size>0xe0</size>
         <input_file_ref idref="fl-23"/>
      </object_component>
      <object_component id="oc-174">
         <name>.text:__nround</name>
         <load_address>0xf080</load_address>
         <run_address>0xf080</run_address>
         <size>0xe0</size>
         <input_file_ref idref="fl-1f"/>
      </object_component>
      <object_component id="oc-143">
         <name>.text:__strasg</name>
         <load_address>0xf160</load_address>
         <run_address>0xf160</run_address>
         <size>0xe0</size>
         <input_file_ref idref="fl-52"/>
      </object_component>
      <object_component id="oc-138">
         <name>.text:_exit</name>
         <load_address>0xf240</load_address>
         <run_address>0xf240</run_address>
         <size>0xe0</size>
         <input_file_ref idref="fl-17"/>
      </object_component>
      <object_component id="oc-19d">
         <name>.text:_minsert</name>
         <load_address>0xf320</load_address>
         <run_address>0xf320</run_address>
         <size>0xe0</size>
         <input_file_ref idref="fl-43"/>
      </object_component>
      <object_component id="oc-176">
         <name>.text:_modf</name>
         <load_address>0xf400</load_address>
         <run_address>0xf400</run_address>
         <size>0xe0</size>
         <input_file_ref idref="fl-1b"/>
      </object_component>
      <object_component id="oc-19c">
         <name>.text:_mremove</name>
         <load_address>0xf4e0</load_address>
         <run_address>0xf4e0</run_address>
         <size>0xe0</size>
         <input_file_ref idref="fl-43"/>
      </object_component>
      <object_component id="oc-15e">
         <name>.text:_GPIO_open</name>
         <load_address>0xf5c0</load_address>
         <run_address>0xf5c0</run_address>
         <size>0xc0</size>
         <input_file_ref idref="fl-48"/>
      </object_component>
      <object_component id="oc-16f">
         <name>.text:_GPIO_reset</name>
         <load_address>0xf680</load_address>
         <run_address>0xf680</run_address>
         <size>0xc0</size>
         <input_file_ref idref="fl-48"/>
      </object_component>
      <object_component id="oc-1a2">
         <name>.text:__divu</name>
         <load_address>0xf740</load_address>
         <run_address>0xf740</run_address>
         <size>0xc0</size>
         <input_file_ref idref="fl-2c"/>
      </object_component>
      <object_component id="oc-147">
         <name>.text:_copy_in</name>
         <load_address>0xf800</load_address>
         <run_address>0xf800</run_address>
         <size>0xc0</size>
         <input_file_ref idref="fl-29"/>
      </object_component>
      <object_component id="oc-1ad">
         <name>.text:_finddevice</name>
         <load_address>0xf8c0</load_address>
         <run_address>0xf8c0</run_address>
         <size>0xc0</size>
         <input_file_ref idref="fl-35"/>
      </object_component>
      <object_component id="oc-124">
         <name>.text</name>
         <load_address>0xf980</load_address>
         <run_address>0xf980</run_address>
         <size>0xc0</size>
         <input_file_ref idref="fl-4f"/>
      </object_component>
      <object_component id="oc-161">
         <name>.text:_GPIO_intPolarity</name>
         <load_address>0xfa40</load_address>
         <run_address>0xfa40</run_address>
         <size>0xa0</size>
         <input_file_ref idref="fl-48"/>
      </object_component>
      <object_component id="oc-144">
         <name>.text:_MCBSP_close</name>
         <load_address>0xfae0</load_address>
         <run_address>0xfae0</run_address>
         <size>0xa0</size>
         <input_file_ref idref="fl-4a"/>
      </object_component>
      <object_component id="oc-14c">
         <name>.text:_MCBSP_config</name>
         <load_address>0xfb80</load_address>
         <run_address>0xfb80</run_address>
         <size>0xa0</size>
         <input_file_ref idref="fl-4a"/>
      </object_component>
      <object_component id="oc-19f">
         <name>.text:__fixdli</name>
         <load_address>0xfc20</load_address>
         <run_address>0xfc20</run_address>
         <size>0xa0</size>
         <input_file_ref idref="fl-2d"/>
      </object_component>
      <object_component id="oc-17e">
         <name>.text:__mpyll</name>
         <load_address>0xfcc0</load_address>
         <run_address>0xfcc0</run_address>
         <size>0xa0</size>
         <input_file_ref idref="fl-1c"/>
      </object_component>
      <object_component id="oc-1a7">
         <name>.text:__remli</name>
         <load_address>0xfd60</load_address>
         <run_address>0xfd60</run_address>
         <size>0xa0</size>
         <input_file_ref idref="fl-31"/>
      </object_component>
      <object_component id="oc-159">
         <name>.text:_readmsg</name>
         <load_address>0xfe00</load_address>
         <run_address>0xfe00</run_address>
         <size>0xa0</size>
         <input_file_ref idref="fl-3c"/>
      </object_component>
      <object_component id="oc-163">
         <name>.text:_setMux</name>
         <load_address>0xfea0</load_address>
         <run_address>0xfea0</run_address>
         <size>0xa0</size>
         <input_file_ref idref="fl-49"/>
      </object_component>
      <object_component id="oc-1ab">
         <name>.text:_unlink</name>
         <load_address>0xff40</load_address>
         <run_address>0xff40</run_address>
         <size>0xa0</size>
         <input_file_ref idref="fl-35"/>
      </object_component>
      <object_component id="oc-158">
         <name>.text:_writemsg</name>
         <load_address>0xffe0</load_address>
         <run_address>0xffe0</run_address>
         <size>0xa0</size>
         <input_file_ref idref="fl-3c"/>
      </object_component>
      <object_component id="oc-149">
         <name>.text:___TI_cpp_init</name>
         <load_address>0x10080</load_address>
         <run_address>0x10080</run_address>
         <size>0x80</size>
         <input_file_ref idref="fl-28"/>
      </object_component>
      <object_component id="oc-1a1">
         <name>.text:__fltlid</name>
         <load_address>0x10100</load_address>
         <run_address>0x10100</run_address>
         <size>0x80</size>
         <input_file_ref idref="fl-2e"/>
      </object_component>
      <object_component id="oc-1a9">
         <name>.text:__llshl</name>
         <load_address>0x10180</load_address>
         <run_address>0x10180</run_address>
         <size>0x80</size>
         <input_file_ref idref="fl-1a"/>
      </object_component>
      <object_component id="oc-e">
         <name>.text:_c_int00</name>
         <load_address>0x10200</load_address>
         <run_address>0x10200</run_address>
         <size>0x80</size>
         <input_file_ref idref="fl-11"/>
      </object_component>
      <object_component id="oc-186">
         <name>.text:_memccpy</name>
         <load_address>0x10280</load_address>
         <run_address>0x10280</run_address>
         <size>0x80</size>
         <input_file_ref idref="fl-37"/>
      </object_component>
      <object_component id="oc-114">
         <name>.text</name>
         <load_address>0x10300</load_address>
         <run_address>0x10300</run_address>
         <size>0x80</size>
         <input_file_ref idref="fl-4c"/>
      </object_component>
      <object_component id="oc-12a">
         <name>.text</name>
         <load_address>0x10380</load_address>
         <run_address>0x10380</run_address>
         <size>0x80</size>
         <input_file_ref idref="fl-50"/>
      </object_component>
      <object_component id="oc-160">
         <name>.text:_GPIO_pinDirection</name>
         <load_address>0x10400</load_address>
         <run_address>0x10400</run_address>
         <size>0x60</size>
         <input_file_ref idref="fl-48"/>
      </object_component>
      <object_component id="oc-18b">
         <name>.text:___isinf</name>
         <load_address>0x10460</load_address>
         <run_address>0x10460</run_address>
         <size>0x60</size>
         <input_file_ref idref="fl-33"/>
      </object_component>
      <object_component id="oc-170">
         <name>.text:__llshru</name>
         <load_address>0x104c0</load_address>
         <run_address>0x104c0</run_address>
         <size>0x60</size>
         <input_file_ref idref="fl-1a"/>
      </object_component>
      <object_component id="oc-1aa">
         <name>.text:__subcull</name>
         <load_address>0x10520</load_address>
         <run_address>0x10520</run_address>
         <size>0x60</size>
         <input_file_ref idref="fl-32"/>
      </object_component>
      <object_component id="oc-15f">
         <name>.text:_GPIO_pinEnable</name>
         <load_address>0x10580</load_address>
         <run_address>0x10580</run_address>
         <size>0x40</size>
         <input_file_ref idref="fl-48"/>
      </object_component>
      <object_component id="oc-157">
         <name>.text:_IRQ_enable</name>
         <load_address>0x105c0</load_address>
         <run_address>0x105c0</run_address>
         <size>0x40</size>
         <input_file_ref idref="fl-49"/>
      </object_component>
      <object_component id="oc-154">
         <name>.text:_IRQ_reset</name>
         <load_address>0x10600</load_address>
         <run_address>0x10600</run_address>
         <size>0x40</size>
         <input_file_ref idref="fl-49"/>
      </object_component>
      <object_component id="oc-18a">
         <name>.text:___isnan</name>
         <load_address>0x10640</load_address>
         <run_address>0x10640</run_address>
         <size>0x40</size>
         <input_file_ref idref="fl-23"/>
      </object_component>
      <object_component id="oc-137">
         <name>.text:__args_main</name>
         <load_address>0x10680</load_address>
         <run_address>0x10680</run_address>
         <size>0x40</size>
         <input_file_ref idref="fl-24"/>
      </object_component>
      <object_component id="oc-175">
         <name>.text:__trunc</name>
         <load_address>0x106c0</load_address>
         <run_address>0x106c0</run_address>
         <size>0x40</size>
         <input_file_ref idref="fl-21"/>
      </object_component>
      <object_component id="oc-38">
         <name>.text</name>
         <load_address>0x10700</load_address>
         <run_address>0x10700</run_address>
         <size>0x20</size>
         <input_file_ref idref="fl-9"/>
      </object_component>
      <object_component id="oc-151">
         <name>.text:_IRQ_globalDisable</name>
         <load_address>0x10720</load_address>
         <run_address>0x10720</run_address>
         <size>0x20</size>
         <input_file_ref idref="fl-49"/>
      </object_component>
      <object_component id="oc-155">
         <name>.text:_IRQ_globalEnable</name>
         <load_address>0x10740</load_address>
         <run_address>0x10740</run_address>
         <size>0x20</size>
         <input_file_ref idref="fl-49"/>
      </object_component>
      <object_component id="oc-156">
         <name>.text:_IRQ_nmiEnable</name>
         <load_address>0x10760</load_address>
         <run_address>0x10760</run_address>
         <size>0x20</size>
         <input_file_ref idref="fl-49"/>
      </object_component>
      <object_component id="oc-162">
         <name>.text:_IRQ_setVecs</name>
         <load_address>0x10780</load_address>
         <run_address>0x10780</run_address>
         <size>0x20</size>
         <input_file_ref idref="fl-49"/>
      </object_component>
      <object_component id="oc-152">
         <name>.text:_MCBSP_getXmtEventId</name>
         <load_address>0x107a0</load_address>
         <run_address>0x107a0</run_address>
         <size>0x20</size>
         <input_file_ref idref="fl-4a"/>
      </object_component>
      <object_component id="oc-150">
         <name>.text:_MCBSP_read</name>
         <load_address>0x107c0</load_address>
         <run_address>0x107c0</run_address>
         <size>0x20</size>
         <input_file_ref idref="fl-4a"/>
      </object_component>
      <object_component id="oc-14f">
         <name>.text:_MCBSP_rrdy</name>
         <load_address>0x107e0</load_address>
         <run_address>0x107e0</run_address>
         <size>0x20</size>
         <input_file_ref idref="fl-4a"/>
      </object_component>
      <object_component id="oc-14e">
         <name>.text:_MCBSP_write</name>
         <load_address>0x10800</load_address>
         <run_address>0x10800</run_address>
         <size>0x20</size>
         <input_file_ref idref="fl-4a"/>
      </object_component>
      <object_component id="oc-14d">
         <name>.text:_MCBSP_xrdy</name>
         <load_address>0x10820</load_address>
         <run_address>0x10820</run_address>
         <size>0x20</size>
         <input_file_ref idref="fl-4a"/>
      </object_component>
      <object_component id="oc-190">
         <name>.text:__negll</name>
         <load_address>0x10840</load_address>
         <run_address>0x10840</run_address>
         <size>0x20</size>
         <input_file_ref idref="fl-3a"/>
      </object_component>
      <object_component id="oc-13b">
         <name>.text:__nop</name>
         <load_address>0x10860</load_address>
         <run_address>0x10860</run_address>
         <size>0x20</size>
         <input_file_ref idref="fl-22"/>
      </object_component>
      <object_component id="oc-16d">
         <name>.text:__outc</name>
         <load_address>0x10880</load_address>
         <run_address>0x10880</run_address>
         <size>0x20</size>
         <input_file_ref idref="fl-1e"/>
      </object_component>
      <object_component id="oc-16c">
         <name>.text:__outs</name>
         <load_address>0x108a0</load_address>
         <run_address>0x108a0</run_address>
         <size>0x20</size>
         <input_file_ref idref="fl-1e"/>
      </object_component>
      <object_component id="oc-14b">
         <name>.text:_abort</name>
         <load_address>0x108c0</load_address>
         <run_address>0x108c0</run_address>
         <size>0x20</size>
         <input_file_ref idref="fl-17"/>
      </object_component>
      <object_component id="oc-1a6">
         <name>.text:_remove</name>
         <load_address>0x108e0</load_address>
         <run_address>0x108e0</run_address>
         <size>0x20</size>
         <input_file_ref idref="fl-45"/>
      </object_component>
      <object_component id="oc-103">
         <name>.text</name>
         <load_address>0x10900</load_address>
         <run_address>0x10900</run_address>
         <size>0x20</size>
         <input_file_ref idref="fl-49"/>
      </object_component>
      <object_component id="oc-20">
         <name>.cinit</name>
         <load_address>0x20920</load_address>
         <run_address>0x20920</run_address>
         <size>0x4054</size>
         <input_file_ref idref="fl-5"/>
      </object_component>
      <object_component id="oc-6b">
         <name>.cinit</name>
         <load_address>0x24978</load_address>
         <run_address>0x24978</run_address>
         <size>0x140</size>
         <input_file_ref idref="fl-1d"/>
      </object_component>
      <object_component id="oc-104">
         <name>.cinit</name>
         <load_address>0x24ab8</load_address>
         <run_address>0x24ab8</run_address>
         <size>0x12c</size>
         <input_file_ref idref="fl-49"/>
      </object_component>
      <object_component id="oc-27">
         <name>.cinit</name>
         <load_address>0x24be8</load_address>
         <run_address>0x24be8</run_address>
         <size>0x124</size>
         <input_file_ref idref="fl-6"/>
      </object_component>
      <object_component id="oc-16">
         <name>.cinit</name>
         <load_address>0x24d10</load_address>
         <run_address>0x24d10</run_address>
         <size>0x92</size>
         <input_file_ref idref="fl-3"/>
      </object_component>
      <object_component id="oc-88">
         <name>.cinit</name>
         <load_address>0x24da8</load_address>
         <run_address>0x24da8</run_address>
         <size>0x70</size>
         <input_file_ref idref="fl-25"/>
      </object_component>
      <object_component id="oc-9b">
         <name>.cinit</name>
         <load_address>0x24e18</load_address>
         <run_address>0x24e18</run_address>
         <size>0x5c</size>
         <input_file_ref idref="fl-2b"/>
      </object_component>
      <object_component id="oc-bb">
         <name>.cinit</name>
         <load_address>0x24e78</load_address>
         <run_address>0x24e78</run_address>
         <size>0x5c</size>
         <input_file_ref idref="fl-35"/>
      </object_component>
      <object_component id="oc-10">
         <name>.cinit</name>
         <load_address>0x24ed8</load_address>
         <run_address>0x24ed8</run_address>
         <size>0x58</size>
         <input_file_ref idref="fl-2"/>
      </object_component>
      <object_component id="oc-109">
         <name>.cinit</name>
         <load_address>0x24f30</load_address>
         <run_address>0x24f30</run_address>
         <size>0x54</size>
         <input_file_ref idref="fl-4a"/>
      </object_component>
      <object_component id="oc-45">
         <name>.cinit</name>
         <load_address>0x24f88</load_address>
         <run_address>0x24f88</run_address>
         <size>0x48</size>
         <input_file_ref idref="fl-12"/>
      </object_component>
      <object_component id="oc-fe">
         <name>.cinit</name>
         <load_address>0x24fd0</load_address>
         <run_address>0x24fd0</run_address>
         <size>0x44</size>
         <input_file_ref idref="fl-48"/>
      </object_component>
      <object_component id="oc-11f">
         <name>.cinit</name>
         <load_address>0x25018</load_address>
         <run_address>0x25018</run_address>
         <size>0x30</size>
         <input_file_ref idref="fl-4e"/>
      </object_component>
      <object_component id="oc-57">
         <name>.cinit</name>
         <load_address>0x25048</load_address>
         <run_address>0x25048</run_address>
         <size>0x2c</size>
         <input_file_ref idref="fl-17"/>
      </object_component>
      <object_component id="oc-eb">
         <name>.cinit</name>
         <load_address>0x25078</load_address>
         <run_address>0x25078</run_address>
         <size>0x2c</size>
         <input_file_ref idref="fl-43"/>
      </object_component>
      <object_component id="oc-125">
         <name>.cinit</name>
         <load_address>0x250a8</load_address>
         <run_address>0x250a8</run_address>
         <size>0x28</size>
         <input_file_ref idref="fl-4f"/>
      </object_component>
      <object_component id="oc-7c">
         <name>.cinit</name>
         <load_address>0x250d0</load_address>
         <run_address>0x250d0</run_address>
         <size>0x1c</size>
         <input_file_ref idref="fl-22"/>
      </object_component>
      <object_component id="oc-53">
         <name>.cinit</name>
         <load_address>0x250f0</load_address>
         <run_address>0x250f0</run_address>
         <size>0xc</size>
         <input_file_ref idref="fl-16"/>
      </object_component>
      <object_component id="oc-e6">
         <name>.cinit</name>
         <load_address>0x25100</load_address>
         <run_address>0x25100</run_address>
         <size>0xc</size>
         <input_file_ref idref="fl-42"/>
      </object_component>
      <object_component id="oc-41">
         <name>.stack</name>
         <uninitialized>true</uninitialized>
         <run_address>0x10920</run_address>
         <size>0x8</size>
         <input_file_ref idref="fl-11"/>
      </object_component>
      <object_component id="oc-1c3">
         <name>.stack</name>
         <uninitialized>true</uninitialized>
         <run_address>0x10920</run_address>
         <size>0x0</size>
      </object_component>
      <object_component id="oc-ed">
         <name>.sysmem</name>
         <uninitialized>true</uninitialized>
         <run_address>0x18920</run_address>
         <size>0x8</size>
         <input_file_ref idref="fl-43"/>
      </object_component>
      <object_component id="oc-1c4">
         <name>.sysmem</name>
         <uninitialized>true</uninitialized>
         <run_address>0x18920</run_address>
         <size>0x0</size>
      </object_component>
      <object_component id="oc-13a">
         <name>.const:_coefPBd</name>
         <load_address>0x25ed4</load_address>
         <run_address>0x25ed4</run_address>
         <size>0x1fe</size>
         <input_file_ref idref="fl-6"/>
      </object_component>
      <object_component id="oc-ab">
         <name>.const:.string</name>
         <load_address>0x260d2</load_address>
         <run_address>0x260d2</run_address>
         <size>0x2</size>
         <input_file_ref idref="fl-30"/>
      </object_component>
      <object_component id="oc-189">
         <name>.const:.string:__ctypes_</name>
         <load_address>0x260d4</load_address>
         <run_address>0x260d4</run_address>
         <size>0x101</size>
         <input_file_ref idref="fl-2a"/>
      </object_component>
      <object_component id="oc-11a">
         <name>.const</name>
         <load_address>0x261d8</load_address>
         <run_address>0x261d8</run_address>
         <size>0x40</size>
         <input_file_ref idref="fl-4d"/>
      </object_component>
      <object_component id="oc-81">
         <name>.const:.string</name>
         <load_address>0x26218</load_address>
         <run_address>0x26218</run_address>
         <size>0x23</size>
         <input_file_ref idref="fl-23"/>
      </object_component>
      <object_component id="oc-110">
         <name>.const</name>
         <load_address>0x2623c</load_address>
         <run_address>0x2623c</run_address>
         <size>0x20</size>
         <input_file_ref idref="fl-4b"/>
      </object_component>
      <object_component id="oc-2c">
         <name>.const:.string</name>
         <load_address>0x2625c</load_address>
         <run_address>0x2625c</run_address>
         <size>0x10</size>
         <input_file_ref idref="fl-6"/>
      </object_component>
      <object_component id="oc-29">
         <name>.const</name>
         <load_address>0x2626c</load_address>
         <run_address>0x2626c</run_address>
         <size>0x8</size>
         <input_file_ref idref="fl-6"/>
      </object_component>
      <object_component id="oc-11">
         <name>.far</name>
         <uninitialized>true</uninitialized>
         <run_address>0x25d60</run_address>
         <size>0x58</size>
         <input_file_ref idref="fl-2"/>
      </object_component>
      <object_component id="oc-17">
         <name>.far</name>
         <uninitialized>true</uninitialized>
         <run_address>0x25c98</run_address>
         <size>0x66</size>
         <input_file_ref idref="fl-3"/>
      </object_component>
      <object_component id="oc-22">
         <name>.far</name>
         <uninitialized>true</uninitialized>
         <run_address>0x25eb0</run_address>
         <size>0x8</size>
         <input_file_ref idref="fl-5"/>
      </object_component>
      <object_component id="oc-28">
         <name>.far</name>
         <uninitialized>true</uninitialized>
         <run_address>0x25200</run_address>
         <size>0x43d</size>
         <input_file_ref idref="fl-6"/>
      </object_component>
      <object_component id="oc-46">
         <name>.far</name>
         <uninitialized>true</uninitialized>
         <run_address>0x25db8</run_address>
         <size>0x40</size>
         <input_file_ref idref="fl-12"/>
      </object_component>
      <object_component id="oc-54">
         <name>.far</name>
         <uninitialized>true</uninitialized>
         <run_address>0x25964</run_address>
         <size>0x4</size>
         <input_file_ref idref="fl-16"/>
      </object_component>
      <object_component id="oc-58">
         <name>.far</name>
         <uninitialized>true</uninitialized>
         <run_address>0x25e9c</run_address>
         <size>0xc</size>
         <input_file_ref idref="fl-17"/>
      </object_component>
      <object_component id="oc-6c">
         <name>.far</name>
         <uninitialized>true</uninitialized>
         <run_address>0x25968</run_address>
         <size>0x120</size>
         <input_file_ref idref="fl-1d"/>
      </object_component>
      <object_component id="oc-7d">
         <name>.far</name>
         <uninitialized>true</uninitialized>
         <run_address>0x25eb8</run_address>
         <size>0x8</size>
         <input_file_ref idref="fl-22"/>
      </object_component>
      <object_component id="oc-89">
         <name>.far</name>
         <uninitialized>true</uninitialized>
         <run_address>0x25d00</run_address>
         <size>0x60</size>
         <input_file_ref idref="fl-25"/>
      </object_component>
      <object_component id="oc-9c">
         <name>.far</name>
         <uninitialized>true</uninitialized>
         <run_address>0x25640</run_address>
         <size>0x324</size>
         <input_file_ref idref="fl-2b"/>
      </object_component>
      <object_component id="oc-bc">
         <name>.far</name>
         <uninitialized>true</uninitialized>
         <run_address>0x25a88</run_address>
         <size>0x11c</size>
         <input_file_ref idref="fl-35"/>
      </object_component>
      <object_component id="oc-cf">
         <name>.far</name>
         <uninitialized>true</uninitialized>
         <run_address>0x25ec8</run_address>
         <size>0x8</size>
         <input_file_ref idref="fl-3b"/>
      </object_component>
      <object_component id="oc-e7">
         <name>.far</name>
         <uninitialized>true</uninitialized>
         <run_address>0x25ed0</run_address>
         <size>0x4</size>
         <input_file_ref idref="fl-42"/>
      </object_component>
      <object_component id="oc-ec">
         <name>.far</name>
         <uninitialized>true</uninitialized>
         <run_address>0x25ec0</run_address>
         <size>0x8</size>
         <input_file_ref idref="fl-43"/>
      </object_component>
      <object_component id="oc-ff">
         <name>.far</name>
         <uninitialized>true</uninitialized>
         <run_address>0x25e58</run_address>
         <size>0x24</size>
         <input_file_ref idref="fl-48"/>
      </object_component>
      <object_component id="oc-105">
         <name>.far</name>
         <uninitialized>true</uninitialized>
         <run_address>0x25ba4</run_address>
         <size>0xf4</size>
         <input_file_ref idref="fl-49"/>
      </object_component>
      <object_component id="oc-10a">
         <name>.far</name>
         <uninitialized>true</uninitialized>
         <run_address>0x25df8</run_address>
         <size>0x38</size>
         <input_file_ref idref="fl-4a"/>
      </object_component>
      <object_component id="oc-10f">
         <name>.far</name>
         <uninitialized>true</uninitialized>
         <run_address>0x2563e</run_address>
         <size>0x2</size>
         <input_file_ref idref="fl-4b"/>
      </object_component>
      <object_component id="oc-119">
         <name>.far</name>
         <uninitialized>true</uninitialized>
         <run_address>0x25ea8</run_address>
         <size>0x8</size>
         <input_file_ref idref="fl-4d"/>
      </object_component>
      <object_component id="oc-120">
         <name>.far</name>
         <uninitialized>true</uninitialized>
         <run_address>0x25e30</run_address>
         <size>0x28</size>
         <input_file_ref idref="fl-4e"/>
      </object_component>
      <object_component id="oc-126">
         <name>.far</name>
         <uninitialized>true</uninitialized>
         <run_address>0x25e7c</run_address>
         <size>0x20</size>
         <input_file_ref idref="fl-4f"/>
      </object_component>
      <object_component id="oc-12f">
         <name>.far</name>
         <uninitialized>true</uninitialized>
         <run_address>0x25cfe</run_address>
         <size>0x2</size>
         <input_file_ref idref="fl-51"/>
      </object_component>
      <object_component id="oc-d3">
         <name>.cio</name>
         <uninitialized>true</uninitialized>
         <run_address>0x26274</run_address>
         <size>0x120</size>
         <input_file_ref idref="fl-3c"/>
      </object_component>
      <object_component id="oc-f">
         <name>.debug_info</name>
         <load_address>0x0</load_address>
         <run_address>0x0</run_address>
         <size>0x17c1</size>
         <input_file_ref idref="fl-2"/>
      </object_component>
      <object_component id="oc-15">
         <name>.debug_info</name>
         <load_address>0x17c1</load_address>
         <run_address>0x17c1</run_address>
         <size>0x10bf</size>
         <input_file_ref idref="fl-3"/>
      </object_component>
      <object_component id="oc-1b">
         <name>.debug_info</name>
         <load_address>0x2880</load_address>
         <run_address>0x2880</run_address>
         <size>0x8b8</size>
         <input_file_ref idref="fl-4"/>
      </object_component>
      <object_component id="oc-1f">
         <name>.debug_info</name>
         <load_address>0x3138</load_address>
         <run_address>0x3138</run_address>
         <size>0x37c8</size>
         <input_file_ref idref="fl-5"/>
      </object_component>
      <object_component id="oc-26">
         <name>.debug_info</name>
         <load_address>0x6900</load_address>
         <run_address>0x6900</run_address>
         <size>0x1ebd</size>
         <input_file_ref idref="fl-6"/>
      </object_component>
      <object_component id="oc-31">
         <name>.debug_info</name>
         <load_address>0x87bd</load_address>
         <run_address>0x87bd</run_address>
         <size>0xd9</size>
         <input_file_ref idref="fl-7"/>
      </object_component>
      <object_component id="oc-35">
         <name>.debug_info</name>
         <load_address>0x8896</load_address>
         <run_address>0x8896</run_address>
         <size>0xc8</size>
         <input_file_ref idref="fl-8"/>
      </object_component>
      <object_component id="oc-3a">
         <name>.debug_info</name>
         <load_address>0x895e</load_address>
         <run_address>0x895e</run_address>
         <size>0x111</size>
         <input_file_ref idref="fl-9"/>
      </object_component>
      <object_component id="oc-3d">
         <name>.debug_info</name>
         <load_address>0x8a6f</load_address>
         <run_address>0x8a6f</run_address>
         <size>0x6b6</size>
         <input_file_ref idref="fl-10"/>
      </object_component>
      <object_component id="oc-40">
         <name>.debug_info</name>
         <load_address>0x9125</load_address>
         <run_address>0x9125</run_address>
         <size>0x70b</size>
         <input_file_ref idref="fl-11"/>
      </object_component>
      <object_component id="oc-44">
         <name>.debug_info</name>
         <load_address>0x9830</load_address>
         <run_address>0x9830</run_address>
         <size>0x717</size>
         <input_file_ref idref="fl-12"/>
      </object_component>
      <object_component id="oc-49">
         <name>.debug_info</name>
         <load_address>0x9f47</load_address>
         <run_address>0x9f47</run_address>
         <size>0x982</size>
         <input_file_ref idref="fl-13"/>
      </object_component>
      <object_component id="oc-4c">
         <name>.debug_info</name>
         <load_address>0xa8c9</load_address>
         <run_address>0xa8c9</run_address>
         <size>0x8ce</size>
         <input_file_ref idref="fl-14"/>
      </object_component>
      <object_component id="oc-4f">
         <name>.debug_info</name>
         <load_address>0xb197</load_address>
         <run_address>0xb197</run_address>
         <size>0xd0</size>
         <input_file_ref idref="fl-15"/>
      </object_component>
      <object_component id="oc-52">
         <name>.debug_info</name>
         <load_address>0xb267</load_address>
         <run_address>0xb267</run_address>
         <size>0x5e2</size>
         <input_file_ref idref="fl-16"/>
      </object_component>
      <object_component id="oc-56">
         <name>.debug_info</name>
         <load_address>0xb849</load_address>
         <run_address>0xb849</run_address>
         <size>0x7ff</size>
         <input_file_ref idref="fl-17"/>
      </object_component>
      <object_component id="oc-5b">
         <name>.debug_info</name>
         <load_address>0xc048</load_address>
         <run_address>0xc048</run_address>
         <size>0x6a4</size>
         <input_file_ref idref="fl-18"/>
      </object_component>
      <object_component id="oc-5e">
         <name>.debug_info</name>
         <load_address>0xc6ec</load_address>
         <run_address>0xc6ec</run_address>
         <size>0x69b</size>
         <input_file_ref idref="fl-19"/>
      </object_component>
      <object_component id="oc-61">
         <name>.debug_info</name>
         <load_address>0xcd87</load_address>
         <run_address>0xcd87</run_address>
         <size>0x701</size>
         <input_file_ref idref="fl-1a"/>
      </object_component>
      <object_component id="oc-64">
         <name>.debug_info</name>
         <load_address>0xd488</load_address>
         <run_address>0xd488</run_address>
         <size>0x680</size>
         <input_file_ref idref="fl-1b"/>
      </object_component>
      <object_component id="oc-67">
         <name>.debug_info</name>
         <load_address>0xdb08</load_address>
         <run_address>0xdb08</run_address>
         <size>0x6b7</size>
         <input_file_ref idref="fl-1c"/>
      </object_component>
      <object_component id="oc-6a">
         <name>.debug_info</name>
         <load_address>0xe1bf</load_address>
         <run_address>0xe1bf</run_address>
         <size>0x8b9</size>
         <input_file_ref idref="fl-1d"/>
      </object_component>
      <object_component id="oc-6f">
         <name>.debug_info</name>
         <load_address>0xea78</load_address>
         <run_address>0xea78</run_address>
         <size>0x902</size>
         <input_file_ref idref="fl-1e"/>
      </object_component>
      <object_component id="oc-72">
         <name>.debug_info</name>
         <load_address>0xf37a</load_address>
         <run_address>0xf37a</run_address>
         <size>0x659</size>
         <input_file_ref idref="fl-1f"/>
      </object_component>
      <object_component id="oc-75">
         <name>.debug_info</name>
         <load_address>0xf9d3</load_address>
         <run_address>0xf9d3</run_address>
         <size>0x88f</size>
         <input_file_ref idref="fl-20"/>
      </object_component>
      <object_component id="oc-78">
         <name>.debug_info</name>
         <load_address>0x10262</load_address>
         <run_address>0x10262</run_address>
         <size>0x651</size>
         <input_file_ref idref="fl-21"/>
      </object_component>
      <object_component id="oc-7b">
         <name>.debug_info</name>
         <load_address>0x108b3</load_address>
         <run_address>0x108b3</run_address>
         <size>0x64c</size>
         <input_file_ref idref="fl-22"/>
      </object_component>
      <object_component id="oc-80">
         <name>.debug_info</name>
         <load_address>0x10eff</load_address>
         <run_address>0x10eff</run_address>
         <size>0x2bda</size>
         <input_file_ref idref="fl-23"/>
      </object_component>
      <object_component id="oc-84">
         <name>.debug_info</name>
         <load_address>0x13ad9</load_address>
         <run_address>0x13ad9</run_address>
         <size>0x6e1</size>
         <input_file_ref idref="fl-24"/>
      </object_component>
      <object_component id="oc-87">
         <name>.debug_info</name>
         <load_address>0x141ba</load_address>
         <run_address>0x141ba</run_address>
         <size>0x6a9</size>
         <input_file_ref idref="fl-25"/>
      </object_component>
      <object_component id="oc-8c">
         <name>.debug_info</name>
         <load_address>0x14863</load_address>
         <run_address>0x14863</run_address>
         <size>0x722</size>
         <input_file_ref idref="fl-26"/>
      </object_component>
      <object_component id="oc-8f">
         <name>.debug_info</name>
         <load_address>0x14f85</load_address>
         <run_address>0x14f85</run_address>
         <size>0x871</size>
         <input_file_ref idref="fl-27"/>
      </object_component>
      <object_component id="oc-92">
         <name>.debug_info</name>
         <load_address>0x157f6</load_address>
         <run_address>0x157f6</run_address>
         <size>0x6e9</size>
         <input_file_ref idref="fl-28"/>
      </object_component>
      <object_component id="oc-95">
         <name>.debug_info</name>
         <load_address>0x15edf</load_address>
         <run_address>0x15edf</run_address>
         <size>0x7df</size>
         <input_file_ref idref="fl-29"/>
      </object_component>
      <object_component id="oc-98">
         <name>.debug_info</name>
         <load_address>0x166be</load_address>
         <run_address>0x166be</run_address>
         <size>0x5fa</size>
         <input_file_ref idref="fl-2a"/>
      </object_component>
      <object_component id="oc-9a">
         <name>.debug_info</name>
         <load_address>0x16cb8</load_address>
         <run_address>0x16cb8</run_address>
         <size>0x6e7</size>
         <input_file_ref idref="fl-2b"/>
      </object_component>
      <object_component id="oc-9e">
         <name>.debug_info</name>
         <load_address>0x1739f</load_address>
         <run_address>0x1739f</run_address>
         <size>0xd0</size>
         <input_file_ref idref="fl-2c"/>
      </object_component>
      <object_component id="oc-a1">
         <name>.debug_info</name>
         <load_address>0x1746f</load_address>
         <run_address>0x1746f</run_address>
         <size>0x691</size>
         <input_file_ref idref="fl-2d"/>
      </object_component>
      <object_component id="oc-a4">
         <name>.debug_info</name>
         <load_address>0x17b00</load_address>
         <run_address>0x17b00</run_address>
         <size>0x6aa</size>
         <input_file_ref idref="fl-2e"/>
      </object_component>
      <object_component id="oc-a7">
         <name>.debug_info</name>
         <load_address>0x181aa</load_address>
         <run_address>0x181aa</run_address>
         <size>0x82a</size>
         <input_file_ref idref="fl-2f"/>
      </object_component>
      <object_component id="oc-aa">
         <name>.debug_info</name>
         <load_address>0x189d4</load_address>
         <run_address>0x189d4</run_address>
         <size>0xb90</size>
         <input_file_ref idref="fl-30"/>
      </object_component>
      <object_component id="oc-ae">
         <name>.debug_info</name>
         <load_address>0x19564</load_address>
         <run_address>0x19564</run_address>
         <size>0x7bd</size>
         <input_file_ref idref="fl-31"/>
      </object_component>
      <object_component id="oc-b1">
         <name>.debug_info</name>
         <load_address>0x19d21</load_address>
         <run_address>0x19d21</run_address>
         <size>0x7b8</size>
         <input_file_ref idref="fl-32"/>
      </object_component>
      <object_component id="oc-b4">
         <name>.debug_info</name>
         <load_address>0x1a4d9</load_address>
         <run_address>0x1a4d9</run_address>
         <size>0x816</size>
         <input_file_ref idref="fl-33"/>
      </object_component>
      <object_component id="oc-b7">
         <name>.debug_info</name>
         <load_address>0x1acef</load_address>
         <run_address>0x1acef</run_address>
         <size>0x697</size>
         <input_file_ref idref="fl-34"/>
      </object_component>
      <object_component id="oc-ba">
         <name>.debug_info</name>
         <load_address>0x1b386</load_address>
         <run_address>0x1b386</run_address>
         <size>0xf67</size>
         <input_file_ref idref="fl-35"/>
      </object_component>
      <object_component id="oc-bf">
         <name>.debug_info</name>
         <load_address>0x1c2ed</load_address>
         <run_address>0x1c2ed</run_address>
         <size>0x748</size>
         <input_file_ref idref="fl-36"/>
      </object_component>
      <object_component id="oc-c2">
         <name>.debug_info</name>
         <load_address>0x1ca35</load_address>
         <run_address>0x1ca35</run_address>
         <size>0x6ec</size>
         <input_file_ref idref="fl-37"/>
      </object_component>
      <object_component id="oc-c5">
         <name>.debug_info</name>
         <load_address>0x1d121</load_address>
         <run_address>0x1d121</run_address>
         <size>0x792</size>
         <input_file_ref idref="fl-38"/>
      </object_component>
      <object_component id="oc-c8">
         <name>.debug_info</name>
         <load_address>0x1d8b3</load_address>
         <run_address>0x1d8b3</run_address>
         <size>0x730</size>
         <input_file_ref idref="fl-39"/>
      </object_component>
      <object_component id="oc-cb">
         <name>.debug_info</name>
         <load_address>0x1dfe3</load_address>
         <run_address>0x1dfe3</run_address>
         <size>0x618</size>
         <input_file_ref idref="fl-3a"/>
      </object_component>
      <object_component id="oc-ce">
         <name>.debug_info</name>
         <load_address>0x1e5fb</load_address>
         <run_address>0x1e5fb</run_address>
         <size>0xf02</size>
         <input_file_ref idref="fl-3b"/>
      </object_component>
      <object_component id="oc-d2">
         <name>.debug_info</name>
         <load_address>0x1f4fd</load_address>
         <run_address>0x1f4fd</run_address>
         <size>0x8d1</size>
         <input_file_ref idref="fl-3c"/>
      </object_component>
      <object_component id="oc-d6">
         <name>.debug_info</name>
         <load_address>0x1fdce</load_address>
         <run_address>0x1fdce</run_address>
         <size>0x75a</size>
         <input_file_ref idref="fl-3d"/>
      </object_component>
      <object_component id="oc-d9">
         <name>.debug_info</name>
         <load_address>0x20528</load_address>
         <run_address>0x20528</run_address>
         <size>0x5cc</size>
         <input_file_ref idref="fl-3e"/>
      </object_component>
      <object_component id="oc-dc">
         <name>.debug_info</name>
         <load_address>0x20af4</load_address>
         <run_address>0x20af4</run_address>
         <size>0x781</size>
         <input_file_ref idref="fl-3f"/>
      </object_component>
      <object_component id="oc-df">
         <name>.debug_info</name>
         <load_address>0x21275</load_address>
         <run_address>0x21275</run_address>
         <size>0x7b9</size>
         <input_file_ref idref="fl-40"/>
      </object_component>
      <object_component id="oc-e2">
         <name>.debug_info</name>
         <load_address>0x21a2e</load_address>
         <run_address>0x21a2e</run_address>
         <size>0x813</size>
         <input_file_ref idref="fl-41"/>
      </object_component>
      <object_component id="oc-e5">
         <name>.debug_info</name>
         <load_address>0x22241</load_address>
         <run_address>0x22241</run_address>
         <size>0x885</size>
         <input_file_ref idref="fl-42"/>
      </object_component>
      <object_component id="oc-ea">
         <name>.debug_info</name>
         <load_address>0x22ac6</load_address>
         <run_address>0x22ac6</run_address>
         <size>0xb47</size>
         <input_file_ref idref="fl-43"/>
      </object_component>
      <object_component id="oc-f0">
         <name>.debug_info</name>
         <load_address>0x2360d</load_address>
         <run_address>0x2360d</run_address>
[...]
         <value>0x25ea4</value>
         <object_component_ref idref="oc-58"/>
      </symbol>
      <symbol id="sm-3aa">
         <name>_abort</name>
         <value>0x108c0</value>
         <object_component_ref idref="oc-14b"/>
      </symbol>
      <symbol id="sm-3ab">
         <name>__cleanup_ptr</name>
         <value>0x25e9c</value>
         <object_component_ref idref="oc-58"/>
      </symbol>
      <symbol id="sm-3ac">
         <name>__dtors_ptr</name>
         <value>0x25ea0</value>
         <object_component_ref idref="oc-58"/>
      </symbol>
      <symbol id="sm-3b6">
         <name>__frcmpyd_div</name>
         <value>0xd360</value>
         <object_component_ref idref="oc-171"/>
      </symbol>
      <symbol id="sm-3c0">
         <name>_frexp</name>
         <value>0xde00</value>
         <object_component_ref idref="oc-172"/>
      </symbol>
      <symbol id="sm-3cc">
         <name>__llshl</name>
         <value>0x10180</value>
         <object_component_ref idref="oc-1a9"/>
      </symbol>
      <symbol id="sm-3cd">
         <name>__llshru</name>
         <value>0x104c0</value>
         <object_component_ref idref="oc-170"/>
      </symbol>
      <symbol id="sm-3d7">
         <name>_modf</name>
         <value>0xf400</value>
         <object_component_ref idref="oc-176"/>
      </symbol>
      <symbol id="sm-3e1">
         <name>__mpyll</name>
         <value>0xfcc0</value>
         <object_component_ref idref="oc-17e"/>
      </symbol>
      <symbol id="sm-3ef">
         <name>_pow</name>
         <value>0x3a40</value>
         <object_component_ref idref="oc-166"/>
      </symbol>
      <symbol id="sm-3fd">
         <name>_printf</name>
         <value>0xe940</value>
         <object_component_ref idref="oc-15d"/>
      </symbol>
      <symbol id="sm-407">
         <name>__nround</name>
         <value>0xf080</value>
         <object_component_ref idref="oc-174"/>
      </symbol>
      <symbol id="sm-411">
         <name>_sqrt</name>
         <value>0xd720</value>
         <object_component_ref idref="oc-16b"/>
      </symbol>
      <symbol id="sm-41b">
         <name>__trunc</name>
         <value>0x106c0</value>
         <object_component_ref idref="oc-175"/>
      </symbol>
      <symbol id="sm-429">
         <name>__unlock</name>
         <value>0x25ebc</value>
         <object_component_ref idref="oc-7d"/>
      </symbol>
      <symbol id="sm-42a">
         <name>__lock</name>
         <value>0x25eb8</value>
         <object_component_ref idref="oc-7d"/>
      </symbol>
      <symbol id="sm-42b">
         <name>__nop</name>
         <value>0x10860</value>
         <object_component_ref idref="oc-13b"/>
      </symbol>
      <symbol id="sm-45b">
         <name>__printfi</name>
         <value>0x5f60</value>
         <object_component_ref idref="oc-16e"/>
      </symbol>
      <symbol id="sm-465">
         <name>__args_main</name>
         <value>0x10680</value>
         <object_component_ref idref="oc-137"/>
      </symbol>
      <symbol id="sm-466">
         <name>__TI_args_main</name>
         <value>0x1</value>
      </symbol>
      <symbol id="sm-474">
         <name>_atan</name>
         <value>0xb3c0</value>
         <object_component_ref idref="oc-177"/>
      </symbol>
      <symbol id="sm-47e">
         <name>_atoi</name>
         <value>0xd4a0</value>
         <object_component_ref idref="oc-183"/>
      </symbol>
      <symbol id="sm-488">
         <name>__auto_init</name>
         <value>0xe440</value>
         <object_component_ref idref="oc-136"/>
      </symbol>
      <symbol id="sm-492">
         <name>___TI_cpp_init</name>
         <value>0x10080</value>
         <object_component_ref idref="oc-149"/>
      </symbol>
      <symbol id="sm-49c">
         <name>_copy_in</name>
         <value>0xf800</value>
         <object_component_ref idref="oc-147"/>
      </symbol>
      <symbol id="sm-4a4">
         <name>__ctypes_</name>
         <value>0x260d4</value>
         <object_component_ref idref="oc-189"/>
      </symbol>
      <symbol id="sm-4ae">
         <name>__tmpnams</name>
         <value>0x25820</value>
         <object_component_ref idref="oc-9c"/>
      </symbol>
      <symbol id="sm-4af">
         <name>__ft_end</name>
         <value>0x25960</value>
         <object_component_ref idref="oc-9c"/>
      </symbol>
      <symbol id="sm-4b0">
         <name>__ftable</name>
         <value>0x25640</value>
         <object_component_ref idref="oc-9c"/>
      </symbol>
      <symbol id="sm-4b8">
         <name>__c6xabi_divu</name>
         <value>0xf740</value>
         <object_component_ref idref="oc-1a2"/>
      </symbol>
      <symbol id="sm-4b9">
         <name>__divu</name>
         <value>0xf740</value>
         <object_component_ref idref="oc-1a2"/>
      </symbol>
      <symbol id="sm-4c3">
         <name>__fixdli</name>
         <value>0xfc20</value>
         <object_component_ref idref="oc-19f"/>
      </symbol>
      <symbol id="sm-4cd">
         <name>__fltlid</name>
         <value>0x10100</value>
         <object_component_ref idref="oc-1a1"/>
      </symbol>
      <symbol id="sm-4d7">
         <name>_putc</name>
         <value>0xaa20</value>
         <object_component_ref idref="oc-179"/>
      </symbol>
      <symbol id="sm-4d8">
         <name>_fputc</name>
         <value>0xaa20</value>
         <object_component_ref idref="oc-179"/>
      </symbol>
      <symbol id="sm-4e4">
         <name>_fputs</name>
         <value>0x6e60</value>
         <object_component_ref idref="oc-178"/>
      </symbol>
      <symbol id="sm-4f2">
         <name>__divul</name>
         <value>0xacc0</value>
         <object_component_ref idref="oc-1a3"/>
      </symbol>
      <symbol id="sm-4f3">
         <name>__remli</name>
         <value>0xfd60</value>
         <object_component_ref idref="oc-1a7"/>
      </symbol>
      <symbol id="sm-4f4">
         <name>__divli</name>
         <value>0xe640</value>
         <object_component_ref idref="oc-1a8"/>
      </symbol>
      <symbol id="sm-500">
         <name>__subcull</name>
         <value>0x10520</value>
         <object_component_ref idref="oc-1aa"/>
      </symbol>
      <symbol id="sm-501">
         <name>__divull</name>
         <value>0x87e0</value>
         <object_component_ref idref="oc-1a4"/>
      </symbol>
      <symbol id="sm-50b">
         <name>___isinf</name>
         <value>0x10460</value>
         <object_component_ref idref="oc-18b"/>
      </symbol>
      <symbol id="sm-515">
         <name>_ldexp</name>
         <value>0xcac0</value>
         <object_component_ref idref="oc-173"/>
      </symbol>
      <symbol id="sm-52d">
         <name>_unlink</name>
         <value>0xff40</value>
         <object_component_ref idref="oc-1ab"/>
      </symbol>
      <symbol id="sm-52e">
         <name>_lseek</name>
         <value>0xe840</value>
         <object_component_ref idref="oc-192"/>
      </symbol>
      <symbol id="sm-52f">
         <name>_close</name>
         <value>0xdce0</value>
         <object_component_ref idref="oc-1a5"/>
      </symbol>
      <symbol id="sm-530">
         <name>_write</name>
         <value>0xea40</value>
         <object_component_ref idref="oc-181"/>
      </symbol>
      <symbol id="sm-53a">
         <name>_ltoa</name>
         <value>0xd5e0</value>
         <object_component_ref idref="oc-1a0"/>
      </symbol>
      <symbol id="sm-544">
         <name>_memccpy</name>
         <value>0x10280</value>
         <object_component_ref idref="oc-186"/>
      </symbol>
      <symbol id="sm-54e">
         <name>_memcpy</name>
         <value>0xb840</value>
         <object_component_ref idref="oc-148"/>
      </symbol>
      <symbol id="sm-558">
         <name>_memset</name>
         <value>0xdf20</value>
         <object_component_ref idref="oc-182"/>
      </symbol>
      <symbol id="sm-562">
         <name>__negll</name>
         <value>0x10840</value>
         <object_component_ref idref="oc-190"/>
      </symbol>
      <symbol id="sm-57a">
         <name>_HOSTopen</name>
         <value>0xd860</value>
         <object_component_ref idref="oc-13c"/>
      </symbol>
      <symbol id="sm-57b">
         <name>_HOSTread</name>
         <value>0xd220</value>
         <object_component_ref idref="oc-13e"/>
      </symbol>
      <symbol id="sm-57c">
         <name>_HOSTrename</name>
         <value>0xbcc0</value>
         <object_component_ref idref="oc-142"/>
      </symbol>
      <symbol id="sm-57d">
         <name>_HOSTwrite</name>
         <value>0xd980</value>
         <object_component_ref idref="oc-13f"/>
      </symbol>
      <symbol id="sm-57e">
         <name>_HOSTlseek</name>
         <value>0xce00</value>
         <object_component_ref idref="oc-140"/>
      </symbol>
      <symbol id="sm-57f">
         <name>_HOSTunlink</name>
         <value>0xe140</value>
         <object_component_ref idref="oc-141"/>
      </symbol>
      <symbol id="sm-580">
         <name>_HOSTclose</name>
         <value>0xe040</value>
         <object_component_ref idref="oc-13d"/>
      </symbol>
      <symbol id="sm-58e">
         <name>C$$IO$$</name>
         <value>0x10058</value>
         <object_component_ref idref="oc-158"/>
      </symbol>
      <symbol id="sm-58f">
         <name>__CIOBUF_</name>
         <value>0x26274</value>
         <object_component_ref idref="oc-d3"/>
      </symbol>
      <symbol id="sm-590">
         <name>_readmsg</name>
         <value>0xfe00</value>
         <object_component_ref idref="oc-159"/>
      </symbol>
      <symbol id="sm-591">
         <name>_writemsg</name>
         <value>0xffe0</value>
         <object_component_ref idref="oc-158"/>
      </symbol>
      <symbol id="sm-59b">
         <name>__wrt_ok</name>
         <value>0xdbc0</value>
         <object_component_ref idref="oc-17f"/>
      </symbol>
      <symbol id="sm-5ac">
         <name>__doflush</name>
         <value>0xede0</value>
         <object_component_ref idref="oc-180"/>
      </symbol>
      <symbol id="sm-5b6">
         <name>_fseek</name>
         <value>0xc280</value>
         <object_component_ref idref="oc-187"/>
      </symbol>
      <symbol id="sm-5c0">
         <name>_setvbuf</name>
         <value>0xa4c0</value>
         <object_component_ref idref="oc-188"/>
      </symbol>
      <symbol id="sm-5ce">
         <name>__cleanup</name>
         <value>0xed00</value>
         <object_component_ref idref="oc-195"/>
      </symbol>
      <symbol id="sm-5e4">
         <name>__sys_memory</name>
         <value>0x18920</value>
         <object_component_ref idref="oc-ed"/>
      </symbol>
      <symbol id="sm-5e5">
         <name>_free</name>
         <value>0x8b60</value>
         <object_component_ref idref="oc-193"/>
      </symbol>
      <symbol id="sm-5e6">
         <name>_malloc</name>
         <value>0xb600</value>
         <object_component_ref idref="oc-194"/>
      </symbol>
      <symbol id="sm-5f0">
         <name>__closefile</name>
         <value>0xcf60</value>
         <object_component_ref idref="oc-19e"/>
      </symbol>
      <symbol id="sm-5fa">
         <name>_remove</name>
         <value>0x108e0</value>
         <object_component_ref idref="oc-1a6"/>
      </symbol>
      <symbol id="sm-604">
         <name>_DSPF_sp_bitrev_cplx</name>
         <value>0xaf20</value>
         <object_component_ref idref="oc-f6"/>
      </symbol>
      <symbol id="sm-60e">
         <name>_DSPF_sp_cfftr2_dit</name>
         <value>0x64c0</value>
         <object_component_ref idref="oc-fa"/>
      </symbol>
      <symbol id="sm-624">
         <name>_GPIO_open</name>
         <value>0xf5c0</value>
         <object_component_ref idref="oc-15e"/>
      </symbol>
      <symbol id="sm-625">
         <name>_GPIO_pinEnable</name>
         <value>0x10580</value>
         <object_component_ref idref="oc-15f"/>
      </symbol>
      <symbol id="sm-626">
         <name>__GPIO_intTable</name>
         <value>0x25e64</value>
         <object_component_ref idref="oc-ff"/>
      </symbol>
      <symbol id="sm-627">
         <name>_GPIO_intPolarity</name>
         <value>0xfa40</value>
         <object_component_ref idref="oc-161"/>
      </symbol>
      <symbol id="sm-628">
         <name>_GPIO_pinDirection</name>
         <value>0x10400</value>
         <object_component_ref idref="oc-160"/>
      </symbol>
      <symbol id="sm-629">
         <name>__hGpioDev0</name>
         <value>0x25e78</value>
         <object_component_ref idref="oc-ff"/>
      </symbol>
      <symbol id="sm-62a">
         <name>_GPIO_reset</name>
         <value>0xf680</value>
         <object_component_ref idref="oc-16f"/>
      </symbol>
      <symbol id="sm-648">
         <name>_IRQ_setVecs</name>
         <value>0x10780</value>
         <object_component_ref idref="oc-162"/>
      </symbol>
      <symbol id="sm-649">
         <name>__IRQ_eventTable</name>
         <value>0x25bcc</value>
         <object_component_ref idref="oc-105"/>
      </symbol>
      <symbol id="sm-64a">
         <name>_IRQ_nmiEnable</name>
         <value>0x10760</value>
         <object_component_ref idref="oc-156"/>
      </symbol>
      <symbol id="sm-64b">
         <name>_IRQ_reset</name>
         <value>0x10600</value>
         <object_component_ref idref="oc-154"/>
      </symbol>
      <symbol id="sm-64c">
         <name>__IRQ_intTable</name>
         <value>0x25c50</value>
         <object_component_ref idref="oc-105"/>
      </symbol>
      <symbol id="sm-64d">
         <name>_IRQ_globalEnable</name>
         <value>0x10740</value>
         <object_component_ref idref="oc-155"/>
      </symbol>
      <symbol id="sm-64e">
         <name>_IRQ_globalDisable</name>
         <value>0x10720</value>
         <object_component_ref idref="oc-151"/>
      </symbol>
      <symbol id="sm-64f">
         <name>_IRQ_map</name>
         <value>0xc0c0</value>
         <object_component_ref idref="oc-153"/>
      </symbol>
      <symbol id="sm-650">
         <name>_IRQ_enable</name>
         <value>0x105c0</value>
         <object_component_ref idref="oc-157"/>
      </symbol>
      <symbol id="sm-651">
         <name>__IRQ_dispatchTable</name>
         <value>0x25c90</value>
         <object_component_ref idref="oc-105"/>
      </symbol>
      <symbol id="sm-652">
         <name>__IRQ_hookFetchPacket</name>
         <value>0x10900</value>
         <object_component_ref idref="oc-103"/>
      </symbol>
      <symbol id="sm-672">
         <name>_MCBSP_reset</name>
         <value>0xc440</value>
         <object_component_ref idref="oc-15a"/>
      </symbol>
      <symbol id="sm-673">
         <name>_MCBSP_read</name>
         <value>0x107c0</value>
         <object_component_ref idref="oc-150"/>
      </symbol>
      <symbol id="sm-674">
         <name>_MCBSP_close</name>
         <value>0xfae0</value>
         <object_component_ref idref="oc-144"/>
      </symbol>
      <symbol id="sm-675">
         <name>_MCBSP_getXmtEventId</name>
         <value>0x107a0</value>
         <object_component_ref idref="oc-152"/>
      </symbol>
      <symbol id="sm-676">
         <name>_MCBSP_open</name>
         <value>0xe240</value>
         <object_component_ref idref="oc-145"/>
      </symbol>
      <symbol id="sm-677">
         <name>__MCBSP_hDev0</name>
         <value>0x25e28</value>
         <object_component_ref idref="oc-10a"/>
      </symbol>
      <symbol id="sm-678">
         <name>__MCBSP_hDev1</name>
         <value>0x25e2c</value>
         <object_component_ref idref="oc-10a"/>
      </symbol>
      <symbol id="sm-679">
         <name>_MCBSP_start</name>
         <value>0xe340</value>
         <object_component_ref idref="oc-146"/>
      </symbol>
      <symbol id="sm-67a">
         <name>_MCBSP_rrdy</name>
         <value>0x107e0</value>
         <object_component_ref idref="oc-14f"/>
      </symbol>
      <symbol id="sm-67b">
         <name>_MCBSP_config</name>
         <value>0xfb80</value>
         <object_component_ref idref="oc-14c"/>
      </symbol>
      <symbol id="sm-67c">
         <name>_MCBSP_xrdy</name>
         <value>0x10820</value>
         <object_component_ref idref="oc-14d"/>
      </symbol>
      <symbol id="sm-67d">
         <name>_MCBSP_write</name>
         <value>0x10800</value>
         <object_component_ref idref="oc-14e"/>
      </symbol>
      <symbol id="sm-68b">
         <name>_DSK6713_init</name>
         <value>0x736c</value>
         <object_component_ref idref="oc-10e"/>
      </symbol>
      <symbol id="sm-68c">
         <name>_DSK6713_version</name>
         <value>0x2563e</value>
         <object_component_ref idref="oc-10f"/>
      </symbol>
      <symbol id="sm-68d">
         <name>_DSK6713_rget</name>
         <value>0x7688</value>
         <object_component_ref idref="oc-10e"/>
      </symbol>
      <symbol id="sm-68e">
         <name>_DSK6713_wait</name>
         <value>0x76b0</value>
         <object_component_ref idref="oc-10e"/>
      </symbol>
      <symbol id="sm-68f">
         <name>_DSK6713_rset</name>
         <value>0x769c</value>
         <object_component_ref idref="oc-10e"/>
      </symbol>
      <symbol id="sm-690">
         <name>_DSK6713_waitusec</name>
         <value>0x7708</value>
         <object_component_ref idref="oc-10e"/>
      </symbol>
      <symbol id="sm-691">
         <name>_DSK6713_getVersion</name>
         <value>0x7734</value>
         <object_component_ref idref="oc-10e"/>
      </symbol>
      <symbol id="sm-69b">
         <name>_DSK6713_AIC23_closeCodec</name>
         <value>0x10300</value>
         <object_component_ref idref="oc-114"/>
      </symbol>
      <symbol id="sm-6a9">
         <name>_DSK6713_AIC23_codeccontrolhandle</name>
         <value>0x25ea8</value>
         <object_component_ref idref="oc-119"/>
      </symbol>
      <symbol id="sm-6aa">
         <name>_DSK6713_AIC23_codecdatahandle</name>
         <value>0x25eac</value>
         <object_component_ref idref="oc-119"/>
      </symbol>
      <symbol id="sm-6ab">
         <name>_DSK6713_AIC23_openCodec</name>
         <value>0x98e0</value>
         <object_component_ref idref="oc-118"/>
      </symbol>
      <symbol id="sm-6b9">
         <name>_DSK6713_AIC23_config</name>
         <value>0xd180</value>
         <object_component_ref idref="oc-11e"/>
      </symbol>
      <symbol id="sm-6ba">
         <name>_DSK6713_AIC23_rget</name>
         <value>0xd15c</value>
         <object_component_ref idref="oc-11e"/>
      </symbol>
      <symbol id="sm-6bb">
         <name>_DSK6713_AIC23_rset</name>
         <value>0xd0c0</value>
         <object_component_ref idref="oc-11e"/>
      </symbol>
      <symbol id="sm-6c9">
         <name>_DSK6713_AIC23_setFreq</name>
         <value>0xf980</value>
         <object_component_ref idref="oc-124"/>
      </symbol>
      <symbol id="sm-6d3">
         <name>_DSK6713_DIP_init</name>
         <value>0x10380</value>
         <object_component_ref idref="oc-12a"/>
      </symbol>
      <symbol id="sm-6d4">
         <name>_DSK6713_DIP_get</name>
         <value>0x10388</value>
         <object_component_ref idref="oc-12a"/>
      </symbol>
      <symbol id="sm-6e0">
         <name>_DSK6713_LED_init</name>
         <value>0xcc60</value>
         <object_component_ref idref="oc-12e"/>
      </symbol>
      <symbol id="sm-6e1">
         <name>_DSK6713_LED_on</name>
         <value>0xcce4</value>
         <object_component_ref idref="oc-12e"/>
      </symbol>
      <symbol id="sm-6e2">
         <name>_DSK6713_LED_toggle</name>
         <value>0xcd40</value>
         <object_component_ref idref="oc-12e"/>
      </symbol>
      <symbol id="sm-6e3">
         <name>_DSK6713_LED_off</name>
         <value>0xcc88</value>
         <object_component_ref idref="oc-12e"/>
      </symbol>
      <symbol id="sm-6eb">
         <name>__strasg</name>
         <value>0xf160</value>
         <object_component_ref idref="oc-143"/>
      </symbol>
   </symbol_table>
</link_info>
